=== Inicio da execucao: 2026-07-21T20:30:20 ===
Args: --produto-por-html --fonte mercadolivre --url-produto https://lista.mercadolivre.com.br/_Container_pet-cpg-tapetes-e-higiene-query?forceContainer=true#c_container_id=MLB1328152-1&c_id=%2Fsplinter%2Fspecial-withoutlabel&c_element_order=2&c_campaign=cachorro-tapetes-higiene&c_label=%2Fsplinter%2Fspecial-withoutlabel&c_uid=ed1706b9-8369-11f1-8f88-9f961f67e783&c_element_id=ed1706b9-8369-11f1-8f88-9f961f67e783&c_content_origin=splinter-default&c_content_type=default&c_global_position=4&deal_print_id=ec87bf00-8369-11f1-84c2-116ecd772591&c_tracking_id=ec87bf00-8369-11f1-84c2-116ecd772591 --desconto-minimo 10 --limite-candidatos 3 --modalidade-execucao campanha

[MODO_ATIVO] PRODUTO_ONDEMAND_HOME_PESQUISA

Modo procurar produto ativado (pesquisa pela home do Mercado Livre).

[LINK_BASE_1] Processando listagem direta: https://lista.mercadolivre.com.br/_Container_pet-cpg-tapetes-e-higiene-query?forceContainer=true#c_container_id=MLB1328152-1&c_id=%2Fsplinter%2Fspecial-withoutlabel&c_element_order=2&c_campaign=cachorro-tapetes-higiene&c_label=%2Fsplinter%2Fspecial-withoutlabel&c_uid=ed1706b9-8369-11f1-8f88-9f961f67e783&c_element_id=ed1706b9-8369-11f1-8f88-9f961f67e783&c_content_origin=splinter-default&c_content_type=default&c_global_position=4&deal_print_id=ec87bf00-8369-11f1-84c2-116ecd772591&c_tracking_id=ec87bf00-8369-11f1-84c2-116ecd772591
[LINK_BASE_1] Carregando em blocos de 3 páginas até encontrar candidatos válidos

[BLOCO_1] Carregando páginas 1 a 3 do Link 1
[LISTAGEM_DIRETA] Link 1 - página 1: https://lista.mercadolivre.com.br/_Container_pet-cpg-tapetes-e-higiene-query?forceContainer=true#c_container_id=MLB1328152-1&c_id=%2Fsplinter%2Fspecial-withoutlabel&c_element_order=2&c_campaign=cachorro-tapetes-higiene&c_label=%2Fsplinter%2Fspecial-withoutlabel&c_uid=ed1706b9-8369-11f1-8f88-9f961f67e783&c_element_id=ed1706b9-8369-11f1-8f88-9f961f67e783&c_content_origin=splinter-default&c_content_type=default&c_global_position=4&deal_print_id=ec87bf00-8369-11f1-84c2-116ecd772591&c_tracking_id=ec87bf00-8369-11f1-84c2-116ecd772591
✓ Link de afiliado: https://meli.la/1LTFVcP
✓ Link de afiliado: https://meli.la/2PMyYL5
✓ Link de afiliado: https://meli.la/1RGpPQ8
[BLOCO_1] Resultado: 3 candidato(s) coletado(s), 3 válido(s) enriquecido(s). Total: 3/3

Histórico relâmpago atualizado em: C:\Users\Lucas Bianco\Desktop\Projetos Dev\Promos\ofertas_relampago\Historico de anuncios\lista_anuncios.txt
✅ 3 imagem(ns) principal(is) salvas em anuncios: C:\Users\Lucas Bianco\Desktop\Projetos Dev\Promos\dist-interface\instagram_anuncios
✅ JSON de busca de produto salvo em: C:\Users\Lucas Bianco\Desktop\Projetos Dev\Promos\ofertas_afiliados\Historico de anuncios\ofertas_20260721_203058.json

Saida consolidada por modalidade atualizada em: C:\Users\Lucas Bianco\Desktop\Projetos Dev\Promos\saidas_execucoes\Campanha\lista_anuncios.txt
Saida JSON campanha salva em: C:\Users\Lucas Bianco\Desktop\Projetos Dev\Promos\saidas_execucoes\Campanha\ofertas_20260721_203058.json

[DEBUG] Twilio Account SID: ACc0...e80a

Mensagem enviada para whatsapp:+5519991133269:
Tapete Hig Good Pad P/ Cães E Gatos 60x60cm Com 50 Unidades
Message SID Twilio: SM65e68c4d7d7c2ca60f68ae14972c1a08

Mensagem enviada para whatsapp:+5519991133269:
Petlike tapete higiênico para cães ultra pads lavanda 80cm x 60cm com 30 unidades
Message SID Twilio: SMeeff546f3cb280ad53d4da947e964ef1

Mensagem enviada para whatsapp:+5519991133269:
Shampoo Agener União Cloresten Antibacteriano e Antifúngico para Cães e Gatos 500 mL
Message SID Twilio: SM3300e014d62ff2bb2811d6aeff2fe34d

3 oferta(s) processada(s) e salva(s).

=== Fim da execucao: 2026-07-21T20:31:11 ===
