=== Inicio da execucao: 2026-07-26T10:06:29 ===
Args: --produto-por-html --fonte mercadolivre --url-produto https://lista.mercadolivre.com.br/cerveja-long-necj#D[A:cerveja%20long%20necj] --desconto-minimo 30 --limite-candidatos 4 --modalidade-execucao campanha

[MODO_ATIVO] PRODUTO_ONDEMAND_HOME_PESQUISA

Modo procurar produto ativado (pesquisa pela home do Mercado Livre).

[LINK_BASE_1] Processando listagem direta: https://lista.mercadolivre.com.br/cerveja-long-necj#D[A:cerveja%20long%20necj]
[LINK_BASE_1] Carregando em blocos de 3 páginas até encontrar candidatos válidos

[BLOCO_1] Carregando páginas 1 a 3 do Link 1
[LISTAGEM_DIRETA] Link 1 - página 1: https://lista.mercadolivre.com.br/cerveja-long-necj#D[A:cerveja%20long%20necj]
✓ Link de afiliado: https://meli.la/1NV77nu
✓ Link de afiliado: https://meli.la/1Y4hBYc
✓ Link de afiliado: https://meli.la/2ErK9Ze
✓ Link de afiliado: https://meli.la/27NGvKz
[BLOCO_1] Resultado: 4 candidato(s) coletado(s), 4 válido(s) enriquecido(s). Total: 4/4

Histórico relâmpago atualizado em: C:\Users\Lucas Bianco\Desktop\Projetos Dev\Promos\ofertas_relampago\Historico de anuncios\lista_anuncios.txt
✅ 4 imagem(ns) principal(is) salvas em anuncios: C:\Users\Lucas Bianco\Desktop\Projetos Dev\Promos\dist-interface\instagram_anuncios
✅ JSON de busca de produto salvo em: C:\Users\Lucas Bianco\Desktop\Projetos Dev\Promos\ofertas_afiliados\Historico de anuncios\ofertas_20260726_100717.json

Saida consolidada por modalidade atualizada em: C:\Users\Lucas Bianco\Desktop\Projetos Dev\Promos\saidas_execucoes\Campanha\lista_anuncios.txt
Saida JSON campanha salva em: C:\Users\Lucas Bianco\Desktop\Projetos Dev\Promos\saidas_execucoes\Campanha\ofertas_20260726_100718.json

[DEBUG] Twilio Account SID: ACc0...e80a

[DEBUG] media_url=NAO
[DEBUG] motivo_sem_midia=webp_desativado
[DEBUG] imagem=https://http2.mlstatic.com/D_NQ_NP_614165-MLU74143241873_012024-O.webp

Mensagem enviada para whatsapp:+5519991133269:
Cerveja Tijuca Pilsen Long Neck 355ml
Message SID Twilio: SM6e888f66e19842afb88f93cbdea9d132
[DEBUG] status_final_twilio=sending

[DEBUG] media_url=NAO
[DEBUG] motivo_sem_midia=webp_desativado
[DEBUG] imagem=https://http2.mlstatic.com/D_NQ_NP_961370-MLA94045452644_102025-O.webp

Mensagem enviada para whatsapp:+5519991133269:
Cerveja Artesanal Ashby Session IPA Nirvana Long Neck 355ml
Message SID Twilio: SM011527846cd8c13ebdbc6bf2c5820897
[DEBUG] status_final_twilio=sending

[DEBUG] media_url=NAO
[DEBUG] motivo_sem_midia=webp_desativado
[DEBUG] imagem=https://http2.mlstatic.com/D_NQ_NP_667885-MLA99831976447_112025-O.webp

Mensagem enviada para whatsapp:+5519991133269:
Cerveja Salvator Long Neck 330ml Paulaner
Message SID Twilio: SMf4abf5accce7efacd31dd8757b44e1b3
[DEBUG] status_final_twilio=sending

[DEBUG] media_url=NAO
[DEBUG] motivo_sem_midia=webp_desativado
[DEBUG] imagem=https://http2.mlstatic.com/D_NQ_NP_834001-MLA99918814913_112025-O.webp

Mensagem enviada para whatsapp:+5519991133269:
Cerveja Budweiser Garrafa 330ml - Pack Com 6 Unidades
Message SID Twilio: SM55ec624f90ed364489da76128143a383
[DEBUG] status_final_twilio=sending

[RESUMO_TWILIO] entregues_ou_processadas=4 falhas=0 total=4

4 oferta(s) processada(s) e salva(s).

=== Fim da execucao: 2026-07-26T10:07:25 ===
