=== Inicio da execucao: 2026-07-13T19:57:39 ===
Args: --produto-por-html --desconto-minimo 40 --limite-candidatos 3 --url-produto https://lista.mercadolivre.com.br/headset-gamer-sem-fio?sb=all_mercadolibre#D[A:headset%20gamer%20sem%20fio] --pasta-saida C:/Users/Lucas Bianco/Downloads --modalidade-execucao ondemand

[MODO_ATIVO] PRODUTO_ONDEMAND_HOME_PESQUISA

Modo procurar produto ativado (pesquisa pela home do Mercado Livre).

[LINK_BASE_1] Processando listagem direta: https://lista.mercadolivre.com.br/headset-gamer-sem-fio?sb=all_mercadolibre#D[A:headset%20gamer%20sem%20fio]
[LINK_BASE_1] Carregando em blocos de 3 páginas até encontrar candidatos válidos

[BLOCO_1] Carregando páginas 1 a 3 do Link 1
[LISTAGEM_DIRETA] Link 1 - página 1: https://lista.mercadolivre.com.br/headset-gamer-sem-fio?sb=all_mercadolibre#D[A:headset%20gamer%20sem%20fio]
✓ Link de afiliado: https://meli.la/2S1MSXN
✓ Link de afiliado: https://meli.la/1sA8XzE
✓ Link de afiliado: https://meli.la/2JvrgTJ
[BLOCO_1] Resultado: 3 candidato(s) coletado(s), 3 válido(s) enriquecido(s). Total: 3/3

Histórico relâmpago atualizado em: C:/Users/Lucas Bianco/Downloads\lista_anuncios.txt

Saida consolidada por modalidade atualizada em: C:\Users\Lucas Bianco\Desktop\Projetos Dev\Promos\saidas_execucoes\OnDemand\lista_anuncios.txt

[DEBUG] Twilio Account SID: ACc0...e80a

Mensagem enviada para whatsapp:+5519991133269:
Headset Gamer Wireless Warrior - Ph703 Preto
Message SID Twilio: SM6adfa6822a6b8bb58dbc3e98836ef6df

Mensagem enviada para whatsapp:+5519991133269:
Headset Gamer Basike Sem Fio c/ Bluetooth e Microfone, p/ PC, PS5 e Celular, Branco
Message SID Twilio: SM198c5394e5997f66b4bf96a17e2d76ae

Mensagem enviada para whatsapp:+5519991133269:
Headphone Gamer Sem Fio Olafvi Captain 400 Bluetooth 5.3 Com Microfone E Cancelamento De Ruído Para Ps5 E Pc Preto
Message SID Twilio: SM901169a1f206f85eaf3e05d9058a1de6

3 oferta(s) processada(s) e salva(s).

=== Fim da execucao: 2026-07-13T19:58:29 ===
