=== Inicio da execucao: 2026-07-09T09:36:01 ===
Args: --produto-por-html --url-produto https://lista.mercadolivre.com.br/suplementos#D[A:suplementos] --descricao-produto Creatina --desconto-minimo 30 --limite-candidatos 4 --modalidade-execucao campanha

[MODO_ATIVO] PRODUTO_ONDEMAND_HOME_PESQUISA

Modo procurar produto ativado (pesquisa pela home do Mercado Livre).

[LINK_BASE_1] Processando listagem direta: https://lista.mercadolivre.com.br/suplementos#D[A:suplementos]
[LINK_BASE_1] Carregando em blocos de 3 páginas até encontrar candidatos válidos

[BLOCO_1] Carregando páginas 1 a 3 do Link 1
[LISTAGEM_DIRETA] Link 1 - página 1: https://lista.mercadolivre.com.br/suplementos#D[A:suplementos]
✓ Link de afiliado: https://meli.la/2PebZQm
✓ Link de afiliado: https://meli.la/1dPn2qE
✓ Link de afiliado: https://meli.la/1wruw6E
✓ Link de afiliado: https://meli.la/1wruw6E
[BLOCO_1] Resultado: 4 candidato(s) coletado(s), 4 válido(s) enriquecido(s). Total: 4/4

Histórico relâmpago atualizado em: C:\Users\Lucas Bianco\Desktop\Projetos Dev\Promos\ofertas_relampago\Historico de anuncios\lista_anuncios.txt

Saida consolidada por modalidade atualizada em: C:\Users\Lucas Bianco\Desktop\Projetos Dev\Promos\saidas_execucoes\Campanha\lista_anuncios.txt

[DEBUG] Twilio Account SID: ACc0...e80a

Mensagem enviada para whatsapp:+5519991133269:
Creatina 100% Pura Monohidratada 120 Cápsulas - Natuyou Sem Sabor
Message SID Twilio: SM7f6f7aabf6439c38b999c25da70a1e3e

Mensagem enviada para whatsapp:+5519991133269:
Creatina Monohidratada Pura 500g Dark Lab Unidade
Message SID Twilio: SMd64a94fc2671e65d5d9f4d76c47d5515

Mensagem enviada para whatsapp:+5519991133269:
Creatina Monohidratada 500g Growth Supplements - Sem Sabor em Pó
Message SID Twilio: SM7f160334461e298fcacc62af979e11dc

Mensagem enviada para whatsapp:+5519991133269:
Creatina Monohidratada 500g Growth Supplements - Sem Sabor em Pó
Message SID Twilio: SMb6148fa335d3215fc4ac495bdfed1b61

4 oferta(s) processada(s) e salva(s).

=== Fim da execucao: 2026-07-09T09:37:10 ===
