=== Inicio da execucao: 2026-07-14T20:21:28 ===
Args: --somente-relampago --desconto-minimo 25 --limite-candidatos 30 --pasta-saida C:/Users/Lucas Bianco/Downloads --modalidade-execucao ondemand

[MODO_ATIVO] FLUXO_HUB_AFILIADOS_LEGADO

Mercado Livre ja esta autenticado.

Modo somente ofertas relâmpago ativado. Fluxo do hub/Twilio foi ignorado.
Limpeza de HTML relâmpago: 2 arquivo(s) antigo(s) removido(s).

Navegando para ofertas relâmpago:
https://www.mercadolivre.com.br/ofertas?promotion_type=lightning#filter_applied=promotion_type&filter_position=3&origin=qcat
HTML salvo em: C:\Users\Lucas Bianco\Desktop\Projetos Dev\Promos\ofertas_relampago\html\html_relampago_20260714_202152_170549_01.txt
Modo sem parametros detectado: usando apenas o primeiro HTML de ofertas relampago.

Analisando HTML de: C:\Users\Lucas Bianco\Desktop\Projetos Dev\Promos\ofertas_relampago\html\html_relampago_20260714_202152_170549_01.txt
39 oferta(s) com 25% ou mais de desconto extraída(s) do JSON.
[DESCARTADO - HISTORICO] Anúncio mlb4812130742 marcado como anuncio_inedito=false no histórico.
[DESCARTADO - HISTORICO] Anúncio mlb3817089255 marcado como anuncio_inedito=false no histórico.
[DESCARTADO - HISTORICO] Anúncio mlb5522151066 marcado como anuncio_inedito=false no histórico.
[DESCARTADO - HISTORICO] Anúncio mlb7043091442 marcado como anuncio_inedito=false no histórico.
[DESCARTADO - HISTORICO] Anúncio mlb5761677016 marcado como anuncio_inedito=false no histórico.
[DESCARTADO - HISTORICO] Anúncio mlb5748326240 marcado como anuncio_inedito=false no histórico.
Paginação parametrizada limitada a 25 página(s) (detecção original: 221 página(s)).
HTML consolidado salvo em: C:\Users\Lucas Bianco\Desktop\Projetos Dev\Promos\ofertas_relampago\html\html_relampago_consolidado_20260714_202152.txt
Usando link direto extraído do HTML para obter link de afiliado.
✓ Link de afiliado: https://meli.la/2kp4bAz
Usando link direto extraído do HTML para obter link de afiliado.
✓ Link de afiliado: https://meli.la/1DQrtJD
Usando link direto extraído do HTML para obter link de afiliado.
✓ Link de afiliado: https://meli.la/2DdQYdp
Usando link direto extraído do HTML para obter link de afiliado.
✓ Link de afiliado: https://meli.la/2MF8rUC
Usando link direto extraído do HTML para obter link de afiliado.
✓ Link de afiliado: https://meli.la/26ba3MJ
Usando link direto extraído do HTML para obter link de afiliado.
✓ Link de afiliado: https://meli.la/1NA3L3V
Usando link direto extraído do HTML para obter link de afiliado.
✓ Link de afiliado: https://meli.la/2YUXNSy
Usando link direto extraído do HTML para obter link de afiliado.
✓ Link de afiliado: https://meli.la/22ae7vk
Usando link direto extraído do HTML para obter link de afiliado.
✓ Link de afiliado: https://meli.la/1jwrm2v
Usando link direto extraído do HTML para obter link de afiliado.
✓ Link de afiliado: https://meli.la/2GozwEE
Metadados salvos em: C:\Users\Lucas Bianco\Desktop\Projetos Dev\Promos\metadados_coleta\metadados_relampago_exec_0063_20260714_202330.json

Histórico relâmpago atualizado em: C:/Users/Lucas Bianco/Downloads\lista_anuncios.txt

Saida consolidada por modalidade atualizada em: C:\Users\Lucas Bianco\Desktop\Projetos Dev\Promos\saidas_execucoes\OnDemand\lista_anuncios.txt

[DEBUG] Twilio Account SID: ACc0...e80a

Mensagem enviada para whatsapp:+5519991133269:
Panela De Pressão Elétrica Philco Ppp01p 6L
Message SID Twilio: SMc27d07432b14b8d0627052b8fa93b3f2

Mensagem enviada para whatsapp:+5519991133269:
Tcl Smartphone 60 Se 4g, Octa Core, 512gb 18gb Ram (8+10), 6.7 Hd+ 90hz, Nfc, Dual Sim, 50mp
Message SID Twilio: SM2d9c613dd4a995c4befb6f8543171918

Mensagem enviada para whatsapp:+5519991133269:
Box - Amores Improváveis (nova Edição)
Message SID Twilio: SM9fcb010d13fd36e03f1075c7d6dd68b8

Mensagem enviada para whatsapp:+5519991133269:
Colchão Emma Original Casal - Tecnologia Alemã Cor Branco/Cinza
Message SID Twilio: SM8a67a0a08ed8b3b724c96d21239f7b3f

Mensagem enviada para whatsapp:+5519991133269:
Aparelho Fondue Pop Antiaderente 7 Pçs Preto Forma + 4 Garfo
Message SID Twilio: SM4c61a272b878e09e3c8bc5ea144fe67e

Mensagem enviada para whatsapp:+5519991133269:
Aspirador Robo Philco Pas29a Bivolt Cinza
Message SID Twilio: SMe9df3970d42ccddf8abee45b273a4090

Mensagem enviada para whatsapp:+5519991133269:
Panela De Pressão Fechamento Externo Profissional 20L Nacional
Message SID Twilio: SM2d784f78ec0adc2729e8e7ff93bee5a0

Mensagem enviada para whatsapp:+5519991133269:
Chave De Impacto A Bateria 21V 1/2" Pol 2400 Rpm Bivolt Com Acessórios E Maleta The Black Tools
Message SID Twilio: SM218b86cf81ce26637ab010e9963e3f9e

Mensagem enviada para whatsapp:+5519991133269:
Colchão Emma Queen - Tecnologia Alemã Cor Branco/Cinza
Message SID Twilio: SM43628a6cd58113f87bd92780855a0e76

Mensagem enviada para whatsapp:+5519991133269:
Bicicleta Ergométrica Spinning Profissional Fitness Academia Sport 120 Kgs Preto Premium Bike academia para Cardio e Musculação com base + brinde SQUEEZEBAR
Message SID Twilio: SMe486c668f0744ba14ef5bbd2b6c41fde

10 oferta(s) relâmpago processada(s) e salvas.

Envio pelo WhatsApp finalizado com sucesso!

=== Fim da execucao: 2026-07-14T20:24:09 ===
