=== Inicio da execucao: 2026-07-06T19:27:27 ===
Args: --produto-por-html --preco-minimo 6.0 --preco-maximo 76.0 --limite-candidatos 5 --url-produto https://lista.mercadolivre.com.br/yopro?sb=all_mercadolibre#D[A:yopro] --pasta-saida C:/Users/Lucas Bianco/Downloads --modalidade-execucao ondemand

[MODO_ATIVO] PRODUTO_ONDEMAND_HOME_PESQUISA

Modo procurar produto ativado (pesquisa pela home do Mercado Livre).

[LINK_BASE_1] Processando listagem direta: https://lista.mercadolivre.com.br/yopro?sb=all_mercadolibre#D[A:yopro]
[LINK_BASE_1] Carregando em blocos de 3 páginas até encontrar candidatos válidos

[BLOCO_1] Carregando páginas 1 a 3 do Link 1
[LISTAGEM_DIRETA] Link 1 - página 1: https://lista.mercadolivre.com.br/yopro?sb=all_mercadolibre#D[A:yopro]
✓ Link de afiliado: https://meli.la/29oSUtE
✓ Link de afiliado: https://meli.la/2KRzPMa
✓ Link de afiliado: https://meli.la/2KWGNXf
✓ Link de afiliado: https://meli.la/2jNnfdz
✓ Link de afiliado: https://meli.la/2QM2GgT
[BLOCO_1] Resultado: 5 candidato(s) coletado(s), 5 válido(s) enriquecido(s). Total: 5/5

Histórico relâmpago atualizado em: C:/Users/Lucas Bianco/Downloads\lista_anuncios.txt

Saida consolidada por modalidade atualizada em: C:\Users\Lucas Bianco\Desktop\Projetos Dev\Promos\saidas_execucoes\OnDemand\lista_anuncios.txt

[DEBUG] Twilio Account SID: ACc0...e80a

Mensagem enviada para whatsapp:+5519991133269:
Yopro Chocolate 15g De Proteínas 250ml
Message SID Twilio: SM22f2b1d86d9fd1eb8c7fe2d883d37bd4

Mensagem enviada para whatsapp:+5519991133269:
Yopro Bebida Láctea Uht Chocolate 23g De Proteínas 250ml
Message SID Twilio: SM0fd5b498d62d85f2ebfd42d183a9547a

Mensagem enviada para whatsapp:+5519991133269:
Yopro Chocolate Uht 15g De Proteínas 250ml (6 Unidades)
Message SID Twilio: SMdce5fe0a1d9818dc7011d44a3e27bdda

Mensagem enviada para whatsapp:+5519991133269:
Kit 6 Unidades Yopro Bebida Láctea Uht Baunilha 250ml
Message SID Twilio: SMe2ec1bf5094dbd0b2a491b23374b10fa

Mensagem enviada para whatsapp:+5519991133269:
Kit 6 Yopro Bebida Láctea Morango 15g De Proteínas 250ml
Message SID Twilio: SMfe0b97d54e0ea2df0a6cfc3e68d4a866

5 oferta(s) processada(s) e salva(s).

=== Fim da execucao: 2026-07-06T19:28:44 ===
