=== Inicio da execucao: 2026-07-08T22:38:32 ===
Args: --produto-por-html --url-produto https://lista.mercadolivre.com.br/cerveja-long-necj#D[A:cerveja%20long%20necj] --desconto-minimo 30 --limite-candidatos 4 --modalidade-execucao campanha

[MODO_ATIVO] PRODUTO_ONDEMAND_HOME_PESQUISA

Modo procurar produto ativado (pesquisa pela home do Mercado Livre).

[LINK_BASE_1] Processando listagem direta: https://lista.mercadolivre.com.br/cerveja-long-necj#D[A:cerveja%20long%20necj]
[LINK_BASE_1] Carregando em blocos de 3 páginas até encontrar candidatos válidos

[BLOCO_1] Carregando páginas 1 a 3 do Link 1
[LISTAGEM_DIRETA] Link 1 - página 1: https://lista.mercadolivre.com.br/cerveja-long-necj#D[A:cerveja%20long%20necj]
✓ Link de afiliado: https://meli.la/1Xh6hik
[LISTAGEM_DIRETA] Link 1 - página 2: https://lista.mercadolivre.com.br/cerveja-long-necj?page=2
[LISTAGEM_DIRETA] Link 1 - página 3: https://lista.mercadolivre.com.br/cerveja-long-necj?page=3
[BLOCO_1] Resultado: 1 candidato(s) coletado(s), 1 válido(s) enriquecido(s). Total: 1/4

[BLOCO_2] Carregando páginas 4 a 5 do Link 1
[LISTAGEM_DIRETA] Link 1 - página 4: https://lista.mercadolivre.com.br/cerveja-long-necj?page=4
[LISTAGEM_DIRETA] Link 1 - página 5: https://lista.mercadolivre.com.br/cerveja-long-necj?page=5
[BLOCO_2] Resultado: 0 candidato(s) coletado(s), 0 válido(s) enriquecido(s). Total: 1/4
[BLOCO_2] Nenhum candidato encontrado. Parando busca neste link.

Histórico relâmpago atualizado em: C:\Users\Lucas Bianco\Desktop\Projetos Dev\Promos\ofertas_relampago\Historico de anuncios\lista_anuncios.txt

Saida consolidada por modalidade atualizada em: C:\Users\Lucas Bianco\Desktop\Projetos Dev\Promos\saidas_execucoes\Campanha\lista_anuncios.txt

[DEBUG] Twilio Account SID: ACc0...e80a

Mensagem enviada para whatsapp:+5519991133269:
Kit Cerveja Lager Puro Malte 12 Unidades 350ml Cada Amstel
Message SID Twilio: SM2a8e88e02b04b9761f16422c2b41d67a

1 oferta(s) processada(s) e salva(s).

=== Fim da execucao: 2026-07-08T22:39:24 ===
