=== Inicio da execucao: 2026-07-24T22:38:00 ===
Args: --produto-por-html --fonte mercadolivre --url-produto https://lista.mercadolivre.com.br/_Container_pet-cpg-tapetes-e-higiene-query?forceContainer=true#c_container_id=MLB1328152-1&c_id=%2Fsplinter%2Fspecial-withoutlabel&c_element_order=2&c_campaign=cachorro-tapetes-higiene&c_label=%2Fsplinter%2Fspecial-withoutlabel&c_uid=ed1706b9-8369-11f1-8f88-9f961f67e783&c_element_id=ed1706b9-8369-11f1-8f88-9f961f67e783&c_content_origin=splinter-default&c_content_type=default&c_global_position=4&deal_print_id=ec87bf00-8369-11f1-84c2-116ecd772591&c_tracking_id=ec87bf00-8369-11f1-84c2-116ecd772591 --desconto-minimo 10 --limite-candidatos 3 --modalidade-execucao campanha

[MODO_ATIVO] PRODUTO_ONDEMAND_HOME_PESQUISA

Modo procurar produto ativado (pesquisa pela home do Mercado Livre).

[LINK_BASE_1] Processando listagem direta: https://lista.mercadolivre.com.br/_Container_pet-cpg-tapetes-e-higiene-query?forceContainer=true#c_container_id=MLB1328152-1&c_id=%2Fsplinter%2Fspecial-withoutlabel&c_element_order=2&c_campaign=cachorro-tapetes-higiene&c_label=%2Fsplinter%2Fspecial-withoutlabel&c_uid=ed1706b9-8369-11f1-8f88-9f961f67e783&c_element_id=ed1706b9-8369-11f1-8f88-9f961f67e783&c_content_origin=splinter-default&c_content_type=default&c_global_position=4&deal_print_id=ec87bf00-8369-11f1-84c2-116ecd772591&c_tracking_id=ec87bf00-8369-11f1-84c2-116ecd772591
[LINK_BASE_1] Carregando em blocos de 3 páginas até encontrar candidatos válidos

[BLOCO_1] Carregando páginas 1 a 3 do Link 1
[LISTAGEM_DIRETA] Link 1 - página 1: https://lista.mercadolivre.com.br/_Container_pet-cpg-tapetes-e-higiene-query?forceContainer=true#c_container_id=MLB1328152-1&c_id=%2Fsplinter%2Fspecial-withoutlabel&c_element_order=2&c_campaign=cachorro-tapetes-higiene&c_label=%2Fsplinter%2Fspecial-withoutlabel&c_uid=ed1706b9-8369-11f1-8f88-9f961f67e783&c_element_id=ed1706b9-8369-11f1-8f88-9f961f67e783&c_content_origin=splinter-default&c_content_type=default&c_global_position=4&deal_print_id=ec87bf00-8369-11f1-84c2-116ecd772591&c_tracking_id=ec87bf00-8369-11f1-84c2-116ecd772591
✓ Link de afiliado: https://meli.la/1tQo6W1
✓ Link de afiliado: https://meli.la/1fuGvEL
✓ Link de afiliado: https://meli.la/1sXWzSg
[BLOCO_1] Resultado: 3 candidato(s) coletado(s), 3 válido(s) enriquecido(s). Total: 3/3

Histórico relâmpago atualizado em: C:\Users\Lucas Bianco\Desktop\Projetos Dev\Promos\ofertas_relampago\Historico de anuncios\lista_anuncios.txt
✅ 3 imagem(ns) principal(is) salvas em anuncios: C:\Users\Lucas Bianco\Desktop\Projetos Dev\Promos\dist-interface\instagram_anuncios
✅ JSON de busca de produto salvo em: C:\Users\Lucas Bianco\Desktop\Projetos Dev\Promos\ofertas_afiliados\Historico de anuncios\ofertas_20260724_223838.json

Saida consolidada por modalidade atualizada em: C:\Users\Lucas Bianco\Desktop\Projetos Dev\Promos\saidas_execucoes\Campanha\lista_anuncios.txt
Saida JSON campanha salva em: C:\Users\Lucas Bianco\Desktop\Projetos Dev\Promos\saidas_execucoes\Campanha\ofertas_20260724_223838.json

[DEBUG] Twilio Account SID: ACc0...e80a

[DEBUG] media_url=NAO
[DEBUG] motivo_sem_midia=webp_desativado
[DEBUG] imagem=https://http2.mlstatic.com/D_NQ_NP_933761-MLB113684787370_072026-O-50-tapete-grande-absorvente-fralda-pet-descartavel-60x45-cao.webp

Mensagem enviada para whatsapp:+5519991133269:
50 Tapete Grande Absorvente Fralda Pet Descartável 60x45 Cão
Message SID Twilio: SM3960c1515fb6de8ac95edcfac81a83e7
[DEBUG] status_final_twilio=sending

[DEBUG] media_url=NAO
[DEBUG] motivo_sem_midia=webp_desativado
[DEBUG] imagem=https://http2.mlstatic.com/D_NQ_NP_902473-MLB97650771154_112025-O-tapete-higienico-pet-chalesco-para-caes-90x60cm-com-50-un.webp

Mensagem enviada para whatsapp:+5519991133269:
Tapete Higiênico Pet Chalesco Para Cães 90x60cm Com 50 Un.
Message SID Twilio: SM1efcef3dbf398be167839a3cd19ea1f1
[DEBUG] status_final_twilio=sending

[DEBUG] media_url=NAO
[DEBUG] motivo_sem_midia=webp_desativado
[DEBUG] imagem=https://http2.mlstatic.com/D_NQ_NP_943892-MLB72673760846_112023-O-tapete-higienico-80x60cm-super-secao-30un-petix-240-unidades.webp

Mensagem enviada para whatsapp:+5519991133269:
Tapete Higiênico 80x60cm Super Secão 30un Petix 240 Unidades
Message SID Twilio: SM8ca7aa04938b803b2ebc823976c17d1b
[DEBUG] status_final_twilio=sending

[RESUMO_TWILIO] entregues_ou_processadas=3 falhas=0 total=3

3 oferta(s) processada(s) e salva(s).

=== Fim da execucao: 2026-07-24T22:38:44 ===
