=== Inicio da execucao: 2026-06-15T20:16:14 ===
Args: --somente-relampago --desconto-minimo 50 --limite-candidatos 5 --pasta-saida C:/Users/Lucas Bianco/Downloads --modalidade-execucao ondemand

[MODO_ATIVO] FLUXO_HUB_AFILIADOS_LEGADO

Mercado Livre ja esta autenticado.

Modo somente ofertas relâmpago ativado. Fluxo do hub/Twilio foi ignorado.
Limpeza de HTML relâmpago: 4 arquivo(s) antigo(s) removido(s).

Navegando para ofertas relâmpago:
https://www.mercadolivre.com.br/ofertas?promotion_type=lightning#filter_applied=promotion_type&filter_position=3&origin=qcat
HTML salvo em: C:\Users\Lucas Bianco\Desktop\Projetos Dev\Promos\ofertas_relampago\html\html_relampago_20260615_201640_202754_01.txt
Modo sem parametros detectado: usando apenas o primeiro HTML de ofertas relampago.

Analisando HTML de: C:\Users\Lucas Bianco\Desktop\Projetos Dev\Promos\ofertas_relampago\html\html_relampago_20260615_201640_202754_01.txt
11 oferta(s) com 50% ou mais de desconto extraída(s) do JSON.
[DESCARTADO - HISTORICO] Anúncio mlb4625924357 marcado como anuncio_inedito=false no histórico.
[DESCARTADO - HISTORICO] Anúncio mlb5748326240 marcado como anuncio_inedito=false no histórico.
[DESCARTADO - HISTORICO] Anúncio mlb5513246190 marcado como anuncio_inedito=false no histórico.
[DESCARTADO - HISTORICO] Anúncio mlb6624593666 marcado como anuncio_inedito=false no histórico.
Paginação parametrizada limitada a 25 página(s) (detecção original: 208 página(s)).
HTML consolidado salvo em: C:\Users\Lucas Bianco\Desktop\Projetos Dev\Promos\ofertas_relampago\html\html_relampago_consolidado_20260615_201640.txt
Usando link direto extraído do HTML para obter link de afiliado.
✓ Link de afiliado: https://meli.la/25nCwGs
Usando link direto extraído do HTML para obter link de afiliado.
✓ Link de afiliado: https://meli.la/2sGSSLm
Usando link direto extraído do HTML para obter link de afiliado.
✓ Link de afiliado: https://meli.la/1yxqU3h
Usando link direto extraído do HTML para obter link de afiliado.
✓ Link de afiliado: https://meli.la/2aChZdm
Usando link direto extraído do HTML para obter link de afiliado.
✓ Link de afiliado: https://meli.la/2rwpmMv
Metadados salvos em: C:\Users\Lucas Bianco\Desktop\Projetos Dev\Promos\metadados_coleta\metadados_relampago_exec_0024_20260615_201729.json

Histórico relâmpago atualizado em: C:/Users/Lucas Bianco/Downloads\lista_anuncios.txt

Saida consolidada por modalidade atualizada em: C:\Users\Lucas Bianco\Desktop\Projetos Dev\Promos\saidas_execucoes\OnDemand\lista_anuncios.txt

[DEBUG] Twilio Account SID: ACc0...e80a

Mensagem enviada para whatsapp:+5519991133269:
Polo Piquet Basica Reserva Masculino Preto N/a Gg Lisa
Message SID Twilio: SMc83dbdddae6e81c4478d5dddb14f7581

Mensagem enviada para whatsapp:+5519991133269:
1200n.m Chave De Impacto 3 Em 1 + 2 Bateria Sem Fio Dobevi Azul 127/220v
Message SID Twilio: SM8f8222338ffda6a5c3c0f8a51624e1f0

Mensagem enviada para whatsapp:+5519991133269:
Chave De Impacto Brushless Parafusadeira Furadeira 2 Bateria Cinza/preto 110/127/220v 60hz
Message SID Twilio: SM0b3e99d055f0fb855dd77317125114a3

Mensagem enviada para whatsapp:+5519991133269:
Sandália Slim Square Glitter Contour Havaianas Novo Grafite Estampada 37/38
Message SID Twilio: SM8e71f10d5df34ef9047884f02fa217d5

Mensagem enviada para whatsapp:+5519991133269:
Camisa Polo Reserva Masculino Preto Curta 100% Algodão Preto N/a G Lisa
Message SID Twilio: SM02f06f7acf0161c9a1a66e002d6801c0

5 oferta(s) relâmpago processada(s) e salvas.

Envio pelo WhatsApp finalizado com sucesso!

=== Fim da execucao: 2026-06-15T20:17:51 ===
