=== Inicio da execucao: 2026-07-13T20:00:53 ===
Args: --produto-por-html --desconto-minimo 20 --limite-candidatos 3 --url-produto https://lista.mercadolivre.com.br/bola-de-tenis#D[A:bola%20de%20tenis] --pasta-saida C:/Users/Lucas Bianco/Downloads --modalidade-execucao ondemand

[MODO_ATIVO] PRODUTO_ONDEMAND_HOME_PESQUISA

Modo procurar produto ativado (pesquisa pela home do Mercado Livre).

[LINK_BASE_1] Processando listagem direta: https://lista.mercadolivre.com.br/bola-de-tenis#D[A:bola%20de%20tenis]
[LINK_BASE_1] Carregando em blocos de 3 páginas até encontrar candidatos válidos

[BLOCO_1] Carregando páginas 1 a 3 do Link 1
[LISTAGEM_DIRETA] Link 1 - página 1: https://lista.mercadolivre.com.br/bola-de-tenis#D[A:bola%20de%20tenis]
✓ Link de afiliado: https://meli.la/1Qt91Sz
✓ Link de afiliado: https://meli.la/2sak1xw
✓ Link de afiliado: https://meli.la/2MCJ3aZ
[BLOCO_1] Resultado: 3 candidato(s) coletado(s), 3 válido(s) enriquecido(s). Total: 3/3

Histórico relâmpago atualizado em: C:/Users/Lucas Bianco/Downloads\lista_anuncios.txt

Saida consolidada por modalidade atualizada em: C:\Users\Lucas Bianco\Desktop\Projetos Dev\Promos\saidas_execucoes\OnDemand\lista_anuncios.txt

[DEBUG] Twilio Account SID: ACc0...e80a

Mensagem enviada para whatsapp:+5519991133269:
Kit Com 3 Bolas Beach Tennis Stage 2 Pro Alma Genius Amarelo
Message SID Twilio: SM73c99ff1a92e2d5d5a363687efe5930f

Mensagem enviada para whatsapp:+5519991133269:
Bipack 2 Tubos Com 4 Un Bolas De Tenis Court Amarelo Tecnifibre
Message SID Twilio: SM323e60f3f7ccf41f939bc7f51636c7c6

Mensagem enviada para whatsapp:+5519991133269:
Bola De Tênis Inni Tournament Pro C/ 6 Tubos 18 Bolas
Message SID Twilio: SM4f8af0eab90db4af0b54807bee94a559

3 oferta(s) processada(s) e salva(s).

=== Fim da execucao: 2026-07-13T20:01:46 ===
