=== Inicio da execucao: 2026-07-13T19:58:56 ===
Args: --produto-por-html --desconto-minimo 40 --limite-candidatos 3 --url-produto https://lista.mercadolivre.com.br/bola-de-tenis#D[A:bola%20de%20tenis] --pasta-saida C:/Users/Lucas Bianco/Downloads --modalidade-execucao ondemand

[MODO_ATIVO] PRODUTO_ONDEMAND_HOME_PESQUISA

Modo procurar produto ativado (pesquisa pela home do Mercado Livre).

[LINK_BASE_1] Processando listagem direta: https://lista.mercadolivre.com.br/bola-de-tenis#D[A:bola%20de%20tenis]
[LINK_BASE_1] Carregando em blocos de 3 páginas até encontrar candidatos válidos

[BLOCO_1] Carregando páginas 1 a 3 do Link 1
[LISTAGEM_DIRETA] Link 1 - página 1: https://lista.mercadolivre.com.br/bola-de-tenis#D[A:bola%20de%20tenis]
✓ Link de afiliado: https://meli.la/1GnUcdN
[LISTAGEM_DIRETA] Link 1 - página 2: https://lista.mercadolivre.com.br/bola-de-tenis?page=2
[LISTAGEM_DIRETA] Link 1 - página 3: https://lista.mercadolivre.com.br/bola-de-tenis?page=3
[BLOCO_1] Resultado: 1 candidato(s) coletado(s), 1 válido(s) enriquecido(s). Total: 1/3

[BLOCO_2] Carregando páginas 4 a 5 do Link 1
[LISTAGEM_DIRETA] Link 1 - página 4: https://lista.mercadolivre.com.br/bola-de-tenis?page=4
[LISTAGEM_DIRETA] Link 1 - página 5: https://lista.mercadolivre.com.br/bola-de-tenis?page=5
[BLOCO_2] Resultado: 0 candidato(s) coletado(s), 0 válido(s) enriquecido(s). Total: 1/3
[BLOCO_2] Nenhum candidato encontrado. Parando busca neste link.

Histórico relâmpago atualizado em: C:/Users/Lucas Bianco/Downloads\lista_anuncios.txt

Saida consolidada por modalidade atualizada em: C:\Users\Lucas Bianco\Desktop\Projetos Dev\Promos\saidas_execucoes\OnDemand\lista_anuncios.txt

[DEBUG] Twilio Account SID: ACc0...e80a

Mensagem enviada para whatsapp:+5519991133269:
Kit 6 Bola De Beach Tennis Profissional Bolinha Beach Tennis Babuu Brinquedos Educativos
Message SID Twilio: SMa81cb61d5430fd5ec737303003e9cd64

1 oferta(s) processada(s) e salva(s).

=== Fim da execucao: 2026-07-13T19:59:53 ===
