=== Inicio da execucao: 2026-07-07T19:54:51 ===
Args: --produto-por-html --desconto-minimo 30 --limite-candidatos 5 --url-produto https://lista.mercadolivre.com.br/_Container_13307563?coupon_campaign_id=13307563&recos_ids=MLB3976208897,MLB4201679223,MLB3936392085,MLB5756684654,MLB1,MLB2,MLB3,MLB4 --pasta-saida C:/Users/Lucas Bianco/Downloads --modalidade-execucao ondemand

[MODO_ATIVO] PRODUTO_ONDEMAND_HOME_PESQUISA

Modo procurar produto ativado (pesquisa pela home do Mercado Livre).

[LINK_BASE_1] Processando listagem direta: https://lista.mercadolivre.com.br/_Container_13307563?coupon_campaign_id=13307563&recos_ids=MLB3976208897,MLB4201679223,MLB3936392085,MLB5756684654,MLB1,MLB2,MLB3,MLB4
[LINK_BASE_1] Carregando em blocos de 3 páginas até encontrar candidatos válidos

[BLOCO_1] Carregando páginas 1 a 3 do Link 1
[LISTAGEM_DIRETA] Link 1 - página 1: https://lista.mercadolivre.com.br/_Container_13307563?coupon_campaign_id=13307563&recos_ids=MLB3976208897,MLB4201679223,MLB3936392085,MLB5756684654,MLB1,MLB2,MLB3,MLB4
✓ Link de afiliado: https://meli.la/1TqhR9V
✓ Link de afiliado: https://meli.la/1Ekj9Mb
✓ Link de afiliado: https://meli.la/1AvWYgw
✓ Link de afiliado: https://meli.la/1qAsHFr
✓ Link de afiliado: https://meli.la/2odbNQb
[BLOCO_1] Resultado: 5 candidato(s) coletado(s), 5 válido(s) enriquecido(s). Total: 5/5

Histórico relâmpago atualizado em: C:/Users/Lucas Bianco/Downloads\lista_anuncios.txt

Saida consolidada por modalidade atualizada em: C:\Users\Lucas Bianco\Desktop\Projetos Dev\Promos\saidas_execucoes\OnDemand\lista_anuncios.txt

[DEBUG] Twilio Account SID: ACc0...e80a

Mensagem enviada para whatsapp:+5519991133269:
Power Bank Baseus Fc11 10000mah 22.5w Cabos Display Digital
Message SID Twilio: SMad7b46a31f911da2e8ba5a2dac3824a2

Mensagem enviada para whatsapp:+5519991133269:
Power Bank Baseus Fc11 20000mah 22.5w Cabos Display Digital
Message SID Twilio: SM61a4867420a8b3b17889fda70defe0bf

Mensagem enviada para whatsapp:+5519991133269:
Powerbank Turbo Baseus Fc31 Qpow3 22.5w 20000mah
Message SID Twilio: SM5dc71abca46cae1359a5a8321ec324e4

Mensagem enviada para whatsapp:+5519991133269:
Carregador Portátil Magsafe Baseus Am41 Picogo 5000mah 20w Turbo Cor preto
Message SID Twilio: SM4f40aec0a88b73256d00b670574512aa

Mensagem enviada para whatsapp:+5519991133269:
Carregador Portátil Magsafe Baseus Am41 Picogo 5000mah 20w Turbo Cor Cinza
Message SID Twilio: SM354f730f700c498a5c4a3f0b5dd76cb1

5 oferta(s) processada(s) e salva(s).

=== Fim da execucao: 2026-07-07T19:56:08 ===
