=== Inicio da execucao: 2026-07-26T11:53:03 ===
Args: --produto-por-html --fonte mercadolivre --url-produto https://lista.mercadolivre.com.br/beleza-cuidado-pessoal/loreal_Discount_10-100_NoIndex_True?sb=all_mercadolibre#applied_filter_id%3Ddiscount%26applied_filter_name%3DDescontos%26applied_filter_order%3D14%26applied_value_id%3D10-100%26applied_value_name%3DMais+de+10%25+OFF%26applied_value_order%3D2%26applied_value_results%3D1613%26is_custom%3Dfalse --limite-candidatos 3 --modalidade-execucao campanha

[MODO_ATIVO] PRODUTO_ONDEMAND_HOME_PESQUISA

Modo procurar produto ativado (pesquisa pela home do Mercado Livre).

[LINK_BASE_1] Processando listagem direta: https://lista.mercadolivre.com.br/beleza-cuidado-pessoal/loreal_Discount_10-100_NoIndex_True?sb=all_mercadolibre#applied_filter_id%3Ddiscount%26applied_filter_name%3DDescontos%26applied_filter_order%3D14%26applied_value_id%3D10-100%26applied_value_name%3DMais+de+10%25+OFF%26applied_value_order%3D2%26applied_value_results%3D1613%26is_custom%3Dfalse
[LINK_BASE_1] Carregando em blocos de 3 páginas até encontrar candidatos válidos

[BLOCO_1] Carregando páginas 1 a 3 do Link 1
[LISTAGEM_DIRETA] Link 1 - página 1: https://lista.mercadolivre.com.br/beleza-cuidado-pessoal/loreal_Discount_10-100_NoIndex_True?sb=all_mercadolibre#applied_filter_id%3Ddiscount%26applied_filter_name%3DDescontos%26applied_filter_order%3D14%26applied_value_id%3D10-100%26applied_value_name%3DMais+de+10%25+OFF%26applied_value_order%3D2%26applied_value_results%3D1613%26is_custom%3Dfalse
✓ Link de afiliado: https://meli.la/3132DhC
✓ Link de afiliado: https://meli.la/2wgScXH
✓ Link de afiliado: https://meli.la/32NvYu7
[BLOCO_1] Resultado: 3 candidato(s) coletado(s), 3 válido(s) enriquecido(s). Total: 3/3

Histórico relâmpago atualizado em: C:\Users\Lucas Bianco\Desktop\Projetos Dev\Promos\ofertas_relampago\Historico de anuncios\lista_anuncios.txt
✅ 3 imagem(ns) principal(is) salvas em anuncios: C:\Users\Lucas Bianco\Desktop\Projetos Dev\Promos\dist-interface\instagram_anuncios
✅ JSON de busca de produto salvo em: C:\Users\Lucas Bianco\Desktop\Projetos Dev\Promos\ofertas_afiliados\Historico de anuncios\ofertas_20260726_115341.json

Saida consolidada por modalidade atualizada em: C:\Users\Lucas Bianco\Desktop\Projetos Dev\Promos\saidas_execucoes\Campanha\lista_anuncios.txt
Saida JSON campanha salva em: C:\Users\Lucas Bianco\Desktop\Projetos Dev\Promos\saidas_execucoes\Campanha\ofertas_20260726_115341.json

[DEBUG] Twilio Account SID: ACc0...e80a
[WARN] Falha ao iniciar Google Drive para imagens: Arquivo de service account nao encontrado: C:\Users\Lucas Bianco\AppData\Local\Temp\_MEI414122\credentials\google-service-account.json

[DEBUG] media_url=NAO
[DEBUG] motivo_sem_midia=webp_desativado
[DEBUG] imagem=https://http2.mlstatic.com/D_NQ_NP_865442-MLB108430683967_032026-O-kit-pro-longer-shampoo-300g-e-mascara-250g--loreal.webp

Mensagem enviada para whatsapp:+5519991133269:
Kit Pro Longer Shampoo 300g E Máscara 250g - Loréal
Message SID Twilio: SMf0a0186541d88b1bd9653b6e98d921ee
[DEBUG] status_final_twilio=sending

[DEBUG] media_url=NAO
[DEBUG] motivo_sem_midia=webp_desativado
[DEBUG] imagem=https://http2.mlstatic.com/D_NQ_NP_627658-MLB113623824916_072026-O-kit-loreal--absolut-repair-shampoo-300g-e-mascara-250g.webp

Mensagem enviada para whatsapp:+5519991133269:
Kit Loréal Absolut Repair Shampoo 300g E Máscara 250g
Message SID Twilio: SMbc8be0f58a1c83d9f23e54957aedb45f
[DEBUG] status_final_twilio=sending

[DEBUG] media_url=NAO
[DEBUG] motivo_sem_midia=webp_desativado
[DEBUG] imagem=https://http2.mlstatic.com/D_NQ_NP_866585-MLB111722367410_062026-O-kit-trio-loreal-absolut-molecular-shampoo--mascara--serum.webp

Mensagem enviada para whatsapp:+5519991133269:
Kit Trio Loreal Absolut Molecular Shampoo + Máscara + Sérum
Message SID Twilio: SMa9c8c9d634794b7b63082b0e60a70ba1
[DEBUG] status_final_twilio=sending

[RESUMO_TWILIO] entregues_ou_processadas=3 falhas=0 total=3

3 oferta(s) processada(s) e salva(s).

=== Fim da execucao: 2026-07-26T11:53:46 ===
