=== Inicio da execucao: 2026-07-25T08:28:52 ===
Args: --produto-por-html --fonte mercadolivre --url-produto https://lista.mercadolivre.com.br/t%C3%AAnis-masculino-new-balance-fuelcell-rebel-v5-exclusivo#D[A:T%C3%AAnis%20Masculino%20New%20Balance%20Fuelcell%20Rebel%20V5%20Exclusivo] --preco-minimo 500.0 --preco-maximo 770.0 --limite-candidatos 3 --modalidade-execucao campanha

[MODO_ATIVO] PRODUTO_ONDEMAND_HOME_PESQUISA

Modo procurar produto ativado (pesquisa pela home do Mercado Livre).

[LINK_BASE_1] Processando listagem direta: https://lista.mercadolivre.com.br/t%C3%AAnis-masculino-new-balance-fuelcell-rebel-v5-exclusivo#D[A:T%C3%AAnis%20Masculino%20New%20Balance%20Fuelcell%20Rebel%20V5%20Exclusivo]
[LINK_BASE_1] Carregando em blocos de 3 páginas até encontrar candidatos válidos

[BLOCO_1] Carregando páginas 1 a 3 do Link 1
[LISTAGEM_DIRETA] Link 1 - página 1: https://lista.mercadolivre.com.br/t%C3%AAnis-masculino-new-balance-fuelcell-rebel-v5-exclusivo#D[A:T%C3%AAnis%20Masculino%20New%20Balance%20Fuelcell%20Rebel%20V5%20Exclusivo]
✓ Link de afiliado: https://meli.la/2kzqQvT
✓ Link de afiliado: https://meli.la/25fQWE2
✓ Link de afiliado: https://meli.la/2hxfhF1
[BLOCO_1] Resultado: 3 candidato(s) coletado(s), 3 válido(s) enriquecido(s). Total: 3/3

Histórico relâmpago atualizado em: C:\Users\Lucas Bianco\Desktop\Projetos Dev\Promos\ofertas_relampago\Historico de anuncios\lista_anuncios.txt
✅ 2 imagem(ns) principal(is) salvas em anuncios: C:\Users\Lucas Bianco\Desktop\Projetos Dev\Promos\dist-interface\instagram_anuncios
✅ JSON de busca de produto salvo em: C:\Users\Lucas Bianco\Desktop\Projetos Dev\Promos\ofertas_afiliados\Historico de anuncios\ofertas_20260725_082931.json

Saida consolidada por modalidade atualizada em: C:\Users\Lucas Bianco\Desktop\Projetos Dev\Promos\saidas_execucoes\Campanha\lista_anuncios.txt
Saida JSON campanha salva em: C:\Users\Lucas Bianco\Desktop\Projetos Dev\Promos\saidas_execucoes\Campanha\ofertas_20260725_082931.json

[DEBUG] Twilio Account SID: ACc0...e80a

[DEBUG] media_url=NAO
[DEBUG] motivo_sem_midia=webp_desativado
[DEBUG] imagem=https://http2.mlstatic.com/D_NQ_NP_922041-MLB90908331489_082025-O-tnis-new-balance-fresh-foam-x-880-v15-cinza.webp

Mensagem enviada para whatsapp:+5519991133269:
Tênis New Balance Fresh Foam X 880 V15 Cinza
Message SID Twilio: SM57b6cdd2399fe36d217246fae710e79e
[DEBUG] status_final_twilio=sending

[DEBUG] media_url=NAO
[DEBUG] motivo_sem_midia=webp_desativado
[DEBUG] imagem=https://http2.mlstatic.com/D_NQ_NP_815409-MLB114003025057_072026-O-tnis-new-balance-fuelcell-rebel-v5-corrida-esportivo.webp

Mensagem enviada para whatsapp:+5519991133269:
Tênis New Balance Fuelcell Rebel V5 Corrida Esportivo
Message SID Twilio: SM579accec48fc5e9487ffcc6271db5230
[DEBUG] status_final_twilio=sending

[DEBUG] media_url=NAO
[DEBUG] motivo_sem_midia=webp_desativado
[DEBUG] imagem=https://http2.mlstatic.com/D_NQ_NP_725304-MLB90908391131_082025-O-tnis-new-balance-fresh-foam-x-880-v15-verde.webp

Mensagem enviada para whatsapp:+5519991133269:
Tênis New Balance Fresh Foam X 880 V15 Verde
Message SID Twilio: SMc172edd4aeec8e28ae891d5a979fcbc1
[DEBUG] status_final_twilio=sending

[RESUMO_TWILIO] entregues_ou_processadas=3 falhas=0 total=3

3 oferta(s) processada(s) e salva(s).

=== Fim da execucao: 2026-07-25T08:29:38 ===
