=== Inicio da execucao: 2026-06-06T11:39:37 ===
Args: --produto-por-html --descricao-produto Suporte Veicular Com Carregador Wireless Rápido 15w --preco-maximo 75.0 --limite-candidatos 5 --pasta-saida C:/Users/Lucas Bianco/Downloads --modalidade-execucao ondemand

[MODO_ATIVO] PRODUTO_ONDEMAND_HOME_PESQUISA

Modo procurar produto ativado (pesquisa pela home do Mercado Livre).

[Pesquisa inicial] Página 1: https://lista.mercadolivre.com.br/Suporte-Veicular-Com-Carregador-Wireless-R%C3%A1pido-15w
✓ Link de afiliado: https://meli.la/1Qtbv8g
✓ Link de afiliado: https://meli.la/1L9vTCW
✓ Link de afiliado: https://meli.la/2RtJrQq
✓ Link de afiliado: https://meli.la/2RtJrQq
✓ Link de afiliado: https://meli.la/2hK3QjZ

Histórico relâmpago atualizado em: C:/Users/Lucas Bianco/Downloads\lista_anuncios.txt

Saida consolidada por modalidade atualizada em: C:\Users\Lucas Bianco\Desktop\Projetos Dev\Promos\saidas_execucoes\OnDemand\lista_anuncios.txt

[DEBUG] Twilio Account SID: ACc0...e80a

Mensagem enviada para whatsapp:+5519991133269:
Carregador Indução Wireless 15w Rapido Portatil Usb
Message SID Twilio: SMea1c5bd643c2ffcef72414a55a1cd683

Mensagem enviada para whatsapp:+5519991133269:
Carregador De Carro De 15 W, Suportes Magnéticos A Vácuo Par
Message SID Twilio: SM8fa6a862dcdd23fb62b1dcae50b1b1a1

Mensagem enviada para whatsapp:+5519991133269:
Carregador Sem Fio Indução 15w Fast Charge Suporte Vertical Cor Preto
Message SID Twilio: SM0fd15924c1276e3b34840f0d1831ca11

Mensagem enviada para whatsapp:+5519991133269:
Carregador Sem Fio Indução 15w Fast Charge Suporte Vertical Cor Preto
Message SID Twilio: SMdabe8c36f90598953eecb879cef79709

Mensagem enviada para whatsapp:+5519991133269:
Suporte Veicular Com Carregador Wireless Rápido 15w
Message SID Twilio: SMbf1417f28d0c13ec3787029c040ce49d

5 oferta(s) processada(s) e salva(s).

=== Fim da execucao: 2026-06-06T11:40:58 ===
