=== Inicio da execucao: 2026-06-10T19:34:29 ===
Args: --produto-por-html --url-produto https://lista.mercadolivre.com.br/produtos-da-copa-2026_NoIndex_True --preco-minimo 30.0 --preco-maximo 140.0 --limite-candidatos 5 --modalidade-execucao campanha

[MODO_ATIVO] PRODUTO_ONDEMAND_HOME_PESQUISA

Modo procurar produto ativado (pesquisa pela home do Mercado Livre).

[LINK_BASE_1] Processando listagem direta: https://lista.mercadolivre.com.br/produtos-da-copa-2026_NoIndex_True
[LISTAGEM_DIRETA] Link 1 - página 1: https://lista.mercadolivre.com.br/produtos-da-copa-2026_NoIndex_True
✓ Link de afiliado: https://meli.la/2Fe4jKp
✓ Link de afiliado: https://meli.la/2s6rV9c
[INFO] Marcador de sessão 'LM' detectado no header. Prosseguindo com a tentativa de afiliado.
[ERRO] Falha ao clicar no botão Afiliados/Compartilhar: Locator.wait_for: Timeout 10000ms exceeded.
Call log:
  - waiting for locator("nav[aria-label='Afiliados'] button[data-testid='generate_link_button']").first to be visible

[LOGIN_REQUIRED_AFILIADOS] Link de afiliado nao gerado para mlb2084376419. Anuncio ignorado. Faca login no Afiliados e execute novamente.
✓ Link de afiliado: https://meli.la/1YCDZcF
✓ Link de afiliado: https://meli.la/1V6URHZ
[LISTAGEM_DIRETA] Link 1 - página 2: https://lista.mercadolivre.com.br/produtos-da-copa-2026_NoIndex_True?page=2
[AVISO] Enriquecimento com afiliado falhou em 1 candidato(s). Anuncios sem link de afiliado valido foram ignorados.

Histórico relâmpago atualizado em: C:\Users\Lucas Bianco\Desktop\Projetos Dev\Promos\ofertas_relampago\Historico de anuncios\lista_anuncios.txt

Saida consolidada por modalidade atualizada em: C:\Users\Lucas Bianco\Desktop\Projetos Dev\Promos\saidas_execucoes\Campanha\lista_anuncios.txt

[DEBUG] Twilio Account SID: ACc0...e80a

Mensagem enviada para whatsapp:+5519991133269:
Camiseta Haaland Noruega Dry Fit Copa 2026 Lançamento
Message SID Twilio: SM62f8f6f6c5d01c0ed1496e4794194922

Mensagem enviada para whatsapp:+5519991133269:
Camiseta Seleção Argentina Copa 2026 Futebol Jogo Cup
Message SID Twilio: SM0ce9e1355ff000def37e5d4a93e5fbdf

Mensagem enviada para whatsapp:+5519991133269:
Kit Torcedor Brasil 12 Peças Ideal Para Copa Do Mundo 2026
Message SID Twilio: SM3fb6cf2165ed48dc3e6a6eb03474c306

Mensagem enviada para whatsapp:+5519991133269:
Cards Copa Do Mundo - Contém 5 Envelopes (40 Cards) Panini
Message SID Twilio: SM3876e7be5d77866b136b8455a79e90cc

4 oferta(s) processada(s) e salva(s).

=== Fim da execucao: 2026-06-10T19:35:55 ===
