=== Inicio da execucao: 2026-07-24T22:42:00 ===
Args: --produto-por-html --fonte mercadolivre --url-produto https://www.mercadolivre.com.br/ofertas?container_id=MLB779362-1&promotion_type=lightning#filter_applied=promotion_type&filter_position=2&is_recommended_domain=false&origin=scut --desconto-minimo 10 --limite-candidatos 3 --modalidade-execucao campanha

[MODO_ATIVO] PRODUTO_ONDEMAND_HOME_PESQUISA

Modo procurar produto ativado (pesquisa pela home do Mercado Livre).

[LINK_BASE_1] Processando listagem direta: https://www.mercadolivre.com.br/ofertas?container_id=MLB779362-1&promotion_type=lightning#filter_applied=promotion_type&filter_position=2&is_recommended_domain=false&origin=scut
[LINK_BASE_1] Carregando em blocos de 3 páginas até encontrar candidatos válidos

[BLOCO_1] Carregando páginas 1 a 3 do Link 1
[LISTAGEM_DIRETA] Link 1 - página 1: https://www.mercadolivre.com.br/ofertas?container_id=MLB779362-1&promotion_type=lightning#filter_applied=promotion_type&filter_position=2&is_recommended_domain=false&origin=scut
✓ Link de afiliado: https://meli.la/1CXQC2b
✓ Link de afiliado: https://meli.la/2AcqXSr
✓ Link de afiliado: https://meli.la/1WsQTVy
[BLOCO_1] Resultado: 3 candidato(s) coletado(s), 3 válido(s) enriquecido(s). Total: 3/3

Histórico relâmpago atualizado em: C:\Users\Lucas Bianco\Desktop\Projetos Dev\Promos\ofertas_relampago\Historico de anuncios\lista_anuncios.txt
✅ 3 imagem(ns) principal(is) salvas em anuncios: C:\Users\Lucas Bianco\Desktop\Projetos Dev\Promos\dist-interface\instagram_anuncios
✅ JSON de busca de produto salvo em: C:\Users\Lucas Bianco\Desktop\Projetos Dev\Promos\ofertas_afiliados\Historico de anuncios\ofertas_20260724_224233.json

Saida consolidada por modalidade atualizada em: C:\Users\Lucas Bianco\Desktop\Projetos Dev\Promos\saidas_execucoes\Campanha\lista_anuncios.txt
Saida JSON campanha salva em: C:\Users\Lucas Bianco\Desktop\Projetos Dev\Promos\saidas_execucoes\Campanha\ofertas_20260724_224233.json

[DEBUG] Twilio Account SID: ACc0...e80a

[DEBUG] media_url=NAO
[DEBUG] motivo_sem_midia=webp_desativado
[DEBUG] imagem=https://http2.mlstatic.com/D_NQ_NP_949687-MLA107423093255_022026-O.webp

Mensagem enviada para whatsapp:+5519991133269:
Mercusys MC210 Câmera Segurança Wifi 2K 3MP 360° por TP-Link
Message SID Twilio: SMf7076d491f0cf89a3c7e0a951f88de69
[DEBUG] status_final_twilio=sending

[DEBUG] media_url=NAO
[DEBUG] motivo_sem_midia=webp_desativado
[DEBUG] imagem=https://http2.mlstatic.com/D_NQ_NP_671666-MLA99870769883_112025-O.webp

Mensagem enviada para whatsapp:+5519991133269:
Jogo De Ferramentas Soquetes Encaixe 1/4 E 1/2 Pol. Catraca Reversível Aço Crv 94 Peças Com Maleta Tkf94 The Black Tools
Message SID Twilio: SM8d287027b996ddafbeccff745649c6cb
[DEBUG] status_final_twilio=queued

[DEBUG] media_url=NAO
[DEBUG] motivo_sem_midia=webp_desativado
[DEBUG] imagem=https://http2.mlstatic.com/D_NQ_NP_902378-MLA99964650499_112025-O.webp

Mensagem enviada para whatsapp:+5519991133269:
Cafeteira Nespresso Pixie Redesign Titânio
Message SID Twilio: SMa4801074d5f38255275e7b29520626af
[DEBUG] status_final_twilio=sending

[RESUMO_TWILIO] entregues_ou_processadas=3 falhas=0 total=3

3 oferta(s) processada(s) e salva(s).

=== Fim da execucao: 2026-07-24T22:42:40 ===
