=== Inicio da execucao: 2026-06-13T08:18:22 ===
Args: --produto-por-html --url-produto https://lista.mercadolivre.com.br/produtos-da-copa-2026_NoIndex_True --preco-minimo 30.0 --preco-maximo 140.0 --limite-candidatos 5 --modalidade-execucao campanha

[MODO_ATIVO] PRODUTO_ONDEMAND_HOME_PESQUISA

Modo procurar produto ativado (pesquisa pela home do Mercado Livre).

[LINK_BASE_1] Processando listagem direta: https://lista.mercadolivre.com.br/produtos-da-copa-2026_NoIndex_True
[LISTAGEM_DIRETA] Link 1 - página 1: https://lista.mercadolivre.com.br/produtos-da-copa-2026_NoIndex_True
✓ Link de afiliado: https://meli.la/27hV8EE
✓ Link de afiliado: https://meli.la/345wzFt
✓ Link de afiliado: https://meli.la/2vXvgCf
✓ Link de afiliado: https://meli.la/2gWbj8v
✓ Link de afiliado: https://meli.la/2vCbenk

Histórico relâmpago atualizado em: C:\Users\Lucas Bianco\Desktop\Projetos Dev\Promos\ofertas_relampago\Historico de anuncios\lista_anuncios.txt

Saida consolidada por modalidade atualizada em: C:\Users\Lucas Bianco\Desktop\Projetos Dev\Promos\saidas_execucoes\Campanha\lista_anuncios.txt

[DEBUG] Twilio Account SID: ACc0...e80a

Mensagem enviada para whatsapp:+5519991133269:
Kit De Torcida Para A Copa Do Mundo De 2026 Brasil 12 Itens
Message SID Twilio: SM6e73340216c41fc0dde8996fab8dbe08

Mensagem enviada para whatsapp:+5519991133269:
Camiseta Brasil Futebol Copa
Message SID Twilio: SMba3f53cbfb7555e470ad170414e3d3b3

Mensagem enviada para whatsapp:+5519991133269:
Kit Figurinhas Copa Do Mundo 2026 Produto Original Colecione
Message SID Twilio: SMae64c304636350a93ee8399a1f70bef0

Mensagem enviada para whatsapp:+5519991133269:
Kit Adesivos Compatível Com Fan 160 2025 - 2026 Brasil Copa
Message SID Twilio: SMd141b116df5aeb32dc32ca58ae027611

Mensagem enviada para whatsapp:+5519991133269:
Kit Com 140 Figurinhas (20 Pacotes) - Copa Do Mundo Fifa 2026 Copa Do Mundo 2026
Message SID Twilio: SMf65abf34a3a0a77d3c35fd64bebd53d7

5 oferta(s) processada(s) e salva(s).

=== Fim da execucao: 2026-06-13T08:19:41 ===
