=== Inicio da execucao: 2026-07-22T20:15:47 ===
Args: --produto-por-html --fonte mercadolivre --desconto-minimo 45 --limite-candidatos 3 --url-produto https://lista.mercadolivre.com.br/lumin%C3%A1ria-de-parede-magn%C3%A9tica-recarreg%C3%A1vel?sb=all_mercadolibre#D[A:Lumin%C3%A1ria%20de%20parede%20magn%C3%A9tica%20recarreg%C3%A1vel] --pasta-saida C:/Users/Lucas Bianco/Downloads --modalidade-execucao ondemand

[MODO_ATIVO] PRODUTO_ONDEMAND_HOME_PESQUISA

Modo procurar produto ativado (pesquisa pela home do Mercado Livre).

[LINK_BASE_1] Processando listagem direta: https://lista.mercadolivre.com.br/lumin%C3%A1ria-de-parede-magn%C3%A9tica-recarreg%C3%A1vel?sb=all_mercadolibre#D[A:Lumin%C3%A1ria%20de%20parede%20magn%C3%A9tica%20recarreg%C3%A1vel]
[LINK_BASE_1] Carregando em blocos de 3 páginas até encontrar candidatos válidos

[BLOCO_1] Carregando páginas 1 a 3 do Link 1
[LISTAGEM_DIRETA] Link 1 - página 1: https://lista.mercadolivre.com.br/lumin%C3%A1ria-de-parede-magn%C3%A9tica-recarreg%C3%A1vel?sb=all_mercadolibre#D[A:Lumin%C3%A1ria%20de%20parede%20magn%C3%A9tica%20recarreg%C3%A1vel]
✓ Link de afiliado: https://meli.la/1yqK7Eg
✓ Link de afiliado: https://meli.la/13NWKPp
✓ Link de afiliado: https://meli.la/2DQyHQD
[BLOCO_1] Resultado: 3 candidato(s) coletado(s), 3 válido(s) enriquecido(s). Total: 3/3

Histórico relâmpago atualizado em: C:/Users/Lucas Bianco/Downloads\lista_anuncios.txt
✅ 3 imagem(ns) principal(is) salvas em anuncios: C:\Users\Lucas Bianco\Desktop\Projetos Dev\Promos\dist-interface\instagram_anuncios
✅ JSON de busca de produto salvo em: C:\Users\Lucas Bianco\Desktop\Projetos Dev\Promos\ofertas_afiliados\Historico de anuncios\ofertas_20260722_201623.json

Saida consolidada por modalidade atualizada em: C:\Users\Lucas Bianco\Desktop\Projetos Dev\Promos\saidas_execucoes\OnDemand\lista_anuncios.txt
Saida JSON ondemand salva em: C:\Users\Lucas Bianco\Desktop\Projetos Dev\Promos\saidas_execucoes\OnDemand\ofertas_20260722_201624.json

[DEBUG] Twilio Account SID: ACc0...e80a

[DEBUG] media_url=NAO
[DEBUG] motivo_sem_midia=webp_desativado
[DEBUG] imagem=https://http2.mlstatic.com/D_NQ_NP_622845-MLB95834357233_102025-O-luminaria-de-parede-led-recarregavel-base-magnetica-portatil.webp

Mensagem enviada para whatsapp:+5519991133269:
Luminária De Parede Led Recarregável Base Magnética Portátil
Message SID Twilio: SMcedfaaf63e5d2dcb95d6e21da65b71a0
[DEBUG] status_final_twilio=sending

[DEBUG] media_url=NAO
[DEBUG] motivo_sem_midia=webp_desativado
[DEBUG] imagem=https://http2.mlstatic.com/D_NQ_NP_717915-MLA89986936104_082025-O.webp

Mensagem enviada para whatsapp:+5519991133269:
Luminária Led Bastão Barra Slim Com Controle Recarregável Sem Fio Lâmpada De Mesa Com Suporte Magnético Para Armários Quarto Prateleira Cozinha Marca: Smart Tools®
Message SID Twilio: SMf4a3bcf1ad63a86571db9588db703ef1
[DEBUG] status_final_twilio=sending

[DEBUG] media_url=NAO
[DEBUG] motivo_sem_midia=webp_desativado
[DEBUG] imagem=https://http2.mlstatic.com/D_NQ_NP_736944-MLB113008417914_072026-O-luminaria-barra-led-recarregavel-sem-fio-magnetica-e-remoto.webp

Mensagem enviada para whatsapp:+5519991133269:
Luminária Barra Led Recarregável Sem Fio Magnética E Remoto
Message SID Twilio: SMc3634d7c97c5df1ba1ba8b84330f5128
[DEBUG] status_final_twilio=sending

[RESUMO_TWILIO] entregues_ou_processadas=3 falhas=0 total=3

3 oferta(s) processada(s) e salva(s).

=== Fim da execucao: 2026-07-22T20:16:29 ===
