=== Inicio da execucao: 2026-06-07T21:42:24 ===
Args: --produto-por-html --url-produto https://lista.mercadolivre.com.br/_Container_sports-bolas_BRAND_16031#applied_filter_id%3DBRAND%26applied_filter_name%3DMarca%26applied_filter_order%3D17%26applied_value_id%3D16031%26applied_value_name%3DWilson%26applied_value_order%3D3%26applied_value_results%3D678%26is_custom%3Dfalse --url-produto https://lista.mercadolivre.com.br/_Container_sports-bolas_BRAND_16263#applied_filter_id%3DBRAND%26applied_filter_name%3DMarca%26applied_filter_order%3D17%26applied_value_id%3D16263%26applied_value_name%3DHead%26applied_value_order%3D12%26applied_value_results%3D209%26is_custom%3Dfalse%26view_more_flag%3Dtrue --url-produto https://lista.mercadolivre.com.br/_Container_sports-bolas_BRAND_205839#applied_filter_id%3DBRAND%26applied_filter_name%3DMarca%26applied_filter_order%3D17%26applied_value_id%3D205839%26applied_value_name%3DTecnifibre%26applied_value_order%3D48%26applied_value_results%3D48%26is_custom%3Dfalse%26view_more_flag%3Dtrue --url-produto https://lista.mercadolivre.com.br/_Container_sports-bolas_BRAND_24667154#applied_filter_id%3DBRAND%26applied_filter_name%3DMarca%26applied_filter_order%3D17%26applied_value_id%3D24667154%26applied_value_name%3DRobin+S%C3%B6derling%26applied_value_order%3D27%26applied_value_results%3D80%26is_custom%3Dfalse%26view_more_flag%3Dtrue --preco-minimo 50.0 --preco-maximo 400.0 --desconto-minimo 10 --limite-candidatos 10 --modalidade-execucao campanha

[MODO_ATIVO] PRODUTO_ONDEMAND_HOME_PESQUISA

Modo procurar produto ativado (pesquisa pela home do Mercado Livre).

[LINK_BASE_1] Processando listagem direta: https://lista.mercadolivre.com.br/_Container_sports-bolas_BRAND_16031#applied_filter_id%3DBRAND%26applied_filter_name%3DMarca%26applied_filter_order%3D17%26applied_value_id%3D16031%26applied_value_name%3DWilson%26applied_value_order%3D3%26applied_value_results%3D678%26is_custom%3Dfalse
[LISTAGEM_DIRETA] Link 1 - página 1: https://lista.mercadolivre.com.br/_Container_sports-bolas_BRAND_16031#applied_filter_id%3DBRAND%26applied_filter_name%3DMarca%26applied_filter_order%3D17%26applied_value_id%3D16031%26applied_value_name%3DWilson%26applied_value_order%3D3%26applied_value_results%3D678%26is_custom%3Dfalse
[LISTAGEM_DIRETA] Link 1 - página 2: https://lista.mercadolivre.com.br/_Container_sports-bolas_BRAND_16031?page=2
[LISTAGEM_DIRETA] Link 1 - página 3: https://lista.mercadolivre.com.br/_Container_sports-bolas_BRAND_16031?page=3

[LINK_BASE_2] Processando listagem direta: https://lista.mercadolivre.com.br/_Container_sports-bolas_BRAND_16263#applied_filter_id%3DBRAND%26applied_filter_name%3DMarca%26applied_filter_order%3D17%26applied_value_id%3D16263%26applied_value_name%3DHead%26applied_value_order%3D12%26applied_value_results%3D209%26is_custom%3Dfalse%26view_more_flag%3Dtrue
[LISTAGEM_DIRETA] Link 2 - página 1: https://lista.mercadolivre.com.br/_Container_sports-bolas_BRAND_16263#applied_filter_id%3DBRAND%26applied_filter_name%3DMarca%26applied_filter_order%3D17%26applied_value_id%3D16263%26applied_value_name%3DHead%26applied_value_order%3D12%26applied_value_results%3D209%26is_custom%3Dfalse%26view_more_flag%3Dtrue
✓ Link de afiliado: https://meli.la/1LynPh5
✓ Link de afiliado: https://meli.la/1zXxyj9
[LISTAGEM_DIRETA] Link 2 - página 2: https://lista.mercadolivre.com.br/_Container_sports-bolas_BRAND_16263?page=2
[LISTAGEM_DIRETA] Link 2 - página 3: https://lista.mercadolivre.com.br/_Container_sports-bolas_BRAND_16263?page=3

[LINK_BASE_3] Processando listagem direta: https://lista.mercadolivre.com.br/_Container_sports-bolas_BRAND_205839#applied_filter_id%3DBRAND%26applied_filter_name%3DMarca%26applied_filter_order%3D17%26applied_value_id%3D205839%26applied_value_name%3DTecnifibre%26applied_value_order%3D48%26applied_value_results%3D48%26is_custom%3Dfalse%26view_more_flag%3Dtrue
[LISTAGEM_DIRETA] Link 3 - página 1: https://lista.mercadolivre.com.br/_Container_sports-bolas_BRAND_205839#applied_filter_id%3DBRAND%26applied_filter_name%3DMarca%26applied_filter_order%3D17%26applied_value_id%3D205839%26applied_value_name%3DTecnifibre%26applied_value_order%3D48%26applied_value_results%3D48%26is_custom%3Dfalse%26view_more_flag%3Dtrue
[LISTAGEM_DIRETA] Link 3 - página 2: https://lista.mercadolivre.com.br/_Container_sports-bolas_BRAND_205839?page=2
[LISTAGEM_DIRETA] Link 3 - página 3: https://lista.mercadolivre.com.br/_Container_sports-bolas_BRAND_205839?page=3

[LINK_BASE_4] Processando listagem direta: https://lista.mercadolivre.com.br/_Container_sports-bolas_BRAND_24667154#applied_filter_id%3DBRAND%26applied_filter_name%3DMarca%26applied_filter_order%3D17%26applied_value_id%3D24667154%26applied_value_name%3DRobin+S%C3%B6derling%26applied_value_order%3D27%26applied_value_results%3D80%26is_custom%3Dfalse%26view_more_flag%3Dtrue
[LISTAGEM_DIRETA] Link 4 - página 1: https://lista.mercadolivre.com.br/_Container_sports-bolas_BRAND_24667154#applied_filter_id%3DBRAND%26applied_filter_name%3DMarca%26applied_filter_order%3D17%26applied_value_id%3D24667154%26applied_value_name%3DRobin+S%C3%B6derling%26applied_value_order%3D27%26applied_value_results%3D80%26is_custom%3Dfalse%26view_more_flag%3Dtrue
✓ Link de afiliado: https://meli.la/2a1FXUo
✓ Link de afiliado: https://meli.la/2BokoEF
✓ Link de afiliado: https://meli.la/2wvMBX8
✓ Link de afiliado: https://meli.la/1pPtnUd
✓ Link de afiliado: https://meli.la/1MJzhzn
✓ Link de afiliado: https://meli.la/2f5trw7
[LISTAGEM_DIRETA] Link 4 - página 2: https://lista.mercadolivre.com.br/_Container_sports-bolas_BRAND_24667154?page=2
[LISTAGEM_DIRETA] Link 4 - página 3: https://lista.mercadolivre.com.br/_Container_sports-bolas_BRAND_24667154?page=3

Histórico relâmpago atualizado em: C:\Users\Lucas Bianco\Desktop\Projetos Dev\Promos\ofertas_relampago\Historico de anuncios\lista_anuncios.txt

Saida consolidada por modalidade atualizada em: C:\Users\Lucas Bianco\Desktop\Projetos Dev\Promos\saidas_execucoes\Campanha\lista_anuncios.txt

[DEBUG] Twilio Account SID: ACc0...e80a

Mensagem enviada para whatsapp:+5519991133269:
Tubo De Bola Head Team - Tubo Com 3 Bolas
Message SID Twilio: SM51bce49d46e2714e5c4cab4e1ed2857e

Mensagem enviada para whatsapp:+5519991133269:
Bola De Tênis Head Championship
Message SID Twilio: SM4110aacb2a8c48752fc67f1102c1558d

Mensagem enviada para whatsapp:+5519991133269:
Bola De Tênis Robin Soderling Orange Edition Pack 03 Tubos
Message SID Twilio: SMda294af48a8207e76fad784b1d5c1f05

Mensagem enviada para whatsapp:+5519991133269:
Bola Padel Robin Soderling Champions Choice Pack C/ 03 Tubos
Message SID Twilio: SM6632fd41ba5ed63f5a9f6a6b4d8c58d5

Mensagem enviada para whatsapp:+5519991133269:
Bola De Beach Tennis Rs Robin Soderling Saco Com 12 Bolas
Message SID Twilio: SMcd105b8ed51e99fa78c25fc947894f55

Mensagem enviada para whatsapp:+5519991133269:
Bola De Tênis Robin Söderling Tour Edition 3 Tubos C/4 Bolas
Message SID Twilio: SM208368a7dfcf8198274a897dffc5018b

Mensagem enviada para whatsapp:+5519991133269:
Bola Padel Robin Söderling Tour X Pack C/ 04 Tubos 03 Bolas
Message SID Twilio: SMd83f0784445ea58caf4923991cdff812

Mensagem enviada para whatsapp:+5519991133269:
Bola Beach Tenis Orange Rs Robin Söderling - Pack C/ 6 Tubos
Message SID Twilio: SM8db3b1e8050943ac77800f9b6c4bace6

8 oferta(s) processada(s) e salva(s).

=== Fim da execucao: 2026-06-07T21:45:26 ===
