=== Inicio da execucao: 2026-07-24T22:33:00 ===
Args: --produto-por-html --fonte mercadolivre --url-produto https://lista.mercadolivre.com.br/t%C3%AAnis-masculino-new-balance-fuelcell-rebel-v5-exclusivo#D[A:T%C3%AAnis%20Masculino%20New%20Balance%20Fuelcell%20Rebel%20V5%20Exclusivo] --preco-minimo 500.0 --preco-maximo 770.0 --limite-candidatos 3 --modalidade-execucao campanha

[MODO_ATIVO] PRODUTO_ONDEMAND_HOME_PESQUISA

Modo procurar produto ativado (pesquisa pela home do Mercado Livre).

[LINK_BASE_1] Processando listagem direta: https://lista.mercadolivre.com.br/t%C3%AAnis-masculino-new-balance-fuelcell-rebel-v5-exclusivo#D[A:T%C3%AAnis%20Masculino%20New%20Balance%20Fuelcell%20Rebel%20V5%20Exclusivo]
[LINK_BASE_1] Carregando em blocos de 3 páginas até encontrar candidatos válidos

[BLOCO_1] Carregando páginas 1 a 3 do Link 1
[LISTAGEM_DIRETA] Link 1 - página 1: https://lista.mercadolivre.com.br/t%C3%AAnis-masculino-new-balance-fuelcell-rebel-v5-exclusivo#D[A:T%C3%AAnis%20Masculino%20New%20Balance%20Fuelcell%20Rebel%20V5%20Exclusivo]
✓ Link de afiliado: https://meli.la/25fQWE2
✓ Link de afiliado: https://meli.la/2YexayZ
✓ Link de afiliado: https://meli.la/1mZu7P1
[BLOCO_1] Resultado: 3 candidato(s) coletado(s), 3 válido(s) enriquecido(s). Total: 3/3

Histórico relâmpago atualizado em: C:\Users\Lucas Bianco\Desktop\Projetos Dev\Promos\ofertas_relampago\Historico de anuncios\lista_anuncios.txt
✅ JSON de busca de produto salvo em: C:\Users\Lucas Bianco\Desktop\Projetos Dev\Promos\ofertas_afiliados\Historico de anuncios\ofertas_20260724_223348.json

Saida consolidada por modalidade atualizada em: C:\Users\Lucas Bianco\Desktop\Projetos Dev\Promos\saidas_execucoes\Campanha\lista_anuncios.txt
Saida JSON campanha salva em: C:\Users\Lucas Bianco\Desktop\Projetos Dev\Promos\saidas_execucoes\Campanha\ofertas_20260724_223349.json

[DEBUG] Twilio Account SID: ACc0...e80a

[DEBUG] media_url=NAO
[DEBUG] motivo_sem_midia=webp_desativado
[DEBUG] imagem=https://http2.mlstatic.com/D_NQ_NP_815409-MLB114003025057_072026-O-tnis-new-balance-fuelcell-rebel-v5-corrida-esportivo.webp

Mensagem enviada para whatsapp:+5519991133269:
Tênis New Balance Fuelcell Rebel V5 Corrida Esportivo
Message SID Twilio: SMf6db08571e1adfd3e678fb8a19b434e3
[DEBUG] status_final_twilio=sending

[DEBUG] media_url=NAO
[DEBUG] motivo_sem_midia=webp_desativado
[DEBUG] imagem=https://http2.mlstatic.com/D_NQ_NP_639568-MLB93822910671_092025-O-tnis-new-balance-fuelcell-rebel-v5-masculino.webp

Mensagem enviada para whatsapp:+5519991133269:
Tênis New Balance Fuelcell Rebel V5 Masculino
Message SID Twilio: SM4a9bb6312803b3a65c961ba0102ca02c
[DEBUG] status_final_twilio=sending

[DEBUG] media_url=NAO
[DEBUG] motivo_sem_midia=webp_desativado
[DEBUG] imagem=https://http2.mlstatic.com/D_NQ_NP_882017-MLB112625432922_062026-O-tnis-de-corrida-new-balance-fuelcell-rebel-v5-masculino.webp

Mensagem enviada para whatsapp:+5519991133269:
Tênis De Corrida New Balance Fuelcell Rebel V5 Masculino
Message SID Twilio: SM0f8073d70c2c76437135c92a2fcd4878
[DEBUG] status_final_twilio=sending

[RESUMO_TWILIO] entregues_ou_processadas=3 falhas=0 total=3

3 oferta(s) processada(s) e salva(s).

=== Fim da execucao: 2026-07-24T22:33:54 ===
