=== Inicio da execucao: 2026-06-21T11:26:04 ===
Args: --produto-por-html --url-produto https://lista.mercadolivre.com.br/_Container_jogos-digitais#c_container_id=MLB1495632-1&c_id=%2Fsplinter%2Fcarouselitem&c_element_order=3&c_campaign=jogos-digitais&c_label=%2Fsplinter%2Fcarouselitem&c_uid=fe0cf040-61e2-11f1-8622-352a5eed86fd&c_element_id=fe0cf040-61e2-11f1-8622-352a5eed86fd&c_content_origin=splinter-default&c_content_type=default&c_global_position=3&deal_print_id=fde73fd0-61e2-11f1-84a4-bd481f0d5174&c_tracking_id=fde73fd0-61e2-11f1-84a4-bd481f0d5174 --url-produto https://lista.mercadolivre.com.br/informatica/portateis-acessorios/acessorios-notebook/#menu=categories --url-produto https://lista.mercadolivre.com.br/eletronicos-audio-video/acessorios-tv/#menu=categories --url-produto https://lista.mercadolivre.com.br/celulares-telefones/acessorios-celulares/#menu=categories --preco-minimo 50.0 --preco-maximo 400.0 --desconto-minimo 10 --limite-candidatos 10 --modalidade-execucao campanha

[MODO_ATIVO] PRODUTO_ONDEMAND_HOME_PESQUISA

Modo procurar produto ativado (pesquisa pela home do Mercado Livre).

[LINK_BASE_1] Processando listagem direta: https://lista.mercadolivre.com.br/_Container_jogos-digitais#c_container_id=MLB1495632-1&c_id=%2Fsplinter%2Fcarouselitem&c_element_order=3&c_campaign=jogos-digitais&c_label=%2Fsplinter%2Fcarouselitem&c_uid=fe0cf040-61e2-11f1-8622-352a5eed86fd&c_element_id=fe0cf040-61e2-11f1-8622-352a5eed86fd&c_content_origin=splinter-default&c_content_type=default&c_global_position=3&deal_print_id=fde73fd0-61e2-11f1-84a4-bd481f0d5174&c_tracking_id=fde73fd0-61e2-11f1-84a4-bd481f0d5174
[LINK_BASE_1] Carregando em blocos de 3 páginas até encontrar candidatos válidos

[BLOCO_1] Carregando páginas 1 a 3 do Link 1
[LISTAGEM_DIRETA] Link 1 - página 1: https://lista.mercadolivre.com.br/_Container_jogos-digitais#c_container_id=MLB1495632-1&c_id=%2Fsplinter%2Fcarouselitem&c_element_order=3&c_campaign=jogos-digitais&c_label=%2Fsplinter%2Fcarouselitem&c_uid=fe0cf040-61e2-11f1-8622-352a5eed86fd&c_element_id=fe0cf040-61e2-11f1-8622-352a5eed86fd&c_content_origin=splinter-default&c_content_type=default&c_global_position=3&deal_print_id=fde73fd0-61e2-11f1-84a4-bd481f0d5174&c_tracking_id=fde73fd0-61e2-11f1-84a4-bd481f0d5174
[LISTAGEM_DIRETA] Link 1 - página 2: https://lista.mercadolivre.com.br/_Container_jogos-digitais?page=2
[LISTAGEM_DIRETA] Link 1 - página 3: https://lista.mercadolivre.com.br/_Container_jogos-digitais?page=3
[BLOCO_1] Resultado: 0 candidato(s) coletado(s), 0 válido(s) enriquecido(s). Total: 0/10
[BLOCO_1] Nenhum candidato encontrado. Parando busca neste link.

[LINK_BASE_2] Processando listagem direta: https://lista.mercadolivre.com.br/informatica/portateis-acessorios/acessorios-notebook/#menu=categories
[LINK_BASE_2] Carregando em blocos de 3 páginas até encontrar candidatos válidos

[BLOCO_1] Carregando páginas 1 a 3 do Link 2
[LISTAGEM_DIRETA] Link 2 - página 1: https://lista.mercadolivre.com.br/informatica/portateis-acessorios/acessorios-notebook/#menu=categories
✓ Link de afiliado: https://meli.la/29voaQ6
✓ Link de afiliado: https://meli.la/1JxYWrb
[LISTAGEM_DIRETA] Link 2 - página 2: https://lista.mercadolivre.com.br/informatica/portateis-acessorios/acessorios-notebook/?page=2
[LISTAGEM_DIRETA] Link 2 - página 3: https://lista.mercadolivre.com.br/informatica/portateis-acessorios/acessorios-notebook/?page=3
[BLOCO_1] Resultado: 2 candidato(s) coletado(s), 2 válido(s) enriquecido(s). Total: 2/10

[BLOCO_2] Carregando páginas 4 a 5 do Link 2
[LISTAGEM_DIRETA] Link 2 - página 4: https://lista.mercadolivre.com.br/informatica/portateis-acessorios/acessorios-notebook/?page=4
[LISTAGEM_DIRETA] Link 2 - página 5: https://lista.mercadolivre.com.br/informatica/portateis-acessorios/acessorios-notebook/?page=5
[BLOCO_2] Resultado: 0 candidato(s) coletado(s), 0 válido(s) enriquecido(s). Total: 2/10
[BLOCO_2] Nenhum candidato encontrado. Parando busca neste link.

[LINK_BASE_3] Processando listagem direta: https://lista.mercadolivre.com.br/eletronicos-audio-video/acessorios-tv/#menu=categories
[LINK_BASE_3] Carregando em blocos de 3 páginas até encontrar candidatos válidos

[BLOCO_1] Carregando páginas 1 a 3 do Link 3
[LISTAGEM_DIRETA] Link 3 - página 1: https://lista.mercadolivre.com.br/eletronicos-audio-video/acessorios-tv/#menu=categories
✓ Link de afiliado: https://meli.la/2fHEE3e
[LISTAGEM_DIRETA] Link 3 - página 2: https://lista.mercadolivre.com.br/eletronicos-audio-video/acessorios-tv/?page=2
[LISTAGEM_DIRETA] Link 3 - página 3: https://lista.mercadolivre.com.br/eletronicos-audio-video/acessorios-tv/?page=3
[BLOCO_1] Resultado: 1 candidato(s) coletado(s), 1 válido(s) enriquecido(s). Total: 3/10

[BLOCO_2] Carregando páginas 4 a 5 do Link 3
[LISTAGEM_DIRETA] Link 3 - página 4: https://lista.mercadolivre.com.br/eletronicos-audio-video/acessorios-tv/?page=4
[LISTAGEM_DIRETA] Link 3 - página 5: https://lista.mercadolivre.com.br/eletronicos-audio-video/acessorios-tv/?page=5
[BLOCO_2] Resultado: 0 candidato(s) coletado(s), 0 válido(s) enriquecido(s). Total: 3/10
[BLOCO_2] Nenhum candidato encontrado. Parando busca neste link.

[LINK_BASE_4] Processando listagem direta: https://lista.mercadolivre.com.br/celulares-telefones/acessorios-celulares/#menu=categories
[LINK_BASE_4] Carregando em blocos de 3 páginas até encontrar candidatos válidos

[BLOCO_1] Carregando páginas 1 a 3 do Link 4
[LISTAGEM_DIRETA] Link 4 - página 1: https://lista.mercadolivre.com.br/celulares-telefones/acessorios-celulares/#menu=categories
✓ Link de afiliado: https://meli.la/1JcEUuP
✓ Link de afiliado: https://meli.la/2Ug8HRZ
✓ Link de afiliado: https://meli.la/13vW9fG
[LISTAGEM_DIRETA] Link 4 - página 2: https://lista.mercadolivre.com.br/celulares-telefones/acessorios-celulares/?page=2
[LISTAGEM_DIRETA] Link 4 - página 3: https://lista.mercadolivre.com.br/celulares-telefones/acessorios-celulares/?page=3
[BLOCO_1] Resultado: 3 candidato(s) coletado(s), 3 válido(s) enriquecido(s). Total: 6/10

[BLOCO_2] Carregando páginas 4 a 5 do Link 4
[LISTAGEM_DIRETA] Link 4 - página 4: https://lista.mercadolivre.com.br/celulares-telefones/acessorios-celulares/?page=4
[LISTAGEM_DIRETA] Link 4 - página 5: https://lista.mercadolivre.com.br/celulares-telefones/acessorios-celulares/?page=5
[BLOCO_2] Resultado: 0 candidato(s) coletado(s), 0 válido(s) enriquecido(s). Total: 6/10
[BLOCO_2] Nenhum candidato encontrado. Parando busca neste link.

Histórico relâmpago atualizado em: C:\Users\Lucas Bianco\Desktop\Projetos Dev\Promos\ofertas_relampago\Historico de anuncios\lista_anuncios.txt

Saida consolidada por modalidade atualizada em: C:\Users\Lucas Bianco\Desktop\Projetos Dev\Promos\saidas_execucoes\Campanha\lista_anuncios.txt

[DEBUG] Twilio Account SID: ACc0...e80a

Mensagem enviada para whatsapp:+5519991133269:
Mochila Viagem Feminina Masculina Para Notebook Executiva Cor Rosa Desenho Do Tecido Liso
Message SID Twilio: SM39ded26ab037d5252dceb63814ce46a9

Mensagem enviada para whatsapp:+5519991133269:
Mochila Viagem Impermeavel Executiva Grande Para Notebook Preto Liso
Message SID Twilio: SM41db4f6da5d4eca077c29d8d9edbf77a

Mensagem enviada para whatsapp:+5519991133269:
Suporte Articulado Bahrein Para Tv 32 A 55 Polegadas Universal Braço Longo Ajustável Inclinável Giratório Compatível Com Tvs Lcd Led Smart Vesa Instalação Fácil Alta Resistência Preto
Message SID Twilio: SMa5a8dd452d1681a2308b555a98e9a4eb

Mensagem enviada para whatsapp:+5519991133269:
Fone De Ouvido Headphone Dapon H02d Bluetooth 5.1 Over-ear 22 Horas De Bateria Bege
Message SID Twilio: SMfd4b417ed362850bc0590c854582fc0b

Mensagem enviada para whatsapp:+5519991133269:
Power Bank Turbo Carregador Portátil 50.000mah Turbo 22.5w Premium Universal Rápida Carga Para Celular iPhone Xiaomi... Preto Ou Branco
Message SID Twilio: SMe32839bc20b0719622115ae438cfcd12

Mensagem enviada para whatsapp:+5519991133269:
Samsung Galaxy Buds Core, Fone De Ouvido, Sem Fio, Cancelamento De Ruído, Interprete Inteligente Branco
Message SID Twilio: SMffde45a86ba06e0d428b09f01d8a7b04

6 oferta(s) processada(s) e salva(s).

=== Fim da execucao: 2026-06-21T11:29:50 ===
