=== Inicio da execucao: 2026-06-12T18:54:49 ===
Args: --somente-relampago --desconto-minimo 20 --limite-candidatos 20 --pasta-saida C:/Users/Lucas Bianco/Downloads --modalidade-execucao ondemand

[MODO_ATIVO] FLUXO_HUB_AFILIADOS_LEGADO

Mercado Livre ja esta autenticado.

Modo somente ofertas relâmpago ativado. Fluxo do hub/Twilio foi ignorado.
Limpeza de HTML relâmpago: 3 arquivo(s) antigo(s) removido(s).

Navegando para ofertas relâmpago:
https://www.mercadolivre.com.br/ofertas?promotion_type=lightning#filter_applied=promotion_type&filter_position=3&origin=qcat
HTML salvo em: C:\Users\Lucas Bianco\Desktop\Projetos Dev\Promos\ofertas_relampago\html\html_relampago_20260612_185515_072212_01.txt
Modo sem parametros detectado: usando apenas o primeiro HTML de ofertas relampago.

Analisando HTML de: C:\Users\Lucas Bianco\Desktop\Projetos Dev\Promos\ofertas_relampago\html\html_relampago_20260612_185515_072212_01.txt
46 oferta(s) com 20% ou mais de desconto extraída(s) do JSON.
[DESCARTADO - HISTORICO] Anúncio mlb5761677016 marcado como anuncio_inedito=false no histórico.
[DESCARTADO - HISTORICO] Anúncio mlb4967167410 marcado como anuncio_inedito=false no histórico.
[DESCARTADO - HISTORICO] Anúncio mlb5748326240 marcado como anuncio_inedito=false no histórico.
[DESCARTADO - HISTORICO] Anúncio mlb4698149813 marcado como anuncio_inedito=false no histórico.
[DESCARTADO - HISTORICO] Anúncio mlb5522151066 marcado como anuncio_inedito=false no histórico.
[DESCARTADO - HISTORICO] Anúncio mlb4291609113 marcado como anuncio_inedito=false no histórico.
[DESCARTADO - HISTORICO] Anúncio mlb5761715520 marcado como anuncio_inedito=false no histórico.
[DESCARTADO - HISTORICO] Anúncio mlb4466276267 marcado como anuncio_inedito=false no histórico.
[DESCARTADO - HISTORICO] Anúncio mlb3525763765 marcado como anuncio_inedito=false no histórico.
[DESCARTADO - HISTORICO] Anúncio mlb4528343109 marcado como anuncio_inedito=false no histórico.
[DESCARTADO - HISTORICO] Anúncio mlb5265791338 marcado como anuncio_inedito=false no histórico.
[DESCARTADO - HISTORICO] Anúncio mlb6483473294 marcado como anuncio_inedito=false no histórico.
[DESCARTADO - HISTORICO] Anúncio mlb5513246190 marcado como anuncio_inedito=false no histórico.
[DESCARTADO - HISTORICO] Anúncio mlb5497845812 marcado como anuncio_inedito=false no histórico.
[DESCARTADO - HISTORICO] Anúncio mlb4307126823 marcado como anuncio_inedito=false no histórico.
[DESCARTADO - HISTORICO] Anúncio mlb4551120399 marcado como anuncio_inedito=false no histórico.
[DESCARTADO - HISTORICO] Anúncio mlb6091796744 marcado como anuncio_inedito=false no histórico.
[DESCARTADO - HISTORICO] Anúncio mlb3879571383 marcado como anuncio_inedito=false no histórico.
[DESCARTADO - HISTORICO] Anúncio mlb6609411314 marcado como anuncio_inedito=false no histórico.
[DESCARTADO - HISTORICO] Anúncio mlb4643800517 marcado como anuncio_inedito=false no histórico.
Paginação parametrizada limitada a 25 página(s) (detecção original: 82 página(s)).
HTML consolidado salvo em: C:\Users\Lucas Bianco\Desktop\Projetos Dev\Promos\ofertas_relampago\html\html_relampago_consolidado_20260612_185515.txt
Usando link direto extraído do HTML para obter link de afiliado.
✓ Link de afiliado: https://meli.la/1Ugoo5X
Usando link direto extraído do HTML para obter link de afiliado.
✓ Link de afiliado: https://meli.la/22mdg9n
Usando link direto extraído do HTML para obter link de afiliado.
✓ Link de afiliado: https://meli.la/1aHtgW9
Usando link direto extraído do HTML para obter link de afiliado.
✓ Link de afiliado: https://meli.la/1Hk9n4r
Usando link direto extraído do HTML para obter link de afiliado.
✓ Link de afiliado: https://meli.la/1psD4ts
Usando link direto extraído do HTML para obter link de afiliado.
✓ Link de afiliado: https://meli.la/2GWZ5Eg
Usando link direto extraído do HTML para obter link de afiliado.
✓ Link de afiliado: https://meli.la/1RvBT4z
Usando link direto extraído do HTML para obter link de afiliado.
✓ Link de afiliado: https://meli.la/2Dbp2s1
Usando link direto extraído do HTML para obter link de afiliado.
✓ Link de afiliado: https://meli.la/2V859f4
Usando link direto extraído do HTML para obter link de afiliado.
✓ Link de afiliado: https://meli.la/1n955ht
Metadados salvos em: C:\Users\Lucas Bianco\Desktop\Projetos Dev\Promos\metadados_coleta\metadados_relampago_exec_0022_20260612_185651.json

Histórico relâmpago atualizado em: C:/Users/Lucas Bianco/Downloads\lista_anuncios.txt

Saida consolidada por modalidade atualizada em: C:\Users\Lucas Bianco\Desktop\Projetos Dev\Promos\saidas_execucoes\OnDemand\lista_anuncios.txt

[DEBUG] Twilio Account SID: ACc0...e80a

Mensagem enviada para whatsapp:+5519991133269:
Bebê Conforto Para Bebê Comfort De 0 À 13kgs Preto Maxi Baby Liso
Message SID Twilio: SM08161c9bf53bb927d49a02d69e32c859

Mensagem enviada para whatsapp:+5519991133269:
Jogo De Toalhas Karsten 100% Algodão Floral Grossa 4 Peças
Message SID Twilio: SM53f8239d169c270e76f52aff313de44e

Mensagem enviada para whatsapp:+5519991133269:
Kit 10 Refletor Led Slim Externo 200w 6500k Branco Frio Ip66 110v/220v Bivolt Preto Cod: Alut000702-10 Alut By Avant 127/220v Branco Frio 6500k
Message SID Twilio: SMe01f4b30c150691c6bb87fe6cdecb8aa

Mensagem enviada para whatsapp:+5519991133269:
Esmerilhadeira Angular Profissional Brushless 9000 Rpm 21v Com 02 Baterias E Acessórios The Black Tools Amarelo 127/220v 50/60hz
Message SID Twilio: SMdb83df3afdc51f826d35e62155e3ef03

Mensagem enviada para whatsapp:+5519991133269:
Powerbank 20000mah Carregador 22.5w Pd Portátil Carga Rápida
Message SID Twilio: SMfded8337fca778d96353ff335d67cac1

Mensagem enviada para whatsapp:+5519991133269:
Tênis Asics Novablast 5 Masculino
Message SID Twilio: SMd7fa3eb2a1faa5b256ac51c5ba303fa9

Mensagem enviada para whatsapp:+5519991133269:
Jogo Toalhas Banho E Rosto Grossas Macias 100% Algodão 4pçs
Message SID Twilio: SMd6f637ec9c87f73400e98057e4116bde

Mensagem enviada para whatsapp:+5519991133269:
Virabrequim Onix Prisma 1.4 2013 À 2019 Novo Std 94700106
Message SID Twilio: SM598e4707e511d639f96848e9529c132c

Mensagem enviada para whatsapp:+5519991133269:
Par De Alianças Em 6mm Noivado Casamento Banhada Ouro 18k 
Message SID Twilio: SM035ae9ef0234bdae2bc0ceac6951f609

Mensagem enviada para whatsapp:+5519991133269:
Máquina De Solda Multiprocesso Mig 150 S/ Gás + Máscara + Esmerilhadeira + Eletrodo Pró Euro Laranja 220v
Message SID Twilio: SM1bea0854522ce66373a7639afeff0df8

10 oferta(s) relâmpago processada(s) e salvas.

Envio pelo WhatsApp finalizado com sucesso!

=== Fim da execucao: 2026-06-12T18:57:35 ===
