=== Inicio da execucao: 2026-06-25T20:43:33 ===
Args: --produto-por-html --desconto-minimo 20 --limite-candidatos 3 --url-produto https://lista.mercadolivre.com.br/controle-nintendo-switch-2#D[A:controle%20nintendo%20switch%202] --pasta-saida C:/Users/Lucas Bianco/Downloads --modalidade-execucao ondemand

[MODO_ATIVO] PRODUTO_ONDEMAND_HOME_PESQUISA

Modo procurar produto ativado (pesquisa pela home do Mercado Livre).

[LINK_BASE_1] Processando listagem direta: https://lista.mercadolivre.com.br/controle-nintendo-switch-2#D[A:controle%20nintendo%20switch%202]
[LINK_BASE_1] Carregando em blocos de 3 páginas até encontrar candidatos válidos

[BLOCO_1] Carregando páginas 1 a 3 do Link 1
[LISTAGEM_DIRETA] Link 1 - página 1: https://lista.mercadolivre.com.br/controle-nintendo-switch-2#D[A:controle%20nintendo%20switch%202]
✓ Link de afiliado: https://meli.la/1FxrsbG
✓ Link de afiliado: https://meli.la/2tTLp1F
✓ Link de afiliado: https://meli.la/14WLGQp
[BLOCO_1] Resultado: 3 candidato(s) coletado(s), 3 válido(s) enriquecido(s). Total: 3/3

Histórico relâmpago atualizado em: C:/Users/Lucas Bianco/Downloads\lista_anuncios.txt

Saida consolidada por modalidade atualizada em: C:\Users\Lucas Bianco\Desktop\Projetos Dev\Promos\saidas_execucoes\OnDemand\lista_anuncios.txt

[DEBUG] Twilio Account SID: ACc0...e80a

Mensagem enviada para whatsapp:+5519991133269:
Controle De Luz Rgb Sem Fio J-con 02 Para Ns1 Azul Vermelho
Message SID Twilio: SM545a05b8548ca8b790f29d6ba41829d0

Mensagem enviada para whatsapp:+5519991133269:
Controle Joy-Con Sem Fio Para Nintendo Switch OLED Verde
Message SID Twilio: SMcc49206633afc789c59cadfd5cd9e753

Mensagem enviada para whatsapp:+5519991133269:
Controle Nintendo Switch 2 Pro Controller Sem Fio
Message SID Twilio: SM694df5367ae153f4d1d7d4414503d148

3 oferta(s) processada(s) e salva(s).

=== Fim da execucao: 2026-06-25T20:44:25 ===
