=== Inicio da execucao: 2026-07-14T20:06:42 ===
Args: --produto-por-html --url-produto https://lista.mercadolivre.com.br/bebes/higiene-cuidados-bebe/fraldas/descartaveis/mais-de-60-unidades/fralda_NoIndex_True#applied_filter_id%3DUNITS_PER_PACKAGE%26applied_filter_name%3DUnidades+por+embalagem%26applied_filter_order%3D7%26applied_value_id%3D%5B60-*%29%26applied_value_name%3D60+unidades+ou+mais%26applied_value_order%3D3%26applied_value_results%3D2514%26is_custom%3Dfalse --preco-minimo 60.0 --preco-maximo 160.0 --desconto-minimo 20 --limite-candidatos 5 --modalidade-execucao campanha

[MODO_ATIVO] PRODUTO_ONDEMAND_HOME_PESQUISA

Modo procurar produto ativado (pesquisa pela home do Mercado Livre).

[LINK_BASE_1] Processando listagem direta: https://lista.mercadolivre.com.br/bebes/higiene-cuidados-bebe/fraldas/descartaveis/mais-de-60-unidades/fralda_NoIndex_True#applied_filter_id%3DUNITS_PER_PACKAGE%26applied_filter_name%3DUnidades+por+embalagem%26applied_filter_order%3D7%26applied_value_id%3D%5B60-*%29%26applied_value_name%3D60+unidades+ou+mais%26applied_value_order%3D3%26applied_value_results%3D2514%26is_custom%3Dfalse
[LINK_BASE_1] Carregando em blocos de 3 páginas até encontrar candidatos válidos

[BLOCO_1] Carregando páginas 1 a 3 do Link 1
[LISTAGEM_DIRETA] Link 1 - página 1: https://lista.mercadolivre.com.br/bebes/higiene-cuidados-bebe/fraldas/descartaveis/mais-de-60-unidades/fralda_NoIndex_True#applied_filter_id%3DUNITS_PER_PACKAGE%26applied_filter_name%3DUnidades+por+embalagem%26applied_filter_order%3D7%26applied_value_id%3D%5B60-*%29%26applied_value_name%3D60+unidades+ou+mais%26applied_value_order%3D3%26applied_value_results%3D2514%26is_custom%3Dfalse
✓ Link de afiliado: https://meli.la/1Lp7MDg
✓ Link de afiliado: https://meli.la/1Lp7MDg
✓ Link de afiliado: https://meli.la/1zwVF1r
✓ Link de afiliado: https://meli.la/1WQSyDL
✓ Link de afiliado: https://meli.la/1Fa2Vx7
[BLOCO_1] Resultado: 5 candidato(s) coletado(s), 5 válido(s) enriquecido(s). Total: 5/5

Histórico relâmpago atualizado em: C:\Users\Lucas Bianco\Desktop\Projetos Dev\Promos\ofertas_relampago\Historico de anuncios\lista_anuncios.txt

Saida consolidada por modalidade atualizada em: C:\Users\Lucas Bianco\Desktop\Projetos Dev\Promos\saidas_execucoes\Campanha\lista_anuncios.txt

[DEBUG] Twilio Account SID: ACc0...e80a

Mensagem enviada para whatsapp:+5519991133269:
Huggies Fralda Pants Roupinha Proteção Acolchoada Xg - 64 Un Extra Grande (xg) Sem Gênero
Message SID Twilio: SM081b7db802ea9eb40828731d3a532e1f

Mensagem enviada para whatsapp:+5519991133269:
Huggies Fralda Pants Roupinha Proteção Acolchoada XG - 64 Un
Message SID Twilio: SM41d77f93a181eb1832587871b81fe7d0

Mensagem enviada para whatsapp:+5519991133269:
Fralda Pampers Pants Ajuste Total Tamanho XG, 82 Un
Message SID Twilio: SMdfa4836c02e3eff660ebb843f491f8d4

Mensagem enviada para whatsapp:+5519991133269:
Fralda Pampers Pants Premium Care XXG 60 unidades
Message SID Twilio: SM3c3f3500c00fc2ddb71f7727f7a323ad

Mensagem enviada para whatsapp:+5519991133269:
Huggies Fralda Descartável Máxima Proteção XG - 112 Un
Message SID Twilio: SM5d8b3a9e0e46e6bd38b36979f9365a75

5 oferta(s) processada(s) e salva(s).

=== Fim da execucao: 2026-07-14T20:08:03 ===
