=== Inicio da execucao: 2026-07-08T22:39:32 ===
Args: --produto-por-html --url-produto https://lista.mercadolivre.com.br/games/video-games/novo/jogo-switch-2_NoIndex_True_SHIPPING*ORIGIN_10215068_VIDEO*GAME*PLATFORM_52200449#applied_filter_id%3DITEM_CONDITION%26applied_filter_name%3DCondi%C3%A7%C3%A3o%26applied_filter_order%3D4%26applied_value_id%3D2230284%26applied_value_name%3DNovo%26applied_value_order%3D1%26applied_value_results%3D38%26is_custom%3Dfalse --desconto-minimo 20 --limite-candidatos 3 --modalidade-execucao campanha

[MODO_ATIVO] PRODUTO_ONDEMAND_HOME_PESQUISA

Modo procurar produto ativado (pesquisa pela home do Mercado Livre).

[LINK_BASE_1] Processando listagem direta: https://lista.mercadolivre.com.br/games/video-games/novo/jogo-switch-2_NoIndex_True_SHIPPING*ORIGIN_10215068_VIDEO*GAME*PLATFORM_52200449#applied_filter_id%3DITEM_CONDITION%26applied_filter_name%3DCondi%C3%A7%C3%A3o%26applied_filter_order%3D4%26applied_value_id%3D2230284%26applied_value_name%3DNovo%26applied_value_order%3D1%26applied_value_results%3D38%26is_custom%3Dfalse
[LINK_BASE_1] Carregando em blocos de 3 páginas até encontrar candidatos válidos

[BLOCO_1] Carregando páginas 1 a 3 do Link 1
[LISTAGEM_DIRETA] Link 1 - página 1: https://lista.mercadolivre.com.br/games/video-games/novo/jogo-switch-2_NoIndex_True_SHIPPING*ORIGIN_10215068_VIDEO*GAME*PLATFORM_52200449#applied_filter_id%3DITEM_CONDITION%26applied_filter_name%3DCondi%C3%A7%C3%A3o%26applied_filter_order%3D4%26applied_value_id%3D2230284%26applied_value_name%3DNovo%26applied_value_order%3D1%26applied_value_results%3D38%26is_custom%3Dfalse
✓ Link de afiliado: https://meli.la/1Ur2DKj
✓ Link de afiliado: https://meli.la/2moYGWQ
[LISTAGEM_DIRETA] Link 1 - página 2: https://lista.mercadolivre.com.br/games/video-games/novo/jogo-switch-2_NoIndex_True_SHIPPING*ORIGIN_10215068_VIDEO*GAME*PLATFORM_52200449?page=2
[LISTAGEM_DIRETA] Link 1 - página 3: https://lista.mercadolivre.com.br/games/video-games/novo/jogo-switch-2_NoIndex_True_SHIPPING*ORIGIN_10215068_VIDEO*GAME*PLATFORM_52200449?page=3
[BLOCO_1] Resultado: 2 candidato(s) coletado(s), 2 válido(s) enriquecido(s). Total: 2/3

[BLOCO_2] Carregando páginas 4 a 5 do Link 1
[LISTAGEM_DIRETA] Link 1 - página 4: https://lista.mercadolivre.com.br/games/video-games/novo/jogo-switch-2_NoIndex_True_SHIPPING*ORIGIN_10215068_VIDEO*GAME*PLATFORM_52200449?page=4
[LISTAGEM_DIRETA] Link 1 - página 5: https://lista.mercadolivre.com.br/games/video-games/novo/jogo-switch-2_NoIndex_True_SHIPPING*ORIGIN_10215068_VIDEO*GAME*PLATFORM_52200449?page=5
[BLOCO_2] Resultado: 0 candidato(s) coletado(s), 0 válido(s) enriquecido(s). Total: 2/3
[BLOCO_2] Nenhum candidato encontrado. Parando busca neste link.

Histórico relâmpago atualizado em: C:\Users\Lucas Bianco\Desktop\Projetos Dev\Promos\ofertas_relampago\Historico de anuncios\lista_anuncios.txt

Saida consolidada por modalidade atualizada em: C:\Users\Lucas Bianco\Desktop\Projetos Dev\Promos\saidas_execucoes\Campanha\lista_anuncios.txt

[DEBUG] Twilio Account SID: ACc0...e80a

Mensagem enviada para whatsapp:+5519991133269:
Yakuza Kiwami 2 Switch 2 Midia Fisica Nintendo
Message SID Twilio: SM692e350501bd6b46dd49e1f396abda4e

Mensagem enviada para whatsapp:+5519991133269:
Jogo Farming Simulator Signature Edition Switch 2 Eur
Message SID Twilio: SM22d39aa6d81f5a0c4124152ce0976b97

2 oferta(s) processada(s) e salva(s).

=== Fim da execucao: 2026-07-08T22:40:35 ===
