=== Inicio da execucao: 2026-07-24T11:06:01 ===
Args: --produto-por-html --fonte mercadolivre --url-produto https://lista.mercadolivre.com.br/saude/suplementos-alimentares/growth-supplements/suplementos_NoIndex_True#origin=brand_carousel&position=0&id=5738279&applied_filter_id%3DBRAND%26applied_filter_name%3DMarca%26applied_filter_order%3D1%26applied_value_id%3D5738279%26applied_value_name%3DGrowth+Supplements%26applied_value_order%3D1%26applied_value_results%3D144%26is_custom%3Dfalse%26view_more_flag%3Dtrue --url-produto https://lista.mercadolivre.com.br/saude/suplementos-alimentares/dux/suplementos_NoIndex_True#origin=brand_carousel&position=222&id=11037802&applied_filter_id%3DBRAND%26applied_filter_name%3DMarca%26applied_filter_order%3D1%26applied_value_id%3D11037802%26applied_value_name%3DDux%26applied_value_order%3D223%26applied_value_results%3D4%26is_custom%3Dfalse%26view_more_flag%3Dtrue --descricao-produto Creatina --desconto-minimo 30 --limite-candidatos 4 --modalidade-execucao campanha

[MODO_ATIVO] PRODUTO_ONDEMAND_HOME_PESQUISA

Modo procurar produto ativado (pesquisa pela home do Mercado Livre).

[LINK_BASE_1] Processando listagem direta: https://lista.mercadolivre.com.br/saude/suplementos-alimentares/growth-supplements/suplementos_NoIndex_True#origin=brand_carousel&position=0&id=5738279&applied_filter_id%3DBRAND%26applied_filter_name%3DMarca%26applied_filter_order%3D1%26applied_value_id%3D5738279%26applied_value_name%3DGrowth+Supplements%26applied_value_order%3D1%26applied_value_results%3D144%26is_custom%3Dfalse%26view_more_flag%3Dtrue
[LINK_BASE_1] Carregando em blocos de 3 páginas até encontrar candidatos válidos

[BLOCO_1] Carregando páginas 1 a 3 do Link 1
[LISTAGEM_DIRETA] Link 1 - página 1: https://lista.mercadolivre.com.br/saude/suplementos-alimentares/growth-supplements/suplementos_NoIndex_True#origin=brand_carousel&position=0&id=5738279&applied_filter_id%3DBRAND%26applied_filter_name%3DMarca%26applied_filter_order%3D1%26applied_value_id%3D5738279%26applied_value_name%3DGrowth+Supplements%26applied_value_order%3D1%26applied_value_results%3D144%26is_custom%3Dfalse%26view_more_flag%3Dtrue
[LISTAGEM_DIRETA] Link 1 - página 2: https://lista.mercadolivre.com.br/saude/suplementos-alimentares/growth-supplements/suplementos_NoIndex_True?page=2
[LISTAGEM_DIRETA] Link 1 - página 3: https://lista.mercadolivre.com.br/saude/suplementos-alimentares/growth-supplements/suplementos_NoIndex_True?page=3
[BLOCO_1] Resultado: 0 candidato(s) coletado(s), 0 válido(s) enriquecido(s). Total: 0/4
[BLOCO_1] Nenhum candidato neste bloco. Continuando para proximas paginas.

[BLOCO_2] Carregando páginas 4 a 6 do Link 1
[LISTAGEM_DIRETA] Link 1 - página 4: https://lista.mercadolivre.com.br/saude/suplementos-alimentares/growth-supplements/suplementos_NoIndex_True?page=4
[LISTAGEM_DIRETA] Link 1 - página 5: https://lista.mercadolivre.com.br/saude/suplementos-alimentares/growth-supplements/suplementos_NoIndex_True?page=5
[LISTAGEM_DIRETA] Link 1 - página 6: https://lista.mercadolivre.com.br/saude/suplementos-alimentares/growth-supplements/suplementos_NoIndex_True?page=6
[BLOCO_2] Resultado: 0 candidato(s) coletado(s), 0 válido(s) enriquecido(s). Total: 0/4
[BLOCO_2] Nenhum candidato neste bloco. Continuando para proximas paginas.

[BLOCO_3] Carregando páginas 7 a 9 do Link 1
[LISTAGEM_DIRETA] Link 1 - página 7: https://lista.mercadolivre.com.br/saude/suplementos-alimentares/growth-supplements/suplementos_NoIndex_True?page=7
[LISTAGEM_DIRETA] Link 1 - página 8: https://lista.mercadolivre.com.br/saude/suplementos-alimentares/growth-supplements/suplementos_NoIndex_True?page=8
[LISTAGEM_DIRETA] Link 1 - página 9: https://lista.mercadolivre.com.br/saude/suplementos-alimentares/growth-supplements/suplementos_NoIndex_True?page=9
[BLOCO_3] Resultado: 0 candidato(s) coletado(s), 0 válido(s) enriquecido(s). Total: 0/4
[BLOCO_3] Nenhum candidato neste bloco. Continuando para proximas paginas.

[BLOCO_4] Carregando páginas 10 a 12 do Link 1
[LISTAGEM_DIRETA] Link 1 - página 10: https://lista.mercadolivre.com.br/saude/suplementos-alimentares/growth-supplements/suplementos_NoIndex_True?page=10
[LISTAGEM_DIRETA] Link 1 - página 11: https://lista.mercadolivre.com.br/saude/suplementos-alimentares/growth-supplements/suplementos_NoIndex_True?page=11
[LISTAGEM_DIRETA] Link 1 - página 12: https://lista.mercadolivre.com.br/saude/suplementos-alimentares/growth-supplements/suplementos_NoIndex_True?page=12
[BLOCO_4] Resultado: 0 candidato(s) coletado(s), 0 válido(s) enriquecido(s). Total: 0/4
[BLOCO_4] Nenhum candidato neste bloco. Continuando para proximas paginas.

[BLOCO_5] Carregando páginas 13 a 15 do Link 1
[LISTAGEM_DIRETA] Link 1 - página 13: https://lista.mercadolivre.com.br/saude/suplementos-alimentares/growth-supplements/suplementos_NoIndex_True?page=13
[LISTAGEM_DIRETA] Link 1 - página 14: https://lista.mercadolivre.com.br/saude/suplementos-alimentares/growth-supplements/suplementos_NoIndex_True?page=14
[LISTAGEM_DIRETA] Link 1 - página 15: https://lista.mercadolivre.com.br/saude/suplementos-alimentares/growth-supplements/suplementos_NoIndex_True?page=15
[BLOCO_5] Resultado: 0 candidato(s) coletado(s), 0 válido(s) enriquecido(s). Total: 0/4
[BLOCO_5] Nenhum candidato encontrado e limite de paginas atingido neste link.

[LINK_BASE_2] Processando listagem direta: https://lista.mercadolivre.com.br/saude/suplementos-alimentares/dux/suplementos_NoIndex_True#origin=brand_carousel&position=222&id=11037802&applied_filter_id%3DBRAND%26applied_filter_name%3DMarca%26applied_filter_order%3D1%26applied_value_id%3D11037802%26applied_value_name%3DDux%26applied_value_order%3D223%26applied_value_results%3D4%26is_custom%3Dfalse%26view_more_flag%3Dtrue
[LINK_BASE_2] Carregando em blocos de 3 páginas até encontrar candidatos válidos

[BLOCO_1] Carregando páginas 1 a 3 do Link 2
[LISTAGEM_DIRETA] Link 2 - página 1: https://lista.mercadolivre.com.br/saude/suplementos-alimentares/dux/suplementos_NoIndex_True#origin=brand_carousel&position=222&id=11037802&applied_filter_id%3DBRAND%26applied_filter_name%3DMarca%26applied_filter_order%3D1%26applied_value_id%3D11037802%26applied_value_name%3DDux%26applied_value_order%3D223%26applied_value_results%3D4%26is_custom%3Dfalse%26view_more_flag%3Dtrue
✓ Link de afiliado: https://meli.la/33zNT6m
✓ Link de afiliado: https://meli.la/1Qcdo5m
✓ Link de afiliado: https://meli.la/2M7MfTv
✓ Link de afiliado: https://meli.la/2M7MfTv
[BLOCO_1] Resultado: 4 candidato(s) coletado(s), 4 válido(s) enriquecido(s). Total: 4/4

Histórico relâmpago atualizado em: C:\Users\Lucas Bianco\Desktop\Projetos Dev\Promos\ofertas_relampago\Historico de anuncios\lista_anuncios.txt
✅ 4 imagem(ns) principal(is) salvas em anuncios: C:\Users\Lucas Bianco\Desktop\Projetos Dev\Promos\dist-interface\instagram_anuncios
✅ JSON de busca de produto salvo em: C:\Users\Lucas Bianco\Desktop\Projetos Dev\Promos\ofertas_afiliados\Historico de anuncios\ofertas_20260724_110837.json

Saida consolidada por modalidade atualizada em: C:\Users\Lucas Bianco\Desktop\Projetos Dev\Promos\saidas_execucoes\Campanha\lista_anuncios.txt
Saida JSON campanha salva em: C:\Users\Lucas Bianco\Desktop\Projetos Dev\Promos\saidas_execucoes\Campanha\ofertas_20260724_110837.json

[DEBUG] Twilio Account SID: ACc0...e80a

[DEBUG] media_url=NAO
[DEBUG] motivo_sem_midia=webp_desativado
[DEBUG] imagem=https://http2.mlstatic.com/D_NQ_NP_710898-MLB113101688211_062026-O-creatina-300g-monohidratada-dux-alta-pureza--saude-geral.webp

Mensagem enviada para whatsapp:+5519991133269:
Creatina 300g Monohidratada Dux Alta Pureza / Saúde Geral
Message SID Twilio: SMca935ae0f9bb34c4ab7c1b1cb4254683
[DEBUG] status_final_twilio=sending

[DEBUG] media_url=NAO
[DEBUG] motivo_sem_midia=webp_desativado
[DEBUG] imagem=https://http2.mlstatic.com/D_NQ_NP_764292-MLB111601332333_052026-O-creatina-dux-creapure-monohidratada-300g-sem-sabor.webp

Mensagem enviada para whatsapp:+5519991133269:
Creatina Dux Creapure Monohidratada 300g Sem Sabor
Message SID Twilio: SMbafaa4c8fb8365b2c968ac171f56317c
[DEBUG] status_final_twilio=sending

[DEBUG] media_url=NAO
[DEBUG] motivo_sem_midia=webp_desativado
[DEBUG] imagem=https://http2.mlstatic.com/D_NQ_NP_848072-MLB110601142909_042026-O-kit-creatina-dux-300g--glutamina-dux-300g-suplemento-po-forca-energia-recuperacao-muscular.webp

Mensagem enviada para whatsapp:+5519991133269:
Kit Creatina Dux 300g + Glutamina Dux 300g Suplemento Pó Força Energia Recuperação Muscular
Message SID Twilio: SM3274c3f196620b4e18aa7b21e594b681
[DEBUG] status_final_twilio=sending

[DEBUG] media_url=NAO
[DEBUG] motivo_sem_midia=webp_desativado
[DEBUG] imagem=https://http2.mlstatic.com/D_NQ_NP_848072-MLB110601142909_042026-O-kit-creatina-dux-300g--glutamina-dux-300g-suplemento-po-forca-energia-recuperacao-muscular.webp

Mensagem enviada para whatsapp:+5519991133269:
Kit Creatina Dux 300g + Glutamina Dux 300g Suplemento Pó Força Energia Recuperação Muscular
Message SID Twilio: SM0d6efb63c430393a64925727a334cceb
[DEBUG] status_final_twilio=sending

[RESUMO_TWILIO] entregues_ou_processadas=4 falhas=0 total=4

4 oferta(s) processada(s) e salva(s).

=== Fim da execucao: 2026-07-24T11:08:45 ===
