=== Inicio da execucao: 2026-07-26T09:54:28 ===
Args: --produto-por-html --fonte mercadolivre --url-produto https://lista.mercadolivre.com.br/animais/caes/ra%C3%A7%C3%A3o_BRAND_203401_NoIndex_True?sb=all_mercadolibre#applied_filter_id%3DBRAND%26applied_filter_name%3DMarca%26enhanced_position%3D4%26applied_value_id%3D203401%26applied_value_name%3DRoyal+Canin%26applied_value_order%3D0%26intervention_type%3DFILTER_INTERVENTION%26intervention_tracking_id%3D07c3c6ac-63be-41c7-9661-15b7fb6b5598%26tracking_id%3D00865ebe-665b-45f1-964a-0c02a0ba3cda --descricao-produto ração 1 --desconto-minimo 10 --limite-candidatos 3 --modalidade-execucao campanha

[MODO_ATIVO] PRODUTO_ONDEMAND_HOME_PESQUISA

Modo procurar produto ativado (pesquisa pela home do Mercado Livre).

[LINK_BASE_1] Processando listagem direta: https://lista.mercadolivre.com.br/animais/caes/ra%C3%A7%C3%A3o_BRAND_203401_NoIndex_True?sb=all_mercadolibre#applied_filter_id%3DBRAND%26applied_filter_name%3DMarca%26enhanced_position%3D4%26applied_value_id%3D203401%26applied_value_name%3DRoyal+Canin%26applied_value_order%3D0%26intervention_type%3DFILTER_INTERVENTION%26intervention_tracking_id%3D07c3c6ac-63be-41c7-9661-15b7fb6b5598%26tracking_id%3D00865ebe-665b-45f1-964a-0c02a0ba3cda
[LINK_BASE_1] Carregando em blocos de 3 páginas até encontrar candidatos válidos

[BLOCO_1] Carregando páginas 1 a 3 do Link 1
[LISTAGEM_DIRETA] Link 1 - página 1: https://lista.mercadolivre.com.br/animais/caes/ra%C3%A7%C3%A3o_BRAND_203401_NoIndex_True?sb=all_mercadolibre#applied_filter_id%3DBRAND%26applied_filter_name%3DMarca%26enhanced_position%3D4%26applied_value_id%3D203401%26applied_value_name%3DRoyal+Canin%26applied_value_order%3D0%26intervention_type%3DFILTER_INTERVENTION%26intervention_tracking_id%3D07c3c6ac-63be-41c7-9661-15b7fb6b5598%26tracking_id%3D00865ebe-665b-45f1-964a-0c02a0ba3cda
[LISTAGEM_DIRETA] Link 1 - página 2: https://lista.mercadolivre.com.br/animais/caes/ra%C3%A7%C3%A3o_BRAND_203401_NoIndex_True?sb=all_mercadolibre&page=2
[LISTAGEM_DIRETA] Link 1 - página 3: https://lista.mercadolivre.com.br/animais/caes/ra%C3%A7%C3%A3o_BRAND_203401_NoIndex_True?sb=all_mercadolibre&page=3
[BLOCO_1] Resultado: 0 candidato(s) coletado(s), 0 válido(s) enriquecido(s). Total: 0/3
[BLOCO_1] Nenhum candidato neste bloco. Continuando para proximas paginas.

[BLOCO_2] Carregando páginas 4 a 6 do Link 1
[LISTAGEM_DIRETA] Link 1 - página 4: https://lista.mercadolivre.com.br/animais/caes/ra%C3%A7%C3%A3o_BRAND_203401_NoIndex_True?sb=all_mercadolibre&page=4
[LISTAGEM_DIRETA] Link 1 - página 5: https://lista.mercadolivre.com.br/animais/caes/ra%C3%A7%C3%A3o_BRAND_203401_NoIndex_True?sb=all_mercadolibre&page=5
[LISTAGEM_DIRETA] Link 1 - página 6: https://lista.mercadolivre.com.br/animais/caes/ra%C3%A7%C3%A3o_BRAND_203401_NoIndex_True?sb=all_mercadolibre&page=6
[BLOCO_2] Resultado: 0 candidato(s) coletado(s), 0 válido(s) enriquecido(s). Total: 0/3
[BLOCO_2] Nenhum candidato neste bloco. Continuando para proximas paginas.

[BLOCO_3] Carregando páginas 7 a 9 do Link 1
[LISTAGEM_DIRETA] Link 1 - página 7: https://lista.mercadolivre.com.br/animais/caes/ra%C3%A7%C3%A3o_BRAND_203401_NoIndex_True?sb=all_mercadolibre&page=7
[LISTAGEM_DIRETA] Link 1 - página 8: https://lista.mercadolivre.com.br/animais/caes/ra%C3%A7%C3%A3o_BRAND_203401_NoIndex_True?sb=all_mercadolibre&page=8
[LISTAGEM_DIRETA] Link 1 - página 9: https://lista.mercadolivre.com.br/animais/caes/ra%C3%A7%C3%A3o_BRAND_203401_NoIndex_True?sb=all_mercadolibre&page=9
[BLOCO_3] Resultado: 0 candidato(s) coletado(s), 0 válido(s) enriquecido(s). Total: 0/3
[BLOCO_3] Nenhum candidato neste bloco. Continuando para proximas paginas.

[BLOCO_4] Carregando páginas 10 a 12 do Link 1
[LISTAGEM_DIRETA] Link 1 - página 10: https://lista.mercadolivre.com.br/animais/caes/ra%C3%A7%C3%A3o_BRAND_203401_NoIndex_True?sb=all_mercadolibre&page=10
[LISTAGEM_DIRETA] Link 1 - página 11: https://lista.mercadolivre.com.br/animais/caes/ra%C3%A7%C3%A3o_BRAND_203401_NoIndex_True?sb=all_mercadolibre&page=11
[LISTAGEM_DIRETA] Link 1 - página 12: https://lista.mercadolivre.com.br/animais/caes/ra%C3%A7%C3%A3o_BRAND_203401_NoIndex_True?sb=all_mercadolibre&page=12
[BLOCO_4] Resultado: 0 candidato(s) coletado(s), 0 válido(s) enriquecido(s). Total: 0/3
[BLOCO_4] Nenhum candidato neste bloco. Continuando para proximas paginas.

[BLOCO_5] Carregando páginas 13 a 15 do Link 1
[LISTAGEM_DIRETA] Link 1 - página 13: https://lista.mercadolivre.com.br/animais/caes/ra%C3%A7%C3%A3o_BRAND_203401_NoIndex_True?sb=all_mercadolibre&page=13
[LISTAGEM_DIRETA] Link 1 - página 14: https://lista.mercadolivre.com.br/animais/caes/ra%C3%A7%C3%A3o_BRAND_203401_NoIndex_True?sb=all_mercadolibre&page=14
[LISTAGEM_DIRETA] Link 1 - página 15: https://lista.mercadolivre.com.br/animais/caes/ra%C3%A7%C3%A3o_BRAND_203401_NoIndex_True?sb=all_mercadolibre&page=15
[BLOCO_5] Resultado: 0 candidato(s) coletado(s), 0 válido(s) enriquecido(s). Total: 0/3
[BLOCO_5] Nenhum candidato encontrado e limite de paginas atingido neste link.

Nenhum candidato válido encontrado nas listagens diretas informadas.

Nenhuma oferta elegível foi encontrada na pesquisa da home.

=== Fim da execucao: 2026-07-26T09:56:36 ===
