=== Inicio da execucao: 2026-07-23T20:35:07 ===
Args: --produto-por-html --fonte mercadolivre --url-produto https://lista.mercadolivre.com.br/_Container_pet-cpg-alimentos-e-petiscos-caes-query_NoIndex_True?forceContainer=true#c_container_id=MLB1327645-1&c_id=%2Fsplinter%2Fspecial-withoutlabel&c_element_order=1&c_campaign=cachorro-alimentos-petiscos&c_label=%2Fsplinter%2Fspecial-withoutlabel&c_uid=90b7c25a-836a-11f1-a4f5-1955dc94a789&c_element_id=90b7c25a-836a-11f1-a4f5-1955dc94a789&c_content_origin=splinter-default&c_content_type=default&c_global_position=4&deal_print_id=90178ab0-836a-11f1-897b-a3608c4c25d1&c_tracking_id=90178ab0-836a-11f1-897b-a3608c4c25d1 --desconto-minimo 10 --limite-candidatos 3 --modalidade-execucao campanha

[MODO_ATIVO] PRODUTO_ONDEMAND_HOME_PESQUISA

Modo procurar produto ativado (pesquisa pela home do Mercado Livre).

[LINK_BASE_1] Processando listagem direta: https://lista.mercadolivre.com.br/_Container_pet-cpg-alimentos-e-petiscos-caes-query_NoIndex_True?forceContainer=true#c_container_id=MLB1327645-1&c_id=%2Fsplinter%2Fspecial-withoutlabel&c_element_order=1&c_campaign=cachorro-alimentos-petiscos&c_label=%2Fsplinter%2Fspecial-withoutlabel&c_uid=90b7c25a-836a-11f1-a4f5-1955dc94a789&c_element_id=90b7c25a-836a-11f1-a4f5-1955dc94a789&c_content_origin=splinter-default&c_content_type=default&c_global_position=4&deal_print_id=90178ab0-836a-11f1-897b-a3608c4c25d1&c_tracking_id=90178ab0-836a-11f1-897b-a3608c4c25d1
[LINK_BASE_1] Carregando em blocos de 3 páginas até encontrar candidatos válidos

[BLOCO_1] Carregando páginas 1 a 3 do Link 1
[LISTAGEM_DIRETA] Link 1 - página 1: https://lista.mercadolivre.com.br/_Container_pet-cpg-alimentos-e-petiscos-caes-query_NoIndex_True?forceContainer=true#c_container_id=MLB1327645-1&c_id=%2Fsplinter%2Fspecial-withoutlabel&c_element_order=1&c_campaign=cachorro-alimentos-petiscos&c_label=%2Fsplinter%2Fspecial-withoutlabel&c_uid=90b7c25a-836a-11f1-a4f5-1955dc94a789&c_element_id=90b7c25a-836a-11f1-a4f5-1955dc94a789&c_content_origin=splinter-default&c_content_type=default&c_global_position=4&deal_print_id=90178ab0-836a-11f1-897b-a3608c4c25d1&c_tracking_id=90178ab0-836a-11f1-897b-a3608c4c25d1
✓ Link de afiliado: https://meli.la/32H3Gaj
✓ Link de afiliado: https://meli.la/2ybnSpK
✓ Link de afiliado: https://meli.la/1n7gkf2
[BLOCO_1] Resultado: 3 candidato(s) coletado(s), 3 válido(s) enriquecido(s). Total: 3/3

Histórico relâmpago atualizado em: C:\Users\Lucas Bianco\Desktop\Projetos Dev\Promos\ofertas_relampago\Historico de anuncios\lista_anuncios.txt
✅ 2 imagem(ns) principal(is) salvas em anuncios: C:\Users\Lucas Bianco\Desktop\Projetos Dev\Promos\dist-interface\instagram_anuncios
✅ JSON de busca de produto salvo em: C:\Users\Lucas Bianco\Desktop\Projetos Dev\Promos\ofertas_afiliados\Historico de anuncios\ofertas_20260723_203545.json

Saida consolidada por modalidade atualizada em: C:\Users\Lucas Bianco\Desktop\Projetos Dev\Promos\saidas_execucoes\Campanha\lista_anuncios.txt
Saida JSON campanha salva em: C:\Users\Lucas Bianco\Desktop\Projetos Dev\Promos\saidas_execucoes\Campanha\ofertas_20260723_203545.json

[DEBUG] Twilio Account SID: ACc0...e80a

[DEBUG] media_url=NAO
[DEBUG] motivo_sem_midia=webp_desativado
[DEBUG] imagem=https://http2.mlstatic.com/D_NQ_NP_800631-MLB113498460550_072026-O-formula-natural-fresh-meat-adulto-frango-porte-peq-25-kg.webp

Mensagem enviada para whatsapp:+5519991133269:
Fórmula Natural Fresh Meat Adulto Frango Porte Peq. 2,5 Kg
Message SID Twilio: SM96135c0695048bf16972d92c658fefb0
[DEBUG] status_final_twilio=sending

[DEBUG] media_url=NAO
[DEBUG] motivo_sem_midia=webp_desativado
[DEBUG] imagem=https://http2.mlstatic.com/D_NQ_NP_624183-MLB79322452447_092024-O-racao-hills-science-diet-pequenomini-cao-filhote-204kg.webp

Mensagem enviada para whatsapp:+5519991133269:
Ração Hill's Science Diet Pequeno/mini Cão Filhote 2,04kg
Message SID Twilio: SMe743b73992231cd401499b87ecd00d82
[DEBUG] status_final_twilio=sending

[DEBUG] media_url=NAO
[DEBUG] motivo_sem_midia=webp_desativado
[DEBUG] imagem=https://http2.mlstatic.com/D_NQ_NP_751641-MLA99441540652_112025-O.webp

Mensagem enviada para whatsapp:+5519991133269:
Alimento Royal Canin Veterinary Diet Canine Satiety Support para cão adulto de raza todos os tamanhos sabor mix de 10 kg
Message SID Twilio: SM62a2e67d51e943b5491cf6d2239bbfef
[DEBUG] status_final_twilio=sending

[RESUMO_TWILIO] entregues_ou_processadas=3 falhas=0 total=3

3 oferta(s) processada(s) e salva(s).

=== Fim da execucao: 2026-07-23T20:35:51 ===
