=== Inicio da execucao: 2026-07-17T18:00:43 ===
Args: --produto-por-html --url-produto https://lista.mercadolivre.com.br/bebes/higiene-cuidados-bebe/fraldas/descartaveis/30-a-60-unidades/fralda_NoIndex_True?sb=all_mercadolibre#applied_filter_id%3DUNITS_PER_PACKAGE%26applied_filter_name%3DUnidades+por+embalagem%26applied_filter_order%3D7%26applied_value_id%3D%5B30-60%29%26applied_value_name%3D30+a+59+unidades%26applied_value_order%3D2%26applied_value_results%3D2743%26is_custom%3Dfalse --preco-minimo 30.0 --preco-maximo 80.0 --desconto-minimo 30 --limite-candidatos 5 --modalidade-execucao campanha

[MODO_ATIVO] PRODUTO_ONDEMAND_HOME_PESQUISA

Modo procurar produto ativado (pesquisa pela home do Mercado Livre).

[LINK_BASE_1] Processando listagem direta: https://lista.mercadolivre.com.br/bebes/higiene-cuidados-bebe/fraldas/descartaveis/30-a-60-unidades/fralda_NoIndex_True?sb=all_mercadolibre#applied_filter_id%3DUNITS_PER_PACKAGE%26applied_filter_name%3DUnidades+por+embalagem%26applied_filter_order%3D7%26applied_value_id%3D%5B30-60%29%26applied_value_name%3D30+a+59+unidades%26applied_value_order%3D2%26applied_value_results%3D2743%26is_custom%3Dfalse
[LINK_BASE_1] Carregando em blocos de 3 páginas até encontrar candidatos válidos

[BLOCO_1] Carregando páginas 1 a 3 do Link 1
[LISTAGEM_DIRETA] Link 1 - página 1: https://lista.mercadolivre.com.br/bebes/higiene-cuidados-bebe/fraldas/descartaveis/30-a-60-unidades/fralda_NoIndex_True?sb=all_mercadolibre#applied_filter_id%3DUNITS_PER_PACKAGE%26applied_filter_name%3DUnidades+por+embalagem%26applied_filter_order%3D7%26applied_value_id%3D%5B30-60%29%26applied_value_name%3D30+a+59+unidades%26applied_value_order%3D2%26applied_value_results%3D2743%26is_custom%3Dfalse
✓ Link de afiliado: https://meli.la/2VZoHPK
✓ Link de afiliado: https://meli.la/23b3qHQ
✓ Link de afiliado: https://meli.la/1CrinWX
[LISTAGEM_DIRETA] Link 1 - página 2: https://lista.mercadolivre.com.br/bebes/higiene-cuidados-bebe/fraldas/descartaveis/30-a-60-unidades/fralda_NoIndex_True?sb=all_mercadolibre&page=2
[LISTAGEM_DIRETA] Link 1 - página 3: https://lista.mercadolivre.com.br/bebes/higiene-cuidados-bebe/fraldas/descartaveis/30-a-60-unidades/fralda_NoIndex_True?sb=all_mercadolibre&page=3
[BLOCO_1] Resultado: 3 candidato(s) coletado(s), 3 válido(s) enriquecido(s). Total: 3/5

[BLOCO_2] Carregando páginas 4 a 5 do Link 1
[LISTAGEM_DIRETA] Link 1 - página 4: https://lista.mercadolivre.com.br/bebes/higiene-cuidados-bebe/fraldas/descartaveis/30-a-60-unidades/fralda_NoIndex_True?sb=all_mercadolibre&page=4
[LISTAGEM_DIRETA] Link 1 - página 5: https://lista.mercadolivre.com.br/bebes/higiene-cuidados-bebe/fraldas/descartaveis/30-a-60-unidades/fralda_NoIndex_True?sb=all_mercadolibre&page=5
[BLOCO_2] Resultado: 0 candidato(s) coletado(s), 0 válido(s) enriquecido(s). Total: 3/5
[BLOCO_2] Nenhum candidato encontrado. Parando busca neste link.

Histórico relâmpago atualizado em: C:\Users\Lucas Bianco\Desktop\Projetos Dev\Promos\ofertas_relampago\Historico de anuncios\lista_anuncios.txt

Saida consolidada por modalidade atualizada em: C:\Users\Lucas Bianco\Desktop\Projetos Dev\Promos\saidas_execucoes\Campanha\lista_anuncios.txt

[DEBUG] Twilio Account SID: ACc0...e80a

Mensagem enviada para whatsapp:+5519991133269:
Fralda Descartável Turma da Mônica Baby XG Pacote 42 Unidades
Message SID Twilio: SM84e1ec1ffa623f1f5d2339aeb7ca0357

Mensagem enviada para whatsapp:+5519991133269:
Huggies Fralda Descartável Máxima Proteção P - 48 Un Sem Gênero
Message SID Twilio: SMa63385c2078a7ced0e1d98487968adf8

Mensagem enviada para whatsapp:+5519991133269:
Fralda Qu4troSEC XXG 36U Turma da Mônica Baby
Message SID Twilio: SMf46cac2e5de27c5b91621bee0ab6d127

3 oferta(s) processada(s) e salva(s).

=== Fim da execucao: 2026-07-17T18:02:06 ===
