=== Inicio da execucao: 2026-07-14T20:02:42 ===
Args: --produto-por-html --url-produto https://lista.mercadolivre.com.br/t%C3%AAnis-masculino-new-balance-fuelcell-rebel-v5-exclusivo#D[A:T%C3%AAnis%20Masculino%20New%20Balance%20Fuelcell%20Rebel%20V5%20Exclusivo] --preco-minimo 500.0 --preco-maximo 770.0 --limite-candidatos 3 --modalidade-execucao campanha

[MODO_ATIVO] PRODUTO_ONDEMAND_HOME_PESQUISA

Modo procurar produto ativado (pesquisa pela home do Mercado Livre).

[LINK_BASE_1] Processando listagem direta: https://lista.mercadolivre.com.br/t%C3%AAnis-masculino-new-balance-fuelcell-rebel-v5-exclusivo#D[A:T%C3%AAnis%20Masculino%20New%20Balance%20Fuelcell%20Rebel%20V5%20Exclusivo]
[LINK_BASE_1] Carregando em blocos de 3 páginas até encontrar candidatos válidos

[BLOCO_1] Carregando páginas 1 a 3 do Link 1
[LISTAGEM_DIRETA] Link 1 - página 1: https://lista.mercadolivre.com.br/t%C3%AAnis-masculino-new-balance-fuelcell-rebel-v5-exclusivo#D[A:T%C3%AAnis%20Masculino%20New%20Balance%20Fuelcell%20Rebel%20V5%20Exclusivo]
✓ Link de afiliado: https://meli.la/25fQWE2
[LISTAGEM_DIRETA] Link 1 - página 2: https://lista.mercadolivre.com.br/t%C3%AAnis-masculino-new-balance-fuelcell-rebel-v5-exclusivo?page=2
✓ Link de afiliado: https://meli.la/2trsvGD
✓ Link de afiliado: https://meli.la/25fQWE2
[BLOCO_1] Resultado: 3 candidato(s) coletado(s), 3 válido(s) enriquecido(s). Total: 3/3

Histórico relâmpago atualizado em: C:\Users\Lucas Bianco\Desktop\Projetos Dev\Promos\ofertas_relampago\Historico de anuncios\lista_anuncios.txt

Saida consolidada por modalidade atualizada em: C:\Users\Lucas Bianco\Desktop\Projetos Dev\Promos\saidas_execucoes\Campanha\lista_anuncios.txt

[DEBUG] Twilio Account SID: ACc0...e80a

Mensagem enviada para whatsapp:+5519991133269:
Tênis New Balance Fuelcell Rebel V5 Corrida Esportivo
Message SID Twilio: SMb1ed78143623762a7182ddef49330474

Mensagem enviada para whatsapp:+5519991133269:
New Balance Fuelcell Rebel V3 Feminino Adultos
Message SID Twilio: SM39e36e806929d45962c996e223a8c14a

Mensagem enviada para whatsapp:+5519991133269:
Tênis New Balance Fuelcell Rebel V5 Corrida Esportivo
Message SID Twilio: SM186ea48309f245088e798a00be38fd9f

3 oferta(s) processada(s) e salva(s).

=== Fim da execucao: 2026-07-14T20:03:44 ===
