=== Inicio da execucao: 2026-06-07T20:58:55 ===
Args: --produto-por-html --url-produto https://lista.mercadolivre.com.br/_Container_sports-bolas_BRAND_16031#applied_filter_id%3DBRAND%26applied_filter_name%3DMarca%26applied_filter_order%3D17%26applied_value_id%3D16031%26applied_value_name%3DWilson%26applied_value_order%3D3%26applied_value_results%3D678%26is_custom%3Dfalse --url-produto https://lista.mercadolivre.com.br/_Container_sports-bolas_BRAND_16263#applied_filter_id%3DBRAND%26applied_filter_name%3DMarca%26applied_filter_order%3D17%26applied_value_id%3D16263%26applied_value_name%3DHead%26applied_value_order%3D12%26applied_value_results%3D209%26is_custom%3Dfalse%26view_more_flag%3Dtrue --url-produto https://lista.mercadolivre.com.br/_Container_sports-bolas_BRAND_205839#applied_filter_id%3DBRAND%26applied_filter_name%3DMarca%26applied_filter_order%3D17%26applied_value_id%3D205839%26applied_value_name%3DTecnifibre%26applied_value_order%3D48%26applied_value_results%3D48%26is_custom%3Dfalse%26view_more_flag%3Dtrue --url-produto https://lista.mercadolivre.com.br/_Container_sports-bolas_BRAND_24667154#applied_filter_id%3DBRAND%26applied_filter_name%3DMarca%26applied_filter_order%3D17%26applied_value_id%3D24667154%26applied_value_name%3DRobin+S%C3%B6derling%26applied_value_order%3D27%26applied_value_results%3D80%26is_custom%3Dfalse%26view_more_flag%3Dtrue --preco-minimo 50.0 --preco-maximo 400.0 --desconto-minimo 10 --limite-candidatos 10 --modalidade-execucao campanha

[MODO_ATIVO] PRODUTO_ONDEMAND_HOME_PESQUISA

Modo procurar produto ativado (pesquisa pela home do Mercado Livre).

[LINK_BASE_1] Processando listagem direta: https://lista.mercadolivre.com.br/_Container_sports-bolas_BRAND_16031#applied_filter_id%3DBRAND%26applied_filter_name%3DMarca%26applied_filter_order%3D17%26applied_value_id%3D16031%26applied_value_name%3DWilson%26applied_value_order%3D3%26applied_value_results%3D678%26is_custom%3Dfalse
[LISTAGEM_DIRETA] Link 1 - página 1: https://lista.mercadolivre.com.br/_Container_sports-bolas_BRAND_16031#applied_filter_id%3DBRAND%26applied_filter_name%3DMarca%26applied_filter_order%3D17%26applied_value_id%3D16031%26applied_value_name%3DWilson%26applied_value_order%3D3%26applied_value_results%3D678%26is_custom%3Dfalse
[LISTAGEM_DIRETA] Link 1 - página 2: https://lista.mercadolivre.com.br/_Container_sports-bolas_BRAND_16031?page=2
[LISTAGEM_DIRETA] Link 1 - página 3: https://lista.mercadolivre.com.br/_Container_sports-bolas_BRAND_16031?page=3

[LINK_BASE_2] Processando listagem direta: https://lista.mercadolivre.com.br/_Container_sports-bolas_BRAND_16263#applied_filter_id%3DBRAND%26applied_filter_name%3DMarca%26applied_filter_order%3D17%26applied_value_id%3D16263%26applied_value_name%3DHead%26applied_value_order%3D12%26applied_value_results%3D209%26is_custom%3Dfalse%26view_more_flag%3Dtrue
[LISTAGEM_DIRETA] Link 2 - página 1: https://lista.mercadolivre.com.br/_Container_sports-bolas_BRAND_16263#applied_filter_id%3DBRAND%26applied_filter_name%3DMarca%26applied_filter_order%3D17%26applied_value_id%3D16263%26applied_value_name%3DHead%26applied_value_order%3D12%26applied_value_results%3D209%26is_custom%3Dfalse%26view_more_flag%3Dtrue
✓ Link de afiliado: https://meli.la/2Hrc7Rm
✓ Link de afiliado: https://meli.la/1wPSi5K
[LISTAGEM_DIRETA] Link 2 - página 2: https://lista.mercadolivre.com.br/_Container_sports-bolas_BRAND_16263?page=2
[LISTAGEM_DIRETA] Link 2 - página 3: https://lista.mercadolivre.com.br/_Container_sports-bolas_BRAND_16263?page=3

[LINK_BASE_3] Processando listagem direta: https://lista.mercadolivre.com.br/_Container_sports-bolas_BRAND_205839#applied_filter_id%3DBRAND%26applied_filter_name%3DMarca%26applied_filter_order%3D17%26applied_value_id%3D205839%26applied_value_name%3DTecnifibre%26applied_value_order%3D48%26applied_value_results%3D48%26is_custom%3Dfalse%26view_more_flag%3Dtrue
[LISTAGEM_DIRETA] Link 3 - página 1: https://lista.mercadolivre.com.br/_Container_sports-bolas_BRAND_205839#applied_filter_id%3DBRAND%26applied_filter_name%3DMarca%26applied_filter_order%3D17%26applied_value_id%3D205839%26applied_value_name%3DTecnifibre%26applied_value_order%3D48%26applied_value_results%3D48%26is_custom%3Dfalse%26view_more_flag%3Dtrue
[LISTAGEM_DIRETA] Link 3 - página 2: https://lista.mercadolivre.com.br/_Container_sports-bolas_BRAND_205839?page=2
[LISTAGEM_DIRETA] Link 3 - página 3: https://lista.mercadolivre.com.br/_Container_sports-bolas_BRAND_205839?page=3

[LINK_BASE_4] Processando listagem direta: https://lista.mercadolivre.com.br/_Container_sports-bolas_BRAND_24667154#applied_filter_id%3DBRAND%26applied_filter_name%3DMarca%26applied_filter_order%3D17%26applied_value_id%3D24667154%26applied_value_name%3DRobin+S%C3%B6derling%26applied_value_order%3D27%26applied_value_results%3D80%26is_custom%3Dfalse%26view_more_flag%3Dtrue
[LISTAGEM_DIRETA] Link 4 - página 1: https://lista.mercadolivre.com.br/_Container_sports-bolas_BRAND_24667154#applied_filter_id%3DBRAND%26applied_filter_name%3DMarca%26applied_filter_order%3D17%26applied_value_id%3D24667154%26applied_value_name%3DRobin+S%C3%B6derling%26applied_value_order%3D27%26applied_value_results%3D80%26is_custom%3Dfalse%26view_more_flag%3Dtrue
✓ Link de afiliado: https://meli.la/1i7U8Zo
✓ Link de afiliado: https://meli.la/1GDRKdY
✓ Link de afiliado: https://meli.la/2L2E2s7
✓ Link de afiliado: https://meli.la/111sLRi
✓ Link de afiliado: https://meli.la/25LkXMy
✓ Link de afiliado: https://meli.la/2Fjgxqh
✓ Link de afiliado: https://meli.la/2Aaqbch
✓ Link de afiliado: https://meli.la/1R6ESMc

Histórico relâmpago atualizado em: C:\Users\Lucas Bianco\Desktop\Projetos Dev\Promos\ofertas_relampago\Historico de anuncios\lista_anuncios.txt

Saida consolidada por modalidade atualizada em: C:\Users\Lucas Bianco\Desktop\Projetos Dev\Promos\saidas_execucoes\Campanha\lista_anuncios.txt

[DEBUG] Twilio Account SID: ACc0...e80a

Mensagem enviada para whatsapp:+5519991133269:
Bola Tênis Profissional Head Championship Tubo Com 3 Bolas
Message SID Twilio: SM65a7dff61afdfd76c326ce696d3480e6

Mensagem enviada para whatsapp:+5519991133269:
Bola Head Padel Pro Tubo Com 3 Bolas
Message SID Twilio: SM9526315a6c0eda16fdeda0bd690b7347

Mensagem enviada para whatsapp:+5519991133269:
Bola De Tênis Robin Söderling Tour Edition Tubo Com 03 Bolas
Message SID Twilio: SMc0f9cf27ad10794b2dc49ba93f56dc42

Mensagem enviada para whatsapp:+5519991133269:
Bola Tenis Rs Pro Edition Robin Soderling Tubo Com 04 Bolas
Message SID Twilio: SMa8019deff9c3afed3ab6087564fbfd02

Mensagem enviada para whatsapp:+5519991133269:
Bola De Tênis Robin Söderling Black Edition Tubo Com 4 Bolas
Message SID Twilio: SM2a19db99d471cbdff75a6f2d6e25920d

Mensagem enviada para whatsapp:+5519991133269:
Bola De Beach Tennis Robin Soderling 2 Tubos Com 3 Bolas
Message SID Twilio: SMcab97f9b741725c1eac6c568431b3a7c

Mensagem enviada para whatsapp:+5519991133269:
Bola De Padel Robin Soderling Tour X Pack Com 03 Tubos
Message SID Twilio: SMc491b2e1a402a7a9e6ffbc91f1e10bfc

Mensagem enviada para whatsapp:+5519991133269:
Bola De Tênis Robin Soderling Black Edition 3 Tubo C/3 Bolas
Message SID Twilio: SM20fbf160ed1bc2b70e220aaa1c383be9

Mensagem enviada para whatsapp:+5519991133269:
Bola De Tênis Robin Söderling Black Ed Pack 3 Tubos C/4 Bola
Message SID Twilio: SM613fd3833caff99c93f0891bfad3a6dc

Mensagem enviada para whatsapp:+5519991133269:
Bola De Padel Rs Champions Choice Pack 6 Tubos C/3 Unidades
Message SID Twilio: SMbc9959c63c08e852883745029a98ced6

10 oferta(s) processada(s) e salva(s).

=== Fim da execucao: 2026-06-07T21:02:32 ===
