=== Inicio da execucao: 2026-07-14T20:11:49 ===
Args: --produto-por-html --desconto-minimo 30 --limite-candidatos 7 --url-produto https://lista.mercadolivre.com.br/maquina-waffle?sb=all_mercadolibre#D[A:maquina%20waffle] --pasta-saida C:/Users/Lucas Bianco/Downloads --modalidade-execucao ondemand

[MODO_ATIVO] PRODUTO_ONDEMAND_HOME_PESQUISA

Modo procurar produto ativado (pesquisa pela home do Mercado Livre).

[LINK_BASE_1] Processando listagem direta: https://lista.mercadolivre.com.br/maquina-waffle?sb=all_mercadolibre#D[A:maquina%20waffle]
[LINK_BASE_1] Carregando em blocos de 3 páginas até encontrar candidatos válidos

[BLOCO_1] Carregando páginas 1 a 3 do Link 1
[LISTAGEM_DIRETA] Link 1 - página 1: https://lista.mercadolivre.com.br/maquina-waffle?sb=all_mercadolibre#D[A:maquina%20waffle]
✓ Link de afiliado: https://meli.la/2CThSqL
✓ Link de afiliado: https://meli.la/1CQCWzt
✓ Link de afiliado: https://meli.la/1hZV3Eh
✓ Link de afiliado: https://meli.la/21wuPzN
✓ Link de afiliado: https://meli.la/2tbJagS
✓ Link de afiliado: https://meli.la/2ELTfdj
✓ Link de afiliado: https://meli.la/2RAzymH
[BLOCO_1] Resultado: 7 candidato(s) coletado(s), 7 válido(s) enriquecido(s). Total: 7/7

Histórico relâmpago atualizado em: C:/Users/Lucas Bianco/Downloads\lista_anuncios.txt

Saida consolidada por modalidade atualizada em: C:\Users\Lucas Bianco\Desktop\Projetos Dev\Promos\saidas_execucoes\OnDemand\lista_anuncios.txt

[DEBUG] Twilio Account SID: ACc0...e80a

Mensagem enviada para whatsapp:+5519991133269:
220v Máquina De Fazer Waffle Mini Grill Panqueca Elétrica
Message SID Twilio: SMb90ab839ce1370d5e7b2b3079169dfa7

Mensagem enviada para whatsapp:+5519991133269:
Maquina De Fazer Waffle Antiaderente Panqueca Eletrica 110v
Message SID Twilio: SMbdfbfe587b4e75807b1adc2281bee563

Mensagem enviada para whatsapp:+5519991133269:
Máquina Fazer Waffles Mini Grill Panqueca Elétrica 220v
Message SID Twilio: SM7f6991a55877ea476a539ed50aa35b62

Mensagem enviada para whatsapp:+5519991133269:
Maquina De Fazer Waffle Fit Coração Fogão Ferro Fundido Cabo
Message SID Twilio: SM4b9bf9490bea20cd589775ffc841af75

Mensagem enviada para whatsapp:+5519991133269:
Máquina de Waffles Tomate 1000W Antiaderente Preta MAZ-112A
Message SID Twilio: SM1c63c54e4ac977ad510acd9e1d861237

Mensagem enviada para whatsapp:+5519991133269:
Maquina De Waffles 10 Coração Waffleira Eletrica 220v
Message SID Twilio: SMca0f570c864bb1ff1bfd2b88ecaa1515

Mensagem enviada para whatsapp:+5519991133269:
Máquina Waffle Philco Waffle Maker Pwm04a 1200w 220v
Message SID Twilio: SMb50feace9b999734adb5aa246447166f

7 oferta(s) processada(s) e salva(s).

=== Fim da execucao: 2026-07-14T20:13:35 ===
