=== Inicio da execucao: 2026-07-24T22:41:00 ===
Args: --produto-por-html --fonte mercadolivre --url-produto https://lista.mercadolivre.com.br/_Container_pet-cpg-alimentos-e-petiscos-gatos-query?forceContainer=true#c_container_id=MLB1328164-1&c_id=%2Fsplinter%2Fspecial-withoutlabel&c_element_order=1&c_campaign=gato-alimentos-petiscos&c_label=%2Fsplinter%2Fspecial-withoutlabel&c_uid=b2ee9bf9-836a-11f1-a26d-7b6dabbac512&c_element_id=b2ee9bf9-836a-11f1-a26d-7b6dabbac512&c_content_origin=splinter-default&c_content_type=default&c_global_position=5&deal_print_id=b2c457a0-836a-11f1-acb2-738635e0e863&c_tracking_id=b2c457a0-836a-11f1-acb2-738635e0e863 --desconto-minimo 10 --limite-candidatos 3 --modalidade-execucao campanha

[MODO_ATIVO] PRODUTO_ONDEMAND_HOME_PESQUISA

Modo procurar produto ativado (pesquisa pela home do Mercado Livre).

[LINK_BASE_1] Processando listagem direta: https://lista.mercadolivre.com.br/_Container_pet-cpg-alimentos-e-petiscos-gatos-query?forceContainer=true#c_container_id=MLB1328164-1&c_id=%2Fsplinter%2Fspecial-withoutlabel&c_element_order=1&c_campaign=gato-alimentos-petiscos&c_label=%2Fsplinter%2Fspecial-withoutlabel&c_uid=b2ee9bf9-836a-11f1-a26d-7b6dabbac512&c_element_id=b2ee9bf9-836a-11f1-a26d-7b6dabbac512&c_content_origin=splinter-default&c_content_type=default&c_global_position=5&deal_print_id=b2c457a0-836a-11f1-acb2-738635e0e863&c_tracking_id=b2c457a0-836a-11f1-acb2-738635e0e863
[LINK_BASE_1] Carregando em blocos de 3 páginas até encontrar candidatos válidos

[BLOCO_1] Carregando páginas 1 a 3 do Link 1
[LISTAGEM_DIRETA] Link 1 - página 1: https://lista.mercadolivre.com.br/_Container_pet-cpg-alimentos-e-petiscos-gatos-query?forceContainer=true#c_container_id=MLB1328164-1&c_id=%2Fsplinter%2Fspecial-withoutlabel&c_element_order=1&c_campaign=gato-alimentos-petiscos&c_label=%2Fsplinter%2Fspecial-withoutlabel&c_uid=b2ee9bf9-836a-11f1-a26d-7b6dabbac512&c_element_id=b2ee9bf9-836a-11f1-a26d-7b6dabbac512&c_content_origin=splinter-default&c_content_type=default&c_global_position=5&deal_print_id=b2c457a0-836a-11f1-acb2-738635e0e863&c_tracking_id=b2c457a0-836a-11f1-acb2-738635e0e863
✓ Link de afiliado: https://meli.la/1BNnZbg
✓ Link de afiliado: https://meli.la/1FyDEd7
✓ Link de afiliado: https://meli.la/2j9dQ4K
[BLOCO_1] Resultado: 3 candidato(s) coletado(s), 3 válido(s) enriquecido(s). Total: 3/3

Histórico relâmpago atualizado em: C:\Users\Lucas Bianco\Desktop\Projetos Dev\Promos\ofertas_relampago\Historico de anuncios\lista_anuncios.txt
✅ 3 imagem(ns) principal(is) salvas em anuncios: C:\Users\Lucas Bianco\Desktop\Projetos Dev\Promos\dist-interface\instagram_anuncios
✅ JSON de busca de produto salvo em: C:\Users\Lucas Bianco\Desktop\Projetos Dev\Promos\ofertas_afiliados\Historico de anuncios\ofertas_20260724_224139.json

Saida consolidada por modalidade atualizada em: C:\Users\Lucas Bianco\Desktop\Projetos Dev\Promos\saidas_execucoes\Campanha\lista_anuncios.txt
Saida JSON campanha salva em: C:\Users\Lucas Bianco\Desktop\Projetos Dev\Promos\saidas_execucoes\Campanha\ofertas_20260724_224140.json

[DEBUG] Twilio Account SID: ACc0...e80a

[DEBUG] media_url=NAO
[DEBUG] motivo_sem_midia=webp_desativado
[DEBUG] imagem=https://http2.mlstatic.com/D_NQ_NP_843873-MLB112124442901_052026-O.webp

Mensagem enviada para whatsapp:+5519991133269:
Petisco Dreamies Para Gatos Pacote Com 15 Sache Misto 600g Carne, Frango, Salmão E Queijo
Message SID Twilio: SMe6297ce7c8a436d81fa990215c6e4d76
[DEBUG] status_final_twilio=sending

[DEBUG] media_url=NAO
[DEBUG] motivo_sem_midia=webp_desativado
[DEBUG] imagem=https://http2.mlstatic.com/D_NQ_NP_980114-MLB87641842090_072025-O-petisco-gatos-wanpy-truly-creamy-sabores-variados-com-50un.webp

Mensagem enviada para whatsapp:+5519991133269:
Petisco Gatos Wanpy Truly Creamy Sabores Variados Com 50un
Message SID Twilio: SM8dd273d0222c6620dff92fbba7b9d0f1
[DEBUG] status_final_twilio=sending

[DEBUG] media_url=NAO
[DEBUG] motivo_sem_midia=webp_desativado
[DEBUG] imagem=https://http2.mlstatic.com/D_NQ_NP_988931-MLA99932626459_112025-O.webp

Mensagem enviada para whatsapp:+5519991133269:
Ração Quatree Life Para Gatos Castrados Salmão E Arroz 10,1 kg
Message SID Twilio: SMae97abc63f438fc022954fb22198c13a
[DEBUG] status_final_twilio=sending

[RESUMO_TWILIO] entregues_ou_processadas=3 falhas=0 total=3

3 oferta(s) processada(s) e salva(s).

=== Fim da execucao: 2026-07-24T22:41:46 ===
