=== Inicio da execucao: 2026-07-07T19:35:32 ===
Args: --produto-por-html --url-produto https://lista.mercadolivre.com.br/fralda-pampers?sb=all_mercadolibre#D[A:fralda%20pampers] --desconto-minimo 30 --limite-candidatos 3 --modalidade-execucao campanha

[MODO_ATIVO] PRODUTO_ONDEMAND_HOME_PESQUISA

Modo procurar produto ativado (pesquisa pela home do Mercado Livre).

[LINK_BASE_1] Processando listagem direta: https://lista.mercadolivre.com.br/fralda-pampers?sb=all_mercadolibre#D[A:fralda%20pampers]
[LINK_BASE_1] Carregando em blocos de 3 páginas até encontrar candidatos válidos

[BLOCO_1] Carregando páginas 1 a 3 do Link 1
[LISTAGEM_DIRETA] Link 1 - página 1: https://lista.mercadolivre.com.br/fralda-pampers?sb=all_mercadolibre#D[A:fralda%20pampers]
✓ Link de afiliado: https://meli.la/1zwVF1r
✓ Link de afiliado: https://meli.la/1zwVF1r
✓ Link de afiliado: https://meli.la/2AfTDgA
[BLOCO_1] Resultado: 3 candidato(s) coletado(s), 3 válido(s) enriquecido(s). Total: 3/3

Histórico relâmpago atualizado em: C:\Users\Lucas Bianco\Desktop\Projetos Dev\Promos\ofertas_relampago\Historico de anuncios\lista_anuncios.txt

Saida consolidada por modalidade atualizada em: C:\Users\Lucas Bianco\Desktop\Projetos Dev\Promos\saidas_execucoes\Campanha\lista_anuncios.txt

[DEBUG] Twilio Account SID: ACc0...e80a

Mensagem enviada para whatsapp:+5519991133269:
Fralda Pampers Pants Ajuste Total Tamanho XG, 82 Un
Message SID Twilio: SM7fe7260ae062a8245f427f3c9e59c14d

Mensagem enviada para whatsapp:+5519991133269:
Fralda Pampers Pants Ajuste Total Tamanho XG, 82 Un
Message SID Twilio: SM1e08b7dc27639a7c797d647e2b6e418e

Mensagem enviada para whatsapp:+5519991133269:
Fralda Pants Ajuste Total Xxxg 66 Unidades Pampers
Message SID Twilio: SM0515370f408483535448af2728ef4c13

3 oferta(s) processada(s) e salva(s).

=== Fim da execucao: 2026-07-07T19:36:25 ===
