=== Inicio da execucao: 2026-07-07T19:30:32 ===
Args: --produto-por-html --url-produto https://lista.mercadolivre.com.br/cerveja-long-necj#D[A:cerveja%20long%20necj] --desconto-minimo 30 --limite-candidatos 4 --modalidade-execucao campanha

[MODO_ATIVO] PRODUTO_ONDEMAND_HOME_PESQUISA

Modo procurar produto ativado (pesquisa pela home do Mercado Livre).

[LINK_BASE_1] Processando listagem direta: https://lista.mercadolivre.com.br/cerveja-long-necj#D[A:cerveja%20long%20necj]
[LINK_BASE_1] Carregando em blocos de 3 páginas até encontrar candidatos válidos

[BLOCO_1] Carregando páginas 1 a 3 do Link 1
[LISTAGEM_DIRETA] Link 1 - página 1: https://lista.mercadolivre.com.br/cerveja-long-necj#D[A:cerveja%20long%20necj]
✓ Link de afiliado: https://meli.la/2MmZWDs
✓ Link de afiliado: https://meli.la/2pfVuXu
✓ Link de afiliado: https://meli.la/2AsP8ph
✓ Link de afiliado: https://meli.la/1yZt9kY
[BLOCO_1] Resultado: 4 candidato(s) coletado(s), 4 válido(s) enriquecido(s). Total: 4/4

Histórico relâmpago atualizado em: C:\Users\Lucas Bianco\Desktop\Projetos Dev\Promos\ofertas_relampago\Historico de anuncios\lista_anuncios.txt

Saida consolidada por modalidade atualizada em: C:\Users\Lucas Bianco\Desktop\Projetos Dev\Promos\saidas_execucoes\Campanha\lista_anuncios.txt

[DEBUG] Twilio Account SID: ACc0...e80a

Mensagem enviada para whatsapp:+5519991133269:
Cerveja Artesanal Sem Alcool Dama Self Way Ipa 355ml
Message SID Twilio: SM21086bc65f9ea10e58f3386887cd565b

Mensagem enviada para whatsapp:+5519991133269:
Cerveja Heineken Sem Alcool 0,0% Long Neck 330ml Kit Com 6
Message SID Twilio: SM91f210efec2dbd09d35295e5d67c1a25

Mensagem enviada para whatsapp:+5519991133269:
Cerveja Flying Fish Lemon 330ml Long Neck - 6 Unidades
Message SID Twilio: SMc14041af17bdb412c9bdfd3a4ec1fe31

Mensagem enviada para whatsapp:+5519991133269:
Cerveja Cusqueña Dark Lager Long Neck 330ml Pack Com 6un
Message SID Twilio: SM5ff3352452fe7c6b2bf70a8f4cff62b6

4 oferta(s) processada(s) e salva(s).

=== Fim da execucao: 2026-07-07T19:31:36 ===
