=== Inicio da execucao: 2026-06-18T20:39:53 ===
Args: --produto-por-html --url-produto https://lista.mercadolivre.com.br/bebes/passeio-bebe/?forceContainer=true#c_container_id=not_apply&c_id=%2Fsplinter%2Fcarouselitem&c_element_order=1&c_campaign=bolota-passeio-do-bebe&c_label=%2Fsplinter%2Fcarouselitem&c_uid=eb331520-61e3-11f1-86c0-f1eb3b0c1944&c_element_id=eb331520-61e3-11f1-86c0-f1eb3b0c1944&c_content_origin=splinter-default&c_content_type=default&c_global_position=4&deal_print_id=ea304b20-61e3-11f1-b5b5-d3f84d3db8b2&c_tracking_id=ea304b20-61e3-11f1-b5b5-d3f84d3db8b2 --url-produto https://lista.mercadolivre.com.br/supermercado/market/_Container_cpg-landing-baby?forceContainer=true#c_container_id=MLB1294735-1&c_id=%2Fsplinter%2Fcarouselitem&c_element_order=4&c_campaign=bolota-supermercado&c_label=%2Fsplinter%2Fcarouselitem&c_uid=eb2ef673-61e3-11f1-86c0-f1eb3b0c1944&c_element_id=eb2ef673-61e3-11f1-86c0-f1eb3b0c1944&c_content_origin=splinter-default&c_content_type=default&c_global_position=4&deal_print_id=ea304b20-61e3-11f1-b5b5-d3f84d3db8b2&c_tracking_id=ea304b20-61e3-11f1-b5b5-d3f84d3db8b2 --url-produto https://lista.mercadolivre.com.br/bebes/quarto-bebe/?forceContainer=true#c_container_id=not_apply&c_id=%2Fsplinter%2Fcarouselitem&c_element_order=5&c_campaign=bolota-quarto-do-bebe&c_label=%2Fsplinter%2Fcarouselitem&c_uid=eb338a50-61e3-11f1-86c0-f1eb3b0c1944&c_element_id=eb338a50-61e3-11f1-86c0-f1eb3b0c1944&c_content_origin=splinter-default&c_content_type=default&c_global_position=4&deal_print_id=ea304b20-61e3-11f1-b5b5-d3f84d3db8b2&c_tracking_id=ea304b20-61e3-11f1-b5b5-d3f84d3db8b2 --url-produto https://lista.mercadolivre.com.br/bebes/seguranca-bebe/?forceContainer=true#c_container_id=not_apply&c_id=%2Fsplinter%2Fcarouselitem&c_element_order=6&c_campaign=bolota-seguranca-do-bebe&c_label=%2Fsplinter%2Fcarouselitem&c_uid=eb33b160-61e3-11f1-86c0-f1eb3b0c1944&c_element_id=eb33b160-61e3-11f1-86c0-f1eb3b0c1944&c_content_origin=splinter-default&c_content_type=default&c_global_position=4&deal_print_id=ea304b20-61e3-11f1-b5b5-d3f84d3db8b2&c_tracking_id=ea304b20-61e3-11f1-b5b5-d3f84d3db8b2 --url-produto https://lista.mercadolivre.com.br/bebes/banho-bebe/?forceContainer=true#c_container_id=not_apply&c_id=%2Fsplinter%2Fcarouselitem&c_element_order=7&c_campaign=bolota-banho-do-bebe&c_label=%2Fsplinter%2Fcarouselitem&c_uid=eb33ff80-61e3-11f1-86c0-f1eb3b0c1944&c_element_id=eb33ff80-61e3-11f1-86c0-f1eb3b0c1944&c_content_origin=splinter-default&c_content_type=default&c_global_position=4&deal_print_id=ea304b20-61e3-11f1-b5b5-d3f84d3db8b2&c_tracking_id=ea304b20-61e3-11f1-b5b5-d3f84d3db8b2 --preco-minimo 50.0 --preco-maximo 400.0 --desconto-minimo 10 --limite-candidatos 10 --modalidade-execucao campanha

[MODO_ATIVO] PRODUTO_ONDEMAND_HOME_PESQUISA

Modo procurar produto ativado (pesquisa pela home do Mercado Livre).

[LINK_BASE_1] Processando listagem direta: https://lista.mercadolivre.com.br/bebes/passeio-bebe/?forceContainer=true#c_container_id=not_apply&c_id=%2Fsplinter%2Fcarouselitem&c_element_order=1&c_campaign=bolota-passeio-do-bebe&c_label=%2Fsplinter%2Fcarouselitem&c_uid=eb331520-61e3-11f1-86c0-f1eb3b0c1944&c_element_id=eb331520-61e3-11f1-86c0-f1eb3b0c1944&c_content_origin=splinter-default&c_content_type=default&c_global_position=4&deal_print_id=ea304b20-61e3-11f1-b5b5-d3f84d3db8b2&c_tracking_id=ea304b20-61e3-11f1-b5b5-d3f84d3db8b2
[LISTAGEM_DIRETA] Link 1 - página 1: https://lista.mercadolivre.com.br/bebes/passeio-bebe/?forceContainer=true#c_container_id=not_apply&c_id=%2Fsplinter%2Fcarouselitem&c_element_order=1&c_campaign=bolota-passeio-do-bebe&c_label=%2Fsplinter%2Fcarouselitem&c_uid=eb331520-61e3-11f1-86c0-f1eb3b0c1944&c_element_id=eb331520-61e3-11f1-86c0-f1eb3b0c1944&c_content_origin=splinter-default&c_content_type=default&c_global_position=4&deal_print_id=ea304b20-61e3-11f1-b5b5-d3f84d3db8b2&c_tracking_id=ea304b20-61e3-11f1-b5b5-d3f84d3db8b2
[LISTAGEM_DIRETA] Link 1 - página 2: https://lista.mercadolivre.com.br/bebes/passeio-bebe/?forceContainer=true&page=2
[LISTAGEM_DIRETA] Link 1 - página 3: https://lista.mercadolivre.com.br/bebes/passeio-bebe/?forceContainer=true&page=3

[LINK_BASE_2] Processando listagem direta: https://lista.mercadolivre.com.br/supermercado/market/_Container_cpg-landing-baby?forceContainer=true#c_container_id=MLB1294735-1&c_id=%2Fsplinter%2Fcarouselitem&c_element_order=4&c_campaign=bolota-supermercado&c_label=%2Fsplinter%2Fcarouselitem&c_uid=eb2ef673-61e3-11f1-86c0-f1eb3b0c1944&c_element_id=eb2ef673-61e3-11f1-86c0-f1eb3b0c1944&c_content_origin=splinter-default&c_content_type=default&c_global_position=4&deal_print_id=ea304b20-61e3-11f1-b5b5-d3f84d3db8b2&c_tracking_id=ea304b20-61e3-11f1-b5b5-d3f84d3db8b2
[LISTAGEM_DIRETA] Link 2 - página 1: https://lista.mercadolivre.com.br/supermercado/market/_Container_cpg-landing-baby?forceContainer=true#c_container_id=MLB1294735-1&c_id=%2Fsplinter%2Fcarouselitem&c_element_order=4&c_campaign=bolota-supermercado&c_label=%2Fsplinter%2Fcarouselitem&c_uid=eb2ef673-61e3-11f1-86c0-f1eb3b0c1944&c_element_id=eb2ef673-61e3-11f1-86c0-f1eb3b0c1944&c_content_origin=splinter-default&c_content_type=default&c_global_position=4&deal_print_id=ea304b20-61e3-11f1-b5b5-d3f84d3db8b2&c_tracking_id=ea304b20-61e3-11f1-b5b5-d3f84d3db8b2
✓ Link de afiliado: https://meli.la/11sYU8p
[LISTAGEM_DIRETA] Link 2 - página 2: https://lista.mercadolivre.com.br/supermercado/market/_Container_cpg-landing-baby?forceContainer=true&page=2
[LISTAGEM_DIRETA] Link 2 - página 3: https://lista.mercadolivre.com.br/supermercado/market/_Container_cpg-landing-baby?forceContainer=true&page=3

[LINK_BASE_3] Processando listagem direta: https://lista.mercadolivre.com.br/bebes/quarto-bebe/?forceContainer=true#c_container_id=not_apply&c_id=%2Fsplinter%2Fcarouselitem&c_element_order=5&c_campaign=bolota-quarto-do-bebe&c_label=%2Fsplinter%2Fcarouselitem&c_uid=eb338a50-61e3-11f1-86c0-f1eb3b0c1944&c_element_id=eb338a50-61e3-11f1-86c0-f1eb3b0c1944&c_content_origin=splinter-default&c_content_type=default&c_global_position=4&deal_print_id=ea304b20-61e3-11f1-b5b5-d3f84d3db8b2&c_tracking_id=ea304b20-61e3-11f1-b5b5-d3f84d3db8b2
[LISTAGEM_DIRETA] Link 3 - página 1: https://lista.mercadolivre.com.br/bebes/quarto-bebe/?forceContainer=true#c_container_id=not_apply&c_id=%2Fsplinter%2Fcarouselitem&c_element_order=5&c_campaign=bolota-quarto-do-bebe&c_label=%2Fsplinter%2Fcarouselitem&c_uid=eb338a50-61e3-11f1-86c0-f1eb3b0c1944&c_element_id=eb338a50-61e3-11f1-86c0-f1eb3b0c1944&c_content_origin=splinter-default&c_content_type=default&c_global_position=4&deal_print_id=ea304b20-61e3-11f1-b5b5-d3f84d3db8b2&c_tracking_id=ea304b20-61e3-11f1-b5b5-d3f84d3db8b2
[LISTAGEM_DIRETA] Link 3 - página 2: https://lista.mercadolivre.com.br/bebes/quarto-bebe/?forceContainer=true&page=2
[LISTAGEM_DIRETA] Link 3 - página 3: https://lista.mercadolivre.com.br/bebes/quarto-bebe/?forceContainer=true&page=3

[LINK_BASE_4] Processando listagem direta: https://lista.mercadolivre.com.br/bebes/seguranca-bebe/?forceContainer=true#c_container_id=not_apply&c_id=%2Fsplinter%2Fcarouselitem&c_element_order=6&c_campaign=bolota-seguranca-do-bebe&c_label=%2Fsplinter%2Fcarouselitem&c_uid=eb33b160-61e3-11f1-86c0-f1eb3b0c1944&c_element_id=eb33b160-61e3-11f1-86c0-f1eb3b0c1944&c_content_origin=splinter-default&c_content_type=default&c_global_position=4&deal_print_id=ea304b20-61e3-11f1-b5b5-d3f84d3db8b2&c_tracking_id=ea304b20-61e3-11f1-b5b5-d3f84d3db8b2
[LISTAGEM_DIRETA] Link 4 - página 1: https://lista.mercadolivre.com.br/bebes/seguranca-bebe/?forceContainer=true#c_container_id=not_apply&c_id=%2Fsplinter%2Fcarouselitem&c_element_order=6&c_campaign=bolota-seguranca-do-bebe&c_label=%2Fsplinter%2Fcarouselitem&c_uid=eb33b160-61e3-11f1-86c0-f1eb3b0c1944&c_element_id=eb33b160-61e3-11f1-86c0-f1eb3b0c1944&c_content_origin=splinter-default&c_content_type=default&c_global_position=4&deal_print_id=ea304b20-61e3-11f1-b5b5-d3f84d3db8b2&c_tracking_id=ea304b20-61e3-11f1-b5b5-d3f84d3db8b2
[LISTAGEM_DIRETA] Link 4 - página 2: https://lista.mercadolivre.com.br/bebes/seguranca-bebe/?forceContainer=true&page=2
[LISTAGEM_DIRETA] Link 4 - página 3: https://lista.mercadolivre.com.br/bebes/seguranca-bebe/?forceContainer=true&page=3

[LINK_BASE_5] Processando listagem direta: https://lista.mercadolivre.com.br/bebes/banho-bebe/?forceContainer=true#c_container_id=not_apply&c_id=%2Fsplinter%2Fcarouselitem&c_element_order=7&c_campaign=bolota-banho-do-bebe&c_label=%2Fsplinter%2Fcarouselitem&c_uid=eb33ff80-61e3-11f1-86c0-f1eb3b0c1944&c_element_id=eb33ff80-61e3-11f1-86c0-f1eb3b0c1944&c_content_origin=splinter-default&c_content_type=default&c_global_position=4&deal_print_id=ea304b20-61e3-11f1-b5b5-d3f84d3db8b2&c_tracking_id=ea304b20-61e3-11f1-b5b5-d3f84d3db8b2
[LISTAGEM_DIRETA] Link 5 - página 1: https://lista.mercadolivre.com.br/bebes/banho-bebe/?forceContainer=true#c_container_id=not_apply&c_id=%2Fsplinter%2Fcarouselitem&c_element_order=7&c_campaign=bolota-banho-do-bebe&c_label=%2Fsplinter%2Fcarouselitem&c_uid=eb33ff80-61e3-11f1-86c0-f1eb3b0c1944&c_element_id=eb33ff80-61e3-11f1-86c0-f1eb3b0c1944&c_content_origin=splinter-default&c_content_type=default&c_global_position=4&deal_print_id=ea304b20-61e3-11f1-b5b5-d3f84d3db8b2&c_tracking_id=ea304b20-61e3-11f1-b5b5-d3f84d3db8b2
✓ Link de afiliado: https://meli.la/2LUvFxF
[LISTAGEM_DIRETA] Link 5 - página 2: https://lista.mercadolivre.com.br/bebes/banho-bebe/?forceContainer=true&page=2
✓ Link de afiliado: https://meli.la/2LUvFxF
[LISTAGEM_DIRETA] Link 5 - página 3: https://lista.mercadolivre.com.br/bebes/banho-bebe/?forceContainer=true&page=3
✓ Link de afiliado: https://meli.la/2LUvFxF

Histórico relâmpago atualizado em: C:\Users\Lucas Bianco\Desktop\Projetos Dev\Promos\ofertas_relampago\Historico de anuncios\lista_anuncios.txt

Saida consolidada por modalidade atualizada em: C:\Users\Lucas Bianco\Desktop\Projetos Dev\Promos\saidas_execucoes\Campanha\lista_anuncios.txt

[DEBUG] Twilio Account SID: ACc0...e80a

Mensagem enviada para whatsapp:+5519991133269:
Fralda Pampers Premium Care Tamanho G 68 Unidades
Message SID Twilio: SM80bfd2c9e5aeeef05cebb3032552a4ce

Mensagem enviada para whatsapp:+5519991133269:
Assento Infantil Redutor Com Escada Confortavel Ohana Baby
Message SID Twilio: SMfaa36446f28b19df8f17cf7d90b0aa29

Mensagem enviada para whatsapp:+5519991133269:
Assento Infantil Redutor Com Escada Confortavel Ohana Baby
Message SID Twilio: SMa733ed673b9ddcf71cd3c095bdf2fae0

Mensagem enviada para whatsapp:+5519991133269:
Assento Infantil Redutor Com Escada Confortavel Ohana Baby
Message SID Twilio: SM403732af654cfe2c25568444edc7a9d6

4 oferta(s) processada(s) e salva(s).

=== Fim da execucao: 2026-06-18T20:42:31 ===
