=== Inicio da execucao: 2026-07-25T11:55:24 ===
Args: --produto-por-html --fonte mercadolivre --desconto-minimo 20 --limite-candidatos 5 --url-produto https://lista.mercadolivre.com.br/trave-de-porta-infantil#D[A:trave%20de%20porta%20infantil] --pasta-saida C:/Users/Lucas Bianco/Downloads --modalidade-execucao ondemand

[MODO_ATIVO] PRODUTO_ONDEMAND_HOME_PESQUISA

Modo procurar produto ativado (pesquisa pela home do Mercado Livre).

[LINK_BASE_1] Processando listagem direta: https://lista.mercadolivre.com.br/trave-de-porta-infantil#D[A:trave%20de%20porta%20infantil]
[LINK_BASE_1] Carregando em blocos de 3 páginas até encontrar candidatos válidos

[BLOCO_1] Carregando páginas 1 a 3 do Link 1
[LISTAGEM_DIRETA] Link 1 - página 1: https://lista.mercadolivre.com.br/trave-de-porta-infantil#D[A:trave%20de%20porta%20infantil]
✓ Link de afiliado: https://meli.la/2kbnxzm
✓ Link de afiliado: https://meli.la/31KWZiD
✓ Link de afiliado: https://meli.la/2yVFrvR
✓ Link de afiliado: https://meli.la/2bP1UNT
✓ Link de afiliado: https://meli.la/2zndMUc
[BLOCO_1] Resultado: 5 candidato(s) coletado(s), 5 válido(s) enriquecido(s). Total: 5/5

Histórico relâmpago atualizado em: C:/Users/Lucas Bianco/Downloads\lista_anuncios.txt
✅ 5 imagem(ns) principal(is) salvas em anuncios: C:\Users\Lucas Bianco\Desktop\Projetos Dev\Promos\dist-interface\instagram_anuncios
✅ JSON de busca de produto salvo em: C:\Users\Lucas Bianco\Desktop\Projetos Dev\Promos\ofertas_afiliados\Historico de anuncios\ofertas_20260725_115621.json

Saida consolidada por modalidade atualizada em: C:\Users\Lucas Bianco\Desktop\Projetos Dev\Promos\saidas_execucoes\OnDemand\lista_anuncios.txt
Saida JSON ondemand salva em: C:\Users\Lucas Bianco\Desktop\Projetos Dev\Promos\saidas_execucoes\OnDemand\ofertas_20260725_115622.json

[DEBUG] Twilio Account SID: ACc0...e80a

[DEBUG] media_url=NAO
[DEBUG] motivo_sem_midia=webp_desativado
[DEBUG] imagem=https://http2.mlstatic.com/D_NQ_NP_614252-MLA114913019769_072026-O.webp

Mensagem enviada para whatsapp:+5519991133269:
Kit 6 Travas Para Porta De Geladeira E Gavetas Segurança Infantil Porta Fechada Adesivo Dupla Face Branco
Message SID Twilio: SM69d1777c414fa2c506a7d2bef26099f0
[DEBUG] status_final_twilio=sending

[DEBUG] media_url=NAO
[DEBUG] motivo_sem_midia=webp_desativado
[DEBUG] imagem=https://http2.mlstatic.com/D_NQ_NP_648860-MLA111993607015_052026-O.webp

Mensagem enviada para whatsapp:+5519991133269:
Kit 3 Travas De Geladeira E Gavetas Para Segurança Infantil Não Abre A Porta Adesivo Ultra Resistente Fácil De Instalar Mantem A Porta Fechada
Message SID Twilio: SMabb0d54576845b883fa8620722129960
[DEBUG] status_final_twilio=sending

[DEBUG] media_url=NAO
[DEBUG] motivo_sem_midia=webp_desativado
[DEBUG] imagem=https://http2.mlstatic.com/D_NQ_NP_684154-MLA114285570797_072026-O.webp

Mensagem enviada para whatsapp:+5519991133269:
Kit 6 Trava Porta Geladeira Gavetas Segurança Infantil Adesivo Branco
Message SID Twilio: SM7abd5cdc1b01832cbaa8fbffba4402b6
[DEBUG] status_final_twilio=sending

[DEBUG] media_url=NAO
[DEBUG] motivo_sem_midia=webp_desativado
[DEBUG] imagem=https://http2.mlstatic.com/D_NQ_NP_775262-MLB107993792637_032026-O-kit-4-trava-com-chave-porta-janela-correr-seguranca-infantil.webp

Mensagem enviada para whatsapp:+5519991133269:
Kit 4 Trava Com Chave Porta Janela Correr Segurança Infantil
Message SID Twilio: SM8cfa5a691f9d4d51c94c8f1b262dcebc
[DEBUG] status_final_twilio=sending

[DEBUG] media_url=NAO
[DEBUG] motivo_sem_midia=webp_desativado
[DEBUG] imagem=https://http2.mlstatic.com/D_NQ_NP_877178-MLB107750413385_022026-O-kit-6-protetores-de-porta-infantil-bebes-cuidado-trava-dedos.webp

Mensagem enviada para whatsapp:+5519991133269:
Kit 6 Protetores De Porta Infantil Bebês Cuidado Trava Dedos
Message SID Twilio: SMd7b2d51f307c7e68ff6a6a1ff1787ee6
[DEBUG] status_final_twilio=sending

[RESUMO_TWILIO] entregues_ou_processadas=5 falhas=0 total=5

5 oferta(s) processada(s) e salva(s).

=== Fim da execucao: 2026-07-25T11:56:31 ===
