=== Inicio da execucao: 2026-07-13T19:54:24 ===
Args: --produto-por-html --desconto-minimo 50 --limite-candidatos 3 --url-produto https://lista.mercadolivre.com.br/teclado-gamer#D[A:teclado%20gamer] --pasta-saida C:/Users/Lucas Bianco/Downloads --modalidade-execucao ondemand

[MODO_ATIVO] PRODUTO_ONDEMAND_HOME_PESQUISA

Modo procurar produto ativado (pesquisa pela home do Mercado Livre).

[LINK_BASE_1] Processando listagem direta: https://lista.mercadolivre.com.br/teclado-gamer#D[A:teclado%20gamer]
[LINK_BASE_1] Carregando em blocos de 3 páginas até encontrar candidatos válidos

[BLOCO_1] Carregando páginas 1 a 3 do Link 1
[LISTAGEM_DIRETA] Link 1 - página 1: https://lista.mercadolivre.com.br/teclado-gamer#D[A:teclado%20gamer]
✓ Link de afiliado: https://meli.la/2LiGcAg
✓ Link de afiliado: https://meli.la/1ixuBeA
✓ Link de afiliado: https://meli.la/1K631SZ
[BLOCO_1] Resultado: 3 candidato(s) coletado(s), 3 válido(s) enriquecido(s). Total: 3/3

Histórico relâmpago atualizado em: C:/Users/Lucas Bianco/Downloads\lista_anuncios.txt

Saida consolidada por modalidade atualizada em: C:\Users\Lucas Bianco\Desktop\Projetos Dev\Promos\saidas_execucoes\OnDemand\lista_anuncios.txt

[DEBUG] Twilio Account SID: ACc0...e80a

Mensagem enviada para whatsapp:+5519991133269:
Teclado Gamer Mecânico Royal Score Preto Warrior - Tc313
Message SID Twilio: SM72cec8b7f2f893916c8c7c15126922e7

Mensagem enviada para whatsapp:+5519991133269:
Teclado Gamer Mecânico Abnt2 Led Switch Português Brasil Rgb
Message SID Twilio: SMe38983e9af9088ffa7ccf60bb1eeaf2b

Mensagem enviada para whatsapp:+5519991133269:
Teclado Gamer Aoc Gk280 Panel En Inglés Branco Inglês Us
Message SID Twilio: SM573cab07485bcc2d3308258f13500ad8

3 oferta(s) processada(s) e salva(s).

=== Fim da execucao: 2026-07-13T19:55:17 ===
