=== Inicio da execucao: 2026-05-27T20:56:50 ===
Args: --somente-relampago --preco-maximo 500.0 --desconto-minimo 20 --limite-candidatos 10 --pasta-saida C:/Users/Lucas Bianco/Downloads --modalidade-execucao ondemand

[MODO_ATIVO] FLUXO_HUB_AFILIADOS_LEGADO

Mercado Livre ja esta autenticado.

Modo somente ofertas relâmpago ativado. Fluxo do hub/Twilio foi ignorado.
Limpeza de HTML relâmpago: 2 arquivo(s) antigo(s) removido(s).

Navegando para ofertas relâmpago:
https://www.mercadolivre.com.br/ofertas?promotion_type=lightning#filter_applied=promotion_type&filter_position=3&origin=qcat
HTML salvo em: C:\Users\Lucas Bianco\Desktop\Projetos Dev\Promos\dist-interface\ofertas_relampago\html\html_relampago_20260527_205715_996869_01.txt
Modo sem parametros detectado: usando apenas o primeiro HTML de ofertas relampago.

Analisando HTML de: C:\Users\Lucas Bianco\Desktop\Projetos Dev\Promos\dist-interface\ofertas_relampago\html\html_relampago_20260527_205715_996869_01.txt
44 oferta(s) com 20% ou mais de desconto extraída(s) do JSON.
[DESCARTADO - HISTORICO] Anúncio mlb4540716592 marcado como anuncio_inedito=false no histórico.
[DESCARTADO - HISTORICO] Anúncio mlb5761677016 marcado como anuncio_inedito=false no histórico.
[DESCARTADO - HISTORICO] Anúncio mlb4466276267 marcado como anuncio_inedito=false no histórico.
[DESCARTADO - HISTORICO] Anúncio mlb6437835658 marcado como anuncio_inedito=false no histórico.
[DESCARTADO - HISTORICO] Anúncio mlb6756757832 marcado como anuncio_inedito=false no histórico.
[DESCARTADO - HISTORICO] Anúncio mlb4967167410 marcado como anuncio_inedito=false no histórico.
[DESCARTADO - HISTORICO] Anúncio mlb4112589882 marcado como anuncio_inedito=false no histórico.
[DESCARTADO - HISTORICO] Anúncio mlb4415801503 marcado como anuncio_inedito=false no histórico.
[DESCARTADO - HISTORICO] Anúncio mlb4328800327 marcado como anuncio_inedito=false no histórico.
[DESCARTADO - HISTORICO] Anúncio mlb4478996699 marcado como anuncio_inedito=false no histórico.
[DESCARTADO - HISTORICO] Anúncio mlb4227761629 marcado como anuncio_inedito=false no histórico.
[DESCARTADO - HISTORICO] Anúncio mlb4291609113 marcado como anuncio_inedito=false no histórico.
[DESCARTADO - HISTORICO] Anúncio mlb4125132275 marcado como anuncio_inedito=false no histórico.
[DESCARTADO - HISTORICO] Anúncio mlb4307126823 marcado como anuncio_inedito=false no histórico.
[DESCARTADO - HISTORICO] Anúncio mlb5552965854 marcado como anuncio_inedito=false no histórico.
[DESCARTADO - HISTORICO] Anúncio mlb4643800517 marcado como anuncio_inedito=false no histórico.
[DESCARTADO - HISTORICO] Anúncio mlb5265791338 marcado como anuncio_inedito=false no histórico.
[DESCARTADO - HISTORICO] Anúncio mlb4728845712 marcado como anuncio_inedito=false no histórico.
[DESCARTADO - HISTORICO] Anúncio mlb4132158185 marcado como anuncio_inedito=false no histórico.
[DESCARTADO - HISTORICO] Anúncio mlb4154911487 marcado como anuncio_inedito=false no histórico.
[DESCARTADO - HISTORICO] Anúncio mlb6435184854 marcado como anuncio_inedito=false no histórico.
[DESCARTADO - HISTORICO] Anúncio mlb3497759017 marcado como anuncio_inedito=false no histórico.
[DESCARTADO - HISTORICO] Anúncio mlb5748326240 marcado como anuncio_inedito=false no histórico.
[DESCARTADO - HISTORICO] Anúncio mlb4219770063 marcado como anuncio_inedito=false no histórico.
[DESCARTADO - HISTORICO] Anúncio mlb4699292451 marcado como anuncio_inedito=false no histórico.
[DESCARTADO - HISTORICO] Anúncio mlb5642934704 marcado como anuncio_inedito=false no histórico.
[DESCARTADO - HISTORICO] Anúncio mlb6716888238 marcado como anuncio_inedito=false no histórico.
[DESCARTADO - HISTORICO] Anúncio mlb4571473797 marcado como anuncio_inedito=false no histórico.
Página atual trouxe 8/10 oferta(s) válida(s). Coletando página 2/25.

Navegando para ofertas relâmpago:
https://www.mercadolivre.com.br/ofertas?promotion_type=lightning&page=2
HTML salvo em: C:\Users\Lucas Bianco\Desktop\Projetos Dev\Promos\dist-interface\ofertas_relampago\html\html_relampago_20260527_205737_827745_02.txt

Analisando HTML de: C:\Users\Lucas Bianco\Desktop\Projetos Dev\Promos\dist-interface\ofertas_relampago\html\html_relampago_20260527_205715_996869_01.txt
44 oferta(s) com 20% ou mais de desconto extraída(s) do JSON.
[DESCARTADO - HISTORICO] Anúncio mlb4540716592 marcado como anuncio_inedito=false no histórico.
[DESCARTADO - HISTORICO] Anúncio mlb5761677016 marcado como anuncio_inedito=false no histórico.
[DESCARTADO - HISTORICO] Anúncio mlb4466276267 marcado como anuncio_inedito=false no histórico.
[DESCARTADO - HISTORICO] Anúncio mlb6437835658 marcado como anuncio_inedito=false no histórico.
[DESCARTADO - HISTORICO] Anúncio mlb6756757832 marcado como anuncio_inedito=false no histórico.
[DESCARTADO - HISTORICO] Anúncio mlb4967167410 marcado como anuncio_inedito=false no histórico.
[DESCARTADO - HISTORICO] Anúncio mlb4112589882 marcado como anuncio_inedito=false no histórico.
[DESCARTADO - HISTORICO] Anúncio mlb4415801503 marcado como anuncio_inedito=false no histórico.
[DESCARTADO - HISTORICO] Anúncio mlb4328800327 marcado como anuncio_inedito=false no histórico.
[DESCARTADO - HISTORICO] Anúncio mlb4478996699 marcado como anuncio_inedito=false no histórico.
[DESCARTADO - HISTORICO] Anúncio mlb4227761629 marcado como anuncio_inedito=false no histórico.
[DESCARTADO - HISTORICO] Anúncio mlb4291609113 marcado como anuncio_inedito=false no histórico.
[DESCARTADO - HISTORICO] Anúncio mlb4125132275 marcado como anuncio_inedito=false no histórico.
[DESCARTADO - HISTORICO] Anúncio mlb4307126823 marcado como anuncio_inedito=false no histórico.
[DESCARTADO - HISTORICO] Anúncio mlb5552965854 marcado como anuncio_inedito=false no histórico.
[DESCARTADO - HISTORICO] Anúncio mlb4643800517 marcado como anuncio_inedito=false no histórico.
[DESCARTADO - HISTORICO] Anúncio mlb5265791338 marcado como anuncio_inedito=false no histórico.
[DESCARTADO - HISTORICO] Anúncio mlb4728845712 marcado como anuncio_inedito=false no histórico.
[DESCARTADO - HISTORICO] Anúncio mlb4132158185 marcado como anuncio_inedito=false no histórico.
[DESCARTADO - HISTORICO] Anúncio mlb4154911487 marcado como anuncio_inedito=false no histórico.
[DESCARTADO - HISTORICO] Anúncio mlb6435184854 marcado como anuncio_inedito=false no histórico.
[DESCARTADO - HISTORICO] Anúncio mlb3497759017 marcado como anuncio_inedito=false no histórico.
[DESCARTADO - HISTORICO] Anúncio mlb5748326240 marcado como anuncio_inedito=false no histórico.
[DESCARTADO - HISTORICO] Anúncio mlb4219770063 marcado como anuncio_inedito=false no histórico.
[DESCARTADO - HISTORICO] Anúncio mlb4699292451 marcado como anuncio_inedito=false no histórico.
[DESCARTADO - HISTORICO] Anúncio mlb5642934704 marcado como anuncio_inedito=false no histórico.
[DESCARTADO - HISTORICO] Anúncio mlb6716888238 marcado como anuncio_inedito=false no histórico.
[DESCARTADO - HISTORICO] Anúncio mlb4571473797 marcado como anuncio_inedito=false no histórico.

Analisando HTML de: C:\Users\Lucas Bianco\Desktop\Projetos Dev\Promos\dist-interface\ofertas_relampago\html\html_relampago_20260527_205737_827745_02.txt
43 oferta(s) com 20% ou mais de desconto extraída(s) do JSON.
[DESCARTADO - HISTORICO] Anúncio mlb5381673504 marcado como anuncio_inedito=false no histórico.
Paginação parametrizada limitada a 25 página(s) (detecção original: 179 página(s)).
HTML consolidado salvo em: C:\Users\Lucas Bianco\Desktop\Projetos Dev\Promos\dist-interface\ofertas_relampago\html\html_relampago_consolidado_20260527_205738.txt
Usando link direto extraído do HTML para obter link de afiliado.
✓ Link de afiliado: https://meli.la/2oFZoRs
Usando link direto extraído do HTML para obter link de afiliado.
✓ Link de afiliado: https://meli.la/28WWctE
Usando link direto extraído do HTML para obter link de afiliado.
✓ Link de afiliado: https://meli.la/1z3d48X
Usando link direto extraído do HTML para obter link de afiliado.
✓ Link de afiliado: https://meli.la/1fDCuso
Usando link direto extraído do HTML para obter link de afiliado.
✓ Link de afiliado: https://meli.la/1xHFp4u
Usando link direto extraído do HTML para obter link de afiliado.
✓ Link de afiliado: https://meli.la/2QPogtP
Usando link direto extraído do HTML para obter link de afiliado.
✓ Link de afiliado: https://meli.la/1FQvjFx
Usando link direto extraído do HTML para obter link de afiliado.
✓ Link de afiliado: https://meli.la/2pnpDtZ
Usando link direto extraído do HTML para obter link de afiliado.
✓ Link de afiliado: https://meli.la/1T6B3oZ
Usando link direto extraído do HTML para obter link de afiliado.
✓ Link de afiliado: https://meli.la/32HXmjz
Metadados salvos em: C:\Users\Lucas Bianco\Desktop\Projetos Dev\Promos\dist-interface\metadados_coleta\metadados_relampago_exec_0055_20260527_205920.json

Histórico relâmpago atualizado em: C:/Users/Lucas Bianco/Downloads\lista_anuncios.txt

Saida consolidada por modalidade atualizada em: C:\Users\Lucas Bianco\Desktop\Projetos Dev\Promos\dist-interface\saidas_execucoes\OnDemand\lista_anuncios.txt

10 oferta(s) relâmpago processada(s) e salvas.

Envio pelo WhatsApp finalizado com sucesso!

=== Fim da execucao: 2026-05-27T20:59:20 ===
