=== Inicio da execucao: 2026-06-04T14:19:40 ===
Args: --produto-por-html --descricao-produto resident evil requiem switch 2 --limite-candidatos 5 --pasta-saida C:/Users/Lucas Bianco/Downloads --modalidade-execucao ondemand

[MODO_ATIVO] PRODUTO_ONDEMAND_HOME_PESQUISA

Modo procurar produto ativado (pesquisa pela home do Mercado Livre).

[Pesquisa inicial] Página 1: https://lista.mercadolivre.com.br/resident-evil-requiem-switch-2
✓ Link de afiliado: https://meli.la/32s6TT8
✓ Link de afiliado: https://meli.la/2uUN65Q
✓ Link de afiliado: https://meli.la/1wANTD7
[INFO] Marcador de sessão 'LM' detectado no header. Prosseguindo com a tentativa de afiliado.
[ERRO] Falha ao clicar no botão Afiliados/Compartilhar: Locator.wait_for: Timeout 10000ms exceeded.
Call log:
  - waiting for locator("nav[aria-label='Afiliados'] button[data-testid='generate_link_button']").first to be visible

[LOGIN_REQUIRED_AFILIADOS] Link de afiliado nao gerado para mlb2060745932. Anuncio ignorado. Faca login no Afiliados e execute novamente.
✓ Link de afiliado: https://meli.la/2ifrXCk
[AVISO] Enriquecimento com afiliado falhou em 1 candidato(s). Anuncios sem link de afiliado valido foram ignorados.

Histórico relâmpago atualizado em: C:/Users/Lucas Bianco/Downloads\lista_anuncios.txt

Saida consolidada por modalidade atualizada em: C:\Users\Lucas Bianco\Desktop\Projetos Dev\Promos\saidas_execucoes\OnDemand\lista_anuncios.txt

[DEBUG] Twilio Account SID: ACc0...e80a

Mensagem enviada para whatsapp:+5519991133269:
Resident Evil Requiem Switch 2 Mídia Física, Original
Message SID Twilio: SM2951c4182bc11c50722993887bb1b627

Mensagem enviada para whatsapp:+5519991133269:
Jogo Resident Evil Requiem Para Switch 2
Message SID Twilio: SM20210b1c7dba236f9af9c8ad802feb9c

Mensagem enviada para whatsapp:+5519991133269:
Resident Evil Requiem Switch 2
Message SID Twilio: SM4a174d507234e95bf49a8e12ccb05d8b

Mensagem enviada para whatsapp:+5519991133269:
Resident Evil Requiem Edição Deluxe Steelbook Switch 2
Message SID Twilio: SMa9cf876218d48094b965e52b02602330

4 oferta(s) processada(s) e salva(s).

=== Fim da execucao: 2026-06-04T14:21:02 ===
