=== Inicio da execucao: 2026-07-22T20:33:02 ===
Args: --produto-por-html --fonte mercadolivre --url-produto https://lista.mercadolivre.com.br/_Container_pet-cpg-areia-e-higiene-query?forceContainer=true#c_container_id=MLB1328170-1&c_id=%2Fsplinter%2Fspecial-withoutlabel&c_element_order=2&c_campaign=gato-areia-higiene&c_label=%2Fsplinter%2Fspecial-withoutlabel&c_uid=1f172aa4-836a-11f1-af20-f3e7841ca6f0&c_element_id=1f172aa4-836a-11f1-af20-f3e7841ca6f0&c_content_origin=splinter-default&c_content_type=default&c_global_position=5&deal_print_id=1eef3040-836a-11f1-a918-0dc5491cce4b&c_tracking_id=1eef3040-836a-11f1-a918-0dc5491cce4b --desconto-minimo 10 --limite-candidatos 3 --modalidade-execucao campanha

[MODO_ATIVO] PRODUTO_ONDEMAND_HOME_PESQUISA

Modo procurar produto ativado (pesquisa pela home do Mercado Livre).

[LINK_BASE_1] Processando listagem direta: https://lista.mercadolivre.com.br/_Container_pet-cpg-areia-e-higiene-query?forceContainer=true#c_container_id=MLB1328170-1&c_id=%2Fsplinter%2Fspecial-withoutlabel&c_element_order=2&c_campaign=gato-areia-higiene&c_label=%2Fsplinter%2Fspecial-withoutlabel&c_uid=1f172aa4-836a-11f1-af20-f3e7841ca6f0&c_element_id=1f172aa4-836a-11f1-af20-f3e7841ca6f0&c_content_origin=splinter-default&c_content_type=default&c_global_position=5&deal_print_id=1eef3040-836a-11f1-a918-0dc5491cce4b&c_tracking_id=1eef3040-836a-11f1-a918-0dc5491cce4b
[LINK_BASE_1] Carregando em blocos de 3 páginas até encontrar candidatos válidos

[BLOCO_1] Carregando páginas 1 a 3 do Link 1
[LISTAGEM_DIRETA] Link 1 - página 1: https://lista.mercadolivre.com.br/_Container_pet-cpg-areia-e-higiene-query?forceContainer=true#c_container_id=MLB1328170-1&c_id=%2Fsplinter%2Fspecial-withoutlabel&c_element_order=2&c_campaign=gato-areia-higiene&c_label=%2Fsplinter%2Fspecial-withoutlabel&c_uid=1f172aa4-836a-11f1-af20-f3e7841ca6f0&c_element_id=1f172aa4-836a-11f1-af20-f3e7841ca6f0&c_content_origin=splinter-default&c_content_type=default&c_global_position=5&deal_print_id=1eef3040-836a-11f1-a918-0dc5491cce4b&c_tracking_id=1eef3040-836a-11f1-a918-0dc5491cce4b
✓ Link de afiliado: https://meli.la/1Cgxs6V
✓ Link de afiliado: https://meli.la/12oLMaX
[LOGIN_REQUIRED_AFILIADOS] Nao foi possivel gerar link de afiliado para mlb21851806 (Sessao do Mercado Livre nao autenticada: botao de Afiliados indisponivel. Faça login e execute novamente.).
[LISTAGEM_DIRETA] Link 1 - página 2: https://lista.mercadolivre.com.br/_Container_pet-cpg-areia-e-higiene-query?forceContainer=true&page=2
[BLOCO_1] Resultado: 3 candidato(s) coletado(s), 2 válido(s) enriquecido(s). Total: 2/3

[BLOCO_2] Carregando páginas 4 a 6 do Link 1
[LISTAGEM_DIRETA] Link 1 - página 4: https://lista.mercadolivre.com.br/_Container_pet-cpg-areia-e-higiene-query?forceContainer=true&page=4
[BLOCO_2] Resultado: 0 candidato(s) coletado(s), 0 válido(s) enriquecido(s). Total: 2/3
[BLOCO_2] Nenhum candidato neste bloco. Continuando para proximas paginas.

[BLOCO_3] Carregando páginas 7 a 9 do Link 1
[LISTAGEM_DIRETA] Link 1 - página 7: https://lista.mercadolivre.com.br/_Container_pet-cpg-areia-e-higiene-query?forceContainer=true&page=7
[BLOCO_3] Resultado: 0 candidato(s) coletado(s), 0 válido(s) enriquecido(s). Total: 2/3
[BLOCO_3] Nenhum candidato neste bloco. Continuando para proximas paginas.

[BLOCO_4] Carregando páginas 10 a 12 do Link 1
[LISTAGEM_DIRETA] Link 1 - página 10: https://lista.mercadolivre.com.br/_Container_pet-cpg-areia-e-higiene-query?forceContainer=true&page=10
[BLOCO_4] Resultado: 0 candidato(s) coletado(s), 0 válido(s) enriquecido(s). Total: 2/3
[BLOCO_4] Nenhum candidato neste bloco. Continuando para proximas paginas.

[BLOCO_5] Carregando páginas 13 a 15 do Link 1
[LISTAGEM_DIRETA] Link 1 - página 13: https://lista.mercadolivre.com.br/_Container_pet-cpg-areia-e-higiene-query?forceContainer=true&page=13
[BLOCO_5] Resultado: 0 candidato(s) coletado(s), 0 válido(s) enriquecido(s). Total: 2/3
[BLOCO_5] Nenhum candidato encontrado e limite de paginas atingido neste link.
[AVISO] 1 candidato(s) exigiram login no Afiliados para gerar link com comissao.
[AVISO] Enriquecimento com afiliado falhou em 1 candidato(s). Anuncios sem link de afiliado valido foram ignorados.

Histórico relâmpago atualizado em: C:\Users\Lucas Bianco\Desktop\Projetos Dev\Promos\ofertas_relampago\Historico de anuncios\lista_anuncios.txt
✅ 2 imagem(ns) principal(is) salvas em anuncios: C:\Users\Lucas Bianco\Desktop\Projetos Dev\Promos\dist-interface\instagram_anuncios
✅ JSON de busca de produto salvo em: C:\Users\Lucas Bianco\Desktop\Projetos Dev\Promos\ofertas_afiliados\Historico de anuncios\ofertas_20260722_203409.json

Saida consolidada por modalidade atualizada em: C:\Users\Lucas Bianco\Desktop\Projetos Dev\Promos\saidas_execucoes\Campanha\lista_anuncios.txt
Saida JSON campanha salva em: C:\Users\Lucas Bianco\Desktop\Projetos Dev\Promos\saidas_execucoes\Campanha\ofertas_20260722_203409.json

[DEBUG] Twilio Account SID: ACc0...e80a

[DEBUG] media_url=NAO
[DEBUG] motivo_sem_midia=webp_desativado
[DEBUG] imagem=https://http2.mlstatic.com/D_NQ_NP_608168-MLA100088114821_122025-O.webp

Mensagem enviada para whatsapp:+5519991133269:
Areia Higiênica Mandioca Gato Biodegradável Bionature 2kg Anti Odor
Message SID Twilio: SMdb4c2ecd1d462e13da9baa09cba7dc2a
[DEBUG] status_final_twilio=sending

[DEBUG] media_url=NAO
[DEBUG] motivo_sem_midia=webp_desativado
[DEBUG] imagem=https://http2.mlstatic.com/D_NQ_NP_662919-MLA114220502203_072026-O.webp

Mensagem enviada para whatsapp:+5519991133269:
Areia para Gatos Higiênica Mandioca Granulado Natural Biodegradável Sanitária Grãos Médios 4kg - Esconde Aí
Message SID Twilio: SMcc129d9af4acbcfac21786db355037b2
[DEBUG] status_final_twilio=sending

[RESUMO_TWILIO] entregues_ou_processadas=2 falhas=0 total=2

2 oferta(s) processada(s) e salva(s).

=== Fim da execucao: 2026-07-22T20:34:12 ===
