=== Inicio da execucao: 2026-06-15T19:30:52 ===
Args: --produto-por-html --url-produto https://lista.mercadolivre.com.br/produtos-da-copa-2026_NoIndex_True --preco-minimo 30.0 --preco-maximo 140.0 --limite-candidatos 5 --modalidade-execucao campanha

[MODO_ATIVO] PRODUTO_ONDEMAND_HOME_PESQUISA

Modo procurar produto ativado (pesquisa pela home do Mercado Livre).

[LINK_BASE_1] Processando listagem direta: https://lista.mercadolivre.com.br/produtos-da-copa-2026_NoIndex_True
[LISTAGEM_DIRETA] Link 1 - página 1: https://lista.mercadolivre.com.br/produtos-da-copa-2026_NoIndex_True
✓ Link de afiliado: https://meli.la/1ZGhsni
✓ Link de afiliado: https://meli.la/2tsqsVF
✓ Link de afiliado: https://meli.la/1PDBJ4a
✓ Link de afiliado: https://meli.la/1tDV1NT
✓ Link de afiliado: https://meli.la/2SH38Uq

Histórico relâmpago atualizado em: C:\Users\Lucas Bianco\Desktop\Projetos Dev\Promos\ofertas_relampago\Historico de anuncios\lista_anuncios.txt

Saida consolidada por modalidade atualizada em: C:\Users\Lucas Bianco\Desktop\Projetos Dev\Promos\saidas_execucoes\Campanha\lista_anuncios.txt

[DEBUG] Twilio Account SID: ACc0...e80a

Mensagem enviada para whatsapp:+5519991133269:
Kit Torcedor Brasil 12 Peças, Ideal Para Copa Do Mundo 2026
Message SID Twilio: SM2e495cbdbbfa79f0aae9866132946d45

Mensagem enviada para whatsapp:+5519991133269:
Camiseta Feminina Brasil Copa Do Mundo 2026 Blusa Bandeira
Message SID Twilio: SMb63fa1e84b9f571c515c61ee4814a35e

Mensagem enviada para whatsapp:+5519991133269:
Kit Torcedor 12 Itens Copa Do Mundo Brasil Bandeira Vuvuzela
Message SID Twilio: SMa6fb2edc68eaa7a4dafd6057f418bbff

Mensagem enviada para whatsapp:+5519991133269:
Album Copa Do Mundo Fifa 2026 Capa Mole - Com 84 Figurinhas
Message SID Twilio: SM3eb470e00724540693dc387b6fd36c2c

Mensagem enviada para whatsapp:+5519991133269:
Kit 14 Figurinhas Da Copa Do Mundo 2026 Original Coca Cola
Message SID Twilio: SM03d9b539363627deff863e20327fe36b

5 oferta(s) processada(s) e salva(s).

=== Fim da execucao: 2026-06-15T19:32:07 ===
