=== Inicio da execucao: 2026-07-08T22:52:15 ===
Args: --somente-relampago --desconto-minimo 50 --limite-candidatos 5 --pasta-saida C:/Users/Lucas Bianco/Downloads --modalidade-execucao ondemand

[MODO_ATIVO] FLUXO_HUB_AFILIADOS_LEGADO

Mercado Livre ja esta autenticado.

Modo somente ofertas relâmpago ativado. Fluxo do hub/Twilio foi ignorado.
Limpeza de HTML relâmpago: 5 arquivo(s) antigo(s) removido(s).

Navegando para ofertas relâmpago:
https://www.mercadolivre.com.br/ofertas?promotion_type=lightning#filter_applied=promotion_type&filter_position=3&origin=qcat
HTML salvo em: C:\Users\Lucas Bianco\Desktop\Projetos Dev\Promos\ofertas_relampago\html\html_relampago_20260708_225238_843697_01.txt
Modo sem parametros detectado: usando apenas o primeiro HTML de ofertas relampago.

Analisando HTML de: C:\Users\Lucas Bianco\Desktop\Projetos Dev\Promos\ofertas_relampago\html\html_relampago_20260708_225238_843697_01.txt
0 oferta(s) com 50% ou mais de desconto extraída(s) do JSON.
0 card(s) encontrado(s) no HTML.
0 oferta(s) extraída(s) do HTML.
Página atual trouxe 0/5 oferta(s) válida(s). Coletando página 2/25.

Navegando para ofertas relâmpago:
https://www.mercadolivre.com.br/ofertas?promotion_type=lightning&page=2
HTML salvo em: C:\Users\Lucas Bianco\Desktop\Projetos Dev\Promos\ofertas_relampago\html\html_relampago_20260708_225301_749480_02.txt

Analisando HTML de: C:\Users\Lucas Bianco\Desktop\Projetos Dev\Promos\ofertas_relampago\html\html_relampago_20260708_225238_843697_01.txt
0 oferta(s) com 50% ou mais de desconto extraída(s) do JSON.
0 card(s) encontrado(s) no HTML.
0 oferta(s) extraída(s) do HTML.

Analisando HTML de: C:\Users\Lucas Bianco\Desktop\Projetos Dev\Promos\ofertas_relampago\html\html_relampago_20260708_225301_749480_02.txt
0 oferta(s) com 50% ou mais de desconto extraída(s) do JSON.
0 card(s) encontrado(s) no HTML.
0 oferta(s) extraída(s) do HTML.
Página atual trouxe 0/5 oferta(s) válida(s). Coletando página 3/25.

Navegando para ofertas relâmpago:
https://www.mercadolivre.com.br/ofertas?promotion_type=lightning&page=3
HTML salvo em: C:\Users\Lucas Bianco\Desktop\Projetos Dev\Promos\ofertas_relampago\html\html_relampago_20260708_225323_687298_03.txt

Analisando HTML de: C:\Users\Lucas Bianco\Desktop\Projetos Dev\Promos\ofertas_relampago\html\html_relampago_20260708_225238_843697_01.txt
0 oferta(s) com 50% ou mais de desconto extraída(s) do JSON.
0 card(s) encontrado(s) no HTML.
0 oferta(s) extraída(s) do HTML.

Analisando HTML de: C:\Users\Lucas Bianco\Desktop\Projetos Dev\Promos\ofertas_relampago\html\html_relampago_20260708_225301_749480_02.txt
0 oferta(s) com 50% ou mais de desconto extraída(s) do JSON.
0 card(s) encontrado(s) no HTML.
0 oferta(s) extraída(s) do HTML.

Analisando HTML de: C:\Users\Lucas Bianco\Desktop\Projetos Dev\Promos\ofertas_relampago\html\html_relampago_20260708_225323_687298_03.txt
0 oferta(s) com 50% ou mais de desconto extraída(s) do JSON.
0 card(s) encontrado(s) no HTML.
0 oferta(s) extraída(s) do HTML.
Página atual trouxe 0/5 oferta(s) válida(s). Coletando página 4/25.

Navegando para ofertas relâmpago:
https://www.mercadolivre.com.br/ofertas?promotion_type=lightning&page=4
HTML salvo em: C:\Users\Lucas Bianco\Desktop\Projetos Dev\Promos\ofertas_relampago\html\html_relampago_20260708_225346_269808_04.txt

Analisando HTML de: C:\Users\Lucas Bianco\Desktop\Projetos Dev\Promos\ofertas_relampago\html\html_relampago_20260708_225238_843697_01.txt
0 oferta(s) com 50% ou mais de desconto extraída(s) do JSON.
0 card(s) encontrado(s) no HTML.
0 oferta(s) extraída(s) do HTML.

Analisando HTML de: C:\Users\Lucas Bianco\Desktop\Projetos Dev\Promos\ofertas_relampago\html\html_relampago_20260708_225301_749480_02.txt
0 oferta(s) com 50% ou mais de desconto extraída(s) do JSON.
0 card(s) encontrado(s) no HTML.
0 oferta(s) extraída(s) do HTML.

Analisando HTML de: C:\Users\Lucas Bianco\Desktop\Projetos Dev\Promos\ofertas_relampago\html\html_relampago_20260708_225323_687298_03.txt
0 oferta(s) com 50% ou mais de desconto extraída(s) do JSON.
0 card(s) encontrado(s) no HTML.
0 oferta(s) extraída(s) do HTML.

Analisando HTML de: C:\Users\Lucas Bianco\Desktop\Projetos Dev\Promos\ofertas_relampago\html\html_relampago_20260708_225346_269808_04.txt
0 oferta(s) com 50% ou mais de desconto extraída(s) do JSON.
0 card(s) encontrado(s) no HTML.
0 oferta(s) extraída(s) do HTML.
Parando paginação parametrizada: 3 página(s) seguidas sem novas ofertas válidas.
Paginação parametrizada limitada a 25 página(s) (detecção original: 227 página(s)).
HTML consolidado salvo em: C:\Users\Lucas Bianco\Desktop\Projetos Dev\Promos\ofertas_relampago\html\html_relampago_consolidado_20260708_225346.txt
Metadados salvos em: C:\Users\Lucas Bianco\Desktop\Projetos Dev\Promos\metadados_coleta\metadados_relampago_exec_0051_20260708_225346.json

Nenhuma oferta elegível encontrada.

Nenhuma oferta relâmpago elegível foi encontrada nesta execução.

Envio pelo WhatsApp finalizado com sucesso!

=== Fim da execucao: 2026-07-08T22:53:47 ===
