=== Inicio da execucao: 2026-07-14T20:14:02 ===
Args: --produto-por-html --descricao-produto caixa de ferramentas --desconto-minimo 30 --limite-candidatos 2 --pasta-saida C:/Users/Lucas Bianco/Downloads --modalidade-execucao ondemand

[MODO_ATIVO] PRODUTO_ONDEMAND_HOME_PESQUISA

Modo procurar produto ativado (pesquisa pela home do Mercado Livre).

[BLOCO_GENERICA_1] Carregando páginas 1 a 3
[BLOCO_GENERICA_1] Página 1: https://lista.mercadolivre.com.br/caixa-de-ferramentas
[BLOCO_GENERICA_1] Resultado: 2 candidato(s) coletado(s). Total: 2
✓ Link de afiliado: https://meli.la/1fkzegU
✓ Link de afiliado: https://meli.la/1TbD47V

Histórico relâmpago atualizado em: C:/Users/Lucas Bianco/Downloads\lista_anuncios.txt

Saida consolidada por modalidade atualizada em: C:\Users\Lucas Bianco\Desktop\Projetos Dev\Promos\saidas_execucoes\OnDemand\lista_anuncios.txt

[DEBUG] Twilio Account SID: ACc0...e80a

Mensagem enviada para whatsapp:+5519991133269:
Inova Cases Jogo De Soquetes 42 Peças Caixa De Ferramentas Aço Crv Chave Soquetes Sextavados Chave de Catraca Bits Fenda Phillips Allen Torx Gedore Automotivo Para Oficina Mecânica Loja Do Mecanico
Message SID Twilio: SM50f76bd4752df7ec87b2a73c554254b3

Mensagem enviada para whatsapp:+5519991133269:
Inova Cases Jogo De Soquetes Automotivo Maleta De Chaves Sextavados Catracas Caixa De Ferramentas 61 Peças Kit Acessorios Combinada Completa Allen Torx Gedore Para Loja do Mecanico Oficina Mecânica
Message SID Twilio: SMd462bce1ce393e0cb9717caa43ebd8ab

2 oferta(s) processada(s) e salva(s).

=== Fim da execucao: 2026-07-14T20:14:43 ===
