=== Inicio da execucao: 2026-07-09T09:40:01 ===
Args: --produto-por-html --url-produto https://lista.mercadolivre.com.br/bebes/higiene-cuidados-bebe/fraldas/descartaveis/mais-de-60-unidades/fralda_NoIndex_True#applied_filter_id%3DUNITS_PER_PACKAGE%26applied_filter_name%3DUnidades+por+embalagem%26applied_filter_order%3D7%26applied_value_id%3D%5B60-*%29%26applied_value_name%3D60+unidades+ou+mais%26applied_value_order%3D3%26applied_value_results%3D2514%26is_custom%3Dfalse --preco-minimo 60.0 --preco-maximo 160.0 --desconto-minimo 20 --limite-candidatos 5 --modalidade-execucao campanha

[MODO_ATIVO] PRODUTO_ONDEMAND_HOME_PESQUISA

Modo procurar produto ativado (pesquisa pela home do Mercado Livre).

[LINK_BASE_1] Processando listagem direta: https://lista.mercadolivre.com.br/bebes/higiene-cuidados-bebe/fraldas/descartaveis/mais-de-60-unidades/fralda_NoIndex_True#applied_filter_id%3DUNITS_PER_PACKAGE%26applied_filter_name%3DUnidades+por+embalagem%26applied_filter_order%3D7%26applied_value_id%3D%5B60-*%29%26applied_value_name%3D60+unidades+ou+mais%26applied_value_order%3D3%26applied_value_results%3D2514%26is_custom%3Dfalse
[LINK_BASE_1] Carregando em blocos de 3 páginas até encontrar candidatos válidos

[BLOCO_1] Carregando páginas 1 a 3 do Link 1
[LISTAGEM_DIRETA] Link 1 - página 1: https://lista.mercadolivre.com.br/bebes/higiene-cuidados-bebe/fraldas/descartaveis/mais-de-60-unidades/fralda_NoIndex_True#applied_filter_id%3DUNITS_PER_PACKAGE%26applied_filter_name%3DUnidades+por+embalagem%26applied_filter_order%3D7%26applied_value_id%3D%5B60-*%29%26applied_value_name%3D60+unidades+ou+mais%26applied_value_order%3D3%26applied_value_results%3D2514%26is_custom%3Dfalse
✓ Link de afiliado: https://meli.la/2xBzWvG
✓ Link de afiliado: https://meli.la/1KmTCT2
✓ Link de afiliado: https://meli.la/1zwVF1r
✓ Link de afiliado: https://meli.la/1TumtLS
✓ Link de afiliado: https://meli.la/1pw3qYq
[BLOCO_1] Resultado: 5 candidato(s) coletado(s), 5 válido(s) enriquecido(s). Total: 5/5

Histórico relâmpago atualizado em: C:\Users\Lucas Bianco\Desktop\Projetos Dev\Promos\ofertas_relampago\Historico de anuncios\lista_anuncios.txt

Saida consolidada por modalidade atualizada em: C:\Users\Lucas Bianco\Desktop\Projetos Dev\Promos\saidas_execucoes\Campanha\lista_anuncios.txt

[DEBUG] Twilio Account SID: ACc0...e80a

Mensagem enviada para whatsapp:+5519991133269:
Fralda Pampers Confort Sec Tamanho G, 92 Un Grande (g) Sem Gênero
Message SID Twilio: SM672bce9b2066c1a71539cb28b53760b2

Mensagem enviada para whatsapp:+5519991133269:
Fralda Pampers Confort Sec Tamanho M, 108 Un Médio (m) Sem Gênero
Message SID Twilio: SMdd3528c36c578fdaf60ae1d1a6e75ea6

Mensagem enviada para whatsapp:+5519991133269:
Fralda Pampers Pants Ajuste Total Tamanho Xg, 82 Un Extra Grande (xg) Sem Gênero
Message SID Twilio: SMa03e3a1cfc46b2434bf4fa85d38f9fa9

Mensagem enviada para whatsapp:+5519991133269:
Huggies Fralda Descartável Máxima Proteção M - 172 Un Sem Gênero
Message SID Twilio: SM250b380a6ad8ab6f72cab64a73c6225d

Mensagem enviada para whatsapp:+5519991133269:
Huggies Fralda Descartável Máxima Proteção G - 136 Un
Message SID Twilio: SMe65e302e3c1bd90dc9400c892b27465d

5 oferta(s) processada(s) e salva(s).

=== Fim da execucao: 2026-07-09T09:41:26 ===
