=== Inicio da execucao: 2026-06-06T13:50:10 ===
Args: --produto-por-html --url-produto https://lista.mercadolivre.com.br/_Container_sports-bolas_BRAND_16031#applied_filter_id%3DBRAND%26applied_filter_name%3DMarca%26applied_filter_order%3D17%26applied_value_id%3D16031%26applied_value_name%3DWilson%26applied_value_order%3D3%26applied_value_results%3D678%26is_custom%3Dfalse --url-produto https://lista.mercadolivre.com.br/_Container_sports-bolas_BRAND_16263#applied_filter_id%3DBRAND%26applied_filter_name%3DMarca%26applied_filter_order%3D17%26applied_value_id%3D16263%26applied_value_name%3DHead%26applied_value_order%3D12%26applied_value_results%3D209%26is_custom%3Dfalse%26view_more_flag%3Dtrue --url-produto https://lista.mercadolivre.com.br/_Container_sports-bolas_BRAND_205839#applied_filter_id%3DBRAND%26applied_filter_name%3DMarca%26applied_filter_order%3D17%26applied_value_id%3D205839%26applied_value_name%3DTecnifibre%26applied_value_order%3D48%26applied_value_results%3D48%26is_custom%3Dfalse%26view_more_flag%3Dtrue --url-produto https://lista.mercadolivre.com.br/_Container_sports-bolas_BRAND_24667154#applied_filter_id%3DBRAND%26applied_filter_name%3DMarca%26applied_filter_order%3D17%26applied_value_id%3D24667154%26applied_value_name%3DRobin+S%C3%B6derling%26applied_value_order%3D27%26applied_value_results%3D80%26is_custom%3Dfalse%26view_more_flag%3Dtrue --preco-minimo 50.0 --preco-maximo 400.0 --desconto-minimo 10 --limite-candidatos 10 --modalidade-execucao campanha

[MODO_ATIVO] PRODUTO_ONDEMAND_HOME_PESQUISA

Modo procurar produto ativado (pesquisa pela home do Mercado Livre).

[LINK_BASE_1] Processando listagem direta: https://lista.mercadolivre.com.br/_Container_sports-bolas_BRAND_16031#applied_filter_id%3DBRAND%26applied_filter_name%3DMarca%26applied_filter_order%3D17%26applied_value_id%3D16031%26applied_value_name%3DWilson%26applied_value_order%3D3%26applied_value_results%3D678%26is_custom%3Dfalse
[LISTAGEM_DIRETA] Link 1 - página 1: https://lista.mercadolivre.com.br/_Container_sports-bolas_BRAND_16031#applied_filter_id%3DBRAND%26applied_filter_name%3DMarca%26applied_filter_order%3D17%26applied_value_id%3D16031%26applied_value_name%3DWilson%26applied_value_order%3D3%26applied_value_results%3D678%26is_custom%3Dfalse
✓ Link de afiliado: https://meli.la/1MJV8oS
✓ Link de afiliado: https://meli.la/2hVyFoV
✓ Link de afiliado: https://meli.la/2FbCu5G
✓ Link de afiliado: https://meli.la/2dWBVfA
✓ Link de afiliado: https://meli.la/2GLSxRg
✓ Link de afiliado: https://meli.la/1AR8SUd
[LISTAGEM_DIRETA] Link 1 - página 2: https://lista.mercadolivre.com.br/_Container_sports-bolas_BRAND_16031?page=2
[LISTAGEM_DIRETA] Link 1 - página 3: https://lista.mercadolivre.com.br/_Container_sports-bolas_BRAND_16031?page=3

[LINK_BASE_2] Processando listagem direta: https://lista.mercadolivre.com.br/_Container_sports-bolas_BRAND_16263#applied_filter_id%3DBRAND%26applied_filter_name%3DMarca%26applied_filter_order%3D17%26applied_value_id%3D16263%26applied_value_name%3DHead%26applied_value_order%3D12%26applied_value_results%3D209%26is_custom%3Dfalse%26view_more_flag%3Dtrue
[LISTAGEM_DIRETA] Link 2 - página 1: https://lista.mercadolivre.com.br/_Container_sports-bolas_BRAND_16263#applied_filter_id%3DBRAND%26applied_filter_name%3DMarca%26applied_filter_order%3D17%26applied_value_id%3D16263%26applied_value_name%3DHead%26applied_value_order%3D12%26applied_value_results%3D209%26is_custom%3Dfalse%26view_more_flag%3Dtrue
✓ Link de afiliado: https://meli.la/1Judxod
✓ Link de afiliado: https://meli.la/12Je8A2
✓ Link de afiliado: https://meli.la/29Bk5r8
[LISTAGEM_DIRETA] Link 2 - página 2: https://lista.mercadolivre.com.br/_Container_sports-bolas_BRAND_16263?page=2
✓ Link de afiliado: https://meli.la/1N3nnr5

Histórico relâmpago atualizado em: C:\Users\Lucas Bianco\Desktop\Projetos Dev\Promos\ofertas_relampago\Historico de anuncios\lista_anuncios.txt

Saida consolidada por modalidade atualizada em: C:\Users\Lucas Bianco\Desktop\Projetos Dev\Promos\saidas_execucoes\Campanha\lista_anuncios.txt

[DEBUG] Twilio Account SID: ACc0...e80a

Mensagem enviada para whatsapp:+5519991133269:
Bola De Tênis Wilson Championship Regular Duty Saibro
Message SID Twilio: SM4fd252b5831205459794ca3d2b3abce2

Mensagem enviada para whatsapp:+5519991133269:
Bola De Vôlei Wilson Cast Away Náufrago Oficial Branco
Message SID Twilio: SM18120d028e664a438d63d8b2cfbc6b21

Mensagem enviada para whatsapp:+5519991133269:
Bola De Basquete Oficial Nba Wilson Drv Pro 7 Outdoor
Message SID Twilio: SM1cc5b345ca4e239f72c637cbe3bccacb

Mensagem enviada para whatsapp:+5519991133269:
3 Tubos 9 Bolas Tênis Saibro Regular Duty Wrt1003 Itf Usta Cor Amarelo
Message SID Twilio: SMd9bcb7649a0e2afea9df203b102309eb

Mensagem enviada para whatsapp:+5519991133269:
Bola Wilson Championship Regular Duty (pack C/3 Tubos)
Message SID Twilio: SMc7ce1187af12f6ac3417af209f5b0157

Mensagem enviada para whatsapp:+5519991133269:
Bola De Tênis Wilson Us Open Regular Duty (pack Com 3 Tubos)
Message SID Twilio: SMb8cf37d2f72d0f0fad36750e19282bf1

Mensagem enviada para whatsapp:+5519991133269:
Bag 12 Bolinhas Beach Tennis Pro Novo Feltro + Durabilidade
Message SID Twilio: SM4770f8ed785eb498e99c87255c242da5

Mensagem enviada para whatsapp:+5519991133269:
Bag 12 Bolinhas Beach Tennis Pro Novo Feltro + Durabilidade
Message SID Twilio: SM6c782c86b28f4269a7685dee31b1a91f

Mensagem enviada para whatsapp:+5519991133269:
Bola Head Padel Pro+ /kit 6 Tubos
Message SID Twilio: SM090bda43ada2eb85d88827d7885a2efc

Mensagem enviada para whatsapp:+5519991133269:
Bola De Tênis Head Tour Pack Com 03 Tubos
Message SID Twilio: SM6a9508194c8205f17461bac84e8dea5f

10 oferta(s) processada(s) e salva(s).

=== Fim da execucao: 2026-06-06T13:53:05 ===
