=== Inicio da execucao: 2026-07-07T19:37:32 ===
Args: --produto-por-html --url-produto https://lista.mercadolivre.com.br/yopro-12-unidades?sb=all_mercadolibre#D[A:yopro%2012%20unidades] --preco-minimo 70.0 --preco-maximo 77.0 --limite-candidatos 3 --modalidade-execucao campanha

[MODO_ATIVO] PRODUTO_ONDEMAND_HOME_PESQUISA

Modo procurar produto ativado (pesquisa pela home do Mercado Livre).

[LINK_BASE_1] Processando listagem direta: https://lista.mercadolivre.com.br/yopro-12-unidades?sb=all_mercadolibre#D[A:yopro%2012%20unidades]
[LINK_BASE_1] Carregando em blocos de 3 páginas até encontrar candidatos válidos

[BLOCO_1] Carregando páginas 1 a 3 do Link 1
[LISTAGEM_DIRETA] Link 1 - página 1: https://lista.mercadolivre.com.br/yopro-12-unidades?sb=all_mercadolibre#D[A:yopro%2012%20unidades]
✓ Link de afiliado: https://meli.la/18BUovz
✓ Link de afiliado: https://meli.la/1QbxRs8
[LISTAGEM_DIRETA] Link 1 - página 2: https://lista.mercadolivre.com.br/yopro-12-unidades?sb=all_mercadolibre&page=2
[LISTAGEM_DIRETA] Link 1 - página 3: https://lista.mercadolivre.com.br/yopro-12-unidades?sb=all_mercadolibre&page=3
[BLOCO_1] Resultado: 2 candidato(s) coletado(s), 2 válido(s) enriquecido(s). Total: 2/3

[BLOCO_2] Carregando páginas 4 a 5 do Link 1
[LISTAGEM_DIRETA] Link 1 - página 4: https://lista.mercadolivre.com.br/yopro-12-unidades?sb=all_mercadolibre&page=4
[LISTAGEM_DIRETA] Link 1 - página 5: https://lista.mercadolivre.com.br/yopro-12-unidades?sb=all_mercadolibre&page=5
[BLOCO_2] Resultado: 0 candidato(s) coletado(s), 0 válido(s) enriquecido(s). Total: 2/3
[BLOCO_2] Nenhum candidato encontrado. Parando busca neste link.

Histórico relâmpago atualizado em: C:\Users\Lucas Bianco\Desktop\Projetos Dev\Promos\ofertas_relampago\Historico de anuncios\lista_anuncios.txt

Saida consolidada por modalidade atualizada em: C:\Users\Lucas Bianco\Desktop\Projetos Dev\Promos\saidas_execucoes\Campanha\lista_anuncios.txt

[DEBUG] Twilio Account SID: ACc0...e80a

Mensagem enviada para whatsapp:+5519991133269:
YoPRO Bebida Láctea UHT Chocolate 15g de proteínas 250ml - 12 unidades
Message SID Twilio: SM9564eaca4d404f88986afcdd917523c0

Mensagem enviada para whatsapp:+5519991133269:
YoPRO Bebida Láctea UHT Morango 15g de proteínas 250ml - 12 unidades
Message SID Twilio: SM2e27080bfcfd7851c7938444d4cf8246

2 oferta(s) processada(s) e salva(s).

=== Fim da execucao: 2026-07-07T19:38:44 ===
