=== Inicio da execucao: 2026-07-17T18:02:46 ===
Args: --produto-por-html --desconto-minimo 20 --limite-candidatos 6 --url-produto https://lista.mercadolivre.com.br/confort-sec-g#D[A:confort%20sec%20G] --pasta-saida C:/Users/Lucas Bianco/Downloads --modalidade-execucao ondemand

[MODO_ATIVO] PRODUTO_ONDEMAND_HOME_PESQUISA

Modo procurar produto ativado (pesquisa pela home do Mercado Livre).

[LINK_BASE_1] Processando listagem direta: https://lista.mercadolivre.com.br/confort-sec-g#D[A:confort%20sec%20G]
[LINK_BASE_1] Carregando em blocos de 3 páginas até encontrar candidatos válidos

[BLOCO_1] Carregando páginas 1 a 3 do Link 1
[LISTAGEM_DIRETA] Link 1 - página 1: https://lista.mercadolivre.com.br/confort-sec-g#D[A:confort%20sec%20G]
✓ Link de afiliado: https://meli.la/12T4ruE
✓ Link de afiliado: https://meli.la/1TDj2aZ
✓ Link de afiliado: https://meli.la/2GY8jiW
✓ Link de afiliado: https://meli.la/1HMQzAG
✓ Link de afiliado: https://meli.la/1MaeCeE
✓ Link de afiliado: https://meli.la/1tgiEDm
[BLOCO_1] Resultado: 6 candidato(s) coletado(s), 6 válido(s) enriquecido(s). Total: 6/6

Histórico relâmpago atualizado em: C:/Users/Lucas Bianco/Downloads\lista_anuncios.txt

Saida consolidada por modalidade atualizada em: C:\Users\Lucas Bianco\Desktop\Projetos Dev\Promos\saidas_execucoes\OnDemand\lista_anuncios.txt

[DEBUG] Twilio Account SID: ACc0...e80a

Mensagem enviada para whatsapp:+5519991133269:
Fralda Pampers Confort Sec P 50 unidades
Message SID Twilio: SM0cba3192195fa042c8c18d2701fa9962

Mensagem enviada para whatsapp:+5519991133269:
Fraldas Pampers Confort Sec M x 70 unidades
Message SID Twilio: SM5a7cb88ca85db77841f6f90d09b23d95

Mensagem enviada para whatsapp:+5519991133269:
Pañales Pampers Confort Sec XG x 58 unidades
Message SID Twilio: SMd61db02a48d5101219cc450c7d7466df

Mensagem enviada para whatsapp:+5519991133269:
Fralda Pampers Premium Care Tamanho XXXG 52 unidades
Message SID Twilio: SMb787d86a738204d1cd18233fd2a9beb0

Mensagem enviada para whatsapp:+5519991133269:
Fralda Pampers Confort Sec Tamanho G 98 Unidades
Message SID Twilio: SMfb7c6396e350d05bdb48fa3d3d935b31

Mensagem enviada para whatsapp:+5519991133269:
Fralda Pampers Confort Sec M 112 Unidades
Message SID Twilio: SMe87bac72fefd593d496eebcf5b6f702f

6 oferta(s) processada(s) e salva(s).

=== Fim da execucao: 2026-07-17T18:04:16 ===
