=== Inicio da execucao: 2026-07-23T20:27:52 ===
Args: --produto-por-html --fonte mercadolivre --preco-minimo 20.0 --preco-maximo 300.0 --limite-candidatos 3 --url-produto https://lista.mercadolivre.com.br/detector-digital-de-vigas-e-fios?sb=all_mercadolibre#D[A:Detector%20digital%20de%20vigas%20e%20fios] --pasta-saida C:/Users/Lucas Bianco/Downloads --modalidade-execucao ondemand

[MODO_ATIVO] PRODUTO_ONDEMAND_HOME_PESQUISA

Modo procurar produto ativado (pesquisa pela home do Mercado Livre).

[LINK_BASE_1] Processando listagem direta: https://lista.mercadolivre.com.br/detector-digital-de-vigas-e-fios?sb=all_mercadolibre#D[A:Detector%20digital%20de%20vigas%20e%20fios]
[LINK_BASE_1] Carregando em blocos de 3 páginas até encontrar candidatos válidos

[BLOCO_1] Carregando páginas 1 a 3 do Link 1
[LISTAGEM_DIRETA] Link 1 - página 1: https://lista.mercadolivre.com.br/detector-digital-de-vigas-e-fios?sb=all_mercadolibre#D[A:Detector%20digital%20de%20vigas%20e%20fios]
✓ Link de afiliado: https://meli.la/2FERV7P
✓ Link de afiliado: https://meli.la/1xs54Pv
✓ Link de afiliado: https://meli.la/2idrBfd
[BLOCO_1] Resultado: 3 candidato(s) coletado(s), 3 válido(s) enriquecido(s). Total: 3/3

Histórico relâmpago atualizado em: C:/Users/Lucas Bianco/Downloads\lista_anuncios.txt
✅ 3 imagem(ns) principal(is) salvas em anuncios: C:\Users\Lucas Bianco\Desktop\Projetos Dev\Promos\dist-interface\instagram_anuncios
✅ JSON de busca de produto salvo em: C:\Users\Lucas Bianco\Desktop\Projetos Dev\Promos\ofertas_afiliados\Historico de anuncios\ofertas_20260723_202831.json

Saida consolidada por modalidade atualizada em: C:\Users\Lucas Bianco\Desktop\Projetos Dev\Promos\saidas_execucoes\OnDemand\lista_anuncios.txt
Saida JSON ondemand salva em: C:\Users\Lucas Bianco\Desktop\Projetos Dev\Promos\saidas_execucoes\OnDemand\ofertas_20260723_202831.json

[DEBUG] Twilio Account SID: ACc0...e80a

[DEBUG] media_url=NAO
[DEBUG] motivo_sem_midia=webp_desativado
[DEBUG] imagem=https://http2.mlstatic.com/D_NQ_NP_987099-MLA100084591339_122025-O.webp

Mensagem enviada para whatsapp:+5519991133269:
Scanner Parede Detector Metais Tubo Fios Viga Pvc Cor Preto
Message SID Twilio: SMba857240a58cee4ca9610b8fd948f318
[DEBUG] status_final_twilio=sending

[DEBUG] media_url=NAO
[DEBUG] motivo_sem_midia=webp_desativado
[DEBUG] imagem=https://http2.mlstatic.com/D_NQ_NP_988918-MLB113512889301_062026-O-detector-de-canos-agua-scanner-parede-fio-madeira-viga-const.webp

Mensagem enviada para whatsapp:+5519991133269:
Detector De Canos Agua Scanner Parede Fio Madeira Viga Const
Message SID Twilio: SM263434b9d607662c34e3ae15e91be34d
[DEBUG] status_final_twilio=sending

[DEBUG] media_url=NAO
[DEBUG] motivo_sem_midia=webp_desativado
[DEBUG] imagem=https://http2.mlstatic.com/D_NQ_NP_841852-MLA99462481838_112025-O.webp

Mensagem enviada para whatsapp:+5519991133269:
Scanner Detector Digeuan De1022-1 Metais Vigas Fios Com Tela Lcd Preto
Message SID Twilio: SMf122ab128b0dc4be1dc0903da482f044
[DEBUG] status_final_twilio=sending

[RESUMO_TWILIO] entregues_ou_processadas=3 falhas=0 total=3

3 oferta(s) processada(s) e salva(s).

=== Fim da execucao: 2026-07-23T20:28:37 ===
