=== Inicio da execucao: 2026-07-19T20:06:42 ===
Args: --produto-por-html --fonte mercadolivre --url-produto https://lista.mercadolivre.com.br/animais/caes/ra%C3%A7%C3%A3o_BRAND_203401_NoIndex_True?sb=all_mercadolibre#applied_filter_id%3DBRAND%26applied_filter_name%3DMarca%26enhanced_position%3D4%26applied_value_id%3D203401%26applied_value_name%3DRoyal+Canin%26applied_value_order%3D0%26intervention_type%3DFILTER_INTERVENTION%26intervention_tracking_id%3D07c3c6ac-63be-41c7-9661-15b7fb6b5598%26tracking_id%3D00865ebe-665b-45f1-964a-0c02a0ba3cda --descricao-produto ração 1 --desconto-minimo 10 --limite-candidatos 3 --modalidade-execucao campanha

[MODO_ATIVO] PRODUTO_ONDEMAND_HOME_PESQUISA

Modo procurar produto ativado (pesquisa pela home do Mercado Livre).

[LINK_BASE_1] Processando listagem direta: https://lista.mercadolivre.com.br/animais/caes/ra%C3%A7%C3%A3o_BRAND_203401_NoIndex_True?sb=all_mercadolibre#applied_filter_id%3DBRAND%26applied_filter_name%3DMarca%26enhanced_position%3D4%26applied_value_id%3D203401%26applied_value_name%3DRoyal+Canin%26applied_value_order%3D0%26intervention_type%3DFILTER_INTERVENTION%26intervention_tracking_id%3D07c3c6ac-63be-41c7-9661-15b7fb6b5598%26tracking_id%3D00865ebe-665b-45f1-964a-0c02a0ba3cda
[LINK_BASE_1] Carregando em blocos de 3 páginas até encontrar candidatos válidos

[BLOCO_1] Carregando páginas 1 a 3 do Link 1
[LISTAGEM_DIRETA] Link 1 - página 1: https://lista.mercadolivre.com.br/animais/caes/ra%C3%A7%C3%A3o_BRAND_203401_NoIndex_True?sb=all_mercadolibre#applied_filter_id%3DBRAND%26applied_filter_name%3DMarca%26enhanced_position%3D4%26applied_value_id%3D203401%26applied_value_name%3DRoyal+Canin%26applied_value_order%3D0%26intervention_type%3DFILTER_INTERVENTION%26intervention_tracking_id%3D07c3c6ac-63be-41c7-9661-15b7fb6b5598%26tracking_id%3D00865ebe-665b-45f1-964a-0c02a0ba3cda
✓ Link de afiliado: https://meli.la/1ShArB8
[LISTAGEM_DIRETA] Link 1 - página 2: https://lista.mercadolivre.com.br/animais/caes/ra%C3%A7%C3%A3o_BRAND_203401_NoIndex_True?sb=all_mercadolibre&page=2
[LISTAGEM_DIRETA] Link 1 - página 3: https://lista.mercadolivre.com.br/animais/caes/ra%C3%A7%C3%A3o_BRAND_203401_NoIndex_True?sb=all_mercadolibre&page=3
[BLOCO_1] Resultado: 1 candidato(s) coletado(s), 1 válido(s) enriquecido(s). Total: 1/3

[BLOCO_2] Carregando páginas 4 a 5 do Link 1
[LISTAGEM_DIRETA] Link 1 - página 4: https://lista.mercadolivre.com.br/animais/caes/ra%C3%A7%C3%A3o_BRAND_203401_NoIndex_True?sb=all_mercadolibre&page=4
[LISTAGEM_DIRETA] Link 1 - página 5: https://lista.mercadolivre.com.br/animais/caes/ra%C3%A7%C3%A3o_BRAND_203401_NoIndex_True?sb=all_mercadolibre&page=5
[BLOCO_2] Resultado: 0 candidato(s) coletado(s), 0 válido(s) enriquecido(s). Total: 1/3
[BLOCO_2] Nenhum candidato encontrado. Parando busca neste link.

Histórico relâmpago atualizado em: C:\Users\Lucas Bianco\Desktop\Projetos Dev\Promos\ofertas_relampago\Historico de anuncios\lista_anuncios.txt
✅ JSON de busca de produto salvo em: C:\Users\Lucas Bianco\Desktop\Projetos Dev\Promos\ofertas_afiliados\Historico de anuncios\ofertas_20260719_200731.json

Saida consolidada por modalidade atualizada em: C:\Users\Lucas Bianco\Desktop\Projetos Dev\Promos\saidas_execucoes\Campanha\lista_anuncios.txt
Saida JSON campanha salva em: C:\Users\Lucas Bianco\Desktop\Projetos Dev\Promos\saidas_execucoes\Campanha\ofertas_20260719_200731.json

[DEBUG] Twilio Account SID: ACc0...e80a

Mensagem enviada para whatsapp:+5519991133269:
Ração Úmida Royal Canin Lata Veterinary Diet Recovery para Cães e Gatos em Recuperação 195g
Message SID Twilio: SM80d0090183d0aec5fe6b78ceaef490c0

1 oferta(s) processada(s) e salva(s).

=== Fim da execucao: 2026-07-19T20:07:36 ===
