=== Inicio da execucao: 2026-07-22T20:30:50 ===
Args: --produto-por-html --fonte mercadolivre --preco-minimo 100.0 --preco-maximo 300.0 --desconto-minimo 50 --limite-candidatos 2 --url-produto https://lista.mercadolivre.com.br/arm%C3%A1rio-organizador-dobr%C3%A1vel-branco%2C-3-camadas-38-cm?sb=all_mercadolibre#D[A:arm%C3%A1rio%20organizador%20dobr%C3%A1vel%20branco,%203%20camadas%2038%20cm] --pasta-saida C:/Users/Lucas Bianco/Downloads --modalidade-execucao ondemand

[MODO_ATIVO] PRODUTO_ONDEMAND_HOME_PESQUISA

Modo procurar produto ativado (pesquisa pela home do Mercado Livre).

[LINK_BASE_1] Processando listagem direta: https://lista.mercadolivre.com.br/arm%C3%A1rio-organizador-dobr%C3%A1vel-branco%2C-3-camadas-38-cm?sb=all_mercadolibre#D[A:arm%C3%A1rio%20organizador%20dobr%C3%A1vel%20branco,%203%20camadas%2038%20cm]
[LINK_BASE_1] Carregando em blocos de 3 páginas até encontrar candidatos válidos

[BLOCO_1] Carregando páginas 1 a 3 do Link 1
[LISTAGEM_DIRETA] Link 1 - página 1: https://lista.mercadolivre.com.br/arm%C3%A1rio-organizador-dobr%C3%A1vel-branco%2C-3-camadas-38-cm?sb=all_mercadolibre#D[A:arm%C3%A1rio%20organizador%20dobr%C3%A1vel%20branco,%203%20camadas%2038%20cm]
✓ Link de afiliado: https://meli.la/1RnMsGP
✓ Link de afiliado: https://meli.la/2jGRwSZ
[BLOCO_1] Resultado: 2 candidato(s) coletado(s), 2 válido(s) enriquecido(s). Total: 2/2

Histórico relâmpago atualizado em: C:/Users/Lucas Bianco/Downloads\lista_anuncios.txt
✅ 2 imagem(ns) principal(is) salvas em anuncios: C:\Users\Lucas Bianco\Desktop\Projetos Dev\Promos\dist-interface\instagram_anuncios
✅ JSON de busca de produto salvo em: C:\Users\Lucas Bianco\Desktop\Projetos Dev\Promos\ofertas_afiliados\Historico de anuncios\ofertas_20260722_203119.json

Saida consolidada por modalidade atualizada em: C:\Users\Lucas Bianco\Desktop\Projetos Dev\Promos\saidas_execucoes\OnDemand\lista_anuncios.txt
Saida JSON ondemand salva em: C:\Users\Lucas Bianco\Desktop\Projetos Dev\Promos\saidas_execucoes\OnDemand\ofertas_20260722_203119.json

[DEBUG] Twilio Account SID: ACc0...e80a

[DEBUG] media_url=NAO
[DEBUG] motivo_sem_midia=webp_desativado
[DEBUG] imagem=https://http2.mlstatic.com/D_NQ_NP_715143-MLB113277282743_062026-O-armario-organizador-de-roupas-dobravel-com-rodinhas.webp

Mensagem enviada para whatsapp:+5519991133269:
Armário Organizador De Roupas Dobrável Com Rodinhas
Message SID Twilio: SMfee747f34c735c1612a01ccccd867150
[DEBUG] status_final_twilio=sending

[DEBUG] media_url=NAO
[DEBUG] motivo_sem_midia=webp_desativado
[DEBUG] imagem=https://http2.mlstatic.com/D_NQ_NP_842185-MLB111965133103_052026-O-armario-multiuso-caixa-armazenamento-dobravel-rodinha-48cm.webp

Mensagem enviada para whatsapp:+5519991133269:
Armário Multiuso Caixa Armazenamento Dobrável Rodinha 48cm
Message SID Twilio: SMa0c63c7233045da9750e194220baba02
[DEBUG] status_final_twilio=sending

[RESUMO_TWILIO] entregues_ou_processadas=2 falhas=0 total=2

2 oferta(s) processada(s) e salva(s).

=== Fim da execucao: 2026-07-22T20:31:23 ===
