=== Inicio da execucao: 2026-06-20T09:55:56 ===
Args: --produto-por-html --url-produto https://lista.mercadolivre.com.br/_Container_sports-bolas_BRAND_16031#applied_filter_id%3DBRAND%26applied_filter_name%3DMarca%26applied_filter_order%3D17%26applied_value_id%3D16031%26applied_value_name%3DWilson%26applied_value_order%3D3%26applied_value_results%3D678%26is_custom%3Dfalse --url-produto https://lista.mercadolivre.com.br/_Container_sports-bolas_BRAND_16263#applied_filter_id%3DBRAND%26applied_filter_name%3DMarca%26applied_filter_order%3D17%26applied_value_id%3D16263%26applied_value_name%3DHead%26applied_value_order%3D12%26applied_value_results%3D209%26is_custom%3Dfalse%26view_more_flag%3Dtrue --url-produto https://lista.mercadolivre.com.br/_Container_sports-bolas_BRAND_205839#applied_filter_id%3DBRAND%26applied_filter_name%3DMarca%26applied_filter_order%3D17%26applied_value_id%3D205839%26applied_value_name%3DTecnifibre%26applied_value_order%3D48%26applied_value_results%3D48%26is_custom%3Dfalse%26view_more_flag%3Dtrue --url-produto https://lista.mercadolivre.com.br/_Container_sports-bolas_BRAND_24667154#applied_filter_id%3DBRAND%26applied_filter_name%3DMarca%26applied_filter_order%3D17%26applied_value_id%3D24667154%26applied_value_name%3DRobin+S%C3%B6derling%26applied_value_order%3D27%26applied_value_results%3D80%26is_custom%3Dfalse%26view_more_flag%3Dtrue --preco-minimo 50.0 --preco-maximo 400.0 --desconto-minimo 10 --limite-candidatos 10 --modalidade-execucao campanha

[MODO_ATIVO] PRODUTO_ONDEMAND_HOME_PESQUISA

Modo procurar produto ativado (pesquisa pela home do Mercado Livre).

[LINK_BASE_1] Processando listagem direta: https://lista.mercadolivre.com.br/_Container_sports-bolas_BRAND_16031#applied_filter_id%3DBRAND%26applied_filter_name%3DMarca%26applied_filter_order%3D17%26applied_value_id%3D16031%26applied_value_name%3DWilson%26applied_value_order%3D3%26applied_value_results%3D678%26is_custom%3Dfalse
[LINK_BASE_1] Carregando em blocos de 3 páginas até encontrar candidatos válidos

[BLOCO_1] Carregando páginas 1 a 3 do Link 1
[LISTAGEM_DIRETA] Link 1 - página 1: https://lista.mercadolivre.com.br/_Container_sports-bolas_BRAND_16031#applied_filter_id%3DBRAND%26applied_filter_name%3DMarca%26applied_filter_order%3D17%26applied_value_id%3D16031%26applied_value_name%3DWilson%26applied_value_order%3D3%26applied_value_results%3D678%26is_custom%3Dfalse
[LISTAGEM_DIRETA] Link 1 - página 2: https://lista.mercadolivre.com.br/_Container_sports-bolas_BRAND_16031?page=2
[LISTAGEM_DIRETA] Link 1 - página 3: https://lista.mercadolivre.com.br/_Container_sports-bolas_BRAND_16031?page=3
[BLOCO_1] Resultado: 0 candidato(s) coletado(s), 0 válido(s) enriquecido(s). Total: 0/10
[BLOCO_1] Nenhum candidato encontrado. Parando busca neste link.

[LINK_BASE_2] Processando listagem direta: https://lista.mercadolivre.com.br/_Container_sports-bolas_BRAND_16263#applied_filter_id%3DBRAND%26applied_filter_name%3DMarca%26applied_filter_order%3D17%26applied_value_id%3D16263%26applied_value_name%3DHead%26applied_value_order%3D12%26applied_value_results%3D209%26is_custom%3Dfalse%26view_more_flag%3Dtrue
[LINK_BASE_2] Carregando em blocos de 3 páginas até encontrar candidatos válidos

[BLOCO_1] Carregando páginas 1 a 3 do Link 2
[LISTAGEM_DIRETA] Link 2 - página 1: https://lista.mercadolivre.com.br/_Container_sports-bolas_BRAND_16263#applied_filter_id%3DBRAND%26applied_filter_name%3DMarca%26applied_filter_order%3D17%26applied_value_id%3D16263%26applied_value_name%3DHead%26applied_value_order%3D12%26applied_value_results%3D209%26is_custom%3Dfalse%26view_more_flag%3Dtrue
[LISTAGEM_DIRETA] Link 2 - página 2: https://lista.mercadolivre.com.br/_Container_sports-bolas_BRAND_16263?page=2
[LISTAGEM_DIRETA] Link 2 - página 3: https://lista.mercadolivre.com.br/_Container_sports-bolas_BRAND_16263?page=3
[BLOCO_1] Resultado: 0 candidato(s) coletado(s), 0 válido(s) enriquecido(s). Total: 0/10
[BLOCO_1] Nenhum candidato encontrado. Parando busca neste link.

[LINK_BASE_3] Processando listagem direta: https://lista.mercadolivre.com.br/_Container_sports-bolas_BRAND_205839#applied_filter_id%3DBRAND%26applied_filter_name%3DMarca%26applied_filter_order%3D17%26applied_value_id%3D205839%26applied_value_name%3DTecnifibre%26applied_value_order%3D48%26applied_value_results%3D48%26is_custom%3Dfalse%26view_more_flag%3Dtrue
[LINK_BASE_3] Carregando em blocos de 3 páginas até encontrar candidatos válidos

[BLOCO_1] Carregando páginas 1 a 3 do Link 3
[LISTAGEM_DIRETA] Link 3 - página 1: https://lista.mercadolivre.com.br/_Container_sports-bolas_BRAND_205839#applied_filter_id%3DBRAND%26applied_filter_name%3DMarca%26applied_filter_order%3D17%26applied_value_id%3D205839%26applied_value_name%3DTecnifibre%26applied_value_order%3D48%26applied_value_results%3D48%26is_custom%3Dfalse%26view_more_flag%3Dtrue
[LISTAGEM_DIRETA] Link 3 - página 2: https://lista.mercadolivre.com.br/_Container_sports-bolas_BRAND_205839?page=2
[LISTAGEM_DIRETA] Link 3 - página 3: https://lista.mercadolivre.com.br/_Container_sports-bolas_BRAND_205839?page=3
[BLOCO_1] Resultado: 0 candidato(s) coletado(s), 0 válido(s) enriquecido(s). Total: 0/10
[BLOCO_1] Nenhum candidato encontrado. Parando busca neste link.

[LINK_BASE_4] Processando listagem direta: https://lista.mercadolivre.com.br/_Container_sports-bolas_BRAND_24667154#applied_filter_id%3DBRAND%26applied_filter_name%3DMarca%26applied_filter_order%3D17%26applied_value_id%3D24667154%26applied_value_name%3DRobin+S%C3%B6derling%26applied_value_order%3D27%26applied_value_results%3D80%26is_custom%3Dfalse%26view_more_flag%3Dtrue
[LINK_BASE_4] Carregando em blocos de 3 páginas até encontrar candidatos válidos

[BLOCO_1] Carregando páginas 1 a 3 do Link 4
[LISTAGEM_DIRETA] Link 4 - página 1: https://lista.mercadolivre.com.br/_Container_sports-bolas_BRAND_24667154#applied_filter_id%3DBRAND%26applied_filter_name%3DMarca%26applied_filter_order%3D17%26applied_value_id%3D24667154%26applied_value_name%3DRobin+S%C3%B6derling%26applied_value_order%3D27%26applied_value_results%3D80%26is_custom%3Dfalse%26view_more_flag%3Dtrue
[LISTAGEM_DIRETA] Link 4 - página 2: https://lista.mercadolivre.com.br/_Container_sports-bolas_BRAND_24667154?page=2
[LISTAGEM_DIRETA] Link 4 - página 3: https://lista.mercadolivre.com.br/_Container_sports-bolas_BRAND_24667154?page=3
[BLOCO_1] Resultado: 0 candidato(s) coletado(s), 0 válido(s) enriquecido(s). Total: 0/10
[BLOCO_1] Nenhum candidato encontrado. Parando busca neste link.

Nenhum candidato válido encontrado nas listagens diretas informadas.

Nenhuma oferta elegível foi encontrada na pesquisa da home.

=== Fim da execucao: 2026-06-20T09:57:11 ===
