=== Inicio da execucao: 2026-07-16T21:53:35 ===
Args: --somente-relampago --desconto-minimo 30 --limite-candidatos 15 --pasta-saida C:/Users/Lucas Bianco/Downloads --modalidade-execucao ondemand

[MODO_ATIVO] FLUXO_HUB_AFILIADOS_LEGADO

Mercado Livre ja esta autenticado.

Modo somente ofertas relâmpago ativado. Fluxo do hub/Twilio foi ignorado.
Limpeza de HTML relâmpago: 2 arquivo(s) antigo(s) removido(s).

Navegando para ofertas relâmpago:
https://www.mercadolivre.com.br/ofertas?promotion_type=lightning#filter_applied=promotion_type&filter_position=3&origin=qcat
HTML salvo em: C:\Users\Lucas Bianco\Desktop\Projetos Dev\Promos\ofertas_relampago\html\html_relampago_20260716_215400_887445_01.txt
Modo sem parametros detectado: usando apenas o primeiro HTML de ofertas relampago.

Analisando HTML de: C:\Users\Lucas Bianco\Desktop\Projetos Dev\Promos\ofertas_relampago\html\html_relampago_20260716_215400_887445_01.txt
32 oferta(s) com 30% ou mais de desconto extraída(s) do JSON.
[DESCARTADO - HISTORICO] Anúncio mlb5761677016 marcado como anuncio_inedito=false no histórico.
[DESCARTADO - HISTORICO] Anúncio mlb4314606824 marcado como anuncio_inedito=false no histórico.
[DESCARTADO - HISTORICO] Anúncio mlb5748326240 marcado como anuncio_inedito=false no histórico.
[DESCARTADO - HISTORICO] Anúncio mlb5522151066 marcado como anuncio_inedito=false no histórico.
[DESCARTADO - HISTORICO] Anúncio mlb6623716064 marcado como anuncio_inedito=false no histórico.
Paginação parametrizada limitada a 25 página(s) (detecção original: 223 página(s)).
HTML consolidado salvo em: C:\Users\Lucas Bianco\Desktop\Projetos Dev\Promos\ofertas_relampago\html\html_relampago_consolidado_20260716_215401.txt
Usando link direto extraído do HTML para obter link de afiliado.
✓ Link de afiliado: https://meli.la/2nfgNC6
Usando link direto extraído do HTML para obter link de afiliado.
✓ Link de afiliado: https://meli.la/1Fa88ra
Usando link direto extraído do HTML para obter link de afiliado.
✓ Link de afiliado: https://meli.la/1gJYQXk
Usando link direto extraído do HTML para obter link de afiliado.
✓ Link de afiliado: https://meli.la/2NcChiG
Usando link direto extraído do HTML para obter link de afiliado.
✓ Link de afiliado: https://meli.la/1fT63dX
Usando link direto extraído do HTML para obter link de afiliado.
✓ Link de afiliado: https://meli.la/2rt2wf7
Usando link direto extraído do HTML para obter link de afiliado.
✓ Link de afiliado: https://meli.la/12N9Y7M
Usando link direto extraído do HTML para obter link de afiliado.
✓ Link de afiliado: https://meli.la/2Eep2EE
Usando link direto extraído do HTML para obter link de afiliado.
✓ Link de afiliado: https://meli.la/1zvxgDc
Usando link direto extraído do HTML para obter link de afiliado.
✓ Link de afiliado: https://meli.la/28WWctE
Metadados salvos em: C:\Users\Lucas Bianco\Desktop\Projetos Dev\Promos\metadados_coleta\metadados_relampago_exec_0064_20260716_215541.json

Histórico relâmpago atualizado em: C:/Users/Lucas Bianco/Downloads\lista_anuncios.txt

Saida consolidada por modalidade atualizada em: C:\Users\Lucas Bianco\Desktop\Projetos Dev\Promos\saidas_execucoes\OnDemand\lista_anuncios.txt

[DEBUG] Twilio Account SID: ACc0...e80a

Mensagem enviada para whatsapp:+5519991133269:
Loção hidratante Cetaphil para pele normal a seca x 1 L
Message SID Twilio: SMd1b2c197f90346ccfb0e776c4e54641b

Mensagem enviada para whatsapp:+5519991133269:
Torneira Cozinha Gourmet Bancada Flexível Monocomando Pia Preto B22-black
Message SID Twilio: SM474699a68550d2f8be1d26b99b89307d

Mensagem enviada para whatsapp:+5519991133269:
Smart TV Profissional 4K 43" LG UHD 43AU801 Processador α7 AI Ger8 Super Upscaling Google Cast Alexa Integrado Controle AI Smart Magic WebOS 25
Message SID Twilio: SMb232cc4c58bd3708446709f169ec3a6d

Mensagem enviada para whatsapp:+5519991133269:
Smart Tv 43 Aoc Led Roku Full Hd Wi-fi 60hz Hdmi Usb 43s5155/78g
Message SID Twilio: SMb56e171011a9db9d1346f1edb9b15d57

Mensagem enviada para whatsapp:+5519991133269:
Tênis Puma Sem Gênero 397452 Puma White-puma Black-cool Light Gray Lisa 41 Eu
Message SID Twilio: SM1e039c546f5c9ebdb0c121f49008c863

Mensagem enviada para whatsapp:+5519991133269:
Tp-link Ex3000 Roteador Wifi6 Ax3000 Gigabit Banda Dupla
Message SID Twilio: SM25964db6cd6349dfe5de102ea87c4f00

Mensagem enviada para whatsapp:+5519991133269:
Jogo De Chave Boca E Estrela Combinada 12 Pçs Aço 6-22 Mm Cromada Profissional Tkch12 The Black Tools
Message SID Twilio: SM87c905e29598e87e0e238555c9be86f1

Mensagem enviada para whatsapp:+5519991133269:
Jogo de Toalhas Buddemeyer Atena Fio Penteado Banho Verde/Verde Claro 4 peças
Message SID Twilio: SM616fa764f78fba000cd7a0a5fcf3a768

Mensagem enviada para whatsapp:+5519991133269:
7kw Carregador Carro Elétrico Portátil Rápido 32a Tipo 2
Message SID Twilio: SM76f16cd15db162f832348731970a5fbf

Mensagem enviada para whatsapp:+5519991133269:
NAC 600mg - Fórmula Exclusiva com Máxima Concentração e Pureza - N-Acetil L-Cisteína - 60 Cápsulas
Message SID Twilio: SM8e1627c51ead5315afde563933b32173

10 oferta(s) relâmpago processada(s) e salvas.

Envio pelo WhatsApp finalizado com sucesso!

=== Fim da execucao: 2026-07-16T21:56:21 ===
