=== Inicio da execucao: 2026-05-27T20:14:31 ===
Args: --somente-relampago --preco-maximo 1000.0 --desconto-minimo 30 --limite-candidatos 20 --pasta-saida C:/Users/Lucas Bianco/Downloads --modalidade-execucao ondemand

[MODO_ATIVO] FLUXO_HUB_AFILIADOS_LEGADO

Mercado Livre ja esta autenticado.

Modo somente ofertas relâmpago ativado. Fluxo do hub/Twilio foi ignorado.
Limpeza de HTML relâmpago: 4 arquivo(s) antigo(s) removido(s).

Navegando para ofertas relâmpago:
https://www.mercadolivre.com.br/ofertas?promotion_type=lightning#filter_applied=promotion_type&filter_position=3&origin=qcat
HTML salvo em: C:\Users\Lucas Bianco\Desktop\Projetos Dev\Promos\dist-interface\ofertas_relampago\html\html_relampago_20260527_201457_469823_01.txt
Modo sem parametros detectado: usando apenas o primeiro HTML de ofertas relampago.

Analisando HTML de: C:\Users\Lucas Bianco\Desktop\Projetos Dev\Promos\dist-interface\ofertas_relampago\html\html_relampago_20260527_201457_469823_01.txt
35 oferta(s) com 30% ou mais de desconto extraída(s) do JSON.
[DESCARTADO - HISTORICO] Anúncio mlb4466276267 marcado como anuncio_inedito=false no histórico.
[DESCARTADO - HISTORICO] Anúncio mlb4967167410 marcado como anuncio_inedito=false no histórico.
[DESCARTADO - HISTORICO] Anúncio mlb4415801503 marcado como anuncio_inedito=false no histórico.
[DESCARTADO - HISTORICO] Anúncio mlb4328800327 marcado como anuncio_inedito=false no histórico.
[DESCARTADO - HISTORICO] Anúncio mlb4291609113 marcado como anuncio_inedito=false no histórico.
[DESCARTADO - HISTORICO] Anúncio mlb4125132275 marcado como anuncio_inedito=false no histórico.
[DESCARTADO - HISTORICO] Anúncio mlb4227761629 marcado como anuncio_inedito=false no histórico.
[DESCARTADO - HISTORICO] Anúncio mlb4307126823 marcado como anuncio_inedito=false no histórico.
[DESCARTADO - HISTORICO] Anúncio mlb5265791338 marcado como anuncio_inedito=false no histórico.
[DESCARTADO - HISTORICO] Anúncio mlb4643800517 marcado como anuncio_inedito=false no histórico.
[DESCARTADO - HISTORICO] Anúncio mlb4132158185 marcado como anuncio_inedito=false no histórico.
[DESCARTADO - HISTORICO] Anúncio mlb5497845812 marcado como anuncio_inedito=false no histórico.
Paginação parametrizada limitada a 25 página(s) (detecção original: 180 página(s)).
HTML consolidado salvo em: C:\Users\Lucas Bianco\Desktop\Projetos Dev\Promos\dist-interface\ofertas_relampago\html\html_relampago_consolidado_20260527_201457.txt
Usando link direto extraído do HTML para obter link de afiliado.
✓ Link de afiliado: https://meli.la/1QXLpDT
Usando link direto extraído do HTML para obter link de afiliado.
✓ Link de afiliado: https://meli.la/2ugaWqu
Usando link direto extraído do HTML para obter link de afiliado.
✓ Link de afiliado: https://meli.la/1Ygh8pZ
Usando link direto extraído do HTML para obter link de afiliado.
✓ Link de afiliado: https://meli.la/2x4qLVG
Usando link direto extraído do HTML para obter link de afiliado.
✓ Link de afiliado: https://meli.la/1EfRNNj
Usando link direto extraído do HTML para obter link de afiliado.
✓ Link de afiliado: https://meli.la/2sxHwJd
Usando link direto extraído do HTML para obter link de afiliado.
✓ Link de afiliado: https://meli.la/1jxvpjd
Usando link direto extraído do HTML para obter link de afiliado.
✓ Link de afiliado: https://meli.la/2SsD52s
Usando link direto extraído do HTML para obter link de afiliado.
✓ Link de afiliado: https://meli.la/122jfFG
Usando link direto extraído do HTML para obter link de afiliado.
✓ Link de afiliado: https://meli.la/1QvB8MJ
Metadados salvos em: C:\Users\Lucas Bianco\Desktop\Projetos Dev\Promos\dist-interface\metadados_coleta\metadados_relampago_exec_0054_20260527_201638.json

Histórico relâmpago atualizado em: C:/Users/Lucas Bianco/Downloads\lista_anuncios.txt

Saida consolidada por modalidade atualizada em: C:\Users\Lucas Bianco\Desktop\Projetos Dev\Promos\dist-interface\saidas_execucoes\OnDemand\lista_anuncios.txt

10 oferta(s) relâmpago processada(s) e salvas.

Envio pelo WhatsApp finalizado com sucesso!

=== Fim da execucao: 2026-05-27T20:16:38 ===
