=== Inicio da execucao: 2026-07-21T20:26:20 ===
Args: --produto-por-html --fonte mercadolivre --url-produto https://lista.mercadolivre.com.br/bebes/higiene-cuidados-bebe/fraldas/descartaveis/30-a-60-unidades/fralda_NoIndex_True?sb=all_mercadolibre#applied_filter_id%3DUNITS_PER_PACKAGE%26applied_filter_name%3DUnidades+por+embalagem%26applied_filter_order%3D7%26applied_value_id%3D%5B30-60%29%26applied_value_name%3D30+a+59+unidades%26applied_value_order%3D2%26applied_value_results%3D2743%26is_custom%3Dfalse --preco-minimo 30.0 --preco-maximo 80.0 --desconto-minimo 30 --limite-candidatos 5 --modalidade-execucao campanha

[MODO_ATIVO] PRODUTO_ONDEMAND_HOME_PESQUISA

Modo procurar produto ativado (pesquisa pela home do Mercado Livre).

[LINK_BASE_1] Processando listagem direta: https://lista.mercadolivre.com.br/bebes/higiene-cuidados-bebe/fraldas/descartaveis/30-a-60-unidades/fralda_NoIndex_True?sb=all_mercadolibre#applied_filter_id%3DUNITS_PER_PACKAGE%26applied_filter_name%3DUnidades+por+embalagem%26applied_filter_order%3D7%26applied_value_id%3D%5B30-60%29%26applied_value_name%3D30+a+59+unidades%26applied_value_order%3D2%26applied_value_results%3D2743%26is_custom%3Dfalse
[LINK_BASE_1] Carregando em blocos de 3 páginas até encontrar candidatos válidos

[BLOCO_1] Carregando páginas 1 a 3 do Link 1
[LISTAGEM_DIRETA] Link 1 - página 1: https://lista.mercadolivre.com.br/bebes/higiene-cuidados-bebe/fraldas/descartaveis/30-a-60-unidades/fralda_NoIndex_True?sb=all_mercadolibre#applied_filter_id%3DUNITS_PER_PACKAGE%26applied_filter_name%3DUnidades+por+embalagem%26applied_filter_order%3D7%26applied_value_id%3D%5B30-60%29%26applied_value_name%3D30+a+59+unidades%26applied_value_order%3D2%26applied_value_results%3D2743%26is_custom%3Dfalse
✓ Link de afiliado: https://meli.la/1H9BHQx
✓ Link de afiliado: https://meli.la/1CrinWX
[LISTAGEM_DIRETA] Link 1 - página 2: https://lista.mercadolivre.com.br/bebes/higiene-cuidados-bebe/fraldas/descartaveis/30-a-60-unidades/fralda_NoIndex_True?sb=all_mercadolibre&page=2
[LISTAGEM_DIRETA] Link 1 - página 3: https://lista.mercadolivre.com.br/bebes/higiene-cuidados-bebe/fraldas/descartaveis/30-a-60-unidades/fralda_NoIndex_True?sb=all_mercadolibre&page=3
[BLOCO_1] Resultado: 2 candidato(s) coletado(s), 2 válido(s) enriquecido(s). Total: 2/5

[BLOCO_2] Carregando páginas 4 a 5 do Link 1
[LISTAGEM_DIRETA] Link 1 - página 4: https://lista.mercadolivre.com.br/bebes/higiene-cuidados-bebe/fraldas/descartaveis/30-a-60-unidades/fralda_NoIndex_True?sb=all_mercadolibre&page=4
[LISTAGEM_DIRETA] Link 1 - página 5: https://lista.mercadolivre.com.br/bebes/higiene-cuidados-bebe/fraldas/descartaveis/30-a-60-unidades/fralda_NoIndex_True?sb=all_mercadolibre&page=5
[BLOCO_2] Resultado: 0 candidato(s) coletado(s), 0 válido(s) enriquecido(s). Total: 2/5
[BLOCO_2] Nenhum candidato encontrado. Parando busca neste link.

Histórico relâmpago atualizado em: C:\Users\Lucas Bianco\Desktop\Projetos Dev\Promos\ofertas_relampago\Historico de anuncios\lista_anuncios.txt
✅ 2 imagem(ns) principal(is) salvas em anuncios: C:\Users\Lucas Bianco\Desktop\Projetos Dev\Promos\dist-interface\instagram_anuncios
✅ JSON de busca de produto salvo em: C:\Users\Lucas Bianco\Desktop\Projetos Dev\Promos\ofertas_afiliados\Historico de anuncios\ofertas_20260721_202722.json

Saida consolidada por modalidade atualizada em: C:\Users\Lucas Bianco\Desktop\Projetos Dev\Promos\saidas_execucoes\Campanha\lista_anuncios.txt
Saida JSON campanha salva em: C:\Users\Lucas Bianco\Desktop\Projetos Dev\Promos\saidas_execucoes\Campanha\ofertas_20260721_202722.json

[DEBUG] Twilio Account SID: ACc0...e80a

Mensagem enviada para whatsapp:+5519991133269:
Fralda Descartável Baby M Pacote 50 Unidades Turma da Mônica
Message SID Twilio: SMed56d1ef3edc9708848b26bfbc493476

Mensagem enviada para whatsapp:+5519991133269:
Fralda Qu4trosec xxg 36u turma Da Mônica Baby Extra Extra Grande (xxg)
Message SID Twilio: SM8c49230b190305cb4cc39f10f62a19a2

2 oferta(s) processada(s) e salva(s).

=== Fim da execucao: 2026-07-21T20:27:30 ===
