=== Inicio da execucao: 2026-07-22T20:36:02 ===
Args: --produto-por-html --fonte mercadolivre --url-produto https://lista.mercadolivre.com.br/_Container_pet-cpg-alimentos-e-petiscos-gatos-query?forceContainer=true#c_container_id=MLB1328164-1&c_id=%2Fsplinter%2Fspecial-withoutlabel&c_element_order=1&c_campaign=gato-alimentos-petiscos&c_label=%2Fsplinter%2Fspecial-withoutlabel&c_uid=b2ee9bf9-836a-11f1-a26d-7b6dabbac512&c_element_id=b2ee9bf9-836a-11f1-a26d-7b6dabbac512&c_content_origin=splinter-default&c_content_type=default&c_global_position=5&deal_print_id=b2c457a0-836a-11f1-acb2-738635e0e863&c_tracking_id=b2c457a0-836a-11f1-acb2-738635e0e863 --desconto-minimo 10 --limite-candidatos 3 --modalidade-execucao campanha

[MODO_ATIVO] PRODUTO_ONDEMAND_HOME_PESQUISA

Modo procurar produto ativado (pesquisa pela home do Mercado Livre).

[LINK_BASE_1] Processando listagem direta: https://lista.mercadolivre.com.br/_Container_pet-cpg-alimentos-e-petiscos-gatos-query?forceContainer=true#c_container_id=MLB1328164-1&c_id=%2Fsplinter%2Fspecial-withoutlabel&c_element_order=1&c_campaign=gato-alimentos-petiscos&c_label=%2Fsplinter%2Fspecial-withoutlabel&c_uid=b2ee9bf9-836a-11f1-a26d-7b6dabbac512&c_element_id=b2ee9bf9-836a-11f1-a26d-7b6dabbac512&c_content_origin=splinter-default&c_content_type=default&c_global_position=5&deal_print_id=b2c457a0-836a-11f1-acb2-738635e0e863&c_tracking_id=b2c457a0-836a-11f1-acb2-738635e0e863
[LINK_BASE_1] Carregando em blocos de 3 páginas até encontrar candidatos válidos

[BLOCO_1] Carregando páginas 1 a 3 do Link 1
[LISTAGEM_DIRETA] Link 1 - página 1: https://lista.mercadolivre.com.br/_Container_pet-cpg-alimentos-e-petiscos-gatos-query?forceContainer=true#c_container_id=MLB1328164-1&c_id=%2Fsplinter%2Fspecial-withoutlabel&c_element_order=1&c_campaign=gato-alimentos-petiscos&c_label=%2Fsplinter%2Fspecial-withoutlabel&c_uid=b2ee9bf9-836a-11f1-a26d-7b6dabbac512&c_element_id=b2ee9bf9-836a-11f1-a26d-7b6dabbac512&c_content_origin=splinter-default&c_content_type=default&c_global_position=5&deal_print_id=b2c457a0-836a-11f1-acb2-738635e0e863&c_tracking_id=b2c457a0-836a-11f1-acb2-738635e0e863
✓ Link de afiliado: https://meli.la/2Veou7K
✓ Link de afiliado: https://meli.la/1e5Uorj
✓ Link de afiliado: https://meli.la/1Zv98vt
[BLOCO_1] Resultado: 3 candidato(s) coletado(s), 3 válido(s) enriquecido(s). Total: 3/3

Histórico relâmpago atualizado em: C:\Users\Lucas Bianco\Desktop\Projetos Dev\Promos\ofertas_relampago\Historico de anuncios\lista_anuncios.txt
✅ 1 imagem(ns) principal(is) salvas em anuncios: C:\Users\Lucas Bianco\Desktop\Projetos Dev\Promos\dist-interface\instagram_anuncios
✅ JSON de busca de produto salvo em: C:\Users\Lucas Bianco\Desktop\Projetos Dev\Promos\ofertas_afiliados\Historico de anuncios\ofertas_20260722_203641.json

Saida consolidada por modalidade atualizada em: C:\Users\Lucas Bianco\Desktop\Projetos Dev\Promos\saidas_execucoes\Campanha\lista_anuncios.txt
Saida JSON campanha salva em: C:\Users\Lucas Bianco\Desktop\Projetos Dev\Promos\saidas_execucoes\Campanha\ofertas_20260722_203641.json

[DEBUG] Twilio Account SID: ACc0...e80a

[DEBUG] media_url=NAO
[DEBUG] motivo_sem_midia=webp_desativado
[DEBUG] imagem=https://http2.mlstatic.com/D_NQ_NP_933604-MLB114256265167_072026-O-mister-grama--grama-para-gatos--4-unidades.webp

Mensagem enviada para whatsapp:+5519991133269:
Mister Grama - Grama Para Gatos - 4 Unidades
Message SID Twilio: SM1b91951d88655b4a7d6c84013f153d76
[DEBUG] status_final_twilio=sending

[DEBUG] media_url=NAO
[DEBUG] motivo_sem_midia=webp_desativado
[DEBUG] imagem=https://http2.mlstatic.com/D_NQ_NP_803085-MLA99929272187_112025-O.webp

Mensagem enviada para whatsapp:+5519991133269:
Petisco Para Gatos Gatex Chuchups Sabores Mistos Pote 24 Un
Message SID Twilio: SM255c4cd0f59c1c636e53aff90aec67fd
[DEBUG] status_final_twilio=sending

[DEBUG] media_url=NAO
[DEBUG] motivo_sem_midia=webp_desativado
[DEBUG] imagem=https://http2.mlstatic.com/D_NQ_NP_729927-MLA108260586639_032026-O.webp

Mensagem enviada para whatsapp:+5519991133269:
Ração Quatree Supreme Gatos Castrados Frango 10.1kg
Message SID Twilio: SM76d1ac321bfe47a24595b8d8fa0b37f4
[DEBUG] status_final_twilio=sending

[RESUMO_TWILIO] entregues_ou_processadas=3 falhas=0 total=3

3 oferta(s) processada(s) e salva(s).

=== Fim da execucao: 2026-07-22T20:36:46 ===
