=== Inicio da execucao: 2026-06-11T19:59:18 ===
Args: --produto-por-html --url-produto https://lista.mercadolivre.com.br/produtos-da-copa-2026_NoIndex_True --preco-minimo 30.0 --preco-maximo 140.0 --limite-candidatos 5 --modalidade-execucao campanha

[MODO_ATIVO] PRODUTO_ONDEMAND_HOME_PESQUISA

Modo procurar produto ativado (pesquisa pela home do Mercado Livre).

[LINK_BASE_1] Processando listagem direta: https://lista.mercadolivre.com.br/produtos-da-copa-2026_NoIndex_True
[LISTAGEM_DIRETA] Link 1 - página 1: https://lista.mercadolivre.com.br/produtos-da-copa-2026_NoIndex_True
✓ Link de afiliado: https://meli.la/1JykVMK
✓ Link de afiliado: https://meli.la/1WMYoTz
✓ Link de afiliado: https://meli.la/1fF8Kjy
✓ Link de afiliado: https://meli.la/1C7SmJP
✓ Link de afiliado: https://meli.la/1g5kTbK

Histórico relâmpago atualizado em: C:\Users\Lucas Bianco\Desktop\Projetos Dev\Promos\ofertas_relampago\Historico de anuncios\lista_anuncios.txt

Saida consolidada por modalidade atualizada em: C:\Users\Lucas Bianco\Desktop\Projetos Dev\Promos\saidas_execucoes\Campanha\lista_anuncios.txt

[DEBUG] Twilio Account SID: ACc0...e80a

Mensagem enviada para whatsapp:+5519991133269:
Camiseta K. Mbabbé França Dry Fit Copa 2026 Lançamento
Message SID Twilio: SM9c3efddeadef7890939af3b484a0c629

Mensagem enviada para whatsapp:+5519991133269:
Conjunto De 5 Peças Da Bandeira Da Copa Do Mundo De 2026
Message SID Twilio: SM40bd5377957388435ecbb61ff76dd164

Mensagem enviada para whatsapp:+5519991133269:
Cbc Conjunto De Fãs Da Copa Do Mundo De 2026 6ps
Message SID Twilio: SM120cae598225bf3cedbe9ba6eb3e9b42

Mensagem enviada para whatsapp:+5519991133269:
Kit 42 Bandeiras Copa 2026 14x21 Cm Decoração
Message SID Twilio: SM2684fece1f401f51e8b8ab6167b34e72

Mensagem enviada para whatsapp:+5519991133269:
Álbum Oficial Copa Do Mundo Fifa 2026 + 70 Figurinhas Brochura Capa Mole Panini Original
Message SID Twilio: SM39d0ed26ef292be85ab680cda8fb23eb

5 oferta(s) processada(s) e salva(s).

=== Fim da execucao: 2026-06-11T20:00:37 ===
