=== Inicio da execucao: 2026-07-13T19:43:48 ===
Args: --produto-por-html --descricao-produto pegboard gamer --preco-maximo 70.0 --desconto-minimo 20 --limite-candidatos 3 --pasta-saida C:/Users/Lucas Bianco/Downloads --modalidade-execucao ondemand

[MODO_ATIVO] PRODUTO_ONDEMAND_HOME_PESQUISA

Modo procurar produto ativado (pesquisa pela home do Mercado Livre).

[BLOCO_GENERICA_1] Carregando páginas 1 a 3
[BLOCO_GENERICA_1] Página 1: https://lista.mercadolivre.com.br/pegboard-gamer
[BLOCO_GENERICA_1] Resultado: 3 candidato(s) coletado(s). Total: 3
✓ Link de afiliado: https://meli.la/2VUpPk3
✓ Link de afiliado: https://meli.la/2oyA1H1
✓ Link de afiliado: https://meli.la/1YwCZC8

Histórico relâmpago atualizado em: C:/Users/Lucas Bianco/Downloads\lista_anuncios.txt

Saida consolidada por modalidade atualizada em: C:\Users\Lucas Bianco\Desktop\Projetos Dev\Promos\saidas_execucoes\OnDemand\lista_anuncios.txt

[DEBUG] Twilio Account SID: ACc0...e80a

Mensagem enviada para whatsapp:+5519991133269:
Painel Organizador Pegboard Gamer Setup Grande Full Mdf Cru
Message SID Twilio: SMbc17deefb9bbad2fabc2ac31a2f3384f

Mensagem enviada para whatsapp:+5519991133269:
Painel Organiza Pegboard Gamer Setup Quarto Escritório M
Message SID Twilio: SM06510fc57263c86250afbc7a9fecf6dd

Mensagem enviada para whatsapp:+5519991133269:
Painel Organizador Pegboard Gamer Setup Grande Full
Message SID Twilio: SM7fd7766e2064aaef6f91c3a6065f6e1b

3 oferta(s) processada(s) e salva(s).

=== Fim da execucao: 2026-07-13T19:44:37 ===
