=== Inicio da execucao: 2026-07-26T11:50:21 ===
Args: --produto-por-html --fonte mercadolivre --descricao-produto Cortador De Biscoito Cookie Pasta Feliz Dia Dos Pais --preco-minimo 24.0 --preco-maximo 26.0 --limite-candidatos 1 --url-produto https://lista.mercadolivre.com.br/cortador-de-biscoito-cookie-pasta-feliz-dia-dos-pais#D[A:Cortador%20De%20Biscoito%20Cookie%20Pasta%20Feliz%20Dia%20Dos%20Pais] --pasta-saida C:/Users/Lucas Bianco/Downloads --modalidade-execucao ondemand

[MODO_ATIVO] PRODUTO_ONDEMAND_HOME_PESQUISA

Modo procurar produto ativado (pesquisa pela home do Mercado Livre).

[LINK_BASE_1] Processando listagem direta: https://lista.mercadolivre.com.br/cortador-de-biscoito-cookie-pasta-feliz-dia-dos-pais#D[A:Cortador%20De%20Biscoito%20Cookie%20Pasta%20Feliz%20Dia%20Dos%20Pais]
[LINK_BASE_1] Carregando em blocos de 3 páginas até encontrar candidatos válidos

[BLOCO_1] Carregando páginas 1 a 3 do Link 1
[LISTAGEM_DIRETA] Link 1 - página 1: https://lista.mercadolivre.com.br/cortador-de-biscoito-cookie-pasta-feliz-dia-dos-pais#D[A:Cortador%20De%20Biscoito%20Cookie%20Pasta%20Feliz%20Dia%20Dos%20Pais]
✓ Link de afiliado: https://meli.la/26adW5p
[BLOCO_1] Resultado: 1 candidato(s) coletado(s), 1 válido(s) enriquecido(s). Total: 1/1

Histórico relâmpago atualizado em: C:/Users/Lucas Bianco/Downloads\lista_anuncios.txt
✅ 1 imagem(ns) principal(is) salvas em anuncios: C:\Users\Lucas Bianco\Desktop\Projetos Dev\Promos\dist-interface\instagram_anuncios
✅ JSON de busca de produto salvo em: C:\Users\Lucas Bianco\Desktop\Projetos Dev\Promos\ofertas_afiliados\Historico de anuncios\ofertas_20260726_115036.json

Saida consolidada por modalidade atualizada em: C:\Users\Lucas Bianco\Desktop\Projetos Dev\Promos\saidas_execucoes\OnDemand\lista_anuncios.txt
Saida JSON ondemand salva em: C:\Users\Lucas Bianco\Desktop\Projetos Dev\Promos\saidas_execucoes\OnDemand\ofertas_20260726_115036.json

[DEBUG] Twilio Account SID: ACc0...e80a
[WARN] Falha ao iniciar Google Drive para imagens: Arquivo de service account nao encontrado: C:\Users\Lucas Bianco\AppData\Local\Temp\_MEI414122\credentials\google-service-account.json

[DEBUG] media_url=NAO
[DEBUG] motivo_sem_midia=webp_desativado
[DEBUG] imagem=https://http2.mlstatic.com/D_NQ_NP_971053-MLB113778486435_062026-O-cortador-de-biscoito-cookie-pasta-feliz-dia-dos-pais.webp

Mensagem enviada para whatsapp:+5519991133269:
Cortador De Biscoito Cookie Pasta Feliz Dia Dos Pais
Message SID Twilio: SM892b5b54ab0e51f51f52478c47cc0cd4
[DEBUG] status_final_twilio=sending

[RESUMO_TWILIO] entregues_ou_processadas=1 falhas=0 total=1

1 oferta(s) processada(s) e salva(s).

=== Fim da execucao: 2026-07-26T11:50:38 ===
