=== Inicio da execucao: 2026-07-08T23:25:44 ===
Args: --somente-relampago --desconto-minimo 50 --limite-candidatos 10 --pasta-saida C:/Users/Lucas Bianco/Downloads --modalidade-execucao ondemand

[MODO_ATIVO] FLUXO_HUB_AFILIADOS_LEGADO

Mercado Livre ja esta autenticado.

Modo somente ofertas relâmpago ativado. Fluxo do hub/Twilio foi ignorado.
Limpeza de HTML relâmpago: 2 arquivo(s) antigo(s) removido(s).

Navegando para ofertas relâmpago:
https://www.mercadolivre.com.br/ofertas?promotion_type=lightning#filter_applied=promotion_type&filter_position=3&origin=qcat
HTML salvo em: C:\Users\Lucas Bianco\Desktop\Projetos Dev\Promos\ofertas_relampago\html\html_relampago_20260708_232609_839619_01.txt
Modo sem parametros detectado: usando apenas o primeiro HTML de ofertas relampago.

Analisando HTML de: C:\Users\Lucas Bianco\Desktop\Projetos Dev\Promos\ofertas_relampago\html\html_relampago_20260708_232609_839619_01.txt
14 oferta(s) com 50% ou mais de desconto extraída(s) do JSON.
[DESCARTADO - HISTORICO] Anúncio mlb4812130742 marcado como anuncio_inedito=false no histórico.
[DESCARTADO - HISTORICO] Anúncio mlb5682520334 marcado como anuncio_inedito=false no histórico.
[DESCARTADO - HISTORICO] Anúncio mlb4314606824 marcado como anuncio_inedito=false no histórico.
[DESCARTADO - HISTORICO] Anúncio mlb5748326240 marcado como anuncio_inedito=false no histórico.
[DESCARTADO - HISTORICO] Anúncio mlb5522151066 marcado como anuncio_inedito=false no histórico.
Página atual trouxe 9/10 oferta(s) válida(s). Coletando página 2/25.

Navegando para ofertas relâmpago:
https://www.mercadolivre.com.br/ofertas?promotion_type=lightning&page=2
HTML salvo em: C:\Users\Lucas Bianco\Desktop\Projetos Dev\Promos\ofertas_relampago\html\html_relampago_20260708_232633_376782_02.txt

Analisando HTML de: C:\Users\Lucas Bianco\Desktop\Projetos Dev\Promos\ofertas_relampago\html\html_relampago_20260708_232609_839619_01.txt
14 oferta(s) com 50% ou mais de desconto extraída(s) do JSON.
[DESCARTADO - HISTORICO] Anúncio mlb4812130742 marcado como anuncio_inedito=false no histórico.
[DESCARTADO - HISTORICO] Anúncio mlb5682520334 marcado como anuncio_inedito=false no histórico.
[DESCARTADO - HISTORICO] Anúncio mlb4314606824 marcado como anuncio_inedito=false no histórico.
[DESCARTADO - HISTORICO] Anúncio mlb5748326240 marcado como anuncio_inedito=false no histórico.
[DESCARTADO - HISTORICO] Anúncio mlb5522151066 marcado como anuncio_inedito=false no histórico.

Analisando HTML de: C:\Users\Lucas Bianco\Desktop\Projetos Dev\Promos\ofertas_relampago\html\html_relampago_20260708_232633_376782_02.txt
9 oferta(s) com 50% ou mais de desconto extraída(s) do JSON.
Paginação parametrizada limitada a 25 página(s) (detecção original: 229 página(s)).
HTML consolidado salvo em: C:\Users\Lucas Bianco\Desktop\Projetos Dev\Promos\ofertas_relampago\html\html_relampago_consolidado_20260708_232633.txt
Usando link direto extraído do HTML para obter link de afiliado.
✓ Link de afiliado: https://meli.la/2e3qEru
Usando link direto extraído do HTML para obter link de afiliado.
✓ Link de afiliado: https://meli.la/1DU1jdw
Usando link direto extraído do HTML para obter link de afiliado.
✓ Link de afiliado: https://meli.la/1kXPbh4
Usando link direto extraído do HTML para obter link de afiliado.
✓ Link de afiliado: https://meli.la/2NtvyxH
Usando link direto extraído do HTML para obter link de afiliado.
✓ Link de afiliado: https://meli.la/2D8uHAA
Usando link direto extraído do HTML para obter link de afiliado.
✓ Link de afiliado: https://meli.la/2sGSSLm
Usando link direto extraído do HTML para obter link de afiliado.
✓ Link de afiliado: https://meli.la/2n8MFoM
Usando link direto extraído do HTML para obter link de afiliado.
✓ Link de afiliado: https://meli.la/1jxvpjd
Usando link direto extraído do HTML para obter link de afiliado.
✓ Link de afiliado: https://meli.la/1amjDsy
Usando link direto extraído do HTML para obter link de afiliado.
✓ Link de afiliado: https://meli.la/2o2HnhK
Metadados salvos em: C:\Users\Lucas Bianco\Desktop\Projetos Dev\Promos\metadados_coleta\metadados_relampago_exec_0057_20260708_232813.json

Histórico relâmpago atualizado em: C:/Users/Lucas Bianco/Downloads\lista_anuncios.txt

Saida consolidada por modalidade atualizada em: C:\Users\Lucas Bianco\Desktop\Projetos Dev\Promos\saidas_execucoes\OnDemand\lista_anuncios.txt

[DEBUG] Twilio Account SID: ACc0...e80a

Mensagem enviada para whatsapp:+5519991133269:
Jogo De Panelas 17 Peças Teflon Antiaderente Indução Bege
Message SID Twilio: SM74e7ea55dc3bf1084e8d09e60cc380a3

Mensagem enviada para whatsapp:+5519991133269:
Controle Sem Fio QRD Ferrox M5 Para Xbox Series, One e PC Bluetooth Preto
Message SID Twilio: SM07ba080d231a651beca9ba835612861a

Mensagem enviada para whatsapp:+5519991133269:
Robô Aspirador De Pó Inteligente Passa Pano Lydsto G1 Limpeza 3 em 1 Compatível XIAOMi Home APP
Message SID Twilio: SM4dcce2ca7372dc35f04d10024999c607

Mensagem enviada para whatsapp:+5519991133269:
Jogo De Sobremesa Tigela Bowl 6 Peças Em Vidro Desenhado Trasparente
Message SID Twilio: SM7c977e9b89f37d003e6b4bd4d0178c42

Mensagem enviada para whatsapp:+5519991133269:
Mini Compressor De Ar De Bomba De Pneu Inflável Sem Fio B&G Preto 60 Hz Monofásica
Message SID Twilio: SM23aca2e90baceb9488741b2ccc549c90

Mensagem enviada para whatsapp:+5519991133269:
1200n.m Chave De Impacto 3 Em 1 + 2 Bateria Sem Fio Dobevi Azul 127/220v
Message SID Twilio: SMaf2531969d8f00e7e4bc8409fee091ac

Mensagem enviada para whatsapp:+5519991133269:
Enssu Aparador De Pelos Corporais Masculino Com Base Cor Preto
Message SID Twilio: SM8f6d0755f41c7f11240934f4f709c272

Mensagem enviada para whatsapp:+5519991133269:
Coenzima Q10 200mg Pura Alta Concentração 60 Cápsulas - Forged Nutrition
Message SID Twilio: SMa019b15804fa1d211bd1a434425200e0

Mensagem enviada para whatsapp:+5519991133269:
Whey Protein Concentrado 1kg Dark Lab Sabor Baunilha
Message SID Twilio: SM8a3cf8dfeb646b10d11c9e07f7de034c

Mensagem enviada para whatsapp:+5519991133269:
Tênis Masculino Club Ii Puma
Message SID Twilio: SM2bce122eee39a7d5b6376cc845cabb4b

10 oferta(s) relâmpago processada(s) e salvas.

Envio pelo WhatsApp finalizado com sucesso!

=== Fim da execucao: 2026-07-08T23:28:57 ===
