=== Inicio da execucao: 2026-06-23T17:50:31 ===
Args: --produto-por-html --url-produto https://lista.mercadolivre.com.br/suplementos#D[A:suplementos] --desconto-minimo 30 --limite-candidatos 4 --modalidade-execucao campanha

[MODO_ATIVO] PRODUTO_ONDEMAND_HOME_PESQUISA

Modo procurar produto ativado (pesquisa pela home do Mercado Livre).

[LINK_BASE_1] Processando listagem direta: https://lista.mercadolivre.com.br/suplementos#D[A:suplementos]
[LINK_BASE_1] Carregando em blocos de 3 páginas até encontrar candidatos válidos

[BLOCO_1] Carregando páginas 1 a 3 do Link 1
[LISTAGEM_DIRETA] Link 1 - página 1: https://lista.mercadolivre.com.br/suplementos#D[A:suplementos]
✓ Link de afiliado: https://meli.la/18drhet
✓ Link de afiliado: https://meli.la/1dPn2qE
✓ Link de afiliado: https://meli.la/1wruw6E
✓ Link de afiliado: https://meli.la/1wruw6E
[BLOCO_1] Resultado: 4 candidato(s) coletado(s), 4 válido(s) enriquecido(s). Total: 4/4

Histórico relâmpago atualizado em: C:\Users\Lucas Bianco\Desktop\Projetos Dev\Promos\ofertas_relampago\Historico de anuncios\lista_anuncios.txt

Saida consolidada por modalidade atualizada em: C:\Users\Lucas Bianco\Desktop\Projetos Dev\Promos\saidas_execucoes\Campanha\lista_anuncios.txt

[DEBUG] Twilio Account SID: ACc0...e80a

Mensagem enviada para whatsapp:+5519991133269:
Creatina 100% Pura 300g Integralmedica - Força e Performance
Message SID Twilio: SM7d8e4703eb884837f6a35b6b8aab5c0f

Mensagem enviada para whatsapp:+5519991133269:
Creatina Monohidratada Pura 500g Dark Lab Unidade
Message SID Twilio: SMc42b394a1ef0011e09aa581dffdaa737

Mensagem enviada para whatsapp:+5519991133269:
Creatina Monohidratada 500g Growth Supplements - Sem Sabor em Pó
Message SID Twilio: SMf9c2a98de65345f0fb557b1b4a7a8f18

Mensagem enviada para whatsapp:+5519991133269:
Creatina Monohidratada 500g Growth Supplements - Sem Sabor em Pó
Message SID Twilio: SMa8ba083c6aba9486be60a936ca3d2a28

4 oferta(s) processada(s) e salva(s).

=== Fim da execucao: 2026-06-23T17:51:45 ===
