=== Inicio da execucao: 2026-07-26T10:52:04 ===
Args: --produto-por-html --fonte mercadolivre --url-produto https://lista.mercadolivre.com.br/beleza-cuidado-pessoal/loreal_Discount_10-100_NoIndex_True?sb=all_mercadolibre#applied_filter_id%3Ddiscount%26applied_filter_name%3DDescontos%26applied_filter_order%3D14%26applied_value_id%3D10-100%26applied_value_name%3DMais+de+10%25+OFF%26applied_value_order%3D2%26applied_value_results%3D1613%26is_custom%3Dfalse --limite-candidatos 3 --modalidade-execucao campanha

[MODO_ATIVO] PRODUTO_ONDEMAND_HOME_PESQUISA

Modo procurar produto ativado (pesquisa pela home do Mercado Livre).

[LINK_BASE_1] Processando listagem direta: https://lista.mercadolivre.com.br/beleza-cuidado-pessoal/loreal_Discount_10-100_NoIndex_True?sb=all_mercadolibre#applied_filter_id%3Ddiscount%26applied_filter_name%3DDescontos%26applied_filter_order%3D14%26applied_value_id%3D10-100%26applied_value_name%3DMais+de+10%25+OFF%26applied_value_order%3D2%26applied_value_results%3D1613%26is_custom%3Dfalse
[LINK_BASE_1] Carregando em blocos de 3 páginas até encontrar candidatos válidos

[BLOCO_1] Carregando páginas 1 a 3 do Link 1
[LISTAGEM_DIRETA] Link 1 - página 1: https://lista.mercadolivre.com.br/beleza-cuidado-pessoal/loreal_Discount_10-100_NoIndex_True?sb=all_mercadolibre#applied_filter_id%3Ddiscount%26applied_filter_name%3DDescontos%26applied_filter_order%3D14%26applied_value_id%3D10-100%26applied_value_name%3DMais+de+10%25+OFF%26applied_value_order%3D2%26applied_value_results%3D1613%26is_custom%3Dfalse
✓ Link de afiliado: https://meli.la/1SS2FHc
✓ Link de afiliado: https://meli.la/1JjBapX
✓ Link de afiliado: https://meli.la/1MkAdqV
[BLOCO_1] Resultado: 3 candidato(s) coletado(s), 3 válido(s) enriquecido(s). Total: 3/3

Histórico relâmpago atualizado em: C:\Users\Lucas Bianco\Desktop\Projetos Dev\Promos\ofertas_relampago\Historico de anuncios\lista_anuncios.txt
✅ 3 imagem(ns) principal(is) salvas em anuncios: C:\Users\Lucas Bianco\Desktop\Projetos Dev\Promos\dist-interface\instagram_anuncios
✅ JSON de busca de produto salvo em: C:\Users\Lucas Bianco\Desktop\Projetos Dev\Promos\ofertas_afiliados\Historico de anuncios\ofertas_20260726_105238.json

Saida consolidada por modalidade atualizada em: C:\Users\Lucas Bianco\Desktop\Projetos Dev\Promos\saidas_execucoes\Campanha\lista_anuncios.txt
Saida JSON campanha salva em: C:\Users\Lucas Bianco\Desktop\Projetos Dev\Promos\saidas_execucoes\Campanha\ofertas_20260726_105238.json

[DEBUG] Twilio Account SID: ACc0...e80a

[DEBUG] media_url=NAO
[DEBUG] motivo_sem_midia=webp_desativado
[DEBUG] imagem=https://http2.mlstatic.com/D_NQ_NP_771293-MLB92248895052_092025-O-loreal-revitalift-hialuronico-kit-noturno-diurno-antissinais.webp

Mensagem enviada para whatsapp:+5519991133269:
Loreal Revitalift Hialuronico Kit Noturno Diurno Antissinais
Message SID Twilio: SM0fb44acca67ba923791486c48e38df49
[DEBUG] status_final_twilio=sending

[DEBUG] media_url=NAO
[DEBUG] motivo_sem_midia=webp_desativado
[DEBUG] imagem=https://http2.mlstatic.com/D_NQ_NP_641672-MLB108430697711_032026-O-condicionador-absolut-repair-200ml--loreal.webp

Mensagem enviada para whatsapp:+5519991133269:
Condicionador Absolut Repair 200ml - L'oreal
Message SID Twilio: SM3140a99d14c6d6d411cbf1e15fc6fc0c
[DEBUG] status_final_twilio=sending

[DEBUG] media_url=NAO
[DEBUG] motivo_sem_midia=webp_desativado
[DEBUG] imagem=https://http2.mlstatic.com/D_NQ_NP_711835-MLB107880963559_022026-O-loreal-paris-elvive-8-second-water-wonder--200ml.webp

Mensagem enviada para whatsapp:+5519991133269:
Loreal Paris Elvive 8 Second Water Wonder - 200ml
Message SID Twilio: SMdf5f14c59ae35800d4b99bfc5f0a7cf8
[DEBUG] status_final_twilio=sending

[RESUMO_TWILIO] entregues_ou_processadas=3 falhas=0 total=3

3 oferta(s) processada(s) e salva(s).

=== Fim da execucao: 2026-07-26T10:52:44 ===
