=== Inicio da execucao: 2026-07-13T20:03:04 ===
Args: --produto-por-html --descricao-produto caneca mixer --desconto-minimo 20 --limite-candidatos 5 --pasta-saida C:/Users/Lucas Bianco/Downloads --modalidade-execucao ondemand

[MODO_ATIVO] PRODUTO_ONDEMAND_HOME_PESQUISA

Modo procurar produto ativado (pesquisa pela home do Mercado Livre).

[BLOCO_GENERICA_1] Carregando páginas 1 a 3
[BLOCO_GENERICA_1] Página 1: https://lista.mercadolivre.com.br/caneca-mixer
[BLOCO_GENERICA_1] Resultado: 5 candidato(s) coletado(s). Total: 5
✓ Link de afiliado: https://meli.la/1iUgk2v
✓ Link de afiliado: https://meli.la/1iUgk2v
✓ Link de afiliado: https://meli.la/2VyrwB3
✓ Link de afiliado: https://meli.la/312LW9i
✓ Link de afiliado: https://meli.la/2exqvKt

Histórico relâmpago atualizado em: C:/Users/Lucas Bianco/Downloads\lista_anuncios.txt

Saida consolidada por modalidade atualizada em: C:\Users\Lucas Bianco\Desktop\Projetos Dev\Promos\saidas_execucoes\OnDemand\lista_anuncios.txt

[DEBUG] Twilio Account SID: ACc0...e80a

Mensagem enviada para whatsapp:+5519991133269:
Copo Caneca Mixer Elétrica Mistura 400ml Com Tampa
Message SID Twilio: SM0f2eaf9fd26db14e15e9f531798a8559

Mensagem enviada para whatsapp:+5519991133269:
Copo Caneca Mixer Elétrica Mistura 400ml Com Tampa
Message SID Twilio: SM0e54b65540fe8666583f297742973ed8

Mensagem enviada para whatsapp:+5519991133269:
Vittak Caneca Mixer Elétrica Copo Mistura 380ml Com Tampa
Message SID Twilio: SMc7c0717b9b0f33a7cbf81d8e1acb6de5

Mensagem enviada para whatsapp:+5519991133269:
Caneca Mixer Misturador De Bebidas Portátil 500ml Elétrico
Message SID Twilio: SMf8cd634f9f96303931c60249544b8f2c

Mensagem enviada para whatsapp:+5519991133269:
Caneca Mixer Misturador P/ Bebidas Café Copo Recarregável
Message SID Twilio: SM1b4430a9161cd6319edaa68aea868ace

5 oferta(s) processada(s) e salva(s).

=== Fim da execucao: 2026-07-13T20:04:23 ===
