=== Inicio da execucao: 2026-07-06T19:23:57 ===
Args: --produto-por-html --url-produto https://lista.mercadolivre.com.br/t%C3%AAnis-masculino-new-balance-fuelcell-rebel-v5-exclusivo#D[A:T%C3%AAnis%20Masculino%20New%20Balance%20Fuelcell%20Rebel%20V5%20Exclusivo] --preco-minimo 600.0 --preco-maximo 800.0 --limite-candidatos 3 --modalidade-execucao campanha

[MODO_ATIVO] PRODUTO_ONDEMAND_HOME_PESQUISA

Modo procurar produto ativado (pesquisa pela home do Mercado Livre).

[LINK_BASE_1] Processando listagem direta: https://lista.mercadolivre.com.br/t%C3%AAnis-masculino-new-balance-fuelcell-rebel-v5-exclusivo#D[A:T%C3%AAnis%20Masculino%20New%20Balance%20Fuelcell%20Rebel%20V5%20Exclusivo]
[LINK_BASE_1] Carregando em blocos de 3 páginas até encontrar candidatos válidos

[BLOCO_1] Carregando páginas 1 a 3 do Link 1
[LISTAGEM_DIRETA] Link 1 - página 1: https://lista.mercadolivre.com.br/t%C3%AAnis-masculino-new-balance-fuelcell-rebel-v5-exclusivo#D[A:T%C3%AAnis%20Masculino%20New%20Balance%20Fuelcell%20Rebel%20V5%20Exclusivo]
✓ Link de afiliado: https://meli.la/21sTEsa
✓ Link de afiliado: https://meli.la/2EsLnnC
✓ Link de afiliado: https://meli.la/1TwFqLQ
[BLOCO_1] Resultado: 3 candidato(s) coletado(s), 3 válido(s) enriquecido(s). Total: 3/3

Histórico relâmpago atualizado em: C:\Users\Lucas Bianco\Desktop\Projetos Dev\Promos\ofertas_relampago\Historico de anuncios\lista_anuncios.txt

Saida consolidada por modalidade atualizada em: C:\Users\Lucas Bianco\Desktop\Projetos Dev\Promos\saidas_execucoes\Campanha\lista_anuncios.txt

[DEBUG] Twilio Account SID: ACc0...e80a

Mensagem enviada para whatsapp:+5519991133269:
Tenis Nb Fuelcell Rebel V5 Masculino New Balance Original
Message SID Twilio: SMa06c08dfa003c8ef88a4789d01392bc9

Mensagem enviada para whatsapp:+5519991133269:
Tênis Masculino New Balance Fuelcell Rebel V5 Exclusivo
Message SID Twilio: SM363ceac4d7f92807c8a1446bfd564830

Mensagem enviada para whatsapp:+5519991133269:
Tênis Masculino New Balance Fuelcell Rebel V5 Verde Preto
Message SID Twilio: SM7d4b36750c6412f2ac48b0ceacc39255

3 oferta(s) processada(s) e salva(s).

=== Fim da execucao: 2026-07-06T19:24:51 ===
