=== Inicio da execucao: 2026-06-22T21:11:39 ===
Args: --produto-por-html --url-produto https://lista.mercadolivre.com.br/produtos-da-copa-2026_NoIndex_True --preco-minimo 30.0 --preco-maximo 140.0 --limite-candidatos 5 --modalidade-execucao campanha

[MODO_ATIVO] PRODUTO_ONDEMAND_HOME_PESQUISA

Modo procurar produto ativado (pesquisa pela home do Mercado Livre).

[LINK_BASE_1] Processando listagem direta: https://lista.mercadolivre.com.br/produtos-da-copa-2026_NoIndex_True
[LINK_BASE_1] Carregando em blocos de 3 páginas até encontrar candidatos válidos

[BLOCO_1] Carregando páginas 1 a 3 do Link 1
[LISTAGEM_DIRETA] Link 1 - página 1: https://lista.mercadolivre.com.br/produtos-da-copa-2026_NoIndex_True
✓ Link de afiliado: https://meli.la/2pRpULB
✓ Link de afiliado: https://meli.la/1rmxctm
✓ Link de afiliado: https://meli.la/2N3U32D
✓ Link de afiliado: https://meli.la/1sjB5KX
✓ Link de afiliado: https://meli.la/1beWGaD
[BLOCO_1] Resultado: 5 candidato(s) coletado(s), 5 válido(s) enriquecido(s). Total: 5/5

Histórico relâmpago atualizado em: C:\Users\Lucas Bianco\Desktop\Projetos Dev\Promos\ofertas_relampago\Historico de anuncios\lista_anuncios.txt

Saida consolidada por modalidade atualizada em: C:\Users\Lucas Bianco\Desktop\Projetos Dev\Promos\saidas_execucoes\Campanha\lista_anuncios.txt

[DEBUG] Twilio Account SID: ACc0...e80a

Mensagem enviada para whatsapp:+5519991133269:
Camiseta Vini Jr. Brasil Dry Fit Copa 2026 Lançamento
Message SID Twilio: SMeed1716828d315a021d6d06212974462

Mensagem enviada para whatsapp:+5519991133269:
Camisa Copa Futebol Masculina Casual
Message SID Twilio: SM1b4deed5bcd1d31f20555c7f290ccb16

Mensagem enviada para whatsapp:+5519991133269:
Camisa Do Brasil Infantil Camiseta Dryfit Copa Do Mundo 2026
Message SID Twilio: SM55a5cf5e36ccb99ddbb6ad9e209ea181

Mensagem enviada para whatsapp:+5519991133269:
Banners E Mascotes Da Copa Do Mundo De 2026
Message SID Twilio: SM65b4bb155fe5dc1cb34abceb20ac0ede

Mensagem enviada para whatsapp:+5519991133269:
Kit Decoração De Ambiente Do Brasil Copa Do Mundo 2026
Message SID Twilio: SM425b4eac10a55d36fda0b5c6ff19ffd9

5 oferta(s) processada(s) e salva(s).

=== Fim da execucao: 2026-06-22T21:13:03 ===
