=== Inicio da execucao: 2026-06-17T19:51:37 ===
Args: --somente-relampago --desconto-minimo 50 --limite-candidatos 10 --pasta-saida C:/Users/Lucas Bianco/Downloads --modalidade-execucao ondemand

[MODO_ATIVO] FLUXO_HUB_AFILIADOS_LEGADO

Mercado Livre ja esta autenticado.

Modo somente ofertas relâmpago ativado. Fluxo do hub/Twilio foi ignorado.
Limpeza de HTML relâmpago: 3 arquivo(s) antigo(s) removido(s).

Navegando para ofertas relâmpago:
https://www.mercadolivre.com.br/ofertas?promotion_type=lightning#filter_applied=promotion_type&filter_position=3&origin=qcat
HTML salvo em: C:\Users\Lucas Bianco\Desktop\Projetos Dev\Promos\ofertas_relampago\html\html_relampago_20260617_195204_097178_01.txt
Modo sem parametros detectado: usando apenas o primeiro HTML de ofertas relampago.

Analisando HTML de: C:\Users\Lucas Bianco\Desktop\Projetos Dev\Promos\ofertas_relampago\html\html_relampago_20260617_195204_097178_01.txt
12 oferta(s) com 50% ou mais de desconto extraída(s) do JSON.
[DESCARTADO - HISTORICO] Anúncio mlb4625924357 marcado como anuncio_inedito=false no histórico.
[DESCARTADO - HISTORICO] Anúncio mlb5748326240 marcado como anuncio_inedito=false no histórico.
[DESCARTADO - HISTORICO] Anúncio mlb4466276267 marcado como anuncio_inedito=false no histórico.
[DESCARTADO - HISTORICO] Anúncio mlb6220088052 marcado como anuncio_inedito=false no histórico.
Página atual trouxe 8/10 oferta(s) válida(s). Coletando página 2/25.

Navegando para ofertas relâmpago:
https://www.mercadolivre.com.br/ofertas?promotion_type=lightning&page=2
HTML salvo em: C:\Users\Lucas Bianco\Desktop\Projetos Dev\Promos\ofertas_relampago\html\html_relampago_20260617_195225_462013_02.txt

Analisando HTML de: C:\Users\Lucas Bianco\Desktop\Projetos Dev\Promos\ofertas_relampago\html\html_relampago_20260617_195204_097178_01.txt
12 oferta(s) com 50% ou mais de desconto extraída(s) do JSON.
[DESCARTADO - HISTORICO] Anúncio mlb4625924357 marcado como anuncio_inedito=false no histórico.
[DESCARTADO - HISTORICO] Anúncio mlb5748326240 marcado como anuncio_inedito=false no histórico.
[DESCARTADO - HISTORICO] Anúncio mlb4466276267 marcado como anuncio_inedito=false no histórico.
[DESCARTADO - HISTORICO] Anúncio mlb6220088052 marcado como anuncio_inedito=false no histórico.

Analisando HTML de: C:\Users\Lucas Bianco\Desktop\Projetos Dev\Promos\ofertas_relampago\html\html_relampago_20260617_195225_462013_02.txt
13 oferta(s) com 50% ou mais de desconto extraída(s) do JSON.
[DESCARTADO - HISTORICO] Anúncio mlb4087426249 marcado como anuncio_inedito=false no histórico.
[DESCARTADO - HISTORICO] Anúncio mlb5270050920 marcado como anuncio_inedito=false no histórico.
Paginação parametrizada limitada a 25 página(s) (detecção original: 221 página(s)).
HTML consolidado salvo em: C:\Users\Lucas Bianco\Desktop\Projetos Dev\Promos\ofertas_relampago\html\html_relampago_consolidado_20260617_195225.txt
Usando link direto extraído do HTML para obter link de afiliado.
✓ Link de afiliado: https://meli.la/1ocHMun
Usando link direto extraído do HTML para obter link de afiliado.
✓ Link de afiliado: https://meli.la/343sswt
Usando link direto extraído do HTML para obter link de afiliado.
✓ Link de afiliado: https://meli.la/1HS6RUa
Usando link direto extraído do HTML para obter link de afiliado.
✓ Link de afiliado: https://meli.la/1rxRXiK
Usando link direto extraído do HTML para obter link de afiliado.
✓ Link de afiliado: https://meli.la/1rJfkSm
Usando link direto extraído do HTML para obter link de afiliado.
✓ Link de afiliado: https://meli.la/2TLpMuY
Usando link direto extraído do HTML para obter link de afiliado.
✓ Link de afiliado: https://meli.la/2cDvJ3o
Usando link direto extraído do HTML para obter link de afiliado.
✓ Link de afiliado: https://meli.la/2jSRwWy
Usando link direto extraído do HTML para obter link de afiliado.
✓ Link de afiliado: https://meli.la/32nNznG
Usando link direto extraído do HTML para obter link de afiliado.
✓ Link de afiliado: https://meli.la/2RDWQXz
Metadados salvos em: C:\Users\Lucas Bianco\Desktop\Projetos Dev\Promos\metadados_coleta\metadados_relampago_exec_0026_20260617_195403.json

Histórico relâmpago atualizado em: C:/Users/Lucas Bianco/Downloads\lista_anuncios.txt

Saida consolidada por modalidade atualizada em: C:\Users\Lucas Bianco\Desktop\Projetos Dev\Promos\saidas_execucoes\OnDemand\lista_anuncios.txt

[DEBUG] Twilio Account SID: ACc0...e80a

Mensagem enviada para whatsapp:+5519991133269:
Desobstruidora De Alta Pressão Wap Wl 4200 Ultra 5 Pistões 2200w 1305psi 510l/h Com Jato Regulável E Motor De Indução 220v Cinza 60 Hz
Message SID Twilio: SM1221cb2c7a6851f405daaf107f6c254d

Mensagem enviada para whatsapp:+5519991133269:
Tênis Kappa Sparta Unissex Original Confortável  Caminhada Branco-rosa 37 Br
Message SID Twilio: SM24900dc4372b8f2e2d2428b2221367b7

Mensagem enviada para whatsapp:+5519991133269:
Termogenico Thermocaps 200mg 60caps Ftw - Diabo Verde Sem Sabor
Message SID Twilio: SM5b46c22c99477185c0a944160addc0c3

Mensagem enviada para whatsapp:+5519991133269:
Baú Ativoauto De Alumínio 65l Para Moto, Preto, Com Encosto E Base Universal
Message SID Twilio: SM6f720d1a8aedd98513aa7b7d86200ee5

Mensagem enviada para whatsapp:+5519991133269:
Desobstruidora De Alta Pressão Profissional Wap Wl 4500 Ultra 2200w 2000psi 500l/h Motor Indução 220v Cinza 60 Hz
Message SID Twilio: SM279b239975860fc365dfaffe189901a3

Mensagem enviada para whatsapp:+5519991133269:
Kit Jogo De Ferramentas Completo C/ Soquetes E Chaves Tbt12940k The Black Tools Preto
Message SID Twilio: SMa44e13bf1c5e43af54be76330e23f658

Mensagem enviada para whatsapp:+5519991133269:
Álbum Capa Dura Ouro - Copa Do Mundo 2026 - Fifa World Cup
Message SID Twilio: SM1a928f192fce39c204b15bfd227abe3b

Mensagem enviada para whatsapp:+5519991133269:
Álbum De Figurinhas Brochura Copa Do Mundo Fifa 2026 Brochura
Message SID Twilio: SM383803ecb12114e832098b353f23e983

Mensagem enviada para whatsapp:+5519991133269:
Óculos De Sol Proteção Uv400 Unissex Premium E Sofisticado  Justin Preto
Message SID Twilio: SM3c9e53c80064f31709a5ea9cee332c6d

Mensagem enviada para whatsapp:+5519991133269:
Lavadora Alta Pressão Portátil Recarregável Sem Fio Bivolt Preto 127/220v
Message SID Twilio: SM1cfc342a9593b97762a8218ee8974fe3

10 oferta(s) relâmpago processada(s) e salvas.

Envio pelo WhatsApp finalizado com sucesso!

=== Fim da execucao: 2026-06-17T19:54:46 ===
