=== Inicio da execucao: 2026-07-13T19:55:19 ===
Args: --produto-por-html --desconto-minimo 40 --limite-candidatos 3 --url-produto https://lista.mercadolivre.com.br/teclado-gamer#D[A:teclado%20gamer] --pasta-saida C:/Users/Lucas Bianco/Downloads --modalidade-execucao ondemand

[MODO_ATIVO] PRODUTO_ONDEMAND_HOME_PESQUISA

Modo procurar produto ativado (pesquisa pela home do Mercado Livre).

[LINK_BASE_1] Processando listagem direta: https://lista.mercadolivre.com.br/teclado-gamer#D[A:teclado%20gamer]
[LINK_BASE_1] Carregando em blocos de 3 páginas até encontrar candidatos válidos

[BLOCO_1] Carregando páginas 1 a 3 do Link 1
[LISTAGEM_DIRETA] Link 1 - página 1: https://lista.mercadolivre.com.br/teclado-gamer#D[A:teclado%20gamer]
✓ Link de afiliado: https://meli.la/2xMgG3p
✓ Link de afiliado: https://meli.la/2Kd3nLd
✓ Link de afiliado: https://meli.la/15wzFPv
[BLOCO_1] Resultado: 3 candidato(s) coletado(s), 3 válido(s) enriquecido(s). Total: 3/3

Histórico relâmpago atualizado em: C:/Users/Lucas Bianco/Downloads\lista_anuncios.txt

Saida consolidada por modalidade atualizada em: C:\Users\Lucas Bianco\Desktop\Projetos Dev\Promos\saidas_execucoes\OnDemand\lista_anuncios.txt

[DEBUG] Twilio Account SID: ACc0...e80a

Mensagem enviada para whatsapp:+5519991133269:
Teclado Legacy Membrana Com Fio Preto Warrior - Tc315 Português Brasil
Message SID Twilio: SM4ec5fa80473eed820244092b2393e1f9

Mensagem enviada para whatsapp:+5519991133269:
Teclado Mecânico Gamer 60% Switch Huano Brow Red Pc Computador Switch Vermelho Português Brasil - Titorion
Message SID Twilio: SM00192b826387ea2870c8b479fbe857f3

Mensagem enviada para whatsapp:+5519991133269:
Teclado Redragon Kumara Pro Rgb Wireless Preto Switch Blue Idioma Português Brasil
Message SID Twilio: SM748cfd75a708265d0de2a782650f5c19

3 oferta(s) processada(s) e salva(s).

=== Fim da execucao: 2026-07-13T19:56:13 ===
