=== Inicio da execucao: 2026-06-21T11:43:04 ===
Args: --produto-por-html --url-produto https://lista.mercadolivre.com.br/cerveja-long-necj#D[A:cerveja%20long%20necj] --desconto-minimo 30 --limite-candidatos 4 --modalidade-execucao campanha

[MODO_ATIVO] PRODUTO_ONDEMAND_HOME_PESQUISA

Modo procurar produto ativado (pesquisa pela home do Mercado Livre).

[LINK_BASE_1] Processando listagem direta: https://lista.mercadolivre.com.br/cerveja-long-necj#D[A:cerveja%20long%20necj]
[LINK_BASE_1] Carregando em blocos de 3 páginas até encontrar candidatos válidos

[BLOCO_1] Carregando páginas 1 a 3 do Link 1
[LISTAGEM_DIRETA] Link 1 - página 1: https://lista.mercadolivre.com.br/cerveja-long-necj#D[A:cerveja%20long%20necj]
✓ Link de afiliado: https://meli.la/11X8KyJ
✓ Link de afiliado: https://meli.la/1kd3HKi
✓ Link de afiliado: https://meli.la/2M1LPE1
✓ Link de afiliado: https://meli.la/25UvViH
[BLOCO_1] Resultado: 4 candidato(s) coletado(s), 4 válido(s) enriquecido(s). Total: 4/4

Histórico relâmpago atualizado em: C:\Users\Lucas Bianco\Desktop\Projetos Dev\Promos\ofertas_relampago\Historico de anuncios\lista_anuncios.txt

Saida consolidada por modalidade atualizada em: C:\Users\Lucas Bianco\Desktop\Projetos Dev\Promos\saidas_execucoes\Campanha\lista_anuncios.txt

[DEBUG] Twilio Account SID: ACc0...e80a

Mensagem enviada para whatsapp:+5519991133269:
Cerveja Heineken Puro Malte Lager 250ml Long Neck – Caixa com 6 Unidades
Message SID Twilio: SM61b135416462244fbcfb3741d9d5a3a0

Mensagem enviada para whatsapp:+5519991133269:
Cerveja Stella Pilsen garrafa long neck 330ml 6 u
Message SID Twilio: SM1b1f245b039e86b77d0b01cf9cc67790

Mensagem enviada para whatsapp:+5519991133269:
Cerveja Corona Zero Sunbrew 330ml Long Neck - 6 Unidades
Message SID Twilio: SMaf45d2d32b294fd940632885edcc2f84

Mensagem enviada para whatsapp:+5519991133269:
Cerveja Corona Extra Long Neck 330ml Pack (6 Unidades)
Message SID Twilio: SM538b65ed23a7903af82fe0d20c03c069

4 oferta(s) processada(s) e salva(s).

=== Fim da execucao: 2026-06-21T11:44:10 ===
