=== Inicio da execucao: 2026-06-06T11:33:15 ===
Args: --somente-relampago --desconto-minimo 50 --limite-candidatos 15 --pasta-saida C:/Users/Lucas Bianco/Downloads --modalidade-execucao ondemand

[MODO_ATIVO] FLUXO_HUB_AFILIADOS_LEGADO

Mercado Livre ja esta autenticado.

Modo somente ofertas relâmpago ativado. Fluxo do hub/Twilio foi ignorado.
Limpeza de HTML relâmpago: 4 arquivo(s) antigo(s) removido(s).

Navegando para ofertas relâmpago:
https://www.mercadolivre.com.br/ofertas?promotion_type=lightning#filter_applied=promotion_type&filter_position=3&origin=qcat
HTML salvo em: C:\Users\Lucas Bianco\Desktop\Projetos Dev\Promos\ofertas_relampago\html\html_relampago_20260606_113341_749131_01.txt
Modo sem parametros detectado: usando apenas o primeiro HTML de ofertas relampago.

Analisando HTML de: C:\Users\Lucas Bianco\Desktop\Projetos Dev\Promos\ofertas_relampago\html\html_relampago_20260606_113341_749131_01.txt
14 oferta(s) com 50% ou mais de desconto extraída(s) do JSON.
[DESCARTADO - HISTORICO] Anúncio mlb4625924357 marcado como anuncio_inedito=false no histórico.
[DESCARTADO - HISTORICO] Anúncio mlb4227761629 marcado como anuncio_inedito=false no histórico.
[DESCARTADO - HISTORICO] Anúncio mlb4466276267 marcado como anuncio_inedito=false no histórico.
[DESCARTADO - HISTORICO] Anúncio mlb6600589630 marcado como anuncio_inedito=false no histórico.
[DESCARTADO - HISTORICO] Anúncio mlb6712497912 marcado como anuncio_inedito=false no histórico.
Página atual trouxe 9/10 oferta(s) válida(s). Coletando página 2/25.

Navegando para ofertas relâmpago:
https://www.mercadolivre.com.br/ofertas?promotion_type=lightning&page=2
HTML salvo em: C:\Users\Lucas Bianco\Desktop\Projetos Dev\Promos\ofertas_relampago\html\html_relampago_20260606_113403_801157_02.txt

Analisando HTML de: C:\Users\Lucas Bianco\Desktop\Projetos Dev\Promos\ofertas_relampago\html\html_relampago_20260606_113341_749131_01.txt
14 oferta(s) com 50% ou mais de desconto extraída(s) do JSON.
[DESCARTADO - HISTORICO] Anúncio mlb4625924357 marcado como anuncio_inedito=false no histórico.
[DESCARTADO - HISTORICO] Anúncio mlb4227761629 marcado como anuncio_inedito=false no histórico.
[DESCARTADO - HISTORICO] Anúncio mlb4466276267 marcado como anuncio_inedito=false no histórico.
[DESCARTADO - HISTORICO] Anúncio mlb6600589630 marcado como anuncio_inedito=false no histórico.
[DESCARTADO - HISTORICO] Anúncio mlb6712497912 marcado como anuncio_inedito=false no histórico.

Analisando HTML de: C:\Users\Lucas Bianco\Desktop\Projetos Dev\Promos\ofertas_relampago\html\html_relampago_20260606_113403_801157_02.txt
7 oferta(s) com 50% ou mais de desconto extraída(s) do JSON.
Paginação parametrizada limitada a 25 página(s) (detecção original: 107 página(s)).
HTML consolidado salvo em: C:\Users\Lucas Bianco\Desktop\Projetos Dev\Promos\ofertas_relampago\html\html_relampago_consolidado_20260606_113403.txt
Usando link direto extraído do HTML para obter link de afiliado.
✓ Link de afiliado: https://meli.la/1uCsGnS
Usando link direto extraído do HTML para obter link de afiliado.
✓ Link de afiliado: https://meli.la/2eAb6g2
Usando link direto extraído do HTML para obter link de afiliado.
✓ Link de afiliado: https://meli.la/2NPAy7e
Usando link direto extraído do HTML para obter link de afiliado.
✓ Link de afiliado: https://meli.la/2LzALeA
Usando link direto extraído do HTML para obter link de afiliado.
✓ Link de afiliado: https://meli.la/18u17HG
Usando link direto extraído do HTML para obter link de afiliado.
✓ Link de afiliado: https://meli.la/2zZ4G27
Usando link direto extraído do HTML para obter link de afiliado.
✓ Link de afiliado: https://meli.la/1CiHgAJ
Usando link direto extraído do HTML para obter link de afiliado.
✓ Link de afiliado: https://meli.la/2NBEu1C
Usando link direto extraído do HTML para obter link de afiliado.
✓ Link de afiliado: https://meli.la/21JFtU7
Usando link direto extraído do HTML para obter link de afiliado.
✓ Link de afiliado: https://meli.la/12jLdEq
Metadados salvos em: C:\Users\Lucas Bianco\Desktop\Projetos Dev\Promos\metadados_coleta\metadados_relampago_exec_0017_20260606_113540.json

Histórico relâmpago atualizado em: C:/Users/Lucas Bianco/Downloads\lista_anuncios.txt

Saida consolidada por modalidade atualizada em: C:\Users\Lucas Bianco\Desktop\Projetos Dev\Promos\saidas_execucoes\OnDemand\lista_anuncios.txt

[DEBUG] Twilio Account SID: ACc0...e80a

Mensagem enviada para whatsapp:+5519991133269:
Fritadeira Black Perform 4,5l Oster Ofrt510 Preto 127v
Message SID Twilio: SM2889b505caf1e543146171694e7432f5

Mensagem enviada para whatsapp:+5519991133269:
Jogo 6 Taças De Cristal 340ml Diamond Transparente Lapidado Vitrex
Message SID Twilio: SMc0ebf613d8bd717fd5db9738bf6dbd17

Mensagem enviada para whatsapp:+5519991133269:
Tapete Passadeira 2,00x0,60 Quarto Pé De Cama Luxo Conforto
Message SID Twilio: SM7b6c9dfaec1a55dcbb4942d674905ba2

Mensagem enviada para whatsapp:+5519991133269:
Cadeira De Banho Dobrável Higiênica Rodas Sanitária Idoso
Message SID Twilio: SMea4776653b9cf5433077983385370ed3

Mensagem enviada para whatsapp:+5519991133269:
Smartband Huawei Band 11 Com Tela Amoled De 1.62  E Bateria De 14 Dias Cinza-escuro Esportivo Preto
Message SID Twilio: SM1594cf7d6d4fa81c69e7e6af8e81a6e2

Mensagem enviada para whatsapp:+5519991133269:
Escorredor Louça De Pia Cozinha Prato Organizador Dupla 85cm Preto
Message SID Twilio: SM2c9fc8635b85cacccbd0d04dd9356f74

Mensagem enviada para whatsapp:+5519991133269:
Cortador Ralador Fatiador Legumes Profissional Multi 16 Em 1 Verde/cinza
Message SID Twilio: SM591f4b961d9586bd0353536823cff085

Mensagem enviada para whatsapp:+5519991133269:
Tênis Feminino Questar 3 adidas Violeta E Rosa Lisa 37
Message SID Twilio: SMf958cff4f5954a081c9aee83623c0e65

Mensagem enviada para whatsapp:+5519991133269:
Kit 4 Cuecas Boxer Box Microfibra Sem Costura Original Lupo Sortidas 00 Liso G
Message SID Twilio: SM5cecea7004f716eab933f01cdedb9bcf

Mensagem enviada para whatsapp:+5519991133269:
Fone De Ouvido In-ear Sem Fio Huawei Freebuds Freebuds Se 2 Ulc-ct010 Preto
Message SID Twilio: SM6dda933c059f156afc03db5dcef919d3

10 oferta(s) relâmpago processada(s) e salvas.

Envio pelo WhatsApp finalizado com sucesso!

=== Fim da execucao: 2026-06-06T11:36:25 ===
