=== Inicio da execucao: 2026-07-25T10:54:30 ===
Args: --produto-por-html --fonte mercadolivre --desconto-minimo 50 --limite-candidatos 3 --url-produto https://lista.mercadolivre.com.br/localizador#D[A:localizador] --pasta-saida C:/Users/Lucas Bianco/Downloads --modalidade-execucao ondemand

[MODO_ATIVO] PRODUTO_ONDEMAND_HOME_PESQUISA

Modo procurar produto ativado (pesquisa pela home do Mercado Livre).

[LINK_BASE_1] Processando listagem direta: https://lista.mercadolivre.com.br/localizador#D[A:localizador]
[LINK_BASE_1] Carregando em blocos de 3 páginas até encontrar candidatos válidos

[BLOCO_1] Carregando páginas 1 a 3 do Link 1
[LISTAGEM_DIRETA] Link 1 - página 1: https://lista.mercadolivre.com.br/localizador#D[A:localizador]
✓ Link de afiliado: https://meli.la/2zrHovo
✓ Link de afiliado: https://meli.la/2zrHovo
✓ Link de afiliado: https://meli.la/15DaGLe
[BLOCO_1] Resultado: 3 candidato(s) coletado(s), 3 válido(s) enriquecido(s). Total: 3/3

Histórico relâmpago atualizado em: C:/Users/Lucas Bianco/Downloads\lista_anuncios.txt
✅ 3 imagem(ns) principal(is) salvas em anuncios: C:\Users\Lucas Bianco\Desktop\Projetos Dev\Promos\dist-interface\instagram_anuncios
✅ JSON de busca de produto salvo em: C:\Users\Lucas Bianco\Desktop\Projetos Dev\Promos\ofertas_afiliados\Historico de anuncios\ofertas_20260725_105506.json

Saida consolidada por modalidade atualizada em: C:\Users\Lucas Bianco\Desktop\Projetos Dev\Promos\saidas_execucoes\OnDemand\lista_anuncios.txt
Saida JSON ondemand salva em: C:\Users\Lucas Bianco\Desktop\Projetos Dev\Promos\saidas_execucoes\OnDemand\ofertas_20260725_105506.json

[DEBUG] Twilio Account SID: ACc0...e80a

[DEBUG] media_url=NAO
[DEBUG] motivo_sem_midia=webp_desativado
[DEBUG] imagem=https://http2.mlstatic.com/D_NQ_NP_832178-MLA104025936094_012026-O.webp

Mensagem enviada para whatsapp:+5519991133269:
Mini Localizador Rastreador Smart Tag Gps Com Cordão Chaveiro Cor Preto Compatível Com Android Samsung Motorola Xiaomi Chrome Technology
Message SID Twilio: SM7f819dbdf4cad96b8e5cd3c3e6dd9af8
[DEBUG] status_final_twilio=sending

[DEBUG] media_url=NAO
[DEBUG] motivo_sem_midia=webp_desativado
[DEBUG] imagem=https://http2.mlstatic.com/D_NQ_NP_832178-MLA104025936094_012026-O.webp

Mensagem enviada para whatsapp:+5519991133269:
Mini Localizador Rastreador Smart Tag Gps Com Cordão Chaveiro Cor Preto Compatível Com Android Samsung Motorola Xiaomi Chrome Technology
Message SID Twilio: SM9be7a1b32f4e5d96eab969cc05d76074
[DEBUG] status_final_twilio=sending

[DEBUG] media_url=NAO
[DEBUG] motivo_sem_midia=webp_desativado
[DEBUG] imagem=https://http2.mlstatic.com/D_NQ_NP_961981-MLB96948717236_112025-O-smart-tag-android-gps-rastreador-objetos-certificado-google.webp

Mensagem enviada para whatsapp:+5519991133269:
Smart Tag Android Gps Rastreador Objetos Certificado Google
Message SID Twilio: SM60cd97b24165168a122f754d98b26c95
[DEBUG] status_final_twilio=sending

[RESUMO_TWILIO] entregues_ou_processadas=3 falhas=0 total=3

3 oferta(s) processada(s) e salva(s).

=== Fim da execucao: 2026-07-25T10:55:12 ===
