=== Inicio da execucao: 2026-06-17T22:05:56 ===
Args: --somente-relampago --desconto-minimo 40 --limite-candidatos 10 --pasta-saida C:/Users/Lucas Bianco/Downloads --modalidade-execucao ondemand

[MODO_ATIVO] FLUXO_HUB_AFILIADOS_LEGADO

Mercado Livre ja esta autenticado.

Modo somente ofertas relâmpago ativado. Fluxo do hub/Twilio foi ignorado.
Limpeza de HTML relâmpago: 3 arquivo(s) antigo(s) removido(s).

Navegando para ofertas relâmpago:
https://www.mercadolivre.com.br/ofertas?promotion_type=lightning#filter_applied=promotion_type&filter_position=3&origin=qcat
HTML salvo em: C:\Users\Lucas Bianco\Desktop\Projetos Dev\Promos\ofertas_relampago\html\html_relampago_20260617_220621_388461_01.txt
Modo sem parametros detectado: usando apenas o primeiro HTML de ofertas relampago.

Analisando HTML de: C:\Users\Lucas Bianco\Desktop\Projetos Dev\Promos\ofertas_relampago\html\html_relampago_20260617_220621_388461_01.txt
27 oferta(s) com 40% ou mais de desconto extraída(s) do JSON.
[DESCARTADO - HISTORICO] Anúncio mlb4625924357 marcado como anuncio_inedito=false no histórico.
[DESCARTADO - HISTORICO] Anúncio mlb5748326240 marcado como anuncio_inedito=false no histórico.
[DESCARTADO - HISTORICO] Anúncio mlb4398552785 marcado como anuncio_inedito=false no histórico.
[DESCARTADO - HISTORICO] Anúncio mlb4291609113 marcado como anuncio_inedito=false no histórico.
[DESCARTADO - HISTORICO] Anúncio mlb5761715520 marcado como anuncio_inedito=false no histórico.
[DESCARTADO - HISTORICO] Anúncio mlb3865129407 marcado como anuncio_inedito=false no histórico.
[DESCARTADO - HISTORICO] Anúncio mlb5265791338 marcado como anuncio_inedito=false no histórico.
[DESCARTADO - HISTORICO] Anúncio mlb4307126823 marcado como anuncio_inedito=false no histórico.
[DESCARTADO - HISTORICO] Anúncio mlb4398275381 marcado como anuncio_inedito=false no histórico.
[DESCARTADO - HISTORICO] Anúncio mlb4087426249 marcado como anuncio_inedito=false no histórico.
[DESCARTADO - HISTORICO] Anúncio mlb4674055682 marcado como anuncio_inedito=false no histórico.
[DESCARTADO - HISTORICO] Anúncio mlb4571992893 marcado como anuncio_inedito=false no histórico.
[DESCARTADO - HISTORICO] Anúncio mlb4466276267 marcado como anuncio_inedito=false no histórico.
[DESCARTADO - HISTORICO] Anúncio mlb4709110655 marcado como anuncio_inedito=false no histórico.
[DESCARTADO - HISTORICO] Anúncio mlb6609411314 marcado como anuncio_inedito=false no histórico.
[DESCARTADO - HISTORICO] Anúncio mlb4643800517 marcado como anuncio_inedito=false no histórico.
Paginação parametrizada limitada a 25 página(s) (detecção original: 219 página(s)).
HTML consolidado salvo em: C:\Users\Lucas Bianco\Desktop\Projetos Dev\Promos\ofertas_relampago\html\html_relampago_consolidado_20260617_220621.txt
Usando link direto extraído do HTML para obter link de afiliado.
✓ Link de afiliado: https://meli.la/1Rh6kmP
Usando link direto extraído do HTML para obter link de afiliado.
✓ Link de afiliado: https://meli.la/1KMKcQZ
Usando link direto extraído do HTML para obter link de afiliado.
✓ Link de afiliado: https://meli.la/1wuvA8Y
Usando link direto extraído do HTML para obter link de afiliado.
✓ Link de afiliado: https://meli.la/2czsujY
Usando link direto extraído do HTML para obter link de afiliado.
✓ Link de afiliado: https://meli.la/2fxgvzC
Usando link direto extraído do HTML para obter link de afiliado.
✓ Link de afiliado: https://meli.la/2g9J4ZD
Usando link direto extraído do HTML para obter link de afiliado.
✓ Link de afiliado: https://meli.la/132rxs3
Usando link direto extraído do HTML para obter link de afiliado.
✓ Link de afiliado: https://meli.la/1qFQPym
Usando link direto extraído do HTML para obter link de afiliado.
✓ Link de afiliado: https://meli.la/2Dny7ni
Usando link direto extraído do HTML para obter link de afiliado.
✓ Link de afiliado: https://meli.la/2neW844
Metadados salvos em: C:\Users\Lucas Bianco\Desktop\Projetos Dev\Promos\metadados_coleta\metadados_relampago_exec_0027_20260617_220800.json

Histórico relâmpago atualizado em: C:/Users/Lucas Bianco/Downloads\lista_anuncios.txt

Saida consolidada por modalidade atualizada em: C:\Users\Lucas Bianco\Desktop\Projetos Dev\Promos\saidas_execucoes\OnDemand\lista_anuncios.txt

[DEBUG] Twilio Account SID: ACc0...e80a

Mensagem enviada para whatsapp:+5519991133269:
Tênis Corrida adidas Boost Run Original Feminino
Message SID Twilio: SM8a2ff6d88cef0801b73afdf98c90591e

Mensagem enviada para whatsapp:+5519991133269:
Lanterna Mais Forte Do Mundo Recarregável Tática Potente Led Apfer
Message SID Twilio: SM0fe5878e24870cedfe6472f6c40f331b

Mensagem enviada para whatsapp:+5519991133269:
Riscadeira Pisos Profissional Cortador Manual Porcelanato Azulejo 120 Cm Guia Laser 18 Rolamentos Ttc240 The Black Tools
Message SID Twilio: SM56db0b74879207e536fd124b86ebc7b3

Mensagem enviada para whatsapp:+5519991133269:
Lavitan Vitamina Para Cabelos E Unhas Com 60 Cápsulas / Kit Com 3 Unidades De 60cps Sem Sabor
Message SID Twilio: SMfbe4f09d223766b4c662367533bb3f8a

Mensagem enviada para whatsapp:+5519991133269:
Tênis Lacoste T-base Lancamento
Message SID Twilio: SM6387a1093d810925a5bcbef49295beaf

Mensagem enviada para whatsapp:+5519991133269:
Banqueta Império Brazil Business Slim Cor Preto X 2 Unidades 114cm De Altura
Message SID Twilio: SM6a3712698272a918f2596476e80ed2f6

Mensagem enviada para whatsapp:+5519991133269:
Máquina Inversora De Solda Sinérgica Start Flux Mig 200a 3 Em 1 Mig Tig Mma Com Gás E Tocha Euro Conector Fluxmig 200 Start Amarelo 220v
Message SID Twilio: SM4aef6426ed4f0f2dbce35120d6db5dc5

Mensagem enviada para whatsapp:+5519991133269:
Estação De Musculação Banco De Supino Exercício Ajustável Preto
Message SID Twilio: SMe5123a2b89952861e41073d6f35b419a

Mensagem enviada para whatsapp:+5519991133269:
Tenis Branco Feminino Esportivo Vili Olimp Academia Treino
Message SID Twilio: SMd06c585b0d1faa2962ac7cbf8d9f6b73

Mensagem enviada para whatsapp:+5519991133269:
Tapete Higiênico 80x60 30un Pata Limpa Descartável Cachorro Pet Cão Fralda Manta Absorvente Branco
Message SID Twilio: SM32aacea492fb0861eed7d401eda12a43

10 oferta(s) relâmpago processada(s) e salvas.

Envio pelo WhatsApp finalizado com sucesso!

=== Fim da execucao: 2026-06-17T22:08:44 ===
