=== Inicio da execucao: 2026-07-23T20:24:55 ===
Args: --produto-por-html --fonte mercadolivre --preco-minimo 20.0 --preco-maximo 300.0 --limite-candidatos 2 --url-produto https://lista.mercadolivre.com.br/mini-motosserra-el%C3%A9trica-a-bateria#D[A:Mini%20motosserra%20el%C3%A9trica%20a%20bateria] --pasta-saida C:/Users/Lucas Bianco/Downloads --modalidade-execucao ondemand

[MODO_ATIVO] PRODUTO_ONDEMAND_HOME_PESQUISA

Modo procurar produto ativado (pesquisa pela home do Mercado Livre).

[LINK_BASE_1] Processando listagem direta: https://lista.mercadolivre.com.br/mini-motosserra-el%C3%A9trica-a-bateria#D[A:Mini%20motosserra%20el%C3%A9trica%20a%20bateria]
[LINK_BASE_1] Carregando em blocos de 3 páginas até encontrar candidatos válidos

[BLOCO_1] Carregando páginas 1 a 3 do Link 1
[LISTAGEM_DIRETA] Link 1 - página 1: https://lista.mercadolivre.com.br/mini-motosserra-el%C3%A9trica-a-bateria#D[A:Mini%20motosserra%20el%C3%A9trica%20a%20bateria]
✓ Link de afiliado: https://meli.la/1EwYjKo
✓ Link de afiliado: https://meli.la/1sH1HTx
[BLOCO_1] Resultado: 2 candidato(s) coletado(s), 2 válido(s) enriquecido(s). Total: 2/2

Histórico relâmpago atualizado em: C:/Users/Lucas Bianco/Downloads\lista_anuncios.txt
✅ 2 imagem(ns) principal(is) salvas em anuncios: C:\Users\Lucas Bianco\Desktop\Projetos Dev\Promos\dist-interface\instagram_anuncios
✅ JSON de busca de produto salvo em: C:\Users\Lucas Bianco\Desktop\Projetos Dev\Promos\ofertas_afiliados\Historico de anuncios\ofertas_20260723_202524.json

Saida consolidada por modalidade atualizada em: C:\Users\Lucas Bianco\Desktop\Projetos Dev\Promos\saidas_execucoes\OnDemand\lista_anuncios.txt
Saida JSON ondemand salva em: C:\Users\Lucas Bianco\Desktop\Projetos Dev\Promos\saidas_execucoes\OnDemand\ofertas_20260723_202524.json

[DEBUG] Twilio Account SID: ACc0...e80a

[DEBUG] media_url=NAO
[DEBUG] motivo_sem_midia=webp_desativado
[DEBUG] imagem=https://http2.mlstatic.com/D_NQ_NP_668826-MLA113424832249_062026-O.webp

Mensagem enviada para whatsapp:+5519991133269:
Mini Motosserra Portatil De 6polegadas, Duas Baterias,450w 5400rpm Amarelo 127/220v
Message SID Twilio: SM94261aaa5e35e6645ad7498f799bca24
[DEBUG] status_final_twilio=sending

[DEBUG] media_url=NAO
[DEBUG] motivo_sem_midia=webp_desativado
[DEBUG] imagem=https://http2.mlstatic.com/D_NQ_NP_629138-MLA112541874456_062026-O.webp

Mensagem enviada para whatsapp:+5519991133269:
Mini Motosserra Portátil De 6 Polegadas, Duas Baterias, 450w 5400rpm Amarelo 127/220v
Message SID Twilio: SM3bd6664b9094f5ea38ce959e010f8331
[DEBUG] status_final_twilio=queued

[RESUMO_TWILIO] entregues_ou_processadas=2 falhas=0 total=2

2 oferta(s) processada(s) e salva(s).

=== Fim da execucao: 2026-07-23T20:25:29 ===
