=== Inicio da execucao: 2026-06-21T11:42:04 ===
Args: --produto-por-html --url-produto https://lista.mercadolivre.com.br/saude/suplementos-alimentares/growth-supplements/whey_Discount_5-100_NoIndex_True#applied_filter_id%3Ddiscount%26applied_filter_name%3DDescontos%26applied_filter_order%3D7%26applied_value_id%3D5-100%26applied_value_name%3DMais+de+5%25+OFF%26applied_value_order%3D1%26applied_value_results%3D92%26is_custom%3Dfalse --desconto-minimo 10 --limite-candidatos 3 --modalidade-execucao campanha

[MODO_ATIVO] PRODUTO_ONDEMAND_HOME_PESQUISA

Modo procurar produto ativado (pesquisa pela home do Mercado Livre).

[LINK_BASE_1] Processando listagem direta: https://lista.mercadolivre.com.br/saude/suplementos-alimentares/growth-supplements/whey_Discount_5-100_NoIndex_True#applied_filter_id%3Ddiscount%26applied_filter_name%3DDescontos%26applied_filter_order%3D7%26applied_value_id%3D5-100%26applied_value_name%3DMais+de+5%25+OFF%26applied_value_order%3D1%26applied_value_results%3D92%26is_custom%3Dfalse
[LINK_BASE_1] Carregando em blocos de 3 páginas até encontrar candidatos válidos

[BLOCO_1] Carregando páginas 1 a 3 do Link 1
[LISTAGEM_DIRETA] Link 1 - página 1: https://lista.mercadolivre.com.br/saude/suplementos-alimentares/growth-supplements/whey_Discount_5-100_NoIndex_True#applied_filter_id%3Ddiscount%26applied_filter_name%3DDescontos%26applied_filter_order%3D7%26applied_value_id%3D5-100%26applied_value_name%3DMais+de+5%25+OFF%26applied_value_order%3D1%26applied_value_results%3D92%26is_custom%3Dfalse
✓ Link de afiliado: https://meli.la/2vu12yX
✓ Link de afiliado: https://meli.la/2vu12yX
✓ Link de afiliado: https://meli.la/28v7xee
[BLOCO_1] Resultado: 3 candidato(s) coletado(s), 3 válido(s) enriquecido(s). Total: 3/3

Histórico relâmpago atualizado em: C:\Users\Lucas Bianco\Desktop\Projetos Dev\Promos\ofertas_relampago\Historico de anuncios\lista_anuncios.txt

Saida consolidada por modalidade atualizada em: C:\Users\Lucas Bianco\Desktop\Projetos Dev\Promos\saidas_execucoes\Campanha\lista_anuncios.txt

[DEBUG] Twilio Account SID: ACc0...e80a

Mensagem enviada para whatsapp:+5519991133269:
Whey Protein Concentrado 450g Growth Supplements
Message SID Twilio: SMa1f1806527c206b8f7a2aa2c6329ffb8

Mensagem enviada para whatsapp:+5519991133269:
Whey Protein Concentrado 450g Growth Supplements
Message SID Twilio: SMce402752583dc221a11651b9da8629cd

Mensagem enviada para whatsapp:+5519991133269:
Whey Protein Concentrado Chocolate Milk Shake Growth 1kg
Message SID Twilio: SMdf27d6a0c79a439e8a84f760e1d3b747

3 oferta(s) processada(s) e salva(s).

=== Fim da execucao: 2026-06-21T11:42:52 ===
