=== Inicio da execucao: 2026-06-12T19:30:03 ===
Args: --produto-por-html --desconto-minimo 20 --limite-candidatos 10 --url-produto https://lista.mercadolivre.com.br/_Container_13630446-304065003_NoIndex_True?coupon_campaign_id=13630446 --pasta-saida C:/Users/Lucas Bianco/Downloads --modalidade-execucao ondemand

[MODO_ATIVO] PRODUTO_ONDEMAND_HOME_PESQUISA

Modo procurar produto ativado (pesquisa pela home do Mercado Livre).

[LINK_BASE_1] Processando listagem direta: https://lista.mercadolivre.com.br/_Container_13630446-304065003_NoIndex_True?coupon_campaign_id=13630446
[LISTAGEM_DIRETA] Link 1 - página 1: https://lista.mercadolivre.com.br/_Container_13630446-304065003_NoIndex_True?coupon_campaign_id=13630446
✓ Link de afiliado: https://meli.la/2veee3s
✓ Link de afiliado: https://meli.la/2R6t7WM
✓ Link de afiliado: https://meli.la/1CXQC2b
✓ Link de afiliado: https://meli.la/2irkwPY
✓ Link de afiliado: https://meli.la/2LMr4cb
✓ Link de afiliado: https://meli.la/2riEZDH
✓ Link de afiliado: https://meli.la/1EY9qKd
✓ Link de afiliado: https://meli.la/1QXLpDT
✓ Link de afiliado: https://meli.la/1E6oS9T
✓ Link de afiliado: https://meli.la/2xnongq

Histórico relâmpago atualizado em: C:/Users/Lucas Bianco/Downloads\lista_anuncios.txt

Saida consolidada por modalidade atualizada em: C:\Users\Lucas Bianco\Desktop\Projetos Dev\Promos\saidas_execucoes\OnDemand\lista_anuncios.txt

[DEBUG] Twilio Account SID: ACc0...e80a

Mensagem enviada para whatsapp:+5519991133269:
Switch TP-Link LS1005G - 5 Portas GIGABIT 10/100/1000 Mbps
Message SID Twilio: SM8b20ce6833914e497c4a0ea59b436215

Mensagem enviada para whatsapp:+5519991133269:
Kit Teclado e Mouse Sem Fio CSI50, 2.4GHz, ABNT2, Preto Intelbras
Message SID Twilio: SM7eeadd4d5992bd88d150318981939006

Mensagem enviada para whatsapp:+5519991133269:
Mercusys MC210 Câmera Segurança Wifi 2K 3MP 360° por TP-Link
Message SID Twilio: SM4477f856378873dcff70ba9c2279ea2c

Mensagem enviada para whatsapp:+5519991133269:
Fechadura Digital de Sobrepor com Senha FR 10 Preto Intelbras
Message SID Twilio: SM30c9c851a8771a070f94dbd14fbd860d

Mensagem enviada para whatsapp:+5519991133269:
Porteiro Residencial Ipr 8010 Preto/Branco Intelbras
Message SID Twilio: SMc16177f1ee788ed96c1511c870dbc478

Mensagem enviada para whatsapp:+5519991133269:
Câmera Inteligente iM3 C Black Intelbras
Message SID Twilio: SM0005688efd015bf1c319289e0c97af99

Mensagem enviada para whatsapp:+5519991133269:
Fechadura Digital De Sobrepor Fr 101 V Preta Intelbras
Message SID Twilio: SM1cf930d76749d6cdda1d264342d7f686

Mensagem enviada para whatsapp:+5519991133269:
Câmera Inteligente Intelbras iM5SC con Wi-Fi Full HD color Branca
Message SID Twilio: SM8bf4c5c5df18df68b0feacac5ebccaed

Mensagem enviada para whatsapp:+5519991133269:
Video Porteiro Ivr 1010 Branco E Preto Intelbras 110V/220V
Message SID Twilio: SM1aea87d82abbc3a902004695f0be2199

Mensagem enviada para whatsapp:+5519991133269:
Vídeoporteiro Residencial Módulo Interno E Externo IVR 1070 HS Branco E Preto Intelbras
Message SID Twilio: SM431a638068d446030bd7bba2363d55e3

10 oferta(s) processada(s) e salva(s).

=== Fim da execucao: 2026-06-12T19:32:27 ===
