=== Inicio da execucao: 2026-07-09T09:25:27 ===
Args: --somente-relampago --desconto-minimo 50 --limite-candidatos 10 --pasta-saida C:/Users/Lucas Bianco/Downloads --modalidade-execucao ondemand

[MODO_ATIVO] FLUXO_HUB_AFILIADOS_LEGADO

Mercado Livre ja esta autenticado.

Modo somente ofertas relâmpago ativado. Fluxo do hub/Twilio foi ignorado.
Limpeza de HTML relâmpago: 2 arquivo(s) antigo(s) removido(s).

Navegando para ofertas relâmpago:
https://www.mercadolivre.com.br/ofertas?promotion_type=lightning#filter_applied=promotion_type&filter_position=3&origin=qcat
HTML salvo em: C:\Users\Lucas Bianco\Desktop\Projetos Dev\Promos\ofertas_relampago\html\html_relampago_20260709_092553_103878_01.txt
Modo sem parametros detectado: usando apenas o primeiro HTML de ofertas relampago.

Analisando HTML de: C:\Users\Lucas Bianco\Desktop\Projetos Dev\Promos\ofertas_relampago\html\html_relampago_20260709_092553_103878_01.txt
14 oferta(s) com 50% ou mais de desconto extraída(s) do JSON.
[DESCARTADO - HISTORICO] Anúncio mlb4812143184 marcado como anuncio_inedito=false no histórico.
[DESCARTADO - HISTORICO] Anúncio mlb4705243893 marcado como anuncio_inedito=false no histórico.
[DESCARTADO - HISTORICO] Anúncio mlb6851905500 marcado como anuncio_inedito=false no histórico.
[DESCARTADO - HISTORICO] Anúncio mlb5198704110 marcado como anuncio_inedito=false no histórico.
[DESCARTADO - HISTORICO] Anúncio mlb5052139084 marcado como anuncio_inedito=false no histórico.
[DESCARTADO - HISTORICO] Anúncio mlb4799258487 marcado como anuncio_inedito=false no histórico.
[DESCARTADO - HISTORICO] Anúncio mlb6657410036 marcado como anuncio_inedito=false no histórico.
[DESCARTADO - HISTORICO] Anúncio mlb3754552603 marcado como anuncio_inedito=false no histórico.
[DESCARTADO - HISTORICO] Anúncio mlb6726357704 marcado como anuncio_inedito=false no histórico.
[DESCARTADO - HISTORICO] Anúncio mlb4690712449 marcado como anuncio_inedito=false no histórico.
[DESCARTADO - HISTORICO] Anúncio mlb4546378843 marcado como anuncio_inedito=false no histórico.
[DESCARTADO - HISTORICO] Anúncio mlb6797100872 marcado como anuncio_inedito=false no histórico.
Página atual trouxe 2/10 oferta(s) válida(s). Coletando página 2/25.

Navegando para ofertas relâmpago:
https://www.mercadolivre.com.br/ofertas?promotion_type=lightning&page=2
HTML salvo em: C:\Users\Lucas Bianco\Desktop\Projetos Dev\Promos\ofertas_relampago\html\html_relampago_20260709_092613_575013_02.txt

Analisando HTML de: C:\Users\Lucas Bianco\Desktop\Projetos Dev\Promos\ofertas_relampago\html\html_relampago_20260709_092553_103878_01.txt
14 oferta(s) com 50% ou mais de desconto extraída(s) do JSON.
[DESCARTADO - HISTORICO] Anúncio mlb4812143184 marcado como anuncio_inedito=false no histórico.
[DESCARTADO - HISTORICO] Anúncio mlb4705243893 marcado como anuncio_inedito=false no histórico.
[DESCARTADO - HISTORICO] Anúncio mlb6851905500 marcado como anuncio_inedito=false no histórico.
[DESCARTADO - HISTORICO] Anúncio mlb5198704110 marcado como anuncio_inedito=false no histórico.
[DESCARTADO - HISTORICO] Anúncio mlb5052139084 marcado como anuncio_inedito=false no histórico.
[DESCARTADO - HISTORICO] Anúncio mlb4799258487 marcado como anuncio_inedito=false no histórico.
[DESCARTADO - HISTORICO] Anúncio mlb6657410036 marcado como anuncio_inedito=false no histórico.
[DESCARTADO - HISTORICO] Anúncio mlb3754552603 marcado como anuncio_inedito=false no histórico.
[DESCARTADO - HISTORICO] Anúncio mlb6726357704 marcado como anuncio_inedito=false no histórico.
[DESCARTADO - HISTORICO] Anúncio mlb4690712449 marcado como anuncio_inedito=false no histórico.
[DESCARTADO - HISTORICO] Anúncio mlb4546378843 marcado como anuncio_inedito=false no histórico.
[DESCARTADO - HISTORICO] Anúncio mlb6797100872 marcado como anuncio_inedito=false no histórico.

Analisando HTML de: C:\Users\Lucas Bianco\Desktop\Projetos Dev\Promos\ofertas_relampago\html\html_relampago_20260709_092613_575013_02.txt
7 oferta(s) com 50% ou mais de desconto extraída(s) do JSON.
Página atual trouxe 9/10 oferta(s) válida(s). Coletando página 3/25.

Navegando para ofertas relâmpago:
https://www.mercadolivre.com.br/ofertas?promotion_type=lightning&page=3
HTML salvo em: C:\Users\Lucas Bianco\Desktop\Projetos Dev\Promos\ofertas_relampago\html\html_relampago_20260709_092635_891477_03.txt

Analisando HTML de: C:\Users\Lucas Bianco\Desktop\Projetos Dev\Promos\ofertas_relampago\html\html_relampago_20260709_092553_103878_01.txt
14 oferta(s) com 50% ou mais de desconto extraída(s) do JSON.
[DESCARTADO - HISTORICO] Anúncio mlb4812143184 marcado como anuncio_inedito=false no histórico.
[DESCARTADO - HISTORICO] Anúncio mlb4705243893 marcado como anuncio_inedito=false no histórico.
[DESCARTADO - HISTORICO] Anúncio mlb6851905500 marcado como anuncio_inedito=false no histórico.
[DESCARTADO - HISTORICO] Anúncio mlb5198704110 marcado como anuncio_inedito=false no histórico.
[DESCARTADO - HISTORICO] Anúncio mlb5052139084 marcado como anuncio_inedito=false no histórico.
[DESCARTADO - HISTORICO] Anúncio mlb4799258487 marcado como anuncio_inedito=false no histórico.
[DESCARTADO - HISTORICO] Anúncio mlb6657410036 marcado como anuncio_inedito=false no histórico.
[DESCARTADO - HISTORICO] Anúncio mlb3754552603 marcado como anuncio_inedito=false no histórico.
[DESCARTADO - HISTORICO] Anúncio mlb6726357704 marcado como anuncio_inedito=false no histórico.
[DESCARTADO - HISTORICO] Anúncio mlb4690712449 marcado como anuncio_inedito=false no histórico.
[DESCARTADO - HISTORICO] Anúncio mlb4546378843 marcado como anuncio_inedito=false no histórico.
[DESCARTADO - HISTORICO] Anúncio mlb6797100872 marcado como anuncio_inedito=false no histórico.

Analisando HTML de: C:\Users\Lucas Bianco\Desktop\Projetos Dev\Promos\ofertas_relampago\html\html_relampago_20260709_092613_575013_02.txt
7 oferta(s) com 50% ou mais de desconto extraída(s) do JSON.

Analisando HTML de: C:\Users\Lucas Bianco\Desktop\Projetos Dev\Promos\ofertas_relampago\html\html_relampago_20260709_092635_891477_03.txt
7 oferta(s) com 50% ou mais de desconto extraída(s) do JSON.
Paginação parametrizada limitada a 25 página(s) (detecção original: 230 página(s)).
HTML consolidado salvo em: C:\Users\Lucas Bianco\Desktop\Projetos Dev\Promos\ofertas_relampago\html\html_relampago_consolidado_20260709_092636.txt
Usando link direto extraído do HTML para obter link de afiliado.
✓ Link de afiliado: https://meli.la/2y8Y2Bt
Usando link direto extraído do HTML para obter link de afiliado.
✓ Link de afiliado: https://meli.la/1ovT1av
Usando link direto extraído do HTML para obter link de afiliado.
✓ Link de afiliado: https://meli.la/2v9yKqw
Usando link direto extraído do HTML para obter link de afiliado.
✓ Link de afiliado: https://meli.la/1tAAgcW
Usando link direto extraído do HTML para obter link de afiliado.
✓ Link de afiliado: https://meli.la/1f6Z9fW
Usando link direto extraído do HTML para obter link de afiliado.
✓ Link de afiliado: https://meli.la/176jVWq
Usando link direto extraído do HTML para obter link de afiliado.
✓ Link de afiliado: https://meli.la/17JkTqb
Usando link direto extraído do HTML para obter link de afiliado.
✓ Link de afiliado: https://meli.la/2fCewTQ
Usando link direto extraído do HTML para obter link de afiliado.
✓ Link de afiliado: https://meli.la/1Y3odHV
Usando link direto extraído do HTML para obter link de afiliado.
✓ Link de afiliado: https://meli.la/1FhKUnE
Metadados salvos em: C:\Users\Lucas Bianco\Desktop\Projetos Dev\Promos\metadados_coleta\metadados_relampago_exec_0059_20260709_092812.json

Histórico relâmpago atualizado em: C:/Users/Lucas Bianco/Downloads\lista_anuncios.txt

Saida consolidada por modalidade atualizada em: C:\Users\Lucas Bianco\Desktop\Projetos Dev\Promos\saidas_execucoes\OnDemand\lista_anuncios.txt

[DEBUG] Twilio Account SID: ACc0...e80a

Mensagem enviada para whatsapp:+5519991133269:
Keranat 300mg 90 Cáp Fortalecimento Capilar 
Message SID Twilio: SM95752fea691216edefe9169267be1025

Mensagem enviada para whatsapp:+5519991133269:
Whey Protein 100% 900g Refil Dark Lab Sabor Morango
Message SID Twilio: SMe1ccc22e4922044661c33708afb0a87f

Mensagem enviada para whatsapp:+5519991133269:
100% Whey Protein Chocolate Refil 1,8kg - Dark Lab
Message SID Twilio: SM0d075525bb374bbdb4a6ea363e7f4585

Mensagem enviada para whatsapp:+5519991133269:
Coberdrom Sherpa Dupla Face Plush 600 Fios Inverno Quentinho Bege
Message SID Twilio: SM978c15b54b8a5ed36fc8b33cbb9fbda7

Mensagem enviada para whatsapp:+5519991133269:
Kit 6 Pote Tampa De Bambu 300ml Hermético Vidro Borossilicato Porta Temperos Mantimentos Alimentos Redondo Cor Transparente Bravli
Message SID Twilio: SM8f9eba8e818cb7d7c25ce8ed8145fb2d

Mensagem enviada para whatsapp:+5519991133269:
Lixeira Inteligente Sensor Automático 16l Cinza Smart Recarregável Para Banheiro E Cozinha
Message SID Twilio: SM6a530dab662b99f4fa79680be34dd40b

Mensagem enviada para whatsapp:+5519991133269:
Kit 4 Luminária Solar Externa 300w Potente Preto
Message SID Twilio: SM66f297c4a87a5fdcc8778b9d00dfc373

Mensagem enviada para whatsapp:+5519991133269:
Guarda-roupa 4 Desmontável Armário Organizador Roupa Preto
Message SID Twilio: SMa6922ce9487e250de12b0706fa6789eb

Mensagem enviada para whatsapp:+5519991133269:
Kit 2 Refletor Super Led 400w Ip67 Holofote Bivolt Prova D'água Branco Frio 6500k Preto
Message SID Twilio: SM33f49dfafc5162cb09da790551e8c30b

Mensagem enviada para whatsapp:+5519991133269:
Chave Tigre Com 8 Bocas Universal 48 Em 1 Combinada Soquete 360 Em Aço Inoxidável Cromado
Message SID Twilio: SMf012a561cb07824a07a3cdc492353090

10 oferta(s) relâmpago processada(s) e salvas.

Envio pelo WhatsApp finalizado com sucesso!

=== Fim da execucao: 2026-07-09T09:28:57 ===
