=== Inicio da execucao: 2026-07-24T18:06:59 ===
Args: --produto-por-html --fonte mercadolivre --url-produto https://www.mercadolivre.com.br/ofertas?container_id=MLB779362-1&promotion_type=lightning#filter_applied=promotion_type&filter_position=2&is_recommended_domain=false&origin=scut --desconto-minimo 10 --limite-candidatos 3 --modalidade-execucao campanha

[MODO_ATIVO] PRODUTO_ONDEMAND_HOME_PESQUISA

Modo procurar produto ativado (pesquisa pela home do Mercado Livre).

[LINK_BASE_1] Processando listagem direta: https://www.mercadolivre.com.br/ofertas?container_id=MLB779362-1&promotion_type=lightning#filter_applied=promotion_type&filter_position=2&is_recommended_domain=false&origin=scut
[LINK_BASE_1] Carregando em blocos de 3 páginas até encontrar candidatos válidos

[BLOCO_1] Carregando páginas 1 a 3 do Link 1
[LISTAGEM_DIRETA] Link 1 - página 1: https://www.mercadolivre.com.br/ofertas?container_id=MLB779362-1&promotion_type=lightning#filter_applied=promotion_type&filter_position=2&is_recommended_domain=false&origin=scut
✓ Link de afiliado: https://meli.la/1G8oyXZ
✓ Link de afiliado: https://meli.la/2rt2wf7
✓ Link de afiliado: https://meli.la/2isTAL2
[BLOCO_1] Resultado: 3 candidato(s) coletado(s), 3 válido(s) enriquecido(s). Total: 3/3

Histórico relâmpago atualizado em: C:\Users\Lucas Bianco\Desktop\Projetos Dev\Promos\ofertas_relampago\Historico de anuncios\lista_anuncios.txt
✅ 3 imagem(ns) principal(is) salvas em anuncios: C:\Users\Lucas Bianco\Desktop\Projetos Dev\Promos\dist-interface\instagram_anuncios
✅ JSON de busca de produto salvo em: C:\Users\Lucas Bianco\Desktop\Projetos Dev\Promos\ofertas_afiliados\Historico de anuncios\ofertas_20260724_180735.json

Saida consolidada por modalidade atualizada em: C:\Users\Lucas Bianco\Desktop\Projetos Dev\Promos\saidas_execucoes\Campanha\lista_anuncios.txt
Saida JSON campanha salva em: C:\Users\Lucas Bianco\Desktop\Projetos Dev\Promos\saidas_execucoes\Campanha\ofertas_20260724_180735.json

[DEBUG] Twilio Account SID: ACc0...e80a

[DEBUG] media_url=NAO
[DEBUG] motivo_sem_midia=webp_desativado
[DEBUG] imagem=https://http2.mlstatic.com/D_NQ_NP_812717-MLB111231916555_052026-O-kit-3-organizadores-geladeira-alimentos-vegetais-com-tampas.webp

Mensagem enviada para whatsapp:+5519991133269:
Kit 3 Organizadores Geladeira Alimentos Vegetais Com Tampas Branco
Message SID Twilio: SM5b51a2858272888d691306f8616151c4
[DEBUG] status_final_twilio=sending

[DEBUG] media_url=NAO
[DEBUG] motivo_sem_midia=webp_desativado
[DEBUG] imagem=https://http2.mlstatic.com/D_NQ_NP_755357-MLA109556445022_042026-O.webp

Mensagem enviada para whatsapp:+5519991133269:
Tp-link Ex3000 Roteador Wifi6 Ax3000 Gigabit Banda Dupla
Message SID Twilio: SM3c97cf8501bfba47d64e5bbff08214f3
[DEBUG] status_final_twilio=sending

[DEBUG] media_url=NAO
[DEBUG] motivo_sem_midia=webp_desativado
[DEBUG] imagem=https://http2.mlstatic.com/D_NQ_NP_963738-MLA113242754444_072026-O.webp

Mensagem enviada para whatsapp:+5519991133269:
Cafeteira Espresso Luna Preta - TRES 3 Corações
Message SID Twilio: SM8edb61f7b11dd7f005b4c4bdf4369c64
[DEBUG] status_final_twilio=sending

[RESUMO_TWILIO] entregues_ou_processadas=3 falhas=0 total=3

3 oferta(s) processada(s) e salva(s).

=== Fim da execucao: 2026-07-24T18:07:41 ===
