=== Inicio da execucao: 2026-07-07T20:18:15 ===
Args: --produto-por-html --limite-candidatos 5 --url-produto https://lista.mercadolivre.com.br/_Container_13900968?coupon_campaign_id=13900968&recos_ids=MLB3422011183,MLB3852025225,MLB3527439901,MLB4281183597,MLB1,MLB2,MLB3,MLB4 --pasta-saida C:/Users/Lucas Bianco/Downloads --modalidade-execucao ondemand

[MODO_ATIVO] PRODUTO_ONDEMAND_HOME_PESQUISA

Modo procurar produto ativado (pesquisa pela home do Mercado Livre).

[LINK_BASE_1] Processando listagem direta: https://lista.mercadolivre.com.br/_Container_13900968?coupon_campaign_id=13900968&recos_ids=MLB3422011183,MLB3852025225,MLB3527439901,MLB4281183597,MLB1,MLB2,MLB3,MLB4
[LINK_BASE_1] Carregando em blocos de 3 páginas até encontrar candidatos válidos

[BLOCO_1] Carregando páginas 1 a 3 do Link 1
[LISTAGEM_DIRETA] Link 1 - página 1: https://lista.mercadolivre.com.br/_Container_13900968?coupon_campaign_id=13900968&recos_ids=MLB3422011183,MLB3852025225,MLB3527439901,MLB4281183597,MLB1,MLB2,MLB3,MLB4
✓ Link de afiliado: https://meli.la/29neYRp
✓ Link de afiliado: https://meli.la/2tyFTbZ
✓ Link de afiliado: https://meli.la/1fqKgzK
✓ Link de afiliado: https://meli.la/1FWvzjH
✓ Link de afiliado: https://meli.la/2SWiFSh
[BLOCO_1] Resultado: 5 candidato(s) coletado(s), 5 válido(s) enriquecido(s). Total: 5/5

Histórico relâmpago atualizado em: C:/Users/Lucas Bianco/Downloads\lista_anuncios.txt

Saida consolidada por modalidade atualizada em: C:\Users\Lucas Bianco\Desktop\Projetos Dev\Promos\saidas_execucoes\OnDemand\lista_anuncios.txt

[DEBUG] Twilio Account SID: ACc0...e80a

Mensagem enviada para whatsapp:+5519991133269:
Lenço Umedecido Desinfetante Original Com 36 Unidades Lysoform
Message SID Twilio: SM486eb5dbfa37a0bd861923807098a4ad

Mensagem enviada para whatsapp:+5519991133269:
Desodorizador de Vaso Sanitario Pato Gel Adesivo 2 Refis Marine 12 Discos
Message SID Twilio: SMcb4040ba26cd99adefb5be950bd7233b

Mensagem enviada para whatsapp:+5519991133269:
Desodorizador Automatic Refil Spray Lavanda & Baunilha 269ml Glade
Message SID Twilio: SMced26c7f058b78bdc0c8d945adba8666

Mensagem enviada para whatsapp:+5519991133269:
Repelente Eletrico Líquido Raid 45 Noites 3 Refis de 32,9ml
Message SID Twilio: SM400d4bb163a33f69b6b91dd9974f7076

Mensagem enviada para whatsapp:+5519991133269:
Desinfetante 5L Lysoform Líquido Original Desinfetante Casa para Limpeza Pesada
Message SID Twilio: SMc260586488a2041a5bce7d9b98d03a3e

5 oferta(s) processada(s) e salva(s).

=== Fim da execucao: 2026-07-07T20:19:34 ===
