=== Inicio da execucao: 2026-06-21T21:28:43 ===
Args: --produto-por-html --url-produto https://lista.mercadolivre.com.br/cerveja-long-necj#D[A:cerveja%20long%20necj] --desconto-minimo 30 --limite-candidatos 4 --modalidade-execucao campanha

[MODO_ATIVO] PRODUTO_ONDEMAND_HOME_PESQUISA

Modo procurar produto ativado (pesquisa pela home do Mercado Livre).

[LINK_BASE_1] Processando listagem direta: https://lista.mercadolivre.com.br/cerveja-long-necj#D[A:cerveja%20long%20necj]
[LINK_BASE_1] Carregando em blocos de 3 páginas até encontrar candidatos válidos

[BLOCO_1] Carregando páginas 1 a 3 do Link 1
[LISTAGEM_DIRETA] Link 1 - página 1: https://lista.mercadolivre.com.br/cerveja-long-necj#D[A:cerveja%20long%20necj]
✓ Link de afiliado: https://meli.la/2vrkgov
✓ Link de afiliado: https://meli.la/2ErK9Ze
✓ Link de afiliado: https://meli.la/2M1LPE1
✓ Link de afiliado: https://meli.la/1HfwKxT
[BLOCO_1] Resultado: 4 candidato(s) coletado(s), 4 válido(s) enriquecido(s). Total: 4/4

Histórico relâmpago atualizado em: C:\Users\Lucas Bianco\Desktop\Projetos Dev\Promos\ofertas_relampago\Historico de anuncios\lista_anuncios.txt

Saida consolidada por modalidade atualizada em: C:\Users\Lucas Bianco\Desktop\Projetos Dev\Promos\saidas_execucoes\Campanha\lista_anuncios.txt

[DEBUG] Twilio Account SID: ACc0...e80a

Mensagem enviada para whatsapp:+5519991133269:
Cerveja Quilmes Clássica Importada Argentina Long Neck 340ml
Message SID Twilio: SM71bc3d07086b4f00a4ce828c59b142da

Mensagem enviada para whatsapp:+5519991133269:
Cerveja Salvator Long Neck 330ml Paulaner
Message SID Twilio: SM89772e08722cce610935b538e7416800

Mensagem enviada para whatsapp:+5519991133269:
Cerveja Corona Zero Sunbrew 330ml Long Neck - 6 Unidades
Message SID Twilio: SMd3320a4bd6a999388ae8fa22c9c400c7

Mensagem enviada para whatsapp:+5519991133269:
Kit 6 cerveja Long Neck Pabst Blue Ribbon 355mL
Message SID Twilio: SM097c8914a8d847b0fbe4d5682df38990

4 oferta(s) processada(s) e salva(s).

=== Fim da execucao: 2026-06-21T21:29:50 ===
