=== Inicio da execucao: 2026-06-07T10:24:18 ===
Args: --produto-por-html --url-produto https://lista.mercadolivre.com.br/produtos-da-copa-2026_NoIndex_True --preco-minimo 30.0 --preco-maximo 140.0 --limite-candidatos 5 --modalidade-execucao campanha

[MODO_ATIVO] PRODUTO_ONDEMAND_HOME_PESQUISA

Modo procurar produto ativado (pesquisa pela home do Mercado Livre).

[LINK_BASE_1] Processando listagem direta: https://lista.mercadolivre.com.br/produtos-da-copa-2026_NoIndex_True
[LISTAGEM_DIRETA] Link 1 - página 1: https://lista.mercadolivre.com.br/produtos-da-copa-2026_NoIndex_True
✓ Link de afiliado: https://meli.la/1AhefcE
✓ Link de afiliado: https://meli.la/21S9ejR
✓ Link de afiliado: https://meli.la/1VHSrfU
✓ Link de afiliado: https://meli.la/2U1o4UG
✓ Link de afiliado: https://meli.la/1D7TbuE

Histórico relâmpago atualizado em: C:\Users\Lucas Bianco\Desktop\Projetos Dev\Promos\ofertas_relampago\Historico de anuncios\lista_anuncios.txt

Saida consolidada por modalidade atualizada em: C:\Users\Lucas Bianco\Desktop\Projetos Dev\Promos\saidas_execucoes\Campanha\lista_anuncios.txt

[DEBUG] Twilio Account SID: ACc0...e80a

Mensagem enviada para whatsapp:+5519991133269:
Camiseta Masculina 100% Algodão Estampa Brasil Copa 2026
Message SID Twilio: SM21e044955d673907656ad6ca78c66dcb

Mensagem enviada para whatsapp:+5519991133269:
Kit Torcedor Brasil 12 Peças, Ideal Para Copa Do Mundo 2026
Message SID Twilio: SMeb9a060661d447415a4c91e076f90f82

Mensagem enviada para whatsapp:+5519991133269:
Kit Torcedor Completo Copa Do Mundo 2026 12 Acessórios Nfe
Message SID Twilio: SM6be37cd1216813af3efbdcc7eb3304e9

Mensagem enviada para whatsapp:+5519991133269:
Kit 10 Envelopes Copa Do Mundo 2026 70 figurinhas panini
Message SID Twilio: SM5e57378866b530708b0056e1ebd31978

Mensagem enviada para whatsapp:+5519991133269:
Kit Album Copa Do Mundo Fifa 2026 Capa Mole + 70 Figurinhas
Message SID Twilio: SM3c611a9dfde1fd1ce4728fe4eb71530d

5 oferta(s) processada(s) e salva(s).

=== Fim da execucao: 2026-06-07T10:25:33 ===
