=== Inicio da execucao: 2026-06-16T19:32:36 ===
Args: --produto-por-html --url-produto https://lista.mercadolivre.com.br/produtos-da-copa-2026_NoIndex_True --preco-minimo 30.0 --preco-maximo 140.0 --limite-candidatos 5 --modalidade-execucao campanha

[MODO_ATIVO] PRODUTO_ONDEMAND_HOME_PESQUISA

Modo procurar produto ativado (pesquisa pela home do Mercado Livre).

[LINK_BASE_1] Processando listagem direta: https://lista.mercadolivre.com.br/produtos-da-copa-2026_NoIndex_True
[LISTAGEM_DIRETA] Link 1 - página 1: https://lista.mercadolivre.com.br/produtos-da-copa-2026_NoIndex_True
✓ Link de afiliado: https://meli.la/1Y7a2Ve
✓ Link de afiliado: https://meli.la/14p4Dsw
✓ Link de afiliado: https://meli.la/1KeHBXK
✓ Link de afiliado: https://meli.la/1bGUTmf
✓ Link de afiliado: https://meli.la/1HtRd9c

Histórico relâmpago atualizado em: C:\Users\Lucas Bianco\Desktop\Projetos Dev\Promos\ofertas_relampago\Historico de anuncios\lista_anuncios.txt

Saida consolidada por modalidade atualizada em: C:\Users\Lucas Bianco\Desktop\Projetos Dev\Promos\saidas_execucoes\Campanha\lista_anuncios.txt

[DEBUG] Twilio Account SID: ACc0...e80a

Mensagem enviada para whatsapp:+5519991133269:
Camiseta Brasil Torcedor Dry Fit Esportiva Copa 2026 Unissex
Message SID Twilio: SMfe237eb20df74d202a2a878d8b711d14

Mensagem enviada para whatsapp:+5519991133269:
Camiseta Masculina Estampa Brasil Copa 2026 100% Algodão
Message SID Twilio: SM559e4ea3ca054cda670304d73af54f9f

Mensagem enviada para whatsapp:+5519991133269:
Kit 20 Itens Copa Do Mundo Decoração Festa Torcedor Brasil
Message SID Twilio: SMf39e9ca01e50ff23a0b8759a2f245eb6

Mensagem enviada para whatsapp:+5519991133269:
Copa Do Mundo Fifa 2026 Junior Edition Copo 450ml Ll
Message SID Twilio: SM706e354d535403cc10b85c8c3690c1bc

Mensagem enviada para whatsapp:+5519991133269:
Bandeira Da Copa Do Mundo De Julho De 2026 Para Decoração
Message SID Twilio: SMdd2eb7a281145761e094d17c2f4027f6

5 oferta(s) processada(s) e salva(s).

=== Fim da execucao: 2026-06-16T19:33:55 ===
