=== Inicio da execucao: 2026-07-08T22:45:32 ===
Args: --produto-por-html --url-produto https://lista.mercadolivre.com.br/bebes/higiene-cuidados-bebe/fraldas/descartaveis/30-a-60-unidades/fralda_NoIndex_True?sb=all_mercadolibre#applied_filter_id%3DUNITS_PER_PACKAGE%26applied_filter_name%3DUnidades+por+embalagem%26applied_filter_order%3D7%26applied_value_id%3D%5B30-60%29%26applied_value_name%3D30+a+59+unidades%26applied_value_order%3D2%26applied_value_results%3D2743%26is_custom%3Dfalse --preco-minimo 30.0 --preco-maximo 80.0 --desconto-minimo 30 --limite-candidatos 5 --modalidade-execucao campanha

[MODO_ATIVO] PRODUTO_ONDEMAND_HOME_PESQUISA

Modo procurar produto ativado (pesquisa pela home do Mercado Livre).

[LINK_BASE_1] Processando listagem direta: https://lista.mercadolivre.com.br/bebes/higiene-cuidados-bebe/fraldas/descartaveis/30-a-60-unidades/fralda_NoIndex_True?sb=all_mercadolibre#applied_filter_id%3DUNITS_PER_PACKAGE%26applied_filter_name%3DUnidades+por+embalagem%26applied_filter_order%3D7%26applied_value_id%3D%5B30-60%29%26applied_value_name%3D30+a+59+unidades%26applied_value_order%3D2%26applied_value_results%3D2743%26is_custom%3Dfalse
[LINK_BASE_1] Carregando em blocos de 3 páginas até encontrar candidatos válidos

[BLOCO_1] Carregando páginas 1 a 3 do Link 1
[LISTAGEM_DIRETA] Link 1 - página 1: https://lista.mercadolivre.com.br/bebes/higiene-cuidados-bebe/fraldas/descartaveis/30-a-60-unidades/fralda_NoIndex_True?sb=all_mercadolibre#applied_filter_id%3DUNITS_PER_PACKAGE%26applied_filter_name%3DUnidades+por+embalagem%26applied_filter_order%3D7%26applied_value_id%3D%5B30-60%29%26applied_value_name%3D30+a+59+unidades%26applied_value_order%3D2%26applied_value_results%3D2743%26is_custom%3Dfalse
✓ Link de afiliado: https://meli.la/1PcyWYg
✓ Link de afiliado: https://meli.la/31X54c3
✓ Link de afiliado: https://meli.la/2VZoHPK
[LISTAGEM_DIRETA] Link 1 - página 2: https://lista.mercadolivre.com.br/bebes/higiene-cuidados-bebe/fraldas/descartaveis/30-a-60-unidades/fralda_NoIndex_True?sb=all_mercadolibre&page=2
✓ Link de afiliado: https://meli.la/28Q9GXv
[LISTAGEM_DIRETA] Link 1 - página 3: https://lista.mercadolivre.com.br/bebes/higiene-cuidados-bebe/fraldas/descartaveis/30-a-60-unidades/fralda_NoIndex_True?sb=all_mercadolibre&page=3
✓ Link de afiliado: https://meli.la/2vzsp3E
[BLOCO_1] Resultado: 5 candidato(s) coletado(s), 5 válido(s) enriquecido(s). Total: 5/5

Histórico relâmpago atualizado em: C:\Users\Lucas Bianco\Desktop\Projetos Dev\Promos\ofertas_relampago\Historico de anuncios\lista_anuncios.txt

Saida consolidada por modalidade atualizada em: C:\Users\Lucas Bianco\Desktop\Projetos Dev\Promos\saidas_execucoes\Campanha\lista_anuncios.txt

[DEBUG] Twilio Account SID: ACc0...e80a

Mensagem enviada para whatsapp:+5519991133269:
Fralda Galinha Pintadinha Ultrasec Xg 30 Unidades Babysec Gênero Sem gênero Tamanho Extra grande (XG)
Message SID Twilio: SM2c8af12f9530d8cbcf24c6a56434ee35

Mensagem enviada para whatsapp:+5519991133269:
Fralda Pom Pom Proteção de Mãe XG com 38 Unidades
Message SID Twilio: SMf566f3f96908570cfe60f07c3e821056

Mensagem enviada para whatsapp:+5519991133269:
Fralda Descartável Turma da Mônica Baby XG Pacote 42 Unidades
Message SID Twilio: SMc7539eb19a1a6e84596563d7b229338a

Mensagem enviada para whatsapp:+5519991133269:
Fralda Pom Pom Protek G com 42 Unidades Para 12 Horas de Proteção
Message SID Twilio: SM813bbae5cd0e571de86470d77695666d

Mensagem enviada para whatsapp:+5519991133269:
Fralda Babysec Ultrasec Mega P 42 Unidades
Message SID Twilio: SM441eaf8beefe4f7cef40b33ff6d4b338

5 oferta(s) processada(s) e salva(s).

=== Fim da execucao: 2026-07-08T22:47:08 ===
