=== Inicio da execucao: 2026-07-24T22:40:00 ===
Args: --produto-por-html --fonte mercadolivre --url-produto https://lista.mercadolivre.com.br/_Container_pet-cpg-alimentos-e-petiscos-caes-query_NoIndex_True?forceContainer=true#c_container_id=MLB1327645-1&c_id=%2Fsplinter%2Fspecial-withoutlabel&c_element_order=1&c_campaign=cachorro-alimentos-petiscos&c_label=%2Fsplinter%2Fspecial-withoutlabel&c_uid=90b7c25a-836a-11f1-a4f5-1955dc94a789&c_element_id=90b7c25a-836a-11f1-a4f5-1955dc94a789&c_content_origin=splinter-default&c_content_type=default&c_global_position=4&deal_print_id=90178ab0-836a-11f1-897b-a3608c4c25d1&c_tracking_id=90178ab0-836a-11f1-897b-a3608c4c25d1 --desconto-minimo 10 --limite-candidatos 3 --modalidade-execucao campanha

[MODO_ATIVO] PRODUTO_ONDEMAND_HOME_PESQUISA

Modo procurar produto ativado (pesquisa pela home do Mercado Livre).

[LINK_BASE_1] Processando listagem direta: https://lista.mercadolivre.com.br/_Container_pet-cpg-alimentos-e-petiscos-caes-query_NoIndex_True?forceContainer=true#c_container_id=MLB1327645-1&c_id=%2Fsplinter%2Fspecial-withoutlabel&c_element_order=1&c_campaign=cachorro-alimentos-petiscos&c_label=%2Fsplinter%2Fspecial-withoutlabel&c_uid=90b7c25a-836a-11f1-a4f5-1955dc94a789&c_element_id=90b7c25a-836a-11f1-a4f5-1955dc94a789&c_content_origin=splinter-default&c_content_type=default&c_global_position=4&deal_print_id=90178ab0-836a-11f1-897b-a3608c4c25d1&c_tracking_id=90178ab0-836a-11f1-897b-a3608c4c25d1
[LINK_BASE_1] Carregando em blocos de 3 páginas até encontrar candidatos válidos

[BLOCO_1] Carregando páginas 1 a 3 do Link 1
[LISTAGEM_DIRETA] Link 1 - página 1: https://lista.mercadolivre.com.br/_Container_pet-cpg-alimentos-e-petiscos-caes-query_NoIndex_True?forceContainer=true#c_container_id=MLB1327645-1&c_id=%2Fsplinter%2Fspecial-withoutlabel&c_element_order=1&c_campaign=cachorro-alimentos-petiscos&c_label=%2Fsplinter%2Fspecial-withoutlabel&c_uid=90b7c25a-836a-11f1-a4f5-1955dc94a789&c_element_id=90b7c25a-836a-11f1-a4f5-1955dc94a789&c_content_origin=splinter-default&c_content_type=default&c_global_position=4&deal_print_id=90178ab0-836a-11f1-897b-a3608c4c25d1&c_tracking_id=90178ab0-836a-11f1-897b-a3608c4c25d1
✓ Link de afiliado: https://meli.la/1ARa1Bo
✓ Link de afiliado: https://meli.la/273SeVk
✓ Link de afiliado: https://meli.la/14RaSEc
[BLOCO_1] Resultado: 3 candidato(s) coletado(s), 3 válido(s) enriquecido(s). Total: 3/3

Histórico relâmpago atualizado em: C:\Users\Lucas Bianco\Desktop\Projetos Dev\Promos\ofertas_relampago\Historico de anuncios\lista_anuncios.txt
✅ 3 imagem(ns) principal(is) salvas em anuncios: C:\Users\Lucas Bianco\Desktop\Projetos Dev\Promos\dist-interface\instagram_anuncios
✅ JSON de busca de produto salvo em: C:\Users\Lucas Bianco\Desktop\Projetos Dev\Promos\ofertas_afiliados\Historico de anuncios\ofertas_20260724_224041.json

Saida consolidada por modalidade atualizada em: C:\Users\Lucas Bianco\Desktop\Projetos Dev\Promos\saidas_execucoes\Campanha\lista_anuncios.txt
Saida JSON campanha salva em: C:\Users\Lucas Bianco\Desktop\Projetos Dev\Promos\saidas_execucoes\Campanha\ofertas_20260724_224041.json

[DEBUG] Twilio Account SID: ACc0...e80a

[DEBUG] media_url=NAO
[DEBUG] motivo_sem_midia=webp_desativado
[DEBUG] imagem=https://http2.mlstatic.com/D_NQ_NP_728943-MLA99925315473_112025-O.webp

Mensagem enviada para whatsapp:+5519991133269:
Ração Seca Golden Light Frango e Arroz para Cães Pequenos 10,1kg
Message SID Twilio: SMe01796ac3aea7187b15b573bcb466e37
[DEBUG] status_final_twilio=sending

[DEBUG] media_url=NAO
[DEBUG] motivo_sem_midia=webp_desativado
[DEBUG] imagem=https://http2.mlstatic.com/D_NQ_NP_823697-MLA99919841419_112025-O.webp

Mensagem enviada para whatsapp:+5519991133269:
Alimento Premier Super Premium Nutrição Clínica Hipoalergénico Filhote e Adulto cão de raza pequena sabor mandioca de 10.1 kg
Message SID Twilio: SMa93676f94de96eb71f82a9c933dc9928
[DEBUG] status_final_twilio=sending

[DEBUG] media_url=NAO
[DEBUG] motivo_sem_midia=webp_desativado
[DEBUG] imagem=https://http2.mlstatic.com/D_NQ_NP_680358-MLA97103235016_112025-O.webp

Mensagem enviada para whatsapp:+5519991133269:
Ração Seca Premier Cão Adulto Médio/Grande Hipoalergênica Cordeiro 10.1 kg
Message SID Twilio: SM6f550d77679541912dca8ed3b5852b72
[DEBUG] status_final_twilio=sending

[RESUMO_TWILIO] entregues_ou_processadas=3 falhas=0 total=3

3 oferta(s) processada(s) e salva(s).

=== Fim da execucao: 2026-07-24T22:40:47 ===
