=== Inicio da execucao: 2026-07-19T09:09:21 ===
Args: --produto-por-html --fonte mercadolivre --url-produto https://lista.mercadolivre.com.br/_Container_pet-cpg-tapetes-e-higiene-query?forceContainer=true#c_container_id=MLB1328152-1&c_id=%2Fsplinter%2Fspecial-withoutlabel&c_element_order=2&c_campaign=cachorro-tapetes-higiene&c_label=%2Fsplinter%2Fspecial-withoutlabel&c_uid=ed1706b9-8369-11f1-8f88-9f961f67e783&c_element_id=ed1706b9-8369-11f1-8f88-9f961f67e783&c_content_origin=splinter-default&c_content_type=default&c_global_position=4&deal_print_id=ec87bf00-8369-11f1-84c2-116ecd772591&c_tracking_id=ec87bf00-8369-11f1-84c2-116ecd772591 --desconto-minimo 10 --limite-candidatos 3 --modalidade-execucao campanha

[MODO_ATIVO] PRODUTO_ONDEMAND_HOME_PESQUISA

Modo procurar produto ativado (pesquisa pela home do Mercado Livre).

[LINK_BASE_1] Processando listagem direta: https://lista.mercadolivre.com.br/_Container_pet-cpg-tapetes-e-higiene-query?forceContainer=true#c_container_id=MLB1328152-1&c_id=%2Fsplinter%2Fspecial-withoutlabel&c_element_order=2&c_campaign=cachorro-tapetes-higiene&c_label=%2Fsplinter%2Fspecial-withoutlabel&c_uid=ed1706b9-8369-11f1-8f88-9f961f67e783&c_element_id=ed1706b9-8369-11f1-8f88-9f961f67e783&c_content_origin=splinter-default&c_content_type=default&c_global_position=4&deal_print_id=ec87bf00-8369-11f1-84c2-116ecd772591&c_tracking_id=ec87bf00-8369-11f1-84c2-116ecd772591
[LINK_BASE_1] Carregando em blocos de 3 páginas até encontrar candidatos válidos

[BLOCO_1] Carregando páginas 1 a 3 do Link 1
[LISTAGEM_DIRETA] Link 1 - página 1: https://lista.mercadolivre.com.br/_Container_pet-cpg-tapetes-e-higiene-query?forceContainer=true#c_container_id=MLB1328152-1&c_id=%2Fsplinter%2Fspecial-withoutlabel&c_element_order=2&c_campaign=cachorro-tapetes-higiene&c_label=%2Fsplinter%2Fspecial-withoutlabel&c_uid=ed1706b9-8369-11f1-8f88-9f961f67e783&c_element_id=ed1706b9-8369-11f1-8f88-9f961f67e783&c_content_origin=splinter-default&c_content_type=default&c_global_position=4&deal_print_id=ec87bf00-8369-11f1-84c2-116ecd772591&c_tracking_id=ec87bf00-8369-11f1-84c2-116ecd772591
✓ Link de afiliado: https://meli.la/1W7fZNA
✓ Link de afiliado: https://meli.la/2DmauYC
✓ Link de afiliado: https://meli.la/31FU4oy
[BLOCO_1] Resultado: 3 candidato(s) coletado(s), 3 válido(s) enriquecido(s). Total: 3/3

Histórico relâmpago atualizado em: C:\Users\Lucas Bianco\Desktop\Projetos Dev\Promos\ofertas_relampago\Historico de anuncios\lista_anuncios.txt

Saida consolidada por modalidade atualizada em: C:\Users\Lucas Bianco\Desktop\Projetos Dev\Promos\saidas_execucoes\Campanha\lista_anuncios.txt

[DEBUG] Twilio Account SID: ACc0...e80a

Mensagem enviada para whatsapp:+5519991133269:
Tapete Higiênico para Cachorro 50 Unidades 60x55cm com Gel Absorvente Fralda Manta Pet Cão
Message SID Twilio: SM96fbef1efc421cbd3203fa0ce4b148de

Mensagem enviada para whatsapp:+5519991133269:
Tapete Higiênico Pet 50 Unidades 60x60 Descartável Cão Gato
Message SID Twilio: SM0faf0cb27ed89d88e11fb44c486f1b6f

Mensagem enviada para whatsapp:+5519991133269:
Tapete Higiênico Para Cães 82x60cm 30 Und Blue Premium - 1 Branco
Message SID Twilio: SM6b1a50f99e462a13e88930f43ebc3136

3 oferta(s) processada(s) e salva(s).

=== Fim da execucao: 2026-07-19T09:10:14 ===
