=== Inicio da execucao: 2026-06-18T20:44:46 ===
Args: --somente-relampago --desconto-minimo 40 --limite-candidatos 10 --pasta-saida C:/Users/Lucas Bianco/Downloads --modalidade-execucao ondemand

[MODO_ATIVO] FLUXO_HUB_AFILIADOS_LEGADO

Mercado Livre ja esta autenticado.

Modo somente ofertas relâmpago ativado. Fluxo do hub/Twilio foi ignorado.
Limpeza de HTML relâmpago: 2 arquivo(s) antigo(s) removido(s).

Navegando para ofertas relâmpago:
https://www.mercadolivre.com.br/ofertas?promotion_type=lightning#filter_applied=promotion_type&filter_position=3&origin=qcat
HTML salvo em: C:\Users\Lucas Bianco\Desktop\Projetos Dev\Promos\ofertas_relampago\html\html_relampago_20260618_204511_443541_01.txt
Modo sem parametros detectado: usando apenas o primeiro HTML de ofertas relampago.

Analisando HTML de: C:\Users\Lucas Bianco\Desktop\Projetos Dev\Promos\ofertas_relampago\html\html_relampago_20260618_204511_443541_01.txt
23 oferta(s) com 40% ou mais de desconto extraída(s) do JSON.
[DESCARTADO - HISTORICO] Anúncio mlb6615229162 marcado como anuncio_inedito=false no histórico.
[DESCARTADO - HISTORICO] Anúncio mlb5748326240 marcado como anuncio_inedito=false no histórico.
[DESCARTADO - HISTORICO] Anúncio mlb4291609113 marcado como anuncio_inedito=false no histórico.
[DESCARTADO - HISTORICO] Anúncio mlb5761715520 marcado como anuncio_inedito=false no histórico.
[DESCARTADO - HISTORICO] Anúncio mlb4643800517 marcado como anuncio_inedito=false no histórico.
[DESCARTADO - HISTORICO] Anúncio mlb6609411314 marcado como anuncio_inedito=false no histórico.
[DESCARTADO - HISTORICO] Anúncio mlb4813768138 marcado como anuncio_inedito=false no histórico.
[DESCARTADO - HISTORICO] Anúncio mlb5270050920 marcado como anuncio_inedito=false no histórico.
[DESCARTADO - HISTORICO] Anúncio mlb5265791338 marcado como anuncio_inedito=false no histórico.
[DESCARTADO - HISTORICO] Anúncio mlb4307126823 marcado como anuncio_inedito=false no histórico.
[DESCARTADO - HISTORICO] Anúncio mlb4398275381 marcado como anuncio_inedito=false no histórico.
Paginação parametrizada limitada a 25 página(s) (detecção original: 220 página(s)).
HTML consolidado salvo em: C:\Users\Lucas Bianco\Desktop\Projetos Dev\Promos\ofertas_relampago\html\html_relampago_consolidado_20260618_204511.txt
Usando link direto extraído do HTML para obter link de afiliado.
✓ Link de afiliado: https://meli.la/1BCt2K6
Usando link direto extraído do HTML para obter link de afiliado.
✓ Link de afiliado: https://meli.la/31sm7JG
Usando link direto extraído do HTML para obter link de afiliado.
✓ Link de afiliado: https://meli.la/1e3G7p9
Usando link direto extraído do HTML para obter link de afiliado.
✓ Link de afiliado: https://meli.la/1Qy76tg
Usando link direto extraído do HTML para obter link de afiliado.
✓ Link de afiliado: https://meli.la/1gxJ3u4
Usando link direto extraído do HTML para obter link de afiliado.
✓ Link de afiliado: https://meli.la/1gUCc6B
Usando link direto extraído do HTML para obter link de afiliado.
✓ Link de afiliado: https://meli.la/28xAwqN
Usando link direto extraído do HTML para obter link de afiliado.
✓ Link de afiliado: https://meli.la/2vm25qs
Usando link direto extraído do HTML para obter link de afiliado.
✓ Link de afiliado: https://meli.la/2dVN6gX
Usando link direto extraído do HTML para obter link de afiliado.
✓ Link de afiliado: https://meli.la/1Zofyox
Metadados salvos em: C:\Users\Lucas Bianco\Desktop\Projetos Dev\Promos\metadados_coleta\metadados_relampago_exec_0028_20260618_204652.json

Histórico relâmpago atualizado em: C:/Users/Lucas Bianco/Downloads\lista_anuncios.txt

Saida consolidada por modalidade atualizada em: C:\Users\Lucas Bianco\Desktop\Projetos Dev\Promos\saidas_execucoes\OnDemand\lista_anuncios.txt

[DEBUG] Twilio Account SID: ACc0...e80a

Mensagem enviada para whatsapp:+5519991133269:
Combo Poderoso (shampoo+cond+tônico) Original
Message SID Twilio: SM42cc7ccda5d654ff99ac3a0cfa0fda58

Mensagem enviada para whatsapp:+5519991133269:
Kit 5 Camisetas Básicas Masculina Dry Fit Lisa Tradicional  Variado Gg
Message SID Twilio: SM70d72b33adffffcb8bdf59ae41f63066

Mensagem enviada para whatsapp:+5519991133269:
Tenis Casual Vizzano Feminino Leve Ultra Conforto Original Preto E Branco 37.0 Br
Message SID Twilio: SM1c6c9ff90f5e86d7658d2b091456f9ce

Mensagem enviada para whatsapp:+5519991133269:
Maleta Estojo Kit Caixa Jogo Ferramentas Completa Preto
Message SID Twilio: SM1abefb79471ffafd3a1e3df4b58dc6dd

Mensagem enviada para whatsapp:+5519991133269:
Cronograma Gold Spell
Message SID Twilio: SM77299998ce1c3af4bb41a46ace8b2ed9

Mensagem enviada para whatsapp:+5519991133269:
Short Saia Jeans Feminino Cintura Alta Com Lycra Stillger
Message SID Twilio: SM6e4b4357cb31444753b7d98d1cf28ef4

Mensagem enviada para whatsapp:+5519991133269:
Tênis Esportivo Masculino Delta Olympikus Liso Preto 40 Br
Message SID Twilio: SM53ba649311bf1a288f69719c8065b066

Mensagem enviada para whatsapp:+5519991133269:
Carrinho Tipo Esteira Para Mecânico Profissional Com Encosto Bte2000 The Black Tools
Message SID Twilio: SMff8b8627e5cc2f117d337c1148acf654

Mensagem enviada para whatsapp:+5519991133269:
Lavadora De Alta Pressão 1700w 2000psi Bosch Ghp 200 Azul 127v 60
Message SID Twilio: SMb6a5885360222432460b0219f9b826c7

Mensagem enviada para whatsapp:+5519991133269:
Arara Cabideiro Closet Roupas Sapateira Cabides Triplo Preto
Message SID Twilio: SMbdb58637d0f81714468199a028fec16d

10 oferta(s) relâmpago processada(s) e salvas.

Envio pelo WhatsApp finalizado com sucesso!

=== Fim da execucao: 2026-06-18T20:47:33 ===
