=== Inicio da execucao: 2026-07-25T08:32:52 ===
Args: --produto-por-html --fonte mercadolivre --url-produto https://www.mercadolivre.com.br/ofertas?container_id=MLB779362-1&promotion_type=lightning#filter_applied=promotion_type&filter_position=2&is_recommended_domain=false&origin=scut --desconto-minimo 10 --limite-candidatos 3 --modalidade-execucao campanha

[MODO_ATIVO] PRODUTO_ONDEMAND_HOME_PESQUISA

Modo procurar produto ativado (pesquisa pela home do Mercado Livre).

[LINK_BASE_1] Processando listagem direta: https://www.mercadolivre.com.br/ofertas?container_id=MLB779362-1&promotion_type=lightning#filter_applied=promotion_type&filter_position=2&is_recommended_domain=false&origin=scut
[LINK_BASE_1] Carregando em blocos de 3 páginas até encontrar candidatos válidos

[BLOCO_1] Carregando páginas 1 a 3 do Link 1
[LISTAGEM_DIRETA] Link 1 - página 1: https://www.mercadolivre.com.br/ofertas?container_id=MLB779362-1&promotion_type=lightning#filter_applied=promotion_type&filter_position=2&is_recommended_domain=false&origin=scut
✓ Link de afiliado: https://meli.la/1p9LWHX
✓ Link de afiliado: https://meli.la/1SActh7
✓ Link de afiliado: https://meli.la/2ZDSeap
[BLOCO_1] Resultado: 3 candidato(s) coletado(s), 3 válido(s) enriquecido(s). Total: 3/3

Histórico relâmpago atualizado em: C:\Users\Lucas Bianco\Desktop\Projetos Dev\Promos\ofertas_relampago\Historico de anuncios\lista_anuncios.txt
✅ 3 imagem(ns) principal(is) salvas em anuncios: C:\Users\Lucas Bianco\Desktop\Projetos Dev\Promos\dist-interface\instagram_anuncios
✅ JSON de busca de produto salvo em: C:\Users\Lucas Bianco\Desktop\Projetos Dev\Promos\ofertas_afiliados\Historico de anuncios\ofertas_20260725_083328.json

Saida consolidada por modalidade atualizada em: C:\Users\Lucas Bianco\Desktop\Projetos Dev\Promos\saidas_execucoes\Campanha\lista_anuncios.txt
Saida JSON campanha salva em: C:\Users\Lucas Bianco\Desktop\Projetos Dev\Promos\saidas_execucoes\Campanha\ofertas_20260725_083328.json

[DEBUG] Twilio Account SID: ACc0...e80a

[DEBUG] media_url=NAO
[DEBUG] motivo_sem_midia=webp_desativado
[DEBUG] imagem=https://http2.mlstatic.com/D_NQ_NP_949131-MLA114764498645_072026-O.webp

Mensagem enviada para whatsapp:+5519991133269:
TESTO ESSENCIAL - Fórmula Exclusiva com Feno Grego + Boro + Arginina + ZMA + Vitamina B6 - Precursor da Testosterona - 60 cápsulas
Message SID Twilio: SMf87f3193229f3f3c80367b3dbe54f27a
[DEBUG] status_final_twilio=sending

[DEBUG] media_url=NAO
[DEBUG] motivo_sem_midia=webp_desativado
[DEBUG] imagem=https://http2.mlstatic.com/D_NQ_NP_859161-MLA99962428017_112025-O.webp

Mensagem enviada para whatsapp:+5519991133269:
Whey Isolate Protein Fuse 900g Dark Lab Sabor Chocolate
Message SID Twilio: SM77c79fd3f26ceb63c3e34c5f40345ede
[DEBUG] status_final_twilio=sending

[DEBUG] media_url=NAO
[DEBUG] motivo_sem_midia=webp_desativado
[DEBUG] imagem=https://http2.mlstatic.com/D_NQ_NP_919649-MLA112122698633_052026-O.webp

Mensagem enviada para whatsapp:+5519991133269:
Bomba Elétrica Portátil Digital Para Encher Pneu De Carro Moto Bicicleta Inflador Automotivo Cor Preto
Message SID Twilio: SMf35e125d29970f18d14b1361032d9e45
[DEBUG] status_final_twilio=sending

[RESUMO_TWILIO] entregues_ou_processadas=3 falhas=0 total=3

3 oferta(s) processada(s) e salva(s).

=== Fim da execucao: 2026-07-25T08:33:34 ===
