=== Inicio da execucao: 2026-07-23T20:01:15 ===
Args: --produto-por-html --fonte mercadolivre --desconto-minimo 40 --limite-candidatos 2 --url-produto https://lista.mercadolivre.com.br/edifier-mp100-plus?sb=all_mercadolibre#D[A:Edifier%20MP100%20Plus] --pasta-saida C:/Users/Lucas Bianco/Downloads --modalidade-execucao ondemand

[MODO_ATIVO] PRODUTO_ONDEMAND_HOME_PESQUISA

Modo procurar produto ativado (pesquisa pela home do Mercado Livre).

[LINK_BASE_1] Processando listagem direta: https://lista.mercadolivre.com.br/edifier-mp100-plus?sb=all_mercadolibre#D[A:Edifier%20MP100%20Plus]
[LINK_BASE_1] Carregando em blocos de 3 páginas até encontrar candidatos válidos

[BLOCO_1] Carregando páginas 1 a 3 do Link 1
[LISTAGEM_DIRETA] Link 1 - página 1: https://lista.mercadolivre.com.br/edifier-mp100-plus?sb=all_mercadolibre#D[A:Edifier%20MP100%20Plus]
✓ Link de afiliado: https://meli.la/2q2Cics
[LISTAGEM_DIRETA] Link 1 - página 2: https://lista.mercadolivre.com.br/edifier-mp100-plus?sb=all_mercadolibre&page=2
[LISTAGEM_DIRETA] Link 1 - página 3: https://lista.mercadolivre.com.br/edifier-mp100-plus?sb=all_mercadolibre&page=3
[BLOCO_1] Resultado: 1 candidato(s) coletado(s), 1 válido(s) enriquecido(s). Total: 1/2

[BLOCO_2] Carregando páginas 4 a 6 do Link 1
[LISTAGEM_DIRETA] Link 1 - página 4: https://lista.mercadolivre.com.br/edifier-mp100-plus?sb=all_mercadolibre&page=4
[LISTAGEM_DIRETA] Link 1 - página 5: https://lista.mercadolivre.com.br/edifier-mp100-plus?sb=all_mercadolibre&page=5
[LISTAGEM_DIRETA] Link 1 - página 6: https://lista.mercadolivre.com.br/edifier-mp100-plus?sb=all_mercadolibre&page=6
[BLOCO_2] Resultado: 0 candidato(s) coletado(s), 0 válido(s) enriquecido(s). Total: 1/2
[BLOCO_2] Nenhum candidato neste bloco. Continuando para proximas paginas.

[BLOCO_3] Carregando páginas 7 a 9 do Link 1
[LISTAGEM_DIRETA] Link 1 - página 7: https://lista.mercadolivre.com.br/edifier-mp100-plus?sb=all_mercadolibre&page=7
[LISTAGEM_DIRETA] Link 1 - página 8: https://lista.mercadolivre.com.br/edifier-mp100-plus?sb=all_mercadolibre&page=8
[LISTAGEM_DIRETA] Link 1 - página 9: https://lista.mercadolivre.com.br/edifier-mp100-plus?sb=all_mercadolibre&page=9
[BLOCO_3] Resultado: 0 candidato(s) coletado(s), 0 válido(s) enriquecido(s). Total: 1/2
[BLOCO_3] Nenhum candidato neste bloco. Continuando para proximas paginas.

[BLOCO_4] Carregando páginas 10 a 12 do Link 1
[LISTAGEM_DIRETA] Link 1 - página 10: https://lista.mercadolivre.com.br/edifier-mp100-plus?sb=all_mercadolibre&page=10

=== Fim da execucao: 2026-07-23T20:02:40 ===
