=== Inicio da execucao: 2026-07-13T20:06:25 ===
Args: --produto-por-html --descricao-produto chave de precisão elétrica 68 em 1 --desconto-minimo 20 --limite-candidatos 3 --pasta-saida C:/Users/Lucas Bianco/Downloads --modalidade-execucao ondemand

[MODO_ATIVO] PRODUTO_ONDEMAND_HOME_PESQUISA

Modo procurar produto ativado (pesquisa pela home do Mercado Livre).

[BLOCO_GENERICA_1] Carregando páginas 1 a 3
[BLOCO_GENERICA_1] Página 1: https://lista.mercadolivre.com.br/chave-de-precis%C3%A3o-el%C3%A9trica-68-em-1
[BLOCO_GENERICA_1] Página 2: https://lista.mercadolivre.com.br/chave-de-precis%C3%A3o-el%C3%A9trica-68-em-1_Desde_51
[BLOCO_GENERICA_1] Página 3: https://lista.mercadolivre.com.br/chave-de-precis%C3%A3o-el%C3%A9trica-68-em-1_Desde_101
[BLOCO_GENERICA_1] Resultado: 1 candidato(s) coletado(s). Total: 1

[BLOCO_GENERICA_2] Carregando páginas 4 a 5
[BLOCO_GENERICA_2] Página 4: https://lista.mercadolivre.com.br/chave-de-precis%C3%A3o-el%C3%A9trica-68-em-1_Desde_151
[BLOCO_GENERICA_2] Página 5: https://lista.mercadolivre.com.br/chave-de-precis%C3%A3o-el%C3%A9trica-68-em-1_Desde_201
[BLOCO_GENERICA_2] Resultado: 0 candidato(s) coletado(s). Total: 1
[BLOCO_GENERICA_2] Nenhum candidato novo encontrado. Parando busca genérica.
✓ Link de afiliado: https://meli.la/1gEUp67

Histórico relâmpago atualizado em: C:/Users/Lucas Bianco/Downloads\lista_anuncios.txt

Saida consolidada por modalidade atualizada em: C:\Users\Lucas Bianco\Desktop\Projetos Dev\Promos\saidas_execucoes\OnDemand\lista_anuncios.txt

[DEBUG] Twilio Account SID: ACc0...e80a

Mensagem enviada para whatsapp:+5519991133269:
Chave De Precisão Elétrica 68 Em 1 Sem Fio Recarregável
Message SID Twilio: SM045049cb6c6a18c9fcd332113edd6db3

1 oferta(s) processada(s) e salva(s).

=== Fim da execucao: 2026-07-13T20:07:18 ===
