=== Inicio da execucao: 2026-06-23T17:36:36 ===
Args: --produto-por-html --url-produto https://lista.mercadolivre.com.br/cerveja-long-necj#D[A:cerveja%20long%20necj] --desconto-minimo 30 --limite-candidatos 4 --modalidade-execucao campanha

[MODO_ATIVO] PRODUTO_ONDEMAND_HOME_PESQUISA

Modo procurar produto ativado (pesquisa pela home do Mercado Livre).

[LINK_BASE_1] Processando listagem direta: https://lista.mercadolivre.com.br/cerveja-long-necj#D[A:cerveja%20long%20necj]
[LINK_BASE_1] Carregando em blocos de 3 páginas até encontrar candidatos válidos

[BLOCO_1] Carregando páginas 1 a 3 do Link 1
[LISTAGEM_DIRETA] Link 1 - página 1: https://lista.mercadolivre.com.br/cerveja-long-necj#D[A:cerveja%20long%20necj]
✓ Link de afiliado: https://meli.la/132Yc8r
✓ Link de afiliado: https://meli.la/1iRWNax
✓ Link de afiliado: https://meli.la/29pMfwE
✓ Link de afiliado: https://meli.la/2RLJjJs
[BLOCO_1] Resultado: 4 candidato(s) coletado(s), 4 válido(s) enriquecido(s). Total: 4/4

Histórico relâmpago atualizado em: C:\Users\Lucas Bianco\Desktop\Projetos Dev\Promos\ofertas_relampago\Historico de anuncios\lista_anuncios.txt

Saida consolidada por modalidade atualizada em: C:\Users\Lucas Bianco\Desktop\Projetos Dev\Promos\saidas_execucoes\Campanha\lista_anuncios.txt

[DEBUG] Twilio Account SID: ACc0...e80a

Mensagem enviada para whatsapp:+5519991133269:
Cerveja Lagunitas Day Time Session Ipa Long Neck 355ml
Message SID Twilio: SM456aba27c08eb3d0e3bb88ddf6289dd6

Mensagem enviada para whatsapp:+5519991133269:
Cerveja Dama Bier IPA Zero Sem Álcool Long Neck 355ml
Message SID Twilio: SMf02fabb12d9cacc17679d8b742adbebe

Mensagem enviada para whatsapp:+5519991133269:
Cerveja Quilmes Clássica 340ml Pack C/6unid
Message SID Twilio: SM6aafa64a51958d8572d5b3f346944840

Mensagem enviada para whatsapp:+5519991133269:
Cerveja Arg Quilmes Pilsen Pack 6x340ml Long Neck Importada
Message SID Twilio: SMf938b893d6ba8e6c464e87d7df302907

4 oferta(s) processada(s) e salva(s).

=== Fim da execucao: 2026-06-23T17:37:44 ===
