=== Inicio da execucao: 2026-07-14T20:19:12 ===
Args: --produto-por-html --desconto-minimo 20 --limite-candidatos 6 --url-produto https://lista.mercadolivre.com.br/itens-para-casa?sb=all_mercadolibre#D[A:itens%20para%20casa] --pasta-saida C:/Users/Lucas Bianco/Downloads --modalidade-execucao ondemand

[MODO_ATIVO] PRODUTO_ONDEMAND_HOME_PESQUISA

Modo procurar produto ativado (pesquisa pela home do Mercado Livre).

[LINK_BASE_1] Processando listagem direta: https://lista.mercadolivre.com.br/itens-para-casa?sb=all_mercadolibre#D[A:itens%20para%20casa]
[LINK_BASE_1] Carregando em blocos de 3 páginas até encontrar candidatos válidos

[BLOCO_1] Carregando páginas 1 a 3 do Link 1
[LISTAGEM_DIRETA] Link 1 - página 1: https://lista.mercadolivre.com.br/itens-para-casa?sb=all_mercadolibre#D[A:itens%20para%20casa]
✓ Link de afiliado: https://meli.la/1HC6sM1
✓ Link de afiliado: https://meli.la/18TFSfi
✓ Link de afiliado: https://meli.la/2YrwA9m
✓ Link de afiliado: https://meli.la/236WkPT
✓ Link de afiliado: https://meli.la/236WkPT
✓ Link de afiliado: https://meli.la/1KQBjDY
[BLOCO_1] Resultado: 6 candidato(s) coletado(s), 6 válido(s) enriquecido(s). Total: 6/6

Histórico relâmpago atualizado em: C:/Users/Lucas Bianco/Downloads\lista_anuncios.txt

Saida consolidada por modalidade atualizada em: C:\Users\Lucas Bianco\Desktop\Projetos Dev\Promos\saidas_execucoes\OnDemand\lista_anuncios.txt

[DEBUG] Twilio Account SID: ACc0...e80a

Mensagem enviada para whatsapp:+5519991133269:
Organizador Edredon Porta Tudo 60x45x30 Guarda Roupa Edredom Desbranco
Message SID Twilio: SMb2f63226980a9c9cef2ad1c5864f37e3

Mensagem enviada para whatsapp:+5519991133269:
Kit De Acessórios Para Banheiro Branco 4 Itens
Message SID Twilio: SM703cf45c3e1cf5ae2b74b1564c1c8cbb

Mensagem enviada para whatsapp:+5519991133269:
Kit Acessórios Para Banheiro Preto Fosco 5 Peças
Message SID Twilio: SMa5f26f2dbe4adc902ea0916e780e83b5

Mensagem enviada para whatsapp:+5519991133269:
Kit Banheiro Glamour 4 Itens Lavabo Decoração Casa Higiene
Message SID Twilio: SM1a461b7ecbce4b098b3b01398280f329

Mensagem enviada para whatsapp:+5519991133269:
Kit Banheiro Glamour 4 Itens Lavabo Decoração Casa Higiene
Message SID Twilio: SM91308bf9527fb383917696abcc156177

Mensagem enviada para whatsapp:+5519991133269:
Kit Acessorio Banheiro Inox E Cromado 6 Peças Max Prateado
Message SID Twilio: SM26347d435e334045a957609f13ae69ea

6 oferta(s) processada(s) e salva(s).

=== Fim da execucao: 2026-07-14T20:20:47 ===
