=== Inicio da execucao: 2026-07-25T11:00:11 ===
Args: --produto-por-html --fonte mercadolivre --desconto-minimo 20 --limite-candidatos 5 --url-produto https://lista.mercadolivre.com.br/organizador-de-cabos?sb=all_mercadolibre#D[A:organizador%20de%20cabos] --pasta-saida C:/Users/Lucas Bianco/Downloads --modalidade-execucao ondemand

[MODO_ATIVO] PRODUTO_ONDEMAND_HOME_PESQUISA

Modo procurar produto ativado (pesquisa pela home do Mercado Livre).

[LINK_BASE_1] Processando listagem direta: https://lista.mercadolivre.com.br/organizador-de-cabos?sb=all_mercadolibre#D[A:organizador%20de%20cabos]
[LINK_BASE_1] Carregando em blocos de 3 páginas até encontrar candidatos válidos

[BLOCO_1] Carregando páginas 1 a 3 do Link 1
[LISTAGEM_DIRETA] Link 1 - página 1: https://lista.mercadolivre.com.br/organizador-de-cabos?sb=all_mercadolibre#D[A:organizador%20de%20cabos]
✓ Link de afiliado: https://meli.la/22TFdxx
✓ Link de afiliado: https://meli.la/1FJ7X5c
✓ Link de afiliado: https://meli.la/1SthgER
✓ Link de afiliado: https://meli.la/1SthgER
✓ Link de afiliado: https://meli.la/2QGkBLS
[BLOCO_1] Resultado: 5 candidato(s) coletado(s), 5 válido(s) enriquecido(s). Total: 5/5

Histórico relâmpago atualizado em: C:/Users/Lucas Bianco/Downloads\lista_anuncios.txt
✅ 5 imagem(ns) principal(is) salvas em anuncios: C:\Users\Lucas Bianco\Desktop\Projetos Dev\Promos\dist-interface\instagram_anuncios
✅ JSON de busca de produto salvo em: C:\Users\Lucas Bianco\Desktop\Projetos Dev\Promos\ofertas_afiliados\Historico de anuncios\ofertas_20260725_110108.json

Saida consolidada por modalidade atualizada em: C:\Users\Lucas Bianco\Desktop\Projetos Dev\Promos\saidas_execucoes\OnDemand\lista_anuncios.txt
Saida JSON ondemand salva em: C:\Users\Lucas Bianco\Desktop\Projetos Dev\Promos\saidas_execucoes\OnDemand\ofertas_20260725_110108.json

[DEBUG] Twilio Account SID: ACc0...e80a

[DEBUG] media_url=NAO
[DEBUG] motivo_sem_midia=webp_desativado
[DEBUG] imagem=https://http2.mlstatic.com/D_NQ_NP_727411-MLB97276322758_112025-O-50x-presilha-15cm-fita-abracadeira-cabos-chicote-fios-preto.webp

Mensagem enviada para whatsapp:+5519991133269:
50x Presilha 15cm Fita Abraçadeira Cabos Chicote Fios Preto
Message SID Twilio: SM49d81a1ed855d641c2cd5e8ba5ccbe1a
[DEBUG] status_final_twilio=sending

[DEBUG] media_url=NAO
[DEBUG] motivo_sem_midia=webp_desativado
[DEBUG] imagem=https://http2.mlstatic.com/D_NQ_NP_837368-MLA100085062427_122025-O.webp

Mensagem enviada para whatsapp:+5519991133269:
Organizador De Fios Cabos Espiral 16mm Informática 5 Mts Top Cor Preto
Message SID Twilio: SMcd5e33679dcbb26136aa3ca6f33b67f3
[DEBUG] status_final_twilio=sending

[DEBUG] media_url=NAO
[DEBUG] motivo_sem_midia=webp_desativado
[DEBUG] imagem=https://http2.mlstatic.com/D_NQ_NP_637033-MLA113205636369_062026-O.webp

Mensagem enviada para whatsapp:+5519991133269:
Organizador De Fios E Cabos Baixo Mesa Oculto - 0,5 Mt C/nfe Preto
Message SID Twilio: SMa9b499c3115d65fcf23a5d9668944cf4
[DEBUG] status_final_twilio=sending

[DEBUG] media_url=NAO
[DEBUG] motivo_sem_midia=webp_desativado
[DEBUG] imagem=https://http2.mlstatic.com/D_NQ_NP_637033-MLA113205636369_062026-O.webp

Mensagem enviada para whatsapp:+5519991133269:
Organizador De Fios E Cabos Baixo Mesa Oculto - 0,5 Mt C/nfe Preto
Message SID Twilio: SM314e88c0de0778026b817c132346d2c0
[DEBUG] status_final_twilio=sending

[DEBUG] media_url=NAO
[DEBUG] motivo_sem_midia=webp_desativado
[DEBUG] imagem=https://http2.mlstatic.com/D_NQ_NP_736804-MLB91631953019_092025-O-organizador-de-fios-cabos-bandeja-40cm-com-presilha-sem-furo.webp

Mensagem enviada para whatsapp:+5519991133269:
Organizador De Fios Cabos Bandeja 40cm Com Presilha Sem Furo
Message SID Twilio: SM4015d7c9ce7355ef86ea6621cfc7da08
[DEBUG] status_final_twilio=sending

[RESUMO_TWILIO] entregues_ou_processadas=5 falhas=0 total=5

5 oferta(s) processada(s) e salva(s).

=== Fim da execucao: 2026-07-25T11:01:17 ===
