=== Inicio da execucao: 2026-07-23T20:02:42 ===
Args: --produto-por-html --fonte mercadolivre --desconto-minimo 20 --limite-candidatos 2 --url-produto https://lista.mercadolivre.com.br/baseus-bowie-ma10?sb=all_mercadolibre#D[A:Baseus%20Bowie%20MA10] --pasta-saida C:/Users/Lucas Bianco/Downloads --modalidade-execucao ondemand

[MODO_ATIVO] PRODUTO_ONDEMAND_HOME_PESQUISA

Modo procurar produto ativado (pesquisa pela home do Mercado Livre).

[LINK_BASE_1] Processando listagem direta: https://lista.mercadolivre.com.br/baseus-bowie-ma10?sb=all_mercadolibre#D[A:Baseus%20Bowie%20MA10]
[LINK_BASE_1] Carregando em blocos de 3 páginas até encontrar candidatos válidos

[BLOCO_1] Carregando páginas 1 a 3 do Link 1
[LISTAGEM_DIRETA] Link 1 - página 1: https://lista.mercadolivre.com.br/baseus-bowie-ma10?sb=all_mercadolibre#D[A:Baseus%20Bowie%20MA10]
✓ Link de afiliado: https://meli.la/1Uf4WGC
[LOGIN_REQUIRED_AFILIADOS] Nao foi possivel gerar link de afiliado para mlb53301554 (Sessao do Mercado Livre nao autenticada: botao de Afiliados indisponivel. Faça login e execute novamente.).
[LISTAGEM_DIRETA] Link 1 - página 2: https://lista.mercadolivre.com.br/baseus-bowie-ma10?sb=all_mercadolibre&page=2
[BLOCO_1] Resultado: 2 candidato(s) coletado(s), 1 válido(s) enriquecido(s). Total: 1/2

[BLOCO_2] Carregando páginas 4 a 6 do Link 1
[LISTAGEM_DIRETA] Link 1 - página 4: https://lista.mercadolivre.com.br/baseus-bowie-ma10?sb=all_mercadolibre&page=4
[BLOCO_2] Resultado: 0 candidato(s) coletado(s), 0 válido(s) enriquecido(s). Total: 1/2
[BLOCO_2] Nenhum candidato neste bloco. Continuando para proximas paginas.

[BLOCO_3] Carregando páginas 7 a 9 do Link 1
[LISTAGEM_DIRETA] Link 1 - página 7: https://lista.mercadolivre.com.br/baseus-bowie-ma10?sb=all_mercadolibre&page=7
[BLOCO_3] Resultado: 0 candidato(s) coletado(s), 0 válido(s) enriquecido(s). Total: 1/2
[BLOCO_3] Nenhum candidato neste bloco. Continuando para proximas paginas.

[BLOCO_4] Carregando páginas 10 a 12 do Link 1
[LISTAGEM_DIRETA] Link 1 - página 10: https://lista.mercadolivre.com.br/baseus-bowie-ma10?sb=all_mercadolibre&page=10
[BLOCO_4] Resultado: 0 candidato(s) coletado(s), 0 válido(s) enriquecido(s). Total: 1/2
[BLOCO_4] Nenhum candidato neste bloco. Continuando para proximas paginas.

[BLOCO_5] Carregando páginas 13 a 15 do Link 1
[LISTAGEM_DIRETA] Link 1 - página 13: https://lista.mercadolivre.com.br/baseus-bowie-ma10?sb=all_mercadolibre&page=13
[BLOCO_5] Resultado: 0 candidato(s) coletado(s), 0 válido(s) enriquecido(s). Total: 1/2
[BLOCO_5] Nenhum candidato encontrado e limite de paginas atingido neste link.
[AVISO] 1 candidato(s) exigiram login no Afiliados para gerar link com comissao.
[AVISO] Enriquecimento com afiliado falhou em 1 candidato(s). Anuncios sem link de afiliado valido foram ignorados.

Histórico relâmpago atualizado em: C:/Users/Lucas Bianco/Downloads\lista_anuncios.txt
✅ 1 imagem(ns) principal(is) salvas em anuncios: C:\Users\Lucas Bianco\Desktop\Projetos Dev\Promos\dist-interface\instagram_anuncios
✅ JSON de busca de produto salvo em: C:\Users\Lucas Bianco\Desktop\Projetos Dev\Promos\ofertas_afiliados\Historico de anuncios\ofertas_20260723_200339.json

Saida consolidada por modalidade atualizada em: C:\Users\Lucas Bianco\Desktop\Projetos Dev\Promos\saidas_execucoes\OnDemand\lista_anuncios.txt
Saida JSON ondemand salva em: C:\Users\Lucas Bianco\Desktop\Projetos Dev\Promos\saidas_execucoes\OnDemand\ofertas_20260723_200340.json

[DEBUG] Twilio Account SID: ACc0...e80a

[DEBUG] media_url=NAO
[DEBUG] motivo_sem_midia=webp_desativado
[DEBUG] imagem=https://http2.mlstatic.com/D_NQ_NP_941829-MLA99499447768_112025-O.webp

Mensagem enviada para whatsapp:+5519991133269:
Fone De Ouvido Baseus Sem Fio Bowie E20 Bluetooth 5.3 Cor Preto
Message SID Twilio: SM82a582166ba692126dd00bb767ecd276
[DEBUG] status_final_twilio=sending

[RESUMO_TWILIO] entregues_ou_processadas=1 falhas=0 total=1

1 oferta(s) processada(s) e salva(s).

=== Fim da execucao: 2026-07-23T20:03:42 ===
