=== Inicio da execucao: 2026-06-04T15:01:40 ===
Args: --produto-por-html --descricao-produto jogo nintendo --desconto-minimo 3 --limite-candidatos 3 --pasta-saida C:/Users/Lucas Bianco/Downloads --modalidade-execucao ondemand

[MODO_ATIVO] PRODUTO_ONDEMAND_HOME_PESQUISA

Modo procurar produto ativado (pesquisa pela home do Mercado Livre).

[Pesquisa inicial] Página 1: https://lista.mercadolivre.com.br/jogo-nintendo
✓ Link de afiliado: https://meli.la/1MkXEeN
✓ Link de afiliado: https://meli.la/24JVGHR
✓ Link de afiliado: https://meli.la/2QzDURo

Histórico relâmpago atualizado em: C:/Users/Lucas Bianco/Downloads\lista_anuncios.txt

Saida consolidada por modalidade atualizada em: C:\Users\Lucas Bianco\Desktop\Projetos Dev\Promos\saidas_execucoes\OnDemand\lista_anuncios.txt

[DEBUG] Twilio Account SID: ACc0...e80a

Mensagem enviada para whatsapp:+5519991133269:
Capa Case Estojo Bolsa Bag Proteção Viagem Transporte Resistente Compatível Com Nintendo Switch 1 2 Oled Comporta Joy-con Carregador + De 20 Jogos Cabos
Message SID Twilio: SMc46a7e6ba74d53a82d9e60b739ca61c5

Mensagem enviada para whatsapp:+5519991133269:
Jogo Sonic Origins Plus - Nintendo Switch
Message SID Twilio: SMb9bf64c927cab28abaa01e09944690f1

Mensagem enviada para whatsapp:+5519991133269:
Controle Controlador De Jogos Com Dupla Função Branco
Message SID Twilio: SMe3ba9004aef6dc011e88e1ddc8f28d6c

3 oferta(s) processada(s) e salva(s).

=== Fim da execucao: 2026-06-04T15:02:34 ===
