=== Inicio da execucao: 2026-07-26T10:23:07 ===
Args: --produto-por-html --fonte mercadolivre --descricao-produto tenis --desconto-minimo 20 --limite-candidatos 10 --pasta-saida C:/Users/Lucas Bianco/Downloads --modalidade-execucao ondemand

[MODO_ATIVO] PRODUTO_ONDEMAND_HOME_PESQUISA

Modo procurar produto ativado (pesquisa pela home do Mercado Livre).

[BLOCO_GENERICA_1] Carregando páginas 1 a 3
[BLOCO_GENERICA_1] Página 1: https://lista.mercadolivre.com.br/tenis
[BLOCO_GENERICA_1] Página 2: https://lista.mercadolivre.com.br/tenis_Desde_51
[BLOCO_GENERICA_1] Página 3: https://lista.mercadolivre.com.br/tenis_Desde_101
[BLOCO_GENERICA_1] Resultado: 10 candidato(s) coletado(s). Total: 10
✓ Link de afiliado: https://meli.la/1K5Bhm1
✓ Link de afiliado: https://meli.la/2HK7xNH
✓ Link de afiliado: https://meli.la/2XYtiue
✓ Link de afiliado: https://meli.la/2XYtiue
✓ Link de afiliado: https://meli.la/1DxhMiw
✓ Link de afiliado: https://meli.la/1DxhMiw
✓ Link de afiliado: https://meli.la/1yEJBK8
✓ Link de afiliado: https://meli.la/1yEJBK8
✓ Link de afiliado: https://meli.la/149FC8i
✓ Link de afiliado: https://meli.la/149FC8i

Histórico relâmpago atualizado em: C:/Users/Lucas Bianco/Downloads\lista_anuncios.txt
✅ 1 imagem(ns) principal(is) salvas em anuncios: C:\Users\Lucas Bianco\Desktop\Projetos Dev\Promos\dist-interface\instagram_anuncios
✅ JSON de busca de produto salvo em: C:\Users\Lucas Bianco\Desktop\Projetos Dev\Promos\ofertas_afiliados\Historico de anuncios\ofertas_20260726_102508.json

Saida consolidada por modalidade atualizada em: C:\Users\Lucas Bianco\Desktop\Projetos Dev\Promos\saidas_execucoes\OnDemand\lista_anuncios.txt
Saida JSON ondemand salva em: C:\Users\Lucas Bianco\Desktop\Projetos Dev\Promos\saidas_execucoes\OnDemand\ofertas_20260726_102508.json

[DEBUG] Twilio Account SID: ACc0...e80a

[DEBUG] media_url=NAO
[DEBUG] motivo_sem_midia=webp_desativado
[DEBUG] imagem=https://http2.mlstatic.com/D_NQ_NP_963544-MLB114293072443_072026-O-tenis-olimp-masculino-space-academia-caminhada-barato.webp

Mensagem enviada para whatsapp:+5519991133269:
Tenis Olimp Masculino Space Academia Caminhada Barato
Message SID Twilio: SM9c3e1e9f6ceac147ab4f789a1292de37
[DEBUG] status_final_twilio=sending

[DEBUG] media_url=NAO
[DEBUG] motivo_sem_midia=webp_desativado
[DEBUG] imagem=https://http2.mlstatic.com/D_NQ_NP_794085-MLB108248003210_032026-O-tenis-academia-masculino-corrida-treino-musculaco-caminhada.webp

Mensagem enviada para whatsapp:+5519991133269:
Tenis Academia Masculino Corrida Treino Musculação Caminhada
Message SID Twilio: SMcb6e9bb212ff31bcda0313f79bcc2568
[DEBUG] status_final_twilio=sending

[DEBUG] media_url=NAO
[DEBUG] motivo_sem_midia=webp_desativado
[DEBUG] imagem=https://http2.mlstatic.com/D_NQ_NP_830595-MLB98191754598_112025-O-tenis-masculino-original-academia-caminhada-leve-promoco.webp

Mensagem enviada para whatsapp:+5519991133269:
Tenis Masculino Original Academia Caminhada Leve Promoção
Message SID Twilio: SMa128d174f739e57b0b56803899474aa7
[DEBUG] status_final_twilio=sending

[DEBUG] media_url=NAO
[DEBUG] motivo_sem_midia=webp_desativado
[DEBUG] imagem=https://http2.mlstatic.com/D_NQ_NP_830595-MLB98191754598_112025-O-tenis-masculino-original-academia-caminhada-leve-promoco.webp

Mensagem enviada para whatsapp:+5519991133269:
Tenis Masculino Original Academia Caminhada Leve Promoção
Message SID Twilio: SMbb26e3a0819638b21df4613b445dd1f6
[DEBUG] status_final_twilio=sending

[DEBUG] media_url=NAO
[DEBUG] motivo_sem_midia=webp_desativado
[DEBUG] imagem=https://http2.mlstatic.com/D_NQ_NP_690905-MLB86813697758_072025-O-tenis-masculino-polo-joy-sapatenis-sapato-tamanhos-grandes.webp

Mensagem enviada para whatsapp:+5519991133269:
Tenis Masculino Polo Joy Sapatenis Sapato Tamanhos Grandes
Message SID Twilio: SM68225a467608141e8919da2445b61109
[DEBUG] status_final_twilio=sending

[DEBUG] media_url=NAO
[DEBUG] motivo_sem_midia=webp_desativado
[DEBUG] imagem=https://http2.mlstatic.com/D_NQ_NP_690905-MLB86813697758_072025-O-tenis-masculino-polo-joy-sapatenis-sapato-tamanhos-grandes.webp

Mensagem enviada para whatsapp:+5519991133269:
Tenis Masculino Polo Joy Sapatenis Sapato Tamanhos Grandes
Message SID Twilio: SM24fa2a0f6232130b5897eccb7974ae04
[DEBUG] status_final_twilio=sending

[DEBUG] media_url=NAO
[DEBUG] motivo_sem_midia=webp_desativado
[DEBUG] imagem=https://http2.mlstatic.com/D_NQ_NP_687695-MLB110849835557_042026-O-tenis-casual-masculino-original-skatista-nyc-shoes-skate.webp

Mensagem enviada para whatsapp:+5519991133269:
Tenis Casual Masculino Original Skatista Nyc Shoes Skate
Message SID Twilio: SM04e243f88826c2950dc6d42a854ab127
[DEBUG] status_final_twilio=sending

[DEBUG] media_url=NAO
[DEBUG] motivo_sem_midia=webp_desativado
[DEBUG] imagem=https://http2.mlstatic.com/D_NQ_NP_687695-MLB110849835557_042026-O-tenis-casual-masculino-original-skatista-nyc-shoes-skate.webp

Mensagem enviada para whatsapp:+5519991133269:
Tenis Casual Masculino Original Skatista Nyc Shoes Skate
Message SID Twilio: SM7942399e562287152c106af4252959ea
[DEBUG] status_final_twilio=sending

[DEBUG] media_url=NAO
[DEBUG] motivo_sem_midia=webp_desativado
[DEBUG] imagem=https://http2.mlstatic.com/D_NQ_NP_772020-MLB77898244261_072024-O-tenis-masculino-original-skate-nyc-shoes-moda-skatista.webp

Mensagem enviada para whatsapp:+5519991133269:
Tenis Masculino Original Skate Nyc Shoes Moda Skatista
Message SID Twilio: SMca27c39a5c7f4c54b4bd569a797b2a5d
[DEBUG] status_final_twilio=sending

[DEBUG] media_url=NAO
[DEBUG] motivo_sem_midia=webp_desativado
[DEBUG] imagem=https://http2.mlstatic.com/D_NQ_NP_772020-MLB77898244261_072024-O-tenis-masculino-original-skate-nyc-shoes-moda-skatista.webp

Mensagem enviada para whatsapp:+5519991133269:
Tenis Masculino Original Skate Nyc Shoes Moda Skatista
Message SID Twilio: SM685822ce9b939a45c0a54fc0125c3dac
[DEBUG] status_final_twilio=sending

[RESUMO_TWILIO] entregues_ou_processadas=10 falhas=0 total=10

10 oferta(s) processada(s) e salva(s).

=== Fim da execucao: 2026-07-26T10:25:27 ===
