=== Inicio da execucao: 2026-07-26T10:15:29 ===
Args: --produto-por-html --fonte mercadolivre --url-produto https://lista.mercadolivre.com.br/_Container_pet-cpg-alimentos-e-petiscos-caes-query_NoIndex_True?forceContainer=true#c_container_id=MLB1327645-1&c_id=%2Fsplinter%2Fspecial-withoutlabel&c_element_order=1&c_campaign=cachorro-alimentos-petiscos&c_label=%2Fsplinter%2Fspecial-withoutlabel&c_uid=90b7c25a-836a-11f1-a4f5-1955dc94a789&c_element_id=90b7c25a-836a-11f1-a4f5-1955dc94a789&c_content_origin=splinter-default&c_content_type=default&c_global_position=4&deal_print_id=90178ab0-836a-11f1-897b-a3608c4c25d1&c_tracking_id=90178ab0-836a-11f1-897b-a3608c4c25d1 --desconto-minimo 10 --limite-candidatos 3 --modalidade-execucao campanha

[MODO_ATIVO] PRODUTO_ONDEMAND_HOME_PESQUISA

Modo procurar produto ativado (pesquisa pela home do Mercado Livre).

[LINK_BASE_1] Processando listagem direta: https://lista.mercadolivre.com.br/_Container_pet-cpg-alimentos-e-petiscos-caes-query_NoIndex_True?forceContainer=true#c_container_id=MLB1327645-1&c_id=%2Fsplinter%2Fspecial-withoutlabel&c_element_order=1&c_campaign=cachorro-alimentos-petiscos&c_label=%2Fsplinter%2Fspecial-withoutlabel&c_uid=90b7c25a-836a-11f1-a4f5-1955dc94a789&c_element_id=90b7c25a-836a-11f1-a4f5-1955dc94a789&c_content_origin=splinter-default&c_content_type=default&c_global_position=4&deal_print_id=90178ab0-836a-11f1-897b-a3608c4c25d1&c_tracking_id=90178ab0-836a-11f1-897b-a3608c4c25d1
[LINK_BASE_1] Carregando em blocos de 3 páginas até encontrar candidatos válidos

[BLOCO_1] Carregando páginas 1 a 3 do Link 1
[LISTAGEM_DIRETA] Link 1 - página 1: https://lista.mercadolivre.com.br/_Container_pet-cpg-alimentos-e-petiscos-caes-query_NoIndex_True?forceContainer=true#c_container_id=MLB1327645-1&c_id=%2Fsplinter%2Fspecial-withoutlabel&c_element_order=1&c_campaign=cachorro-alimentos-petiscos&c_label=%2Fsplinter%2Fspecial-withoutlabel&c_uid=90b7c25a-836a-11f1-a4f5-1955dc94a789&c_element_id=90b7c25a-836a-11f1-a4f5-1955dc94a789&c_content_origin=splinter-default&c_content_type=default&c_global_position=4&deal_print_id=90178ab0-836a-11f1-897b-a3608c4c25d1&c_tracking_id=90178ab0-836a-11f1-897b-a3608c4c25d1
✓ Link de afiliado: https://meli.la/2A9jY4A
✓ Link de afiliado: https://meli.la/1KhTz8U
✓ Link de afiliado: https://meli.la/1dWaD87
[BLOCO_1] Resultado: 3 candidato(s) coletado(s), 3 válido(s) enriquecido(s). Total: 3/3

Histórico relâmpago atualizado em: C:\Users\Lucas Bianco\Desktop\Projetos Dev\Promos\ofertas_relampago\Historico de anuncios\lista_anuncios.txt
✅ 3 imagem(ns) principal(is) salvas em anuncios: C:\Users\Lucas Bianco\Desktop\Projetos Dev\Promos\dist-interface\instagram_anuncios
✅ JSON de busca de produto salvo em: C:\Users\Lucas Bianco\Desktop\Projetos Dev\Promos\ofertas_afiliados\Historico de anuncios\ofertas_20260726_101607.json

Saida consolidada por modalidade atualizada em: C:\Users\Lucas Bianco\Desktop\Projetos Dev\Promos\saidas_execucoes\Campanha\lista_anuncios.txt
Saida JSON campanha salva em: C:\Users\Lucas Bianco\Desktop\Projetos Dev\Promos\saidas_execucoes\Campanha\ofertas_20260726_101607.json

[DEBUG] Twilio Account SID: ACc0...e80a

[DEBUG] media_url=NAO
[DEBUG] motivo_sem_midia=webp_desativado
[DEBUG] imagem=https://http2.mlstatic.com/D_NQ_NP_685306-MLA115039549271_072026-O.webp

Mensagem enviada para whatsapp:+5519991133269:
Ração Whey Protein Grannature Xtreme Alta Performance 30% Proteína para Cães Adultos raças Médio E Grande Porte Alimento Seco Sabor Frango Super Premium Com Bcaa Sem Corantes Saúde Articular 15kg
Message SID Twilio: SM33f3bedb6f1b5076f5e34f8fc6c9a173
[DEBUG] status_final_twilio=sending

[DEBUG] media_url=NAO
[DEBUG] motivo_sem_midia=webp_desativado
[DEBUG] imagem=https://http2.mlstatic.com/D_NQ_NP_795545-MLA99819061147_112025-O.webp

Mensagem enviada para whatsapp:+5519991133269:
Ração Seca Quatree Life Adulto Médio/Grande Frango Arroz 15kg
Message SID Twilio: SMda7d872151b768a510479a7e67602382
[DEBUG] status_final_twilio=sending

[DEBUG] media_url=NAO
[DEBUG] motivo_sem_midia=webp_desativado
[DEBUG] imagem=https://http2.mlstatic.com/D_NQ_NP_793953-MLA99441268972_112025-O.webp

Mensagem enviada para whatsapp:+5519991133269:
Royal Canin Gastrointestinal Low Fat Cães Pequeno 7,5kg
Message SID Twilio: SM0c0df8d9729392c49fa6c69e47a95145
[DEBUG] status_final_twilio=sending

[RESUMO_TWILIO] entregues_ou_processadas=3 falhas=0 total=3

3 oferta(s) processada(s) e salva(s).

=== Fim da execucao: 2026-07-26T10:16:13 ===
