=== Inicio da execucao: 2026-07-13T19:52:19 ===
Args: --produto-por-html --url-produto https://lista.mercadolivre.com.br/bebes/higiene-cuidados-bebe/fraldas/descartaveis/mais-de-60-unidades/fralda_NoIndex_True#applied_filter_id%3DUNITS_PER_PACKAGE%26applied_filter_name%3DUnidades+por+embalagem%26applied_filter_order%3D7%26applied_value_id%3D%5B60-*%29%26applied_value_name%3D60+unidades+ou+mais%26applied_value_order%3D3%26applied_value_results%3D2514%26is_custom%3Dfalse --preco-minimo 60.0 --preco-maximo 160.0 --desconto-minimo 20 --limite-candidatos 5 --modalidade-execucao campanha

[MODO_ATIVO] PRODUTO_ONDEMAND_HOME_PESQUISA

Modo procurar produto ativado (pesquisa pela home do Mercado Livre).

[LINK_BASE_1] Processando listagem direta: https://lista.mercadolivre.com.br/bebes/higiene-cuidados-bebe/fraldas/descartaveis/mais-de-60-unidades/fralda_NoIndex_True#applied_filter_id%3DUNITS_PER_PACKAGE%26applied_filter_name%3DUnidades+por+embalagem%26applied_filter_order%3D7%26applied_value_id%3D%5B60-*%29%26applied_value_name%3D60+unidades+ou+mais%26applied_value_order%3D3%26applied_value_results%3D2514%26is_custom%3Dfalse
[LINK_BASE_1] Carregando em blocos de 3 páginas até encontrar candidatos válidos

[BLOCO_1] Carregando páginas 1 a 3 do Link 1
[LISTAGEM_DIRETA] Link 1 - página 1: https://lista.mercadolivre.com.br/bebes/higiene-cuidados-bebe/fraldas/descartaveis/mais-de-60-unidades/fralda_NoIndex_True#applied_filter_id%3DUNITS_PER_PACKAGE%26applied_filter_name%3DUnidades+por+embalagem%26applied_filter_order%3D7%26applied_value_id%3D%5B60-*%29%26applied_value_name%3D60+unidades+ou+mais%26applied_value_order%3D3%26applied_value_results%3D2514%26is_custom%3Dfalse
✓ Link de afiliado: https://meli.la/324i3BZ
✓ Link de afiliado: https://meli.la/25FTw8c
✓ Link de afiliado: https://meli.la/1au3u9L
✓ Link de afiliado: https://meli.la/12SqSjC
✓ Link de afiliado: https://meli.la/2e9vDKD
[BLOCO_1] Resultado: 5 candidato(s) coletado(s), 5 válido(s) enriquecido(s). Total: 5/5

Histórico relâmpago atualizado em: C:\Users\Lucas Bianco\Desktop\Projetos Dev\Promos\ofertas_relampago\Historico de anuncios\lista_anuncios.txt

Saida consolidada por modalidade atualizada em: C:\Users\Lucas Bianco\Desktop\Projetos Dev\Promos\saidas_execucoes\Campanha\lista_anuncios.txt

[DEBUG] Twilio Account SID: ACc0...e80a

Mensagem enviada para whatsapp:+5519991133269:
Huggies Fralda Descartável Máxima Proteção G - 66 Un
Message SID Twilio: SM119505b92bcb10c29fe1438dc3c9cbf9

Mensagem enviada para whatsapp:+5519991133269:
Huggies Fralda Pants Roupinha Proteção Acolchoada G - 60 Un
Message SID Twilio: SMc72b16701cca17256c79ad0824484533

Mensagem enviada para whatsapp:+5519991133269:
Huggies Natural Care Grande (g) Fralda Premium Roupinha Natural Sem Gênero
Message SID Twilio: SM9ea5a9ad62f9df7cbd9f1771f0afffac

Mensagem enviada para whatsapp:+5519991133269:
Huggies Fralda Pants Roupinha Proteção Acolchoada G - 70 Un
Message SID Twilio: SM4534ebf7421e4d30a011ac4043e5d554

Mensagem enviada para whatsapp:+5519991133269:
Fralda Premium Huggies Natural Care Tamanho M 78 Unidades Médio (m) Sem Gênero
Message SID Twilio: SM84574a074f2819e24ded67c37c27fe09

5 oferta(s) processada(s) e salva(s).

=== Fim da execucao: 2026-07-13T19:53:40 ===
