=== Inicio da execucao: 2026-07-07T20:06:20 ===
Args: --produto-por-html --limite-candidatos 5 --url-produto https://lista.mercadolivre.com.br/_Container_13438282?recos_ids=MLB6290473474,MLB5276785024,MLB6674810922,MLB6415676772,MLB1,MLB2,MLB3,MLB4 --pasta-saida C:/Users/Lucas Bianco/Downloads --modalidade-execucao ondemand

[MODO_ATIVO] PRODUTO_ONDEMAND_HOME_PESQUISA

Modo procurar produto ativado (pesquisa pela home do Mercado Livre).

[LINK_BASE_1] Processando listagem direta: https://lista.mercadolivre.com.br/_Container_13438282?recos_ids=MLB6290473474,MLB5276785024,MLB6674810922,MLB6415676772,MLB1,MLB2,MLB3,MLB4
[LINK_BASE_1] Carregando em blocos de 3 páginas até encontrar candidatos válidos

[BLOCO_1] Carregando páginas 1 a 3 do Link 1
[LISTAGEM_DIRETA] Link 1 - página 1: https://lista.mercadolivre.com.br/_Container_13438282?recos_ids=MLB6290473474,MLB5276785024,MLB6674810922,MLB6415676772,MLB1,MLB2,MLB3,MLB4
✓ Link de afiliado: https://meli.la/2BKjPX6
✓ Link de afiliado: https://meli.la/33j3JR7
✓ Link de afiliado: https://meli.la/1AkzyT8
✓ Link de afiliado: https://meli.la/1W92ofD
✓ Link de afiliado: https://meli.la/1yXUusA
[BLOCO_1] Resultado: 5 candidato(s) coletado(s), 5 válido(s) enriquecido(s). Total: 5/5

Histórico relâmpago atualizado em: C:/Users/Lucas Bianco/Downloads\lista_anuncios.txt

Saida consolidada por modalidade atualizada em: C:\Users\Lucas Bianco\Desktop\Projetos Dev\Promos\saidas_execucoes\OnDemand\lista_anuncios.txt

[DEBUG] Twilio Account SID: ACc0...e80a

Mensagem enviada para whatsapp:+5519991133269:
Interruptor Touch Inteligente 2 Teclas Eiw 1002 Intelbras
Message SID Twilio: SMffa9de463c8d4230859b47aec08eabfa

Mensagem enviada para whatsapp:+5519991133269:
Protetor De Colchão Queen Essence Impermeável Branco Hotelaria Karsten
Message SID Twilio: SM453c98b3244f36d02f6cfdfbdfd6e2f3

Mensagem enviada para whatsapp:+5519991133269:
Câmera Inteligente Visão 360° IM4 C Intelbras
Message SID Twilio: SM3473472a510e1d7de241d81e8bb38510

Mensagem enviada para whatsapp:+5519991133269:
Fechadura Digital De Sobrepor Fd 1000 D Preta Intelbras
Message SID Twilio: SMbd5f9596af51bde6e63ebc35420d0683

Mensagem enviada para whatsapp:+5519991133269:
POSITIVO GRAVADOR DIGITAL DE VÍDEO, CAPACIDADE 1 HDD SATA, 4 CANAIS ANALÓGICOS PST-XVR-1014-F - PST-XVR-1014-F 110V/220V
Message SID Twilio: SM135589f786bbc28e193c9119924c1a05

5 oferta(s) processada(s) e salva(s).

=== Fim da execucao: 2026-07-07T20:07:38 ===
