=== Inicio da execucao: 2026-07-25T11:33:14 ===
Args: --produto-por-html --fonte mercadolivre --url-produto https://www.mercadolivre.com.br/ofertas?container_id=MLB779362-1&promotion_type=lightning#filter_applied=promotion_type&filter_position=2&is_recommended_domain=false&origin=scut --desconto-minimo 10 --limite-candidatos 3 --modalidade-execucao campanha

[MODO_ATIVO] PRODUTO_ONDEMAND_HOME_PESQUISA

Modo procurar produto ativado (pesquisa pela home do Mercado Livre).

[LINK_BASE_1] Processando listagem direta: https://www.mercadolivre.com.br/ofertas?container_id=MLB779362-1&promotion_type=lightning#filter_applied=promotion_type&filter_position=2&is_recommended_domain=false&origin=scut
[LINK_BASE_1] Carregando em blocos de 3 páginas até encontrar candidatos válidos

[BLOCO_1] Carregando páginas 1 a 3 do Link 1
[LISTAGEM_DIRETA] Link 1 - página 1: https://www.mercadolivre.com.br/ofertas?container_id=MLB779362-1&promotion_type=lightning#filter_applied=promotion_type&filter_position=2&is_recommended_domain=false&origin=scut
✓ Link de afiliado: https://meli.la/1T6B3oZ
✓ Link de afiliado: https://meli.la/1xM5rAw
✓ Link de afiliado: https://meli.la/16F4gNi
[BLOCO_1] Resultado: 3 candidato(s) coletado(s), 3 válido(s) enriquecido(s). Total: 3/3

Histórico relâmpago atualizado em: C:\Users\Lucas Bianco\Desktop\Projetos Dev\Promos\ofertas_relampago\Historico de anuncios\lista_anuncios.txt
✅ 3 imagem(ns) principal(is) salvas em anuncios: C:\Users\Lucas Bianco\Desktop\Projetos Dev\Promos\dist-interface\instagram_anuncios
✅ JSON de busca de produto salvo em: C:\Users\Lucas Bianco\Desktop\Projetos Dev\Promos\ofertas_afiliados\Historico de anuncios\ofertas_20260725_113351.json

Saida consolidada por modalidade atualizada em: C:\Users\Lucas Bianco\Desktop\Projetos Dev\Promos\saidas_execucoes\Campanha\lista_anuncios.txt
Saida JSON campanha salva em: C:\Users\Lucas Bianco\Desktop\Projetos Dev\Promos\saidas_execucoes\Campanha\ofertas_20260725_113351.json

[DEBUG] Twilio Account SID: ACc0...e80a

[DEBUG] media_url=NAO
[DEBUG] motivo_sem_midia=webp_desativado
[DEBUG] imagem=https://http2.mlstatic.com/D_NQ_NP_770790-MLA113643123358_072026-O.webp

Mensagem enviada para whatsapp:+5519991133269:
Mini Aspirador De Pó Portátil Recarregável Soprador Usb Automotivo 3em1 Sem Fio Premium Vácuo Limpeza Carro Multifuncional Casa Chrome Technology
Message SID Twilio: SM13106e4a82795feb4a06b717196c217d
[DEBUG] status_final_twilio=sending

[DEBUG] media_url=NAO
[DEBUG] motivo_sem_midia=webp_desativado
[DEBUG] imagem=https://http2.mlstatic.com/D_NQ_NP_693732-MLA114247552873_072026-O.webp

Mensagem enviada para whatsapp:+5519991133269:
Parafusadeira Furadeira Sem Fio A Bateria 12V 3/8 Pol. 10mm Gradiente Profissional Com Maleta Brocas e Bits
Message SID Twilio: SM4b0c5e02fdfde0e9fd69d5cd17e2c7d1
[DEBUG] status_final_twilio=sending

[DEBUG] media_url=NAO
[DEBUG] motivo_sem_midia=webp_desativado
[DEBUG] imagem=https://http2.mlstatic.com/D_NQ_NP_686358-MLA99845440663_112025-O.webp

Mensagem enviada para whatsapp:+5519991133269:
Cápsulas De Café Original Nespresso Seleção Especial - 50 Cápsulas
Message SID Twilio: SM1612db2d9e6b103ebc5795f0db98b4dd
[DEBUG] status_final_twilio=sending

[RESUMO_TWILIO] entregues_ou_processadas=3 falhas=0 total=3

3 oferta(s) processada(s) e salva(s).

=== Fim da execucao: 2026-07-25T11:33:57 ===
