=== Inicio da execucao: 2026-06-23T17:29:36 ===
Args: --produto-por-html --url-produto https://lista.mercadolivre.com.br/produtos-da-copa-2026_NoIndex_True --preco-minimo 30.0 --preco-maximo 140.0 --limite-candidatos 5 --modalidade-execucao campanha

[MODO_ATIVO] PRODUTO_ONDEMAND_HOME_PESQUISA

Modo procurar produto ativado (pesquisa pela home do Mercado Livre).

[LINK_BASE_1] Processando listagem direta: https://lista.mercadolivre.com.br/produtos-da-copa-2026_NoIndex_True
[LINK_BASE_1] Carregando em blocos de 3 páginas até encontrar candidatos válidos

[BLOCO_1] Carregando páginas 1 a 3 do Link 1
[LISTAGEM_DIRETA] Link 1 - página 1: https://lista.mercadolivre.com.br/produtos-da-copa-2026_NoIndex_True
✓ Link de afiliado: https://meli.la/2gzVRF8
✓ Link de afiliado: https://meli.la/1S8VSKG
✓ Link de afiliado: https://meli.la/2dLAQKn
✓ Link de afiliado: https://meli.la/1yP2C75
✓ Link de afiliado: https://meli.la/2kEmAcW
[BLOCO_1] Resultado: 5 candidato(s) coletado(s), 5 válido(s) enriquecido(s). Total: 5/5

Histórico relâmpago atualizado em: C:\Users\Lucas Bianco\Desktop\Projetos Dev\Promos\ofertas_relampago\Historico de anuncios\lista_anuncios.txt

Saida consolidada por modalidade atualizada em: C:\Users\Lucas Bianco\Desktop\Projetos Dev\Promos\saidas_execucoes\Campanha\lista_anuncios.txt

[DEBUG] Twilio Account SID: ACc0...e80a

Mensagem enviada para whatsapp:+5519991133269:
Caixa Maleta Porta Organizador De Figurinhas Copa Do Mundo Brasil Taça Copa Do Mundo
Message SID Twilio: SM8893bdb0ee12de04a9d1fd8914a8baed

Mensagem enviada para whatsapp:+5519991133269:
Camiseta Haaland Noruega Dry Fit Copa 2026 Lançamento
Message SID Twilio: SM6b0e86732c839e654e5f5d3d88c72265

Mensagem enviada para whatsapp:+5519991133269:
Camiseta K. Mbabbé França Dry Fit Copa 2026 Lançamento
Message SID Twilio: SM7d6a2f2b4481b57ec443a67e8cfeb4cc

Mensagem enviada para whatsapp:+5519991133269:
Card Golden Baller Copa Do Mundo 2026 Vinicius Júnior
Message SID Twilio: SMdd418449b437cb680673f1cf633edc39

Mensagem enviada para whatsapp:+5519991133269:
Camiseta Polo Piquet Seleção Copa 2026 Cabo Verde Premium
Message SID Twilio: SMdeb1b182d6398ebb05c9b342389d0003

5 oferta(s) processada(s) e salva(s).

=== Fim da execucao: 2026-06-23T17:30:59 ===
