=== Inicio da execucao: 2026-07-24T22:39:00 ===
Args: --produto-por-html --fonte mercadolivre --url-produto https://lista.mercadolivre.com.br/_Container_pet-cpg-areia-e-higiene-query?forceContainer=true#c_container_id=MLB1328170-1&c_id=%2Fsplinter%2Fspecial-withoutlabel&c_element_order=2&c_campaign=gato-areia-higiene&c_label=%2Fsplinter%2Fspecial-withoutlabel&c_uid=1f172aa4-836a-11f1-af20-f3e7841ca6f0&c_element_id=1f172aa4-836a-11f1-af20-f3e7841ca6f0&c_content_origin=splinter-default&c_content_type=default&c_global_position=5&deal_print_id=1eef3040-836a-11f1-a918-0dc5491cce4b&c_tracking_id=1eef3040-836a-11f1-a918-0dc5491cce4b --desconto-minimo 10 --limite-candidatos 3 --modalidade-execucao campanha

[MODO_ATIVO] PRODUTO_ONDEMAND_HOME_PESQUISA

Modo procurar produto ativado (pesquisa pela home do Mercado Livre).

[LINK_BASE_1] Processando listagem direta: https://lista.mercadolivre.com.br/_Container_pet-cpg-areia-e-higiene-query?forceContainer=true#c_container_id=MLB1328170-1&c_id=%2Fsplinter%2Fspecial-withoutlabel&c_element_order=2&c_campaign=gato-areia-higiene&c_label=%2Fsplinter%2Fspecial-withoutlabel&c_uid=1f172aa4-836a-11f1-af20-f3e7841ca6f0&c_element_id=1f172aa4-836a-11f1-af20-f3e7841ca6f0&c_content_origin=splinter-default&c_content_type=default&c_global_position=5&deal_print_id=1eef3040-836a-11f1-a918-0dc5491cce4b&c_tracking_id=1eef3040-836a-11f1-a918-0dc5491cce4b
[LINK_BASE_1] Carregando em blocos de 3 páginas até encontrar candidatos válidos

[BLOCO_1] Carregando páginas 1 a 3 do Link 1
[LISTAGEM_DIRETA] Link 1 - página 1: https://lista.mercadolivre.com.br/_Container_pet-cpg-areia-e-higiene-query?forceContainer=true#c_container_id=MLB1328170-1&c_id=%2Fsplinter%2Fspecial-withoutlabel&c_element_order=2&c_campaign=gato-areia-higiene&c_label=%2Fsplinter%2Fspecial-withoutlabel&c_uid=1f172aa4-836a-11f1-af20-f3e7841ca6f0&c_element_id=1f172aa4-836a-11f1-af20-f3e7841ca6f0&c_content_origin=splinter-default&c_content_type=default&c_global_position=5&deal_print_id=1eef3040-836a-11f1-a918-0dc5491cce4b&c_tracking_id=1eef3040-836a-11f1-a918-0dc5491cce4b
✓ Link de afiliado: https://meli.la/1KfK5e7
✓ Link de afiliado: https://meli.la/1i1GGkQ
✓ Link de afiliado: https://meli.la/2kZwPRq
[BLOCO_1] Resultado: 3 candidato(s) coletado(s), 3 válido(s) enriquecido(s). Total: 3/3

Histórico relâmpago atualizado em: C:\Users\Lucas Bianco\Desktop\Projetos Dev\Promos\ofertas_relampago\Historico de anuncios\lista_anuncios.txt
✅ 3 imagem(ns) principal(is) salvas em anuncios: C:\Users\Lucas Bianco\Desktop\Projetos Dev\Promos\dist-interface\instagram_anuncios
✅ JSON de busca de produto salvo em: C:\Users\Lucas Bianco\Desktop\Projetos Dev\Promos\ofertas_afiliados\Historico de anuncios\ofertas_20260724_223937.json

Saida consolidada por modalidade atualizada em: C:\Users\Lucas Bianco\Desktop\Projetos Dev\Promos\saidas_execucoes\Campanha\lista_anuncios.txt
Saida JSON campanha salva em: C:\Users\Lucas Bianco\Desktop\Projetos Dev\Promos\saidas_execucoes\Campanha\ofertas_20260724_223937.json

[DEBUG] Twilio Account SID: ACc0...e80a

[DEBUG] media_url=NAO
[DEBUG] motivo_sem_midia=webp_desativado
[DEBUG] imagem=https://http2.mlstatic.com/D_NQ_NP_614484-MLA99501168862_112025-O.webp

Mensagem enviada para whatsapp:+5519991133269:
Areia sanitária micro cristais de sílica fina para gatos Chalesco 1.8kg
Message SID Twilio: SM5daab0a21b2f78fbca3debeb88012fec
[DEBUG] status_final_twilio=queued

[DEBUG] media_url=NAO
[DEBUG] motivo_sem_midia=webp_desativado
[DEBUG] imagem=https://http2.mlstatic.com/D_NQ_NP_778022-MLB111768196654_062026-O-kit-areia-para-gatos-milho-e-mandioca-12kg-esconde-ai.webp

Mensagem enviada para whatsapp:+5519991133269:
Kit Areia Para Gatos Milho E Mandioca 12kg Esconde Ai
Message SID Twilio: SMf22e36326db613e3602d5d4570689fe4
[DEBUG] status_final_twilio=sending

[DEBUG] media_url=NAO
[DEBUG] motivo_sem_midia=webp_desativado
[DEBUG] imagem=https://http2.mlstatic.com/D_NQ_NP_675353-MLA87284766713_072025-O.webp

Mensagem enviada para whatsapp:+5519991133269:
Banheiro Gato Premium Fechado Anti Odor Com Pá Coçador Luxo Caixa De Areia Gatos Fechada Bandeja Sanitária
Message SID Twilio: SMccc4633af47e395c085ef8952f83eae3
[DEBUG] status_final_twilio=sending

[RESUMO_TWILIO] entregues_ou_processadas=3 falhas=0 total=3

3 oferta(s) processada(s) e salva(s).

=== Fim da execucao: 2026-07-24T22:39:43 ===
