=== Inicio da execucao: 2026-06-06T11:53:08 ===
Args: --produto-por-html --descricao-produto kit wella --preco-minimo 100.0 --preco-maximo 250.0 --limite-candidatos 3 --pasta-saida C:/Users/Lucas Bianco/Downloads --modalidade-execucao ondemand

[MODO_ATIVO] PRODUTO_ONDEMAND_HOME_PESQUISA

Modo procurar produto ativado (pesquisa pela home do Mercado Livre).

[Pesquisa inicial] Página 1: https://lista.mercadolivre.com.br/kit-wella
✓ Link de afiliado: https://meli.la/1rFJUwC
✓ Link de afiliado: https://meli.la/1CCcJvh
✓ Link de afiliado: https://meli.la/1QmBTxJ

Histórico relâmpago atualizado em: C:/Users/Lucas Bianco/Downloads\lista_anuncios.txt

Saida consolidada por modalidade atualizada em: C:\Users\Lucas Bianco\Desktop\Projetos Dev\Promos\saidas_execucoes\OnDemand\lista_anuncios.txt

[DEBUG] Twilio Account SID: ACc0...e80a

Mensagem enviada para whatsapp:+5519991133269:
Wella Professionals Oil Reflections - Máscara Capilar 500ml
Message SID Twilio: SM0fc8fd00c03da2c2ad4f78e6dfe535c1

Mensagem enviada para whatsapp:+5519991133269:
Kit Shampoo 250ml + Máscara 150ml Wella Invigo Nutri Enrich
Message SID Twilio: SMe542461485301c3a88a1bb95469104dc

Mensagem enviada para whatsapp:+5519991133269:
Wella Professionals Oil Reflections Shampoo 1L
Message SID Twilio: SM0970c623b2d6010ece45af6eefa5c60a

3 oferta(s) processada(s) e salva(s).

=== Fim da execucao: 2026-06-06T11:53:59 ===
