=== Inicio da execucao: 2026-06-20T13:40:51 ===
Args: --produto-por-html --url-produto https://lista.mercadolivre.com.br/cerveja-long-necj#D[A:cerveja%20long%20necj] --desconto-minimo 30 --limite-candidatos 4 --modalidade-execucao campanha

[MODO_ATIVO] PRODUTO_ONDEMAND_HOME_PESQUISA

Modo procurar produto ativado (pesquisa pela home do Mercado Livre).

[LINK_BASE_1] Processando listagem direta: https://lista.mercadolivre.com.br/cerveja-long-necj#D[A:cerveja%20long%20necj]
[LINK_BASE_1] Carregando em blocos de 3 páginas até encontrar candidatos válidos

[BLOCO_1] Carregando páginas 1 a 3 do Link 1
[LISTAGEM_DIRETA] Link 1 - página 1: https://lista.mercadolivre.com.br/cerveja-long-necj#D[A:cerveja%20long%20necj]
✓ Link de afiliado: https://meli.la/2rvpWiW
✓ Link de afiliado: https://meli.la/2rvpWiW
✓ Link de afiliado: https://meli.la/2HXqHmp
✓ Link de afiliado: https://meli.la/2HXqHmp
[BLOCO_1] Resultado: 4 candidato(s) coletado(s), 4 válido(s) enriquecido(s). Total: 4/4

Histórico relâmpago atualizado em: C:\Users\Lucas Bianco\Desktop\Projetos Dev\Promos\ofertas_relampago\Historico de anuncios\lista_anuncios.txt

Saida consolidada por modalidade atualizada em: C:\Users\Lucas Bianco\Desktop\Projetos Dev\Promos\saidas_execucoes\Campanha\lista_anuncios.txt

[DEBUG] Twilio Account SID: ACc0...e80a

Mensagem enviada para whatsapp:+5519991133269:
Cerveja Spaten Long Neck Puro Maltedourado 330ml 6 u
Message SID Twilio: SMacd5f107204069528a260d48bda1a4e1

Mensagem enviada para whatsapp:+5519991133269:
Cerveja Spaten Long Neck Puro Maltedourado 330ml 6 u
Message SID Twilio: SMc482bdd6678d2b0a629249a5212b8d4b

Mensagem enviada para whatsapp:+5519991133269:
Cerveja Michelob Ultra Long Neck 330ml - Pack Com 6 Unidades
Message SID Twilio: SM260dcacec4b146d8fb23df88431e2f0e

Mensagem enviada para whatsapp:+5519991133269:
Cerveja Michelob Ultra Long Neck 330ml - Pack Com 6 Unidades
Message SID Twilio: SM5c2c45a96c27412c7b04e4a68950f963

4 oferta(s) processada(s) e salva(s).

=== Fim da execucao: 2026-06-20T13:41:57 ===
