=== Inicio da execucao: 2026-06-07T21:54:48 ===
Args: --produto-por-html --url-produto https://lista.mercadolivre.com.br/produtos-da-copa-2026_NoIndex_True --preco-minimo 30.0 --preco-maximo 140.0 --limite-candidatos 5 --modalidade-execucao campanha

[MODO_ATIVO] PRODUTO_ONDEMAND_HOME_PESQUISA

Modo procurar produto ativado (pesquisa pela home do Mercado Livre).

[LINK_BASE_1] Processando listagem direta: https://lista.mercadolivre.com.br/produtos-da-copa-2026_NoIndex_True
[LISTAGEM_DIRETA] Link 1 - página 1: https://lista.mercadolivre.com.br/produtos-da-copa-2026_NoIndex_True
✓ Link de afiliado: https://meli.la/2fjAwU3
✓ Link de afiliado: https://meli.la/16E4RpV
✓ Link de afiliado: https://meli.la/13VgGmx
✓ Link de afiliado: https://meli.la/2Rm9WEy
✓ Link de afiliado: https://meli.la/1F5Z1Tr

Histórico relâmpago atualizado em: C:\Users\Lucas Bianco\Desktop\Projetos Dev\Promos\ofertas_relampago\Historico de anuncios\lista_anuncios.txt

Saida consolidada por modalidade atualizada em: C:\Users\Lucas Bianco\Desktop\Projetos Dev\Promos\saidas_execucoes\Campanha\lista_anuncios.txt

[DEBUG] Twilio Account SID: ACc0...e80a

Mensagem enviada para whatsapp:+5519991133269:
Camiseta K. Mbabbé França Dry Fit Copa 2026 Lançamento
Message SID Twilio: SM3cf4db7803ac9ddb781e690b565d28d5

Mensagem enviada para whatsapp:+5519991133269:
Kit 12 Produtos Do Brasil Para Torcedor Copa Do Mundo 2026
Message SID Twilio: SM07c29b10e4cd239af165ebe16d221fd5

Mensagem enviada para whatsapp:+5519991133269:
Kit Decoração Brasil Copa 2026 Balões Cortina Festa Mundial
Message SID Twilio: SMf4dea497611745adf8f4600326992f2a

Mensagem enviada para whatsapp:+5519991133269:
Álbum Copa Do Mundo 2026 + 84 Figurinhas (capa Mole) Panini
Message SID Twilio: SMaf69afadac3326fc8970a6cd71567136

Mensagem enviada para whatsapp:+5519991133269:
Conjunto Infantil Do Brasil Menino Copa Do Mundo 2026
Message SID Twilio: SM6a235cb9f7b5d37cd2430c5d374564b0

5 oferta(s) processada(s) e salva(s).

=== Fim da execucao: 2026-06-07T21:56:04 ===
