=== Inicio da execucao: 2026-06-18T20:42:53 ===
Args: --produto-por-html --url-produto https://lista.mercadolivre.com.br/produtos-da-copa-2026_NoIndex_True --preco-minimo 30.0 --preco-maximo 140.0 --limite-candidatos 5 --modalidade-execucao campanha

[MODO_ATIVO] PRODUTO_ONDEMAND_HOME_PESQUISA

Modo procurar produto ativado (pesquisa pela home do Mercado Livre).

[LINK_BASE_1] Processando listagem direta: https://lista.mercadolivre.com.br/produtos-da-copa-2026_NoIndex_True
[LISTAGEM_DIRETA] Link 1 - página 1: https://lista.mercadolivre.com.br/produtos-da-copa-2026_NoIndex_True
✓ Link de afiliado: https://meli.la/1c1AiLT
✓ Link de afiliado: https://meli.la/1jXRGog
✓ Link de afiliado: https://meli.la/2W7CbX3
✓ Link de afiliado: https://meli.la/2uv3y3D
✓ Link de afiliado: https://meli.la/2d2S8zB

Histórico relâmpago atualizado em: C:\Users\Lucas Bianco\Desktop\Projetos Dev\Promos\ofertas_relampago\Historico de anuncios\lista_anuncios.txt

Saida consolidada por modalidade atualizada em: C:\Users\Lucas Bianco\Desktop\Projetos Dev\Promos\saidas_execucoes\Campanha\lista_anuncios.txt

[DEBUG] Twilio Account SID: ACc0...e80a

Mensagem enviada para whatsapp:+5519991133269:
Kit 200 Cards - Copa Do Mundo 2026 Futebol (cartinhas)
Message SID Twilio: SM8a5dc8a44fbcf0ad0cae0036d4a68637

Mensagem enviada para whatsapp:+5519991133269:
Álbum Capa Dura Da Copa Do Mundo Fifa 2026
Message SID Twilio: SM7bada7586baa327b84b5404987d20dc6

Mensagem enviada para whatsapp:+5519991133269:
Camisa Do Brasil Infantil Camiseta Dryfit Copa Do Mundo 2026
Message SID Twilio: SM17a6ac18c3a493820b0ad1ff17ae0e6e

Mensagem enviada para whatsapp:+5519991133269:
50 Tabela Da Copa Do Mundo 2026 Em Papel Para Personalizar
Message SID Twilio: SM2878391f780a3f7f2a28d3ed2ff13a6f

Mensagem enviada para whatsapp:+5519991133269:
Kit Torcedor Copa Do Mundo + Varal De Bandeirinhas Do Brasil
Message SID Twilio: SM5b3f180f26542fb4565e48cb41d93dbf

5 oferta(s) processada(s) e salva(s).

=== Fim da execucao: 2026-06-18T20:44:15 ===
