=== Inicio da execucao: 2026-06-06T11:48:12 ===
Args: --produto-por-html --descricao-produto Adaptador carplay --preco-minimo 90.0 --preco-maximo 100.0 --limite-candidatos 3 --pasta-saida C:/Users/Lucas Bianco/Downloads --modalidade-execucao ondemand

[MODO_ATIVO] PRODUTO_ONDEMAND_HOME_PESQUISA

Modo procurar produto ativado (pesquisa pela home do Mercado Livre).

[Pesquisa inicial] Página 1: https://lista.mercadolivre.com.br/Adaptador-carplay
✓ Link de afiliado: https://meli.la/2ePHKEE
✓ Link de afiliado: https://meli.la/2SjWPRr
✓ Link de afiliado: https://meli.la/1AKeHBY

Histórico relâmpago atualizado em: C:/Users/Lucas Bianco/Downloads\lista_anuncios.txt

Saida consolidada por modalidade atualizada em: C:\Users\Lucas Bianco\Desktop\Projetos Dev\Promos\saidas_execucoes\OnDemand\lista_anuncios.txt

[DEBUG] Twilio Account SID: ACc0...e80a

Mensagem enviada para whatsapp:+5519991133269:
Adaptador Sem Fio Dois Em Um Para Carplay E Android Auto
Message SID Twilio: SM6ccf1e72a00bd45f319a4f90721cfceb

Mensagem enviada para whatsapp:+5519991133269:
Xuda Carplay Adaptador Sem Fio Android Auto Usb Automãtico
Message SID Twilio: SM49ba72be09867bfe063dad1d13004eed

Mensagem enviada para whatsapp:+5519991133269:
Carplay Adaptador Sem Fio Usb/usb-c Android Auto 2 Em 1
Message SID Twilio: SM7c6cb38a2fe0b919c6837d2cbda168d6

3 oferta(s) processada(s) e salva(s).

=== Fim da execucao: 2026-06-06T11:49:08 ===
