=== Inicio da execucao: 2026-07-21T20:33:21 ===
Args: --produto-por-html --fonte mercadolivre --url-produto https://lista.mercadolivre.com.br/_Container_pet-cpg-alimentos-e-petiscos-gatos-query?forceContainer=true#c_container_id=MLB1328164-1&c_id=%2Fsplinter%2Fspecial-withoutlabel&c_element_order=1&c_campaign=gato-alimentos-petiscos&c_label=%2Fsplinter%2Fspecial-withoutlabel&c_uid=b2ee9bf9-836a-11f1-a26d-7b6dabbac512&c_element_id=b2ee9bf9-836a-11f1-a26d-7b6dabbac512&c_content_origin=splinter-default&c_content_type=default&c_global_position=5&deal_print_id=b2c457a0-836a-11f1-acb2-738635e0e863&c_tracking_id=b2c457a0-836a-11f1-acb2-738635e0e863 --desconto-minimo 10 --limite-candidatos 3 --modalidade-execucao campanha

[MODO_ATIVO] PRODUTO_ONDEMAND_HOME_PESQUISA

Modo procurar produto ativado (pesquisa pela home do Mercado Livre).

[LINK_BASE_1] Processando listagem direta: https://lista.mercadolivre.com.br/_Container_pet-cpg-alimentos-e-petiscos-gatos-query?forceContainer=true#c_container_id=MLB1328164-1&c_id=%2Fsplinter%2Fspecial-withoutlabel&c_element_order=1&c_campaign=gato-alimentos-petiscos&c_label=%2Fsplinter%2Fspecial-withoutlabel&c_uid=b2ee9bf9-836a-11f1-a26d-7b6dabbac512&c_element_id=b2ee9bf9-836a-11f1-a26d-7b6dabbac512&c_content_origin=splinter-default&c_content_type=default&c_global_position=5&deal_print_id=b2c457a0-836a-11f1-acb2-738635e0e863&c_tracking_id=b2c457a0-836a-11f1-acb2-738635e0e863
[LINK_BASE_1] Carregando em blocos de 3 páginas até encontrar candidatos válidos

[BLOCO_1] Carregando páginas 1 a 3 do Link 1
[LISTAGEM_DIRETA] Link 1 - página 1: https://lista.mercadolivre.com.br/_Container_pet-cpg-alimentos-e-petiscos-gatos-query?forceContainer=true#c_container_id=MLB1328164-1&c_id=%2Fsplinter%2Fspecial-withoutlabel&c_element_order=1&c_campaign=gato-alimentos-petiscos&c_label=%2Fsplinter%2Fspecial-withoutlabel&c_uid=b2ee9bf9-836a-11f1-a26d-7b6dabbac512&c_element_id=b2ee9bf9-836a-11f1-a26d-7b6dabbac512&c_content_origin=splinter-default&c_content_type=default&c_global_position=5&deal_print_id=b2c457a0-836a-11f1-acb2-738635e0e863&c_tracking_id=b2c457a0-836a-11f1-acb2-738635e0e863
✓ Link de afiliado: https://meli.la/2ZXSQNy
✓ Link de afiliado: https://meli.la/1gxf4zw
✓ Link de afiliado: https://meli.la/1Zv98vt
[BLOCO_1] Resultado: 3 candidato(s) coletado(s), 3 válido(s) enriquecido(s). Total: 3/3

Histórico relâmpago atualizado em: C:\Users\Lucas Bianco\Desktop\Projetos Dev\Promos\ofertas_relampago\Historico de anuncios\lista_anuncios.txt
✅ 3 imagem(ns) principal(is) salvas em anuncios: C:\Users\Lucas Bianco\Desktop\Projetos Dev\Promos\dist-interface\instagram_anuncios
✅ JSON de busca de produto salvo em: C:\Users\Lucas Bianco\Desktop\Projetos Dev\Promos\ofertas_afiliados\Historico de anuncios\ofertas_20260721_203359.json

Saida consolidada por modalidade atualizada em: C:\Users\Lucas Bianco\Desktop\Projetos Dev\Promos\saidas_execucoes\Campanha\lista_anuncios.txt
Saida JSON campanha salva em: C:\Users\Lucas Bianco\Desktop\Projetos Dev\Promos\saidas_execucoes\Campanha\ofertas_20260721_203359.json

[DEBUG] Twilio Account SID: ACc0...e80a

Mensagem enviada para whatsapp:+5519991133269:
Bebedouro Pet Pelos Longos Evita Molhar Cães Gatos Com Boia
Message SID Twilio: SM7a5f1442e777367327194ce9caf4b291

Mensagem enviada para whatsapp:+5519991133269:
Alimento Golden Special Gatos Castrados Sabor frango e Carne 10.1 kg
Message SID Twilio: SMbcfc565f88c4954ab061af3de3f0316f

Mensagem enviada para whatsapp:+5519991133269:
Ração Quatree Supreme Gatos Castrados Frango 10.1kg
Message SID Twilio: SMd50616debdbadd5ecf1d681c06c6c154

3 oferta(s) processada(s) e salva(s).

=== Fim da execucao: 2026-07-21T20:34:13 ===
