=== Inicio da execucao: 2026-07-16T21:52:09 ===
Args: --produto-por-html --url-produto https://lista.mercadolivre.com.br/bebes/higiene-cuidados-bebe/fraldas/descartaveis/mais-de-60-unidades/fralda_NoIndex_True#applied_filter_id%3DUNITS_PER_PACKAGE%26applied_filter_name%3DUnidades+por+embalagem%26applied_filter_order%3D7%26applied_value_id%3D%5B60-*%29%26applied_value_name%3D60+unidades+ou+mais%26applied_value_order%3D3%26applied_value_results%3D2514%26is_custom%3Dfalse --preco-minimo 60.0 --preco-maximo 160.0 --desconto-minimo 20 --limite-candidatos 5 --modalidade-execucao campanha

[MODO_ATIVO] PRODUTO_ONDEMAND_HOME_PESQUISA

Modo procurar produto ativado (pesquisa pela home do Mercado Livre).

[LINK_BASE_1] Processando listagem direta: https://lista.mercadolivre.com.br/bebes/higiene-cuidados-bebe/fraldas/descartaveis/mais-de-60-unidades/fralda_NoIndex_True#applied_filter_id%3DUNITS_PER_PACKAGE%26applied_filter_name%3DUnidades+por+embalagem%26applied_filter_order%3D7%26applied_value_id%3D%5B60-*%29%26applied_value_name%3D60+unidades+ou+mais%26applied_value_order%3D3%26applied_value_results%3D2514%26is_custom%3Dfalse
[LINK_BASE_1] Carregando em blocos de 3 páginas até encontrar candidatos válidos

[BLOCO_1] Carregando páginas 1 a 3 do Link 1
[LISTAGEM_DIRETA] Link 1 - página 1: https://lista.mercadolivre.com.br/bebes/higiene-cuidados-bebe/fraldas/descartaveis/mais-de-60-unidades/fralda_NoIndex_True#applied_filter_id%3DUNITS_PER_PACKAGE%26applied_filter_name%3DUnidades+por+embalagem%26applied_filter_order%3D7%26applied_value_id%3D%5B60-*%29%26applied_value_name%3D60+unidades+ou+mais%26applied_value_order%3D3%26applied_value_results%3D2514%26is_custom%3Dfalse
✓ Link de afiliado: https://meli.la/2gPeFW9
✓ Link de afiliado: https://meli.la/11sYU8p
✓ Link de afiliado: https://meli.la/14h3D3v
✓ Link de afiliado: https://meli.la/1WQSyDL
✓ Link de afiliado: https://meli.la/2jBs2XT
[BLOCO_1] Resultado: 5 candidato(s) coletado(s), 5 válido(s) enriquecido(s). Total: 5/5

Histórico relâmpago atualizado em: C:\Users\Lucas Bianco\Desktop\Projetos Dev\Promos\ofertas_relampago\Historico de anuncios\lista_anuncios.txt

Saida consolidada por modalidade atualizada em: C:\Users\Lucas Bianco\Desktop\Projetos Dev\Promos\saidas_execucoes\Campanha\lista_anuncios.txt

[DEBUG] Twilio Account SID: ACc0...e80a

Mensagem enviada para whatsapp:+5519991133269:
Fralda Descartável Pampers Supersequinha Tamanho XG 70 Unidades
Message SID Twilio: SM462d9ffe9e6a696d6c7f49db21c07bec

Mensagem enviada para whatsapp:+5519991133269:
Fralda Pampers Premium Care Tamanho G 68 Unidades
Message SID Twilio: SM4ff19f914896c77a585354ec3e942e9c

Mensagem enviada para whatsapp:+5519991133269:
Fralda Pampers Premium Care Tamanho XG 60 Unidades
Message SID Twilio: SMe4ecc62e6586b5bdfb735af56f08c061

Mensagem enviada para whatsapp:+5519991133269:
Fralda Pampers Pants Premium Care Xxg 60 Unidades Extra Extra Grande (xxg) Sem Gênero
Message SID Twilio: SM9b9ac3bfb2ed735dcc9a0299e31168ea

Mensagem enviada para whatsapp:+5519991133269:
Fralda Pampers Premium Care Pants Tamanho G 68 Unidades
Message SID Twilio: SM55041d33884de70f9b696ad8635801ac

5 oferta(s) processada(s) e salva(s).

=== Fim da execucao: 2026-07-16T21:53:33 ===
