=== Inicio da execucao: 2026-06-17T19:25:11 ===
Args: --produto-por-html --url-produto https://lista.mercadolivre.com.br/_Container_sports-bolas_BRAND_16031#applied_filter_id%3DBRAND%26applied_filter_name%3DMarca%26applied_filter_order%3D17%26applied_value_id%3D16031%26applied_value_name%3DWilson%26applied_value_order%3D3%26applied_value_results%3D678%26is_custom%3Dfalse --url-produto https://lista.mercadolivre.com.br/_Container_sports-bolas_BRAND_16263#applied_filter_id%3DBRAND%26applied_filter_name%3DMarca%26applied_filter_order%3D17%26applied_value_id%3D16263%26applied_value_name%3DHead%26applied_value_order%3D12%26applied_value_results%3D209%26is_custom%3Dfalse%26view_more_flag%3Dtrue --url-produto https://lista.mercadolivre.com.br/_Container_sports-bolas_BRAND_205839#applied_filter_id%3DBRAND%26applied_filter_name%3DMarca%26applied_filter_order%3D17%26applied_value_id%3D205839%26applied_value_name%3DTecnifibre%26applied_value_order%3D48%26applied_value_results%3D48%26is_custom%3Dfalse%26view_more_flag%3Dtrue --url-produto https://lista.mercadolivre.com.br/_Container_sports-bolas_BRAND_24667154#applied_filter_id%3DBRAND%26applied_filter_name%3DMarca%26applied_filter_order%3D17%26applied_value_id%3D24667154%26applied_value_name%3DRobin+S%C3%B6derling%26applied_value_order%3D27%26applied_value_results%3D80%26is_custom%3Dfalse%26view_more_flag%3Dtrue --preco-minimo 50.0 --preco-maximo 400.0 --desconto-minimo 10 --limite-candidatos 10 --modalidade-execucao campanha

[MODO_ATIVO] PRODUTO_ONDEMAND_HOME_PESQUISA

Modo procurar produto ativado (pesquisa pela home do Mercado Livre).

[LINK_BASE_1] Processando listagem direta: https://lista.mercadolivre.com.br/_Container_sports-bolas_BRAND_16031#applied_filter_id%3DBRAND%26applied_filter_name%3DMarca%26applied_filter_order%3D17%26applied_value_id%3D16031%26applied_value_name%3DWilson%26applied_value_order%3D3%26applied_value_results%3D678%26is_custom%3Dfalse
[LISTAGEM_DIRETA] Link 1 - página 1: https://lista.mercadolivre.com.br/_Container_sports-bolas_BRAND_16031#applied_filter_id%3DBRAND%26applied_filter_name%3DMarca%26applied_filter_order%3D17%26applied_value_id%3D16031%26applied_value_name%3DWilson%26applied_value_order%3D3%26applied_value_results%3D678%26is_custom%3Dfalse
[LISTAGEM_DIRETA] Link 1 - página 2: https://lista.mercadolivre.com.br/_Container_sports-bolas_BRAND_16031?page=2
[LISTAGEM_DIRETA] Link 1 - página 3: https://lista.mercadolivre.com.br/_Container_sports-bolas_BRAND_16031?page=3

[LINK_BASE_2] Processando listagem direta: https://lista.mercadolivre.com.br/_Container_sports-bolas_BRAND_16263#applied_filter_id%3DBRAND%26applied_filter_name%3DMarca%26applied_filter_order%3D17%26applied_value_id%3D16263%26applied_value_name%3DHead%26applied_value_order%3D12%26applied_value_results%3D209%26is_custom%3Dfalse%26view_more_flag%3Dtrue
[LISTAGEM_DIRETA] Link 2 - página 1: https://lista.mercadolivre.com.br/_Container_sports-bolas_BRAND_16263#applied_filter_id%3DBRAND%26applied_filter_name%3DMarca%26applied_filter_order%3D17%26applied_value_id%3D16263%26applied_value_name%3DHead%26applied_value_order%3D12%26applied_value_results%3D209%26is_custom%3Dfalse%26view_more_flag%3Dtrue
[LISTAGEM_DIRETA] Link 2 - página 2: https://lista.mercadolivre.com.br/_Container_sports-bolas_BRAND_16263?page=2
[LISTAGEM_DIRETA] Link 2 - página 3: https://lista.mercadolivre.com.br/_Container_sports-bolas_BRAND_16263?page=3

[LINK_BASE_3] Processando listagem direta: https://lista.mercadolivre.com.br/_Container_sports-bolas_BRAND_205839#applied_filter_id%3DBRAND%26applied_filter_name%3DMarca%26applied_filter_order%3D17%26applied_value_id%3D205839%26applied_value_name%3DTecnifibre%26applied_value_order%3D48%26applied_value_results%3D48%26is_custom%3Dfalse%26view_more_flag%3Dtrue
[LISTAGEM_DIRETA] Link 3 - página 1: https://lista.mercadolivre.com.br/_Container_sports-bolas_BRAND_205839#applied_filter_id%3DBRAND%26applied_filter_name%3DMarca%26applied_filter_order%3D17%26applied_value_id%3D205839%26applied_value_name%3DTecnifibre%26applied_value_order%3D48%26applied_value_results%3D48%26is_custom%3Dfalse%26view_more_flag%3Dtrue
✓ Link de afiliado: https://meli.la/1RyDMEP
[LISTAGEM_DIRETA] Link 3 - página 2: https://lista.mercadolivre.com.br/_Container_sports-bolas_BRAND_205839?page=2
[LISTAGEM_DIRETA] Link 3 - página 3: https://lista.mercadolivre.com.br/_Container_sports-bolas_BRAND_205839?page=3

[LINK_BASE_4] Processando listagem direta: https://lista.mercadolivre.com.br/_Container_sports-bolas_BRAND_24667154#applied_filter_id%3DBRAND%26applied_filter_name%3DMarca%26applied_filter_order%3D17%26applied_value_id%3D24667154%26applied_value_name%3DRobin+S%C3%B6derling%26applied_value_order%3D27%26applied_value_results%3D80%26is_custom%3Dfalse%26view_more_flag%3Dtrue
[LISTAGEM_DIRETA] Link 4 - página 1: https://lista.mercadolivre.com.br/_Container_sports-bolas_BRAND_24667154#applied_filter_id%3DBRAND%26applied_filter_name%3DMarca%26applied_filter_order%3D17%26applied_value_id%3D24667154%26applied_value_name%3DRobin+S%C3%B6derling%26applied_value_order%3D27%26applied_value_results%3D80%26is_custom%3Dfalse%26view_more_flag%3Dtrue
[LISTAGEM_DIRETA] Link 4 - página 2: https://lista.mercadolivre.com.br/_Container_sports-bolas_BRAND_24667154?page=2
[LISTAGEM_DIRETA] Link 4 - página 3: https://lista.mercadolivre.com.br/_Container_sports-bolas_BRAND_24667154?page=3

Histórico relâmpago atualizado em: C:\Users\Lucas Bianco\Desktop\Projetos Dev\Promos\ofertas_relampago\Historico de anuncios\lista_anuncios.txt

Saida consolidada por modalidade atualizada em: C:\Users\Lucas Bianco\Desktop\Projetos Dev\Promos\saidas_execucoes\Campanha\lista_anuncios.txt

[DEBUG] Twilio Account SID: ACc0...e80a

Mensagem enviada para whatsapp:+5519991133269:
Tubo Bolas De Tênis Com 8 Un Court Tecnifibre
Message SID Twilio: SMfb379bc6b471a8dd7892c8e950ebd908

1 oferta(s) processada(s) e salva(s).

=== Fim da execucao: 2026-06-17T19:26:40 ===
