=== Inicio da execucao: 2026-06-04T13:30:24 ===
Args: --produto-por-html --categoria Esportes e Fitness --descricao-produto Raqueteira --preco-maximo 500.0 --desconto-minimo 20 --limite-candidatos 10 --modalidade-execucao campanha

[MODO_ATIVO] PRODUTO_ONDEMAND_HOME_PESQUISA

Modo procurar produto ativado (pesquisa pela home do Mercado Livre).
[AVISO] Nao foi possivel consultar categorias na API publica: Expecting value: line 1 column 1 (char 0)
[AVISO] Nao foi possivel resolver URL da categoria 'Esportes e Fitness' na API publica. Buscando so por descricao.
[CATEGORIA_URL_RESOLVIDA] origem=nao_resolvida url=<nao_resolvida>

[Pesquisa inicial] Página 1: https://lista.mercadolivre.com.br/Raqueteira

[Pesquisa inicial] Página 2: https://lista.mercadolivre.com.br/Raqueteira_Desde_51

[Pesquisa inicial] Página 3: https://lista.mercadolivre.com.br/Raqueteira_Desde_101

[Pesquisa inicial] Página 4: https://lista.mercadolivre.com.br/Raqueteira_Desde_151

[Pesquisa inicial] Página 5: https://lista.mercadolivre.com.br/Raqueteira_Desde_201
✓ Link de afiliado: https://meli.la/2To2bfr
✓ Link de afiliado: https://meli.la/2zmw5bS
✓ Link de afiliado: https://meli.la/2Asoh58
✓ Link de afiliado: https://meli.la/1NUJzP2
✓ Link de afiliado: https://meli.la/28FgRFU
✓ Link de afiliado: https://meli.la/28FgRFU
✓ Link de afiliado: https://meli.la/2et6pMV
✓ Link de afiliado: https://meli.la/1Ktuw7e

Nenhuma oferta elegível foi encontrada na pesquisa da home.

=== Fim da execucao: 2026-06-04T13:32:22 ===
