=== Inicio da execucao: 2026-06-13T08:34:31 ===
Args: --somente-relampago --desconto-minimo 50 --limite-candidatos 15 --pasta-saida C:/Users/Lucas Bianco/Downloads --modalidade-execucao ondemand

[MODO_ATIVO] FLUXO_HUB_AFILIADOS_LEGADO

Mercado Livre ja esta autenticado.

Modo somente ofertas relâmpago ativado. Fluxo do hub/Twilio foi ignorado.
Limpeza de HTML relâmpago: 2 arquivo(s) antigo(s) removido(s).

Navegando para ofertas relâmpago:
https://www.mercadolivre.com.br/ofertas?promotion_type=lightning#filter_applied=promotion_type&filter_position=3&origin=qcat
HTML salvo em: C:\Users\Lucas Bianco\Desktop\Projetos Dev\Promos\ofertas_relampago\html\html_relampago_20260613_083456_670686_01.txt
Modo sem parametros detectado: usando apenas o primeiro HTML de ofertas relampago.

Analisando HTML de: C:\Users\Lucas Bianco\Desktop\Projetos Dev\Promos\ofertas_relampago\html\html_relampago_20260613_083456_670686_01.txt
13 oferta(s) com 50% ou mais de desconto extraída(s) do JSON.
[DESCARTADO - HISTORICO] Anúncio mlb4049279695 marcado como anuncio_inedito=false no histórico.
[DESCARTADO - HISTORICO] Anúncio mlb4321895847 marcado como anuncio_inedito=false no histórico.
[DESCARTADO - HISTORICO] Anúncio mlb4625924357 marcado como anuncio_inedito=false no histórico.
[DESCARTADO - HISTORICO] Anúncio mlb5748326240 marcado como anuncio_inedito=false no histórico.
[DESCARTADO - HISTORICO] Anúncio mlb4466276267 marcado como anuncio_inedito=false no histórico.
[DESCARTADO - HISTORICO] Anúncio mlb5286176802 marcado como anuncio_inedito=false no histórico.
[DESCARTADO - HISTORICO] Anúncio mlb4543656979 marcado como anuncio_inedito=false no histórico.
[DESCARTADO - HISTORICO] Anúncio mlb5792045152 marcado como anuncio_inedito=false no histórico.
[DESCARTADO - HISTORICO] Anúncio mlb3497759017 marcado como anuncio_inedito=false no histórico.
[DESCARTADO - HISTORICO] Anúncio mlb5695201890 marcado como anuncio_inedito=false no histórico.
Página atual trouxe 3/10 oferta(s) válida(s). Coletando página 2/25.

Navegando para ofertas relâmpago:
https://www.mercadolivre.com.br/ofertas?promotion_type=lightning&page=2
HTML salvo em: C:\Users\Lucas Bianco\Desktop\Projetos Dev\Promos\ofertas_relampago\html\html_relampago_20260613_083518_841000_02.txt

Analisando HTML de: C:\Users\Lucas Bianco\Desktop\Projetos Dev\Promos\ofertas_relampago\html\html_relampago_20260613_083456_670686_01.txt
13 oferta(s) com 50% ou mais de desconto extraída(s) do JSON.
[DESCARTADO - HISTORICO] Anúncio mlb4049279695 marcado como anuncio_inedito=false no histórico.
[DESCARTADO - HISTORICO] Anúncio mlb4321895847 marcado como anuncio_inedito=false no histórico.
[DESCARTADO - HISTORICO] Anúncio mlb4625924357 marcado como anuncio_inedito=false no histórico.
[DESCARTADO - HISTORICO] Anúncio mlb5748326240 marcado como anuncio_inedito=false no histórico.
[DESCARTADO - HISTORICO] Anúncio mlb4466276267 marcado como anuncio_inedito=false no histórico.
[DESCARTADO - HISTORICO] Anúncio mlb5286176802 marcado como anuncio_inedito=false no histórico.
[DESCARTADO - HISTORICO] Anúncio mlb4543656979 marcado como anuncio_inedito=false no histórico.
[DESCARTADO - HISTORICO] Anúncio mlb5792045152 marcado como anuncio_inedito=false no histórico.
[DESCARTADO - HISTORICO] Anúncio mlb3497759017 marcado como anuncio_inedito=false no histórico.
[DESCARTADO - HISTORICO] Anúncio mlb5695201890 marcado como anuncio_inedito=false no histórico.

Analisando HTML de: C:\Users\Lucas Bianco\Desktop\Projetos Dev\Promos\ofertas_relampago\html\html_relampago_20260613_083518_841000_02.txt
9 oferta(s) com 50% ou mais de desconto extraída(s) do JSON.
[DESCARTADO - HISTORICO] Anúncio mlb4485964757 marcado como anuncio_inedito=false no histórico.
[DESCARTADO - HISTORICO] Anúncio mlb6653028676 marcado como anuncio_inedito=false no histórico.
[DESCARTADO - HISTORICO] Anúncio mlb4219770063 marcado como anuncio_inedito=false no histórico.
[DESCARTADO - HISTORICO] Anúncio mlb3558573125 marcado como anuncio_inedito=false no histórico.
Página atual trouxe 8/10 oferta(s) válida(s). Coletando página 3/25.

Navegando para ofertas relâmpago:
https://www.mercadolivre.com.br/ofertas?promotion_type=lightning&page=3
HTML salvo em: C:\Users\Lucas Bianco\Desktop\Projetos Dev\Promos\ofertas_relampago\html\html_relampago_20260613_083541_324256_03.txt

Analisando HTML de: C:\Users\Lucas Bianco\Desktop\Projetos Dev\Promos\ofertas_relampago\html\html_relampago_20260613_083456_670686_01.txt
13 oferta(s) com 50% ou mais de desconto extraída(s) do JSON.
[DESCARTADO - HISTORICO] Anúncio mlb4049279695 marcado como anuncio_inedito=false no histórico.
[DESCARTADO - HISTORICO] Anúncio mlb4321895847 marcado como anuncio_inedito=false no histórico.
[DESCARTADO - HISTORICO] Anúncio mlb4625924357 marcado como anuncio_inedito=false no histórico.
[DESCARTADO - HISTORICO] Anúncio mlb5748326240 marcado como anuncio_inedito=false no histórico.
[DESCARTADO - HISTORICO] Anúncio mlb4466276267 marcado como anuncio_inedito=false no histórico.
[DESCARTADO - HISTORICO] Anúncio mlb5286176802 marcado como anuncio_inedito=false no histórico.
[DESCARTADO - HISTORICO] Anúncio mlb4543656979 marcado como anuncio_inedito=false no histórico.
[DESCARTADO - HISTORICO] Anúncio mlb5792045152 marcado como anuncio_inedito=false no histórico.
[DESCARTADO - HISTORICO] Anúncio mlb3497759017 marcado como anuncio_inedito=false no histórico.
[DESCARTADO - HISTORICO] Anúncio mlb5695201890 marcado como anuncio_inedito=false no histórico.

Analisando HTML de: C:\Users\Lucas Bianco\Desktop\Projetos Dev\Promos\ofertas_relampago\html\html_relampago_20260613_083518_841000_02.txt
9 oferta(s) com 50% ou mais de desconto extraída(s) do JSON.
[DESCARTADO - HISTORICO] Anúncio mlb4485964757 marcado como anuncio_inedito=false no histórico.
[DESCARTADO - HISTORICO] Anúncio mlb6653028676 marcado como anuncio_inedito=false no histórico.
[DESCARTADO - HISTORICO] Anúncio mlb4219770063 marcado como anuncio_inedito=false no histórico.
[DESCARTADO - HISTORICO] Anúncio mlb3558573125 marcado como anuncio_inedito=false no histórico.

Analisando HTML de: C:\Users\Lucas Bianco\Desktop\Projetos Dev\Promos\ofertas_relampago\html\html_relampago_20260613_083541_324256_03.txt
7 oferta(s) com 50% ou mais de desconto extraída(s) do JSON.
Paginação parametrizada limitada a 25 página(s) (detecção original: 133 página(s)).
HTML consolidado salvo em: C:\Users\Lucas Bianco\Desktop\Projetos Dev\Promos\ofertas_relampago\html\html_relampago_consolidado_20260613_083541.txt
Usando link direto extraído do HTML para obter link de afiliado.
✓ Link de afiliado: https://meli.la/1koqDuq
Usando link direto extraído do HTML para obter link de afiliado.
✓ Link de afiliado: https://meli.la/2exDgCz
Usando link direto extraído do HTML para obter link de afiliado.
✓ Link de afiliado: https://meli.la/1ovGB6V
Usando link direto extraído do HTML para obter link de afiliado.
✓ Link de afiliado: https://meli.la/2uKyiFV
Usando link direto extraído do HTML para obter link de afiliado.
✓ Link de afiliado: https://meli.la/1MwFb6a
Usando link direto extraído do HTML para obter link de afiliado.
✓ Link de afiliado: https://meli.la/2Ef7o94
Usando link direto extraído do HTML para obter link de afiliado.
✓ Link de afiliado: https://meli.la/2MLtm39
Usando link direto extraído do HTML para obter link de afiliado.
✓ Link de afiliado: https://meli.la/2wp1bgR
Usando link direto extraído do HTML para obter link de afiliado.
✓ Link de afiliado: https://meli.la/2SURjVH
Usando link direto extraído do HTML para obter link de afiliado.
✓ Link de afiliado: https://meli.la/1iYd6Xj
Metadados salvos em: C:\Users\Lucas Bianco\Desktop\Projetos Dev\Promos\metadados_coleta\metadados_relampago_exec_0023_20260613_083724.json

Histórico relâmpago atualizado em: C:/Users/Lucas Bianco/Downloads\lista_anuncios.txt

Saida consolidada por modalidade atualizada em: C:\Users\Lucas Bianco\Desktop\Projetos Dev\Promos\saidas_execucoes\OnDemand\lista_anuncios.txt

[DEBUG] Twilio Account SID: ACc0...e80a

Mensagem enviada para whatsapp:+5519991133269:
Tênis Feminino Via Marte Sola Alta Moda Minimalista 306-002
Message SID Twilio: SM68b3c8bd6ae2aa525bb14b5e5b41582d

Mensagem enviada para whatsapp:+5519991133269:
Tênis Masculino Flak 365 Ii Lite Oakley Preto Liso 44 Br
Message SID Twilio: SM6cf06b038284a97b79209ded5b5a0921

Mensagem enviada para whatsapp:+5519991133269:
Capacete Para Kart E Moto Xceed F607 Países Itália
Message SID Twilio: SM783f41b4780d6c0eef35c7f9f19554d0

Mensagem enviada para whatsapp:+5519991133269:
Óculos De Sol Oakley Holbrook Cor Da Lente Positive Red Espelho Rosa Matte Black
Message SID Twilio: SMf4dfea0e5dc29b5683f9a4a546b5da38

Mensagem enviada para whatsapp:+5519991133269:
Armário Dobrável 5 Andares C/ Rodas Portas Transp.creme
Message SID Twilio: SMbb41564703bebb21356cc89a73028dca

Mensagem enviada para whatsapp:+5519991133269:
Camisa Polo Piquet Classica Reserva Masculina Adulto Preto N/a G Lisa
Message SID Twilio: SM2e9f30a9c5a347b0f072ebdbee157ccd

Mensagem enviada para whatsapp:+5519991133269:
Travesseiro Cervical Ortopedico Relax Coluna 70x50cm Macio
Message SID Twilio: SMdfaf97e9c6275300d6eb4ceef76bb967

Mensagem enviada para whatsapp:+5519991133269:
Óculos De Sol Oakley Hstn Kylian Mbappé Signature Series Dark Amber/light Curry Lentes Prizm Tungsten Oo9242-0752
Message SID Twilio: SM900250ed6bb64c58280ed117f0d17850

Mensagem enviada para whatsapp:+5519991133269:
Carretilha De Pesca,18+1 Rolamentos 7.2:1 Pescaria Black
Message SID Twilio: SM6c0375291aa700cceac0e8331487a494

Mensagem enviada para whatsapp:+5519991133269:
Pendente Luminárias Led Teto Modernas, Lustre Para Sala 60w 127/220v Dourado
Message SID Twilio: SMf39c26c50444f4a8296a0dc7d2b2edc9

10 oferta(s) relâmpago processada(s) e salvas.

Envio pelo WhatsApp finalizado com sucesso!

=== Fim da execucao: 2026-06-13T08:38:04 ===
