=== Inicio da execucao: 2026-06-06T11:52:09 ===
Args: --produto-por-html --descricao-produto kit wella --preco-minimo 100.0 --preco-maximo 250.0 --limite-candidatos 3 --pasta-saida C:/Users/Lucas Bianco/Downloads --modalidade-execucao ondemand

[MODO_ATIVO] PRODUTO_ONDEMAND_HOME_PESQUISA

Modo procurar produto ativado (pesquisa pela home do Mercado Livre).

[Pesquisa inicial] Página 1: https://lista.mercadolivre.com.br/kit-wella
✓ Link de afiliado: https://meli.la/1BcVNnX
✓ Link de afiliado: https://meli.la/1eybrpW
✓ Link de afiliado: https://meli.la/2Tkbm7Q

Histórico relâmpago atualizado em: C:/Users/Lucas Bianco/Downloads\lista_anuncios.txt

Saida consolidada por modalidade atualizada em: C:\Users\Lucas Bianco\Desktop\Projetos Dev\Promos\saidas_execucoes\OnDemand\lista_anuncios.txt

[DEBUG] Twilio Account SID: ACc0...e80a

Mensagem enviada para whatsapp:+5519991133269:
Wella Professionals Oil Reflections - Óleo Capilar 100ml
Message SID Twilio: SMb0a0e34986f19360a82af18a91be8054

Mensagem enviada para whatsapp:+5519991133269:
Wella Professionals Oil Reflections Shampoo 1L
Message SID Twilio: SMc1e089422f24cb7ce523f13a05e2688d

Mensagem enviada para whatsapp:+5519991133269:
Máscara Invigo Nutri-enrich 500ml Wella Professionals
Message SID Twilio: SMd3718c573c8af493458619e26c16d6cf

3 oferta(s) processada(s) e salva(s).

=== Fim da execucao: 2026-06-06T11:53:02 ===
