=== Inicio da execucao: 2026-06-08T16:53:10 ===
Args: --produto-por-html --url-produto https://lista.mercadolivre.com.br/loja/mamypoko/#component=menu_corridors&tracking_id=34da587d-39c6-4c0f-8759-594882b0a62c&label=Todos+os+produtos&global_position=1 --desconto-minimo 15 --limite-candidatos 10 --modalidade-execucao campanha

[MODO_ATIVO] PRODUTO_ONDEMAND_HOME_PESQUISA

Modo procurar produto ativado (pesquisa pela home do Mercado Livre).

[LINK_BASE_1] Processando listagem direta: https://lista.mercadolivre.com.br/loja/mamypoko/#component=menu_corridors&tracking_id=34da587d-39c6-4c0f-8759-594882b0a62c&label=Todos+os+produtos&global_position=1
[LISTAGEM_DIRETA] Link 1 - página 1: https://lista.mercadolivre.com.br/loja/mamypoko/#component=menu_corridors&tracking_id=34da587d-39c6-4c0f-8759-594882b0a62c&label=Todos+os+produtos&global_position=1
✓ Link de afiliado: https://meli.la/2g7XjBk
✓ Link de afiliado: https://meli.la/2Lw9Fxk
✓ Link de afiliado: https://meli.la/2sq47Vv
✓ Link de afiliado: https://meli.la/1HpqAXX
✓ Link de afiliado: https://meli.la/1MKamiF
✓ Link de afiliado: https://meli.la/1nZozj5
[LISTAGEM_DIRETA] Link 1 - página 2: https://lista.mercadolivre.com.br/loja/mamypoko/?page=2
[LISTAGEM_DIRETA] Link 1 - página 3: https://lista.mercadolivre.com.br/loja/mamypoko/?page=3

Histórico relâmpago atualizado em: C:\Users\Lucas Bianco\Desktop\Projetos Dev\Promos\ofertas_relampago\Historico de anuncios\lista_anuncios.txt

Saida consolidada por modalidade atualizada em: C:\Users\Lucas Bianco\Desktop\Projetos Dev\Promos\saidas_execucoes\Campanha\lista_anuncios.txt

[DEBUG] Twilio Account SID: ACc0...e80a

Mensagem enviada para whatsapp:+5519991133269:
Fralda Calça Mamy Poko Superproteção Jumbo G 28 Unidades
Message SID Twilio: SMd9c8a5f44bd8a0b3db51fd4b910fd92a

Mensagem enviada para whatsapp:+5519991133269:
Fralda-calça Geriátrica Lifree Super Conforto P/M 16 Unidades
Message SID Twilio: SMd9a6d18ed23a92e87dd78497b1ed073e

Mensagem enviada para whatsapp:+5519991133269:
Fralda Calça Mamypoko Dia&noite Giga M 68 Unidades
Message SID Twilio: SMbee1e1c73894c86371f95bab3f388e3a

Mensagem enviada para whatsapp:+5519991133269:
Fralda Calça Mamypoko Dia&noite Giga Xg 52 Unidades
Message SID Twilio: SMe740a35b42536c6c9da02ee56f1a77de

Mensagem enviada para whatsapp:+5519991133269:
Fralda Calça Mamypoko Giga Xg 52 Unidades
Message SID Twilio: SMd7222a7780507ad6a98584dcb967c47e

Mensagem enviada para whatsapp:+5519991133269:
Fralda Calça Mamypoko Giga Xxg 44 Unidades
Message SID Twilio: SM7bf6ef04f394bdf37e4acf38b42e8469

6 oferta(s) processada(s) e salva(s).

=== Fim da execucao: 2026-06-08T16:54:53 ===
