=== Inicio da execucao: 2026-06-20T10:06:45 ===
Args: --somente-relampago --desconto-minimo 30 --limite-candidatos 20 --pasta-saida C:/Users/Lucas Bianco/Downloads --modalidade-execucao ondemand

[MODO_ATIVO] FLUXO_HUB_AFILIADOS_LEGADO

Mercado Livre ja esta autenticado.

Modo somente ofertas relâmpago ativado. Fluxo do hub/Twilio foi ignorado.
Limpeza de HTML relâmpago: 4 arquivo(s) antigo(s) removido(s).

Navegando para ofertas relâmpago:
https://www.mercadolivre.com.br/ofertas?promotion_type=lightning#filter_applied=promotion_type&filter_position=3&origin=qcat
HTML salvo em: C:\Users\Lucas Bianco\Desktop\Projetos Dev\Promos\ofertas_relampago\html\html_relampago_20260620_100709_528944_01.txt
Modo sem parametros detectado: usando apenas o primeiro HTML de ofertas relampago.

Analisando HTML de: C:\Users\Lucas Bianco\Desktop\Projetos Dev\Promos\ofertas_relampago\html\html_relampago_20260620_100709_528944_01.txt
34 oferta(s) com 30% ou mais de desconto extraída(s) do JSON.
[DESCARTADO - HISTORICO] Anúncio mlb4049279695 marcado como anuncio_inedito=false no histórico.
[DESCARTADO - HISTORICO] Anúncio mlb5748326240 marcado como anuncio_inedito=false no histórico.
[DESCARTADO - HISTORICO] Anúncio mlb5761715520 marcado como anuncio_inedito=false no histórico.
[DESCARTADO - HISTORICO] Anúncio mlb4125132275 marcado como anuncio_inedito=false no histórico.
[DESCARTADO - HISTORICO] Anúncio mlb4659111351 marcado como anuncio_inedito=false no histórico.
[DESCARTADO - HISTORICO] Anúncio mlb4307126823 marcado como anuncio_inedito=false no histórico.
[DESCARTADO - HISTORICO] Anúncio mlb4967167410 marcado como anuncio_inedito=false no histórico.
[DESCARTADO - HISTORICO] Anúncio mlb4466276267 marcado como anuncio_inedito=false no histórico.
Paginação parametrizada limitada a 25 página(s) (detecção original: 194 página(s)).
HTML consolidado salvo em: C:\Users\Lucas Bianco\Desktop\Projetos Dev\Promos\ofertas_relampago\html\html_relampago_consolidado_20260620_100709.txt
Usando link direto extraído do HTML para obter link de afiliado.
✓ Link de afiliado: https://meli.la/2exrTYL
Usando link direto extraído do HTML para obter link de afiliado.
✓ Link de afiliado: https://meli.la/2LBSspe
Usando link direto extraído do HTML para obter link de afiliado.
✓ Link de afiliado: https://meli.la/2raCwuQ
Usando link direto extraído do HTML para obter link de afiliado.
✓ Link de afiliado: https://meli.la/1Zk2phq
Usando link direto extraído do HTML para obter link de afiliado.
✓ Link de afiliado: https://meli.la/1xPPvgq
Usando link direto extraído do HTML para obter link de afiliado.
✓ Link de afiliado: https://meli.la/2KVfDeu
Usando link direto extraído do HTML para obter link de afiliado.
✓ Link de afiliado: https://meli.la/1nusyiE
Usando link direto extraído do HTML para obter link de afiliado.
✓ Link de afiliado: https://meli.la/32YkdPR
Usando link direto extraído do HTML para obter link de afiliado.
✓ Link de afiliado: https://meli.la/1Q1xWK8
Usando link direto extraído do HTML para obter link de afiliado.
✓ Link de afiliado: https://meli.la/2hb2LFU
Metadados salvos em: C:\Users\Lucas Bianco\Desktop\Projetos Dev\Promos\metadados_coleta\metadados_relampago_exec_0031_20260620_100845.json

Histórico relâmpago atualizado em: C:/Users/Lucas Bianco/Downloads\lista_anuncios.txt

Saida consolidada por modalidade atualizada em: C:\Users\Lucas Bianco\Desktop\Projetos Dev\Promos\saidas_execucoes\OnDemand\lista_anuncios.txt

[DEBUG] Twilio Account SID: ACc0...e80a

Mensagem enviada para whatsapp:+5519991133269:
Celular Smartphone Realme C73 128gb 4gb Ram Dual Sim 120hz 6000mah Violeta
Message SID Twilio: SM799bb068ec4578616612e4820a0ef02f

Mensagem enviada para whatsapp:+5519991133269:
Álbum Copa Do Mundo 26 Dourado Ouro Oficial + 140 Figurinha
Message SID Twilio: SMd5eff7a89348e4a4615afd07dfd1d348

Mensagem enviada para whatsapp:+5519991133269:
Kit C/12 Utensílios De Cozinha Silicone Cabo Madeira
Message SID Twilio: SMff34f77b3b3d99c0e1411adeea30c740

Mensagem enviada para whatsapp:+5519991133269:
Promoção Combo Poderoso + Sérum De Brinde - Promo Oficial
Message SID Twilio: SMf91d790df384b826ae25ba675101be4d

Mensagem enviada para whatsapp:+5519991133269:
Som Rádio Automotivo Bluetooth Usb Card Sd Aux Fm Mp3 H-tech
Message SID Twilio: SM31b19b636fd15ca22fa5d3d6023bde22

Mensagem enviada para whatsapp:+5519991133269:
Tênis Esportivo Feminino Voa 2 Olympikus Branco Liso 36 Br
Message SID Twilio: SM4d123e5cb502ce961578a2d459877a79

Mensagem enviada para whatsapp:+5519991133269:
Prateleira De Aço 5 Bandejas 40x92cm Preta Coluna Tripartida Preto
Message SID Twilio: SMbe14776f5a80c192fed78e6bd64c398e

Mensagem enviada para whatsapp:+5519991133269:
Kit Cronograma Capilar Gold Spell 3 Máscaras Babosa Dnaplex
Message SID Twilio: SM82f9edb1df8ffadf03f044289d1ffd7f

Mensagem enviada para whatsapp:+5519991133269:
Lanterna Tática 2km Mais Forte Do Mundo Recarregável Potente
Message SID Twilio: SM555790c5ec37bf6e6b8fb455d1d333aa

Mensagem enviada para whatsapp:+5519991133269:
Caixa Térmica 120litros Preta Para Produtos Gelado E Quente. Preto
Message SID Twilio: SMd673563b6642a4a891a0aedd996e040e

10 oferta(s) relâmpago processada(s) e salvas.

Envio pelo WhatsApp finalizado com sucesso!

=== Fim da execucao: 2026-06-20T10:09:29 ===
