=== Inicio da execucao: 2026-07-08T23:22:27 ===
Args: --somente-relampago --desconto-minimo 19 --limite-candidatos 10 --pasta-saida C:/Users/Lucas Bianco/Downloads --modalidade-execucao ondemand

[MODO_ATIVO] FLUXO_HUB_AFILIADOS_LEGADO

Mercado Livre ja esta autenticado.

Modo somente ofertas relâmpago ativado. Fluxo do hub/Twilio foi ignorado.
Limpeza de HTML relâmpago: 2 arquivo(s) antigo(s) removido(s).

Navegando para ofertas relâmpago:
https://www.mercadolivre.com.br/ofertas?promotion_type=lightning#filter_applied=promotion_type&filter_position=3&origin=qcat
HTML salvo em: C:\Users\Lucas Bianco\Desktop\Projetos Dev\Promos\ofertas_relampago\html\html_relampago_20260708_232252_816965_01.txt
Modo sem parametros detectado: usando apenas o primeiro HTML de ofertas relampago.

Analisando HTML de: C:\Users\Lucas Bianco\Desktop\Projetos Dev\Promos\ofertas_relampago\html\html_relampago_20260708_232252_816965_01.txt
37 oferta(s) com 19% ou mais de desconto extraída(s) do JSON.
[DESCARTADO - HISTORICO] Anúncio mlb4812130742 marcado como anuncio_inedito=false no histórico.
[DESCARTADO - HISTORICO] Anúncio mlb6400344928 marcado como anuncio_inedito=false no histórico.
[DESCARTADO - HISTORICO] Anúncio mlb5682520334 marcado como anuncio_inedito=false no histórico.
[DESCARTADO - HISTORICO] Anúncio mlb3817089255 marcado como anuncio_inedito=false no histórico.
[DESCARTADO - HISTORICO] Anúncio mlb4314606824 marcado como anuncio_inedito=false no histórico.
[DESCARTADO - HISTORICO] Anúncio mlb5922967928 marcado como anuncio_inedito=false no histórico.
[DESCARTADO - HISTORICO] Anúncio mlb5748326240 marcado como anuncio_inedito=false no histórico.
[DESCARTADO - HISTORICO] Anúncio mlb6676753272 marcado como anuncio_inedito=false no histórico.
[DESCARTADO - HISTORICO] Anúncio mlb5400923188 marcado como anuncio_inedito=false no histórico.
[DESCARTADO - HISTORICO] Anúncio mlb1834770539 marcado como anuncio_inedito=false no histórico.
Paginação parametrizada limitada a 25 página(s) (detecção original: 229 página(s)).
HTML consolidado salvo em: C:\Users\Lucas Bianco\Desktop\Projetos Dev\Promos\ofertas_relampago\html\html_relampago_consolidado_20260708_232253.txt
Usando link direto extraído do HTML para obter link de afiliado.
✓ Link de afiliado: https://meli.la/2o5QERJ
Usando link direto extraído do HTML para obter link de afiliado.
✓ Link de afiliado: https://meli.la/1dCEobh
Usando link direto extraído do HTML para obter link de afiliado.
✓ Link de afiliado: https://meli.la/2c51Uh1
Usando link direto extraído do HTML para obter link de afiliado.
✓ Link de afiliado: https://meli.la/2H6kqg8
Usando link direto extraído do HTML para obter link de afiliado.
✓ Link de afiliado: https://meli.la/1KT5rAT
Usando link direto extraído do HTML para obter link de afiliado.
✓ Link de afiliado: https://meli.la/1p9LWHX
Usando link direto extraído do HTML para obter link de afiliado.
✓ Link de afiliado: https://meli.la/34o4s4T
Usando link direto extraído do HTML para obter link de afiliado.
✓ Link de afiliado: https://meli.la/2xdQnUj
Usando link direto extraído do HTML para obter link de afiliado.
✓ Link de afiliado: https://meli.la/2md739b
Usando link direto extraído do HTML para obter link de afiliado.
✓ Link de afiliado: https://meli.la/2iDcMtd
Metadados salvos em: C:\Users\Lucas Bianco\Desktop\Projetos Dev\Promos\metadados_coleta\metadados_relampago_exec_0056_20260708_232433.json

Histórico relâmpago atualizado em: C:/Users/Lucas Bianco/Downloads\lista_anuncios.txt

Saida consolidada por modalidade atualizada em: C:\Users\Lucas Bianco\Desktop\Projetos Dev\Promos\saidas_execucoes\OnDemand\lista_anuncios.txt

[DEBUG] Twilio Account SID: ACc0...e80a

Mensagem enviada para whatsapp:+5519991133269:
Aspirador de Pó Vertical Philco PAS56 Sem Fio 2 em 1 para Casa com Bateria de Lítio
Message SID Twilio: SM9c56dc8a5cfb5e95a500d085ff72061e

Mensagem enviada para whatsapp:+5519991133269:
Auxiliar Partida Bateria Compressor Ar Inteligente Emergência Portátil Veicular Com Compressor De Ar, Pares Portátil Compressor Ar Veicular
Message SID Twilio: SM6bec50d49a2b88a0e572a1fe0ee01358

Mensagem enviada para whatsapp:+5519991133269:
Lustre Led Sala Moderno 60w, 3 Arcos Pendente Luminária Teto 127/220v Dourado
Message SID Twilio: SM82b152f5acd1351e51384914be577464

Mensagem enviada para whatsapp:+5519991133269:
TP-Link Deco X50(3-pack) Roteador Mesh Wifi6 AX3000 Cobre até 600m²
Message SID Twilio: SMe5ab2eac9716f70ca7ef8707e4eced9a

Mensagem enviada para whatsapp:+5519991133269:
Jogo De Panelas Cerâmica Antiaderente Indução Gás 14 Peças Bege
Message SID Twilio: SM8c1a8fb568c70f076c9dbb3e4b4314a6

Mensagem enviada para whatsapp:+5519991133269:
TESTO ESSENCIAL - Fórmula Exclusiva com Feno Grego + Boro + Arginina + ZMA + Vitamina B6 - Precursor da Testosterona - 60 cápsulas
Message SID Twilio: SM989dc8e7a814b6ef520b10f5c22eab0e

Mensagem enviada para whatsapp:+5519991133269:
Power Bank Basike 20000mAh Preto, Carga Rápida 22.5W para iPhone e Samsung, Com Cabos Embutidos e Display
Message SID Twilio: SM1cc62642298af72561361db545a51eba

Mensagem enviada para whatsapp:+5519991133269:
Câmera Lâmpada Intelbras Im6 Full Color 3mp 360 Wifi Interna Cor Branco
Message SID Twilio: SM32eaa1e17d7babb4f8abea190480e210

Mensagem enviada para whatsapp:+5519991133269:
Kit 2 Chave Impacto Bateria Furadeira Parafusadeira Elétrica Vermelho 110/127/220v 60hz
Message SID Twilio: SM9d10a49e5095413eafd50448e32b2ba0

Mensagem enviada para whatsapp:+5519991133269:
Whey Isolate Protein Fuse 900g Dark Lab Sabor Morango
Message SID Twilio: SM24134c1bd206eef8bb32ce3d2b8e1621

10 oferta(s) relâmpago processada(s) e salvas.

Envio pelo WhatsApp finalizado com sucesso!

=== Fim da execucao: 2026-07-08T23:25:17 ===
