=== Inicio da execucao: 2026-06-15T20:44:33 ===
Args: --produto-por-html --desconto-minimo 50 --limite-candidatos 10 --url-produto https://www.mercadolivre.com.br/afiliados/hub?is_affiliate=true#menu-user --pasta-saida C:/Users/Lucas Bianco/Downloads --modalidade-execucao ondemand

[MODO_ATIVO] PRODUTO_ONDEMAND_HOME_PESQUISA

Modo procurar produto ativado (pesquisa pela home do Mercado Livre).

[LINK_BASE_1] Processando listagem direta: https://www.mercadolivre.com.br/afiliados/hub?is_affiliate=true#menu-user
[LISTAGEM_DIRETA] Link 1 - página 1: https://www.mercadolivre.com.br/afiliados/hub?is_affiliate=true#menu-user
✓ Link de afiliado: https://meli.la/27RkAMU
✓ Link de afiliado: https://meli.la/1nao2dA
[LISTAGEM_DIRETA] Link 1 - página 2: https://www.mercadolivre.com.br/afiliados/hub?is_affiliate=true&page=2
[LISTAGEM_DIRETA] Link 1 - página 3: https://www.mercadolivre.com.br/afiliados/hub?is_affiliate=true&page=3

Histórico relâmpago atualizado em: C:/Users/Lucas Bianco/Downloads\lista_anuncios.txt

Saida consolidada por modalidade atualizada em: C:\Users\Lucas Bianco\Desktop\Projetos Dev\Promos\saidas_execucoes\OnDemand\lista_anuncios.txt

[DEBUG] Twilio Account SID: ACc0...e80a

Mensagem enviada para whatsapp:+5519991133269:
Parafusadeira Furadeira C/ 2 Baterias Maleta Kit Completo Led Eixo Flexível Vários Níveis Torque Amarelo 127/220v 60 Hz
Message SID Twilio: SM94b97ab5b279ab8396fff9e25b564f7f

Mensagem enviada para whatsapp:+5519991133269:
Mala De Bordo 10kg Pequena Tokio Swiss Move Preto P
Message SID Twilio: SM5233a04a1705ef7bdc091f9e83145ddd

2 oferta(s) processada(s) e salva(s).

=== Fim da execucao: 2026-06-15T20:45:22 ===
