=== Inicio da execucao: 2026-07-19T08:58:35 ===
Args: --produto-por-html --fonte mercadolivre --desconto-minimo 20 --limite-candidatos 10 --url-produto https://lista.mercadolivre.com.br/_Container_final-da-copa-2026-seller-1784313132_NoIndex_True --pasta-saida C:/Users/Lucas Bianco/Downloads --modalidade-execucao ondemand

[MODO_ATIVO] PRODUTO_ONDEMAND_HOME_PESQUISA

Modo procurar produto ativado (pesquisa pela home do Mercado Livre).

[LINK_BASE_1] Processando listagem direta: https://lista.mercadolivre.com.br/_Container_final-da-copa-2026-seller-1784313132_NoIndex_True
[LINK_BASE_1] Carregando em blocos de 3 páginas até encontrar candidatos válidos

[BLOCO_1] Carregando páginas 1 a 3 do Link 1
[LISTAGEM_DIRETA] Link 1 - página 1: https://lista.mercadolivre.com.br/_Container_final-da-copa-2026-seller-1784313132_NoIndex_True
✓ Link de afiliado: https://meli.la/31Vk76q
✓ Link de afiliado: https://meli.la/17efbZY
✓ Link de afiliado: https://meli.la/2FuD5C9
✓ Link de afiliado: https://meli.la/15Dcan2
✓ Link de afiliado: https://meli.la/22n2qNR
✓ Link de afiliado: https://meli.la/22nXuVZ
✓ Link de afiliado: https://meli.la/1djPKqt
✓ Link de afiliado: https://meli.la/1oHr7fS
✓ Link de afiliado: https://meli.la/2bonjDX
✓ Link de afiliado: https://meli.la/226Ak1r
[BLOCO_1] Resultado: 10 candidato(s) coletado(s), 10 válido(s) enriquecido(s). Total: 10/10

Histórico relâmpago atualizado em: C:/Users/Lucas Bianco/Downloads\lista_anuncios.txt

Saida consolidada por modalidade atualizada em: C:\Users\Lucas Bianco\Desktop\Projetos Dev\Promos\saidas_execucoes\OnDemand\lista_anuncios.txt

[DEBUG] Twilio Account SID: ACc0...e80a

Mensagem enviada para whatsapp:+5519991133269:
Balança Digital Precisão Cozinha Fitness Dieta Nutri Treinos
Message SID Twilio: SMa1897f194906ce7f987953cbab5fc0bb

Mensagem enviada para whatsapp:+5519991133269:
Colchão Solteiro Casca Ovo Anti Escaras Caixa De Ovo D20
Message SID Twilio: SM275f000f06c0d39333fa3004c2e65856

Mensagem enviada para whatsapp:+5519991133269:
Ortobom Suave Encosto Apoio de Pernas 55x40cm cinza triangular
Message SID Twilio: SMc0f03f2a5555664a9d604b89a5a4b5cc

Mensagem enviada para whatsapp:+5519991133269:
Travesseiro Anti Refluxo Ortobom Sleep Baby Hipoalergênico Branco
Message SID Twilio: SM796835467d733ca3e846499c230056e9

Mensagem enviada para whatsapp:+5519991133269:
Travesseiro Antirrefluxo Berço Ortobom Suavencosto 70x40x6 cm Branco
Message SID Twilio: SM2679e2d1899bedc27afccc71f1ffc881

Mensagem enviada para whatsapp:+5519991133269:
Colchão De Espuma D20 Gazin Supreme Solteiro 78cm
Message SID Twilio: SMe6843844de68e01c3654a0a876c3273e

Mensagem enviada para whatsapp:+5519991133269:
Colchão Solteiro Espuma D20 Gazin Supreme 88cm
Message SID Twilio: SMc3f2a4775832b3f0ccf5d678051c4f1d

Mensagem enviada para whatsapp:+5519991133269:
Colchão Viúva Molas Ensacadas Lucas Home 128x188cm Marrom
Message SID Twilio: SM25d1d5b7d0be5aa0fb12653674c2433a

Mensagem enviada para whatsapp:+5519991133269:
Bicama Box Baú Solteiro C/ Colchão De Espuma + Cama Auxiliar
Message SID Twilio: SM7c4d36eb4c810674a4378ef833b527a6

Mensagem enviada para whatsapp:+5519991133269:
Box Baú + Colchão De Espuma D33 Ortobom Airtech 100 Casal
Message SID Twilio: SM137aa739072bf3e163ccd34e80f0724a

10 oferta(s) processada(s) e salva(s).

=== Fim da execucao: 2026-07-19T09:01:05 ===
