=== Inicio da execucao: 2026-06-25T19:22:07 ===
Args: --produto-por-html --url-produto https://lista.mercadolivre.com.br/suplementos#D[A:suplementos] --desconto-minimo 30 --limite-candidatos 4 --modalidade-execucao campanha

[MODO_ATIVO] PRODUTO_ONDEMAND_HOME_PESQUISA

Modo procurar produto ativado (pesquisa pela home do Mercado Livre).

[LINK_BASE_1] Processando listagem direta: https://lista.mercadolivre.com.br/suplementos#D[A:suplementos]
[LINK_BASE_1] Carregando em blocos de 3 páginas até encontrar candidatos válidos

[BLOCO_1] Carregando páginas 1 a 3 do Link 1
[LISTAGEM_DIRETA] Link 1 - página 1: https://lista.mercadolivre.com.br/suplementos#D[A:suplementos]
✓ Link de afiliado: https://meli.la/1BGMHE1
✓ Link de afiliado: https://meli.la/2EhP1wj
✓ Link de afiliado: https://meli.la/2ZEvorF
✓ Link de afiliado: https://meli.la/2rs5CcN
[BLOCO_1] Resultado: 4 candidato(s) coletado(s), 4 válido(s) enriquecido(s). Total: 4/4

Histórico relâmpago atualizado em: C:\Users\Lucas Bianco\Desktop\Projetos Dev\Promos\ofertas_relampago\Historico de anuncios\lista_anuncios.txt

Saida consolidada por modalidade atualizada em: C:\Users\Lucas Bianco\Desktop\Projetos Dev\Promos\saidas_execucoes\Campanha\lista_anuncios.txt

[DEBUG] Twilio Account SID: ACc0...e80a

Mensagem enviada para whatsapp:+5519991133269:
Creatina Ultra 300g Pote - FTW
Message SID Twilio: SM93d78be458e8c7fe5ca4d3aaead653ec

Mensagem enviada para whatsapp:+5519991133269:
Pack 2 Suplementos em Pó Universal Creatine Monohydrate em Pote de 200g Cada
Message SID Twilio: SM11472bed1daedfbe8967d34983c786f8

Mensagem enviada para whatsapp:+5519991133269:
Creatina Monohidratada Pura 1kg Dark Lab Unidade Sem sabor
Message SID Twilio: SM7498be001437b1238ed38ecd1c1cff47

Mensagem enviada para whatsapp:+5519991133269:
Whey Protein Concentrado 1kg Growth Supplements - Milkshake de Chocolate
Message SID Twilio: SM61a93e098f8b4f1eebe1fa656e1de619

4 oferta(s) processada(s) e salva(s).

=== Fim da execucao: 2026-06-25T19:23:14 ===
