=== Inicio da execucao: 2026-06-23T17:35:36 ===
Args: --produto-por-html --url-produto https://lista.mercadolivre.com.br/saude/suplementos-alimentares/growth-supplements/whey_Discount_5-100_NoIndex_True#applied_filter_id%3Ddiscount%26applied_filter_name%3DDescontos%26applied_filter_order%3D7%26applied_value_id%3D5-100%26applied_value_name%3DMais+de+5%25+OFF%26applied_value_order%3D1%26applied_value_results%3D92%26is_custom%3Dfalse --desconto-minimo 10 --limite-candidatos 3 --modalidade-execucao campanha

[MODO_ATIVO] PRODUTO_ONDEMAND_HOME_PESQUISA

Modo procurar produto ativado (pesquisa pela home do Mercado Livre).

[LINK_BASE_1] Processando listagem direta: https://lista.mercadolivre.com.br/saude/suplementos-alimentares/growth-supplements/whey_Discount_5-100_NoIndex_True#applied_filter_id%3Ddiscount%26applied_filter_name%3DDescontos%26applied_filter_order%3D7%26applied_value_id%3D5-100%26applied_value_name%3DMais+de+5%25+OFF%26applied_value_order%3D1%26applied_value_results%3D92%26is_custom%3Dfalse
[LINK_BASE_1] Carregando em blocos de 3 páginas até encontrar candidatos válidos

[BLOCO_1] Carregando páginas 1 a 3 do Link 1
[LISTAGEM_DIRETA] Link 1 - página 1: https://lista.mercadolivre.com.br/saude/suplementos-alimentares/growth-supplements/whey_Discount_5-100_NoIndex_True#applied_filter_id%3Ddiscount%26applied_filter_name%3DDescontos%26applied_filter_order%3D7%26applied_value_id%3D5-100%26applied_value_name%3DMais+de+5%25+OFF%26applied_value_order%3D1%26applied_value_results%3D92%26is_custom%3Dfalse
✓ Link de afiliado: https://meli.la/17GJyv7
✓ Link de afiliado: https://meli.la/17GJyv7
✓ Link de afiliado: https://meli.la/1etCqBv
[BLOCO_1] Resultado: 3 candidato(s) coletado(s), 3 válido(s) enriquecido(s). Total: 3/3

Histórico relâmpago atualizado em: C:\Users\Lucas Bianco\Desktop\Projetos Dev\Promos\ofertas_relampago\Historico de anuncios\lista_anuncios.txt

Saida consolidada por modalidade atualizada em: C:\Users\Lucas Bianco\Desktop\Projetos Dev\Promos\saidas_execucoes\Campanha\lista_anuncios.txt

[DEBUG] Twilio Account SID: ACc0...e80a

Mensagem enviada para whatsapp:+5519991133269:
Daily Whey Protein 800g Growth Supplements
Message SID Twilio: SM937fa8faff0649954e3de8532758b80d

Mensagem enviada para whatsapp:+5519991133269:
Daily Whey Protein 800g Growth Supplements
Message SID Twilio: SM949efbf7513427a5929ed00c3ea12558

Mensagem enviada para whatsapp:+5519991133269:
Whey Protein Concentrado Growth 1kg
Message SID Twilio: SM2e86454bd249b3184e6dc8c3e7b4f508

3 oferta(s) processada(s) e salva(s).

=== Fim da execucao: 2026-06-23T17:36:28 ===
