=== Inicio da execucao: 2026-07-20T19:21:32 ===
Args: --produto-por-html --fonte mercadolivre --url-produto https://lista.mercadolivre.com.br/_Container_pet-cpg-areia-e-higiene-query?forceContainer=true#c_container_id=MLB1328170-1&c_id=%2Fsplinter%2Fspecial-withoutlabel&c_element_order=2&c_campaign=gato-areia-higiene&c_label=%2Fsplinter%2Fspecial-withoutlabel&c_uid=1f172aa4-836a-11f1-af20-f3e7841ca6f0&c_element_id=1f172aa4-836a-11f1-af20-f3e7841ca6f0&c_content_origin=splinter-default&c_content_type=default&c_global_position=5&deal_print_id=1eef3040-836a-11f1-a918-0dc5491cce4b&c_tracking_id=1eef3040-836a-11f1-a918-0dc5491cce4b --desconto-minimo 10 --limite-candidatos 3 --modalidade-execucao campanha

[MODO_ATIVO] PRODUTO_ONDEMAND_HOME_PESQUISA

Modo procurar produto ativado (pesquisa pela home do Mercado Livre).

[LINK_BASE_1] Processando listagem direta: https://lista.mercadolivre.com.br/_Container_pet-cpg-areia-e-higiene-query?forceContainer=true#c_container_id=MLB1328170-1&c_id=%2Fsplinter%2Fspecial-withoutlabel&c_element_order=2&c_campaign=gato-areia-higiene&c_label=%2Fsplinter%2Fspecial-withoutlabel&c_uid=1f172aa4-836a-11f1-af20-f3e7841ca6f0&c_element_id=1f172aa4-836a-11f1-af20-f3e7841ca6f0&c_content_origin=splinter-default&c_content_type=default&c_global_position=5&deal_print_id=1eef3040-836a-11f1-a918-0dc5491cce4b&c_tracking_id=1eef3040-836a-11f1-a918-0dc5491cce4b
[LINK_BASE_1] Carregando em blocos de 3 páginas até encontrar candidatos válidos

[BLOCO_1] Carregando páginas 1 a 3 do Link 1
[LISTAGEM_DIRETA] Link 1 - página 1: https://lista.mercadolivre.com.br/_Container_pet-cpg-areia-e-higiene-query?forceContainer=true#c_container_id=MLB1328170-1&c_id=%2Fsplinter%2Fspecial-withoutlabel&c_element_order=2&c_campaign=gato-areia-higiene&c_label=%2Fsplinter%2Fspecial-withoutlabel&c_uid=1f172aa4-836a-11f1-af20-f3e7841ca6f0&c_element_id=1f172aa4-836a-11f1-af20-f3e7841ca6f0&c_content_origin=splinter-default&c_content_type=default&c_global_position=5&deal_print_id=1eef3040-836a-11f1-a918-0dc5491cce4b&c_tracking_id=1eef3040-836a-11f1-a918-0dc5491cce4b
✓ Link de afiliado: https://meli.la/1QVgFqU
✓ Link de afiliado: https://meli.la/1z9evgG
✓ Link de afiliado: https://meli.la/1qL2fKt
[BLOCO_1] Resultado: 3 candidato(s) coletado(s), 3 válido(s) enriquecido(s). Total: 3/3

Histórico relâmpago atualizado em: C:\Users\Lucas Bianco\Desktop\Projetos Dev\Promos\ofertas_relampago\Historico de anuncios\lista_anuncios.txt
✅ 3 imagem(ns) principal(is) salvas em anuncios: C:\Users\Lucas Bianco\Desktop\Projetos Dev\Promos\dist-interface\instagram_anuncios
✅ JSON de busca de produto salvo em: C:\Users\Lucas Bianco\Desktop\Projetos Dev\Promos\ofertas_afiliados\Historico de anuncios\ofertas_20260720_192212.json

Saida consolidada por modalidade atualizada em: C:\Users\Lucas Bianco\Desktop\Projetos Dev\Promos\saidas_execucoes\Campanha\lista_anuncios.txt
Saida JSON campanha salva em: C:\Users\Lucas Bianco\Desktop\Projetos Dev\Promos\saidas_execucoes\Campanha\ofertas_20260720_192212.json

[DEBUG] Twilio Account SID: ACc0...e80a

Mensagem enviada para whatsapp:+5519991133269:
Areia Higiênica para Gatos 100% Mandioca Natural Biodegradável Torrão Instantâneo Alta Absorção Controle de Odor Baixa Poeira Ecológica Descarte Fácil 4kg - Good Vision
Message SID Twilio: SMcb3ed1e4ea6ac8916a6eb2f4cd8f5d1a

Mensagem enviada para whatsapp:+5519991133269:
Areia Sanitária Kadi 4kg Grãos Finos Biodegradável Gatos, aquela areia que vira torroes
Message SID Twilio: SMf4e56def18a50dbbb903dec7ce666826

Mensagem enviada para whatsapp:+5519991133269:
Areia Higiênica Biodegradável 4kg EcoMia 100% Natural Sustentável Para Gatos Sem Levantar Poeira Zero Odor Grãos Finos Torrões Firmes Feita de Mandioca
Message SID Twilio: SM22ef6791a0943370b15e7a600a843755

3 oferta(s) processada(s) e salva(s).

=== Fim da execucao: 2026-07-20T19:22:24 ===
