=== Inicio da execucao: 2026-07-07T20:20:04 ===
Args: --produto-por-html --limite-candidatos 5 --url-produto https://lista.mercadolivre.com.br/_Container_13900968?coupon_campaign_id=13900968&recos_ids=MLB3422011183,MLB3852025225,MLB3527439901,MLB4281183597,MLB1,MLB2,MLB3,MLB4 --pasta-saida C:/Users/Lucas Bianco/Downloads --modalidade-execucao ondemand

[MODO_ATIVO] PRODUTO_ONDEMAND_HOME_PESQUISA

Modo procurar produto ativado (pesquisa pela home do Mercado Livre).

[LINK_BASE_1] Processando listagem direta: https://lista.mercadolivre.com.br/_Container_13900968?coupon_campaign_id=13900968&recos_ids=MLB3422011183,MLB3852025225,MLB3527439901,MLB4281183597,MLB1,MLB2,MLB3,MLB4
[LINK_BASE_1] Carregando em blocos de 3 páginas até encontrar candidatos válidos

[BLOCO_1] Carregando páginas 1 a 3 do Link 1
[LISTAGEM_DIRETA] Link 1 - página 1: https://lista.mercadolivre.com.br/_Container_13900968?coupon_campaign_id=13900968&recos_ids=MLB3422011183,MLB3852025225,MLB3527439901,MLB4281183597,MLB1,MLB2,MLB3,MLB4
✓ Link de afiliado: https://meli.la/18E3N6b
✓ Link de afiliado: https://meli.la/195vTEB
✓ Link de afiliado: https://meli.la/32GZhG4
✓ Link de afiliado: https://meli.la/2xH1hBv
✓ Link de afiliado: https://meli.la/2AGmoFh
[BLOCO_1] Resultado: 5 candidato(s) coletado(s), 5 válido(s) enriquecido(s). Total: 5/5

Histórico relâmpago atualizado em: C:/Users/Lucas Bianco/Downloads\lista_anuncios.txt

Saida consolidada por modalidade atualizada em: C:\Users\Lucas Bianco\Desktop\Projetos Dev\Promos\saidas_execucoes\OnDemand\lista_anuncios.txt

[DEBUG] Twilio Account SID: ACc0...e80a

Mensagem enviada para whatsapp:+5519991133269:
Desodorizador de Vaso Sanitario Pato Caixa Acoplada Marine Leve 3 Pague 2 40g
Message SID Twilio: SM4d5d82f2c9cc2c19b559bb8a63f7136a

Mensagem enviada para whatsapp:+5519991133269:
Kit Aromatizador De Ambiente Lavanda Baunilha 2 Un. Glade
Message SID Twilio: SMad7acb2cb95ff7b60bcd74ab438a9153

Mensagem enviada para whatsapp:+5519991133269:
Desinfetante Lysoform Líquido Original Limpeza Pesada e Eficiente 4 Unidades de 1L Cada
Message SID Twilio: SMfc1073ff3cc65e66cc65c53c699befe3

Mensagem enviada para whatsapp:+5519991133269:
Desinfetante 5L Lysoform Líquido Lavanda Desinfetante Casa para Limpeza Pesada
Message SID Twilio: SM15064c40af836cfd48069eb1b4050724

Mensagem enviada para whatsapp:+5519991133269:
Cera Líquida Bravo Classic Incolor Galão 5 Litros
Message SID Twilio: SM1a9f928db435c6b0d4e9c7f932bccb14

5 oferta(s) processada(s) e salva(s).

=== Fim da execucao: 2026-07-07T20:21:23 ===
