=== Inicio da execucao: 2026-07-19T09:16:17 ===
Args: --produto-por-html --fonte mercadolivre --url-produto https://lista.mercadolivre.com.br/_Container_pet-cpg-areia-e-higiene-query?forceContainer=true#c_container_id=MLB1328170-1&c_id=%2Fsplinter%2Fspecial-withoutlabel&c_element_order=2&c_campaign=gato-areia-higiene&c_label=%2Fsplinter%2Fspecial-withoutlabel&c_uid=1f172aa4-836a-11f1-af20-f3e7841ca6f0&c_element_id=1f172aa4-836a-11f1-af20-f3e7841ca6f0&c_content_origin=splinter-default&c_content_type=default&c_global_position=5&deal_print_id=1eef3040-836a-11f1-a918-0dc5491cce4b&c_tracking_id=1eef3040-836a-11f1-a918-0dc5491cce4b --desconto-minimo 10 --limite-candidatos 3 --modalidade-execucao campanha

[MODO_ATIVO] PRODUTO_ONDEMAND_HOME_PESQUISA

Modo procurar produto ativado (pesquisa pela home do Mercado Livre).

[LINK_BASE_1] Processando listagem direta: https://lista.mercadolivre.com.br/_Container_pet-cpg-areia-e-higiene-query?forceContainer=true#c_container_id=MLB1328170-1&c_id=%2Fsplinter%2Fspecial-withoutlabel&c_element_order=2&c_campaign=gato-areia-higiene&c_label=%2Fsplinter%2Fspecial-withoutlabel&c_uid=1f172aa4-836a-11f1-af20-f3e7841ca6f0&c_element_id=1f172aa4-836a-11f1-af20-f3e7841ca6f0&c_content_origin=splinter-default&c_content_type=default&c_global_position=5&deal_print_id=1eef3040-836a-11f1-a918-0dc5491cce4b&c_tracking_id=1eef3040-836a-11f1-a918-0dc5491cce4b
[LINK_BASE_1] Carregando em blocos de 3 páginas até encontrar candidatos válidos

[BLOCO_1] Carregando páginas 1 a 3 do Link 1
[LISTAGEM_DIRETA] Link 1 - página 1: https://lista.mercadolivre.com.br/_Container_pet-cpg-areia-e-higiene-query?forceContainer=true#c_container_id=MLB1328170-1&c_id=%2Fsplinter%2Fspecial-withoutlabel&c_element_order=2&c_campaign=gato-areia-higiene&c_label=%2Fsplinter%2Fspecial-withoutlabel&c_uid=1f172aa4-836a-11f1-af20-f3e7841ca6f0&c_element_id=1f172aa4-836a-11f1-af20-f3e7841ca6f0&c_content_origin=splinter-default&c_content_type=default&c_global_position=5&deal_print_id=1eef3040-836a-11f1-a918-0dc5491cce4b&c_tracking_id=1eef3040-836a-11f1-a918-0dc5491cce4b
✓ Link de afiliado: https://meli.la/2yvCD5H
✓ Link de afiliado: https://meli.la/19nBA6A
✓ Link de afiliado: https://meli.la/24SQHDe
[BLOCO_1] Resultado: 3 candidato(s) coletado(s), 3 válido(s) enriquecido(s). Total: 3/3

Histórico relâmpago atualizado em: C:\Users\Lucas Bianco\Desktop\Projetos Dev\Promos\ofertas_relampago\Historico de anuncios\lista_anuncios.txt

Saida consolidada por modalidade atualizada em: C:\Users\Lucas Bianco\Desktop\Projetos Dev\Promos\saidas_execucoes\Campanha\lista_anuncios.txt

[DEBUG] Twilio Account SID: ACc0...e80a

Mensagem enviada para whatsapp:+5519991133269:
Granulado Higiênico Cats Best Para Gatos Smart Pellet - 10kg
Message SID Twilio: SMb9bfb95a33d06f3d952012677d994647

Mensagem enviada para whatsapp:+5519991133269:
Caixa Areia Inteligente Autolimpante Premium Para Gatos 65l
Message SID Twilio: SM57f3e3704e982740ba1e9ea4e383a94e

Mensagem enviada para whatsapp:+5519991133269:
Caixa De Areia Automática Inteligente Wifi 75l Gatos App Cinza E Branco
Message SID Twilio: SM4cd4b5f6b647415b34be1ff00165a65c

3 oferta(s) processada(s) e salva(s).

=== Fim da execucao: 2026-07-19T09:17:09 ===
