=== Inicio da execucao: 2026-06-25T19:19:07 ===
Args: --produto-por-html --url-produto https://lista.mercadolivre.com.br/cerveja-long-necj#D[A:cerveja%20long%20necj] --desconto-minimo 30 --limite-candidatos 4 --modalidade-execucao campanha

[MODO_ATIVO] PRODUTO_ONDEMAND_HOME_PESQUISA

Modo procurar produto ativado (pesquisa pela home do Mercado Livre).

[LINK_BASE_1] Processando listagem direta: https://lista.mercadolivre.com.br/cerveja-long-necj#D[A:cerveja%20long%20necj]
[LINK_BASE_1] Carregando em blocos de 3 páginas até encontrar candidatos válidos

[BLOCO_1] Carregando páginas 1 a 3 do Link 1
[LISTAGEM_DIRETA] Link 1 - página 1: https://lista.mercadolivre.com.br/cerveja-long-necj#D[A:cerveja%20long%20necj]
✓ Link de afiliado: https://meli.la/31ETDrg
✓ Link de afiliado: https://meli.la/11Jpvxn
✓ Link de afiliado: https://meli.la/19ixze1
✓ Link de afiliado: https://meli.la/14s1yGh
[BLOCO_1] Resultado: 4 candidato(s) coletado(s), 4 válido(s) enriquecido(s). Total: 4/4

Histórico relâmpago atualizado em: C:\Users\Lucas Bianco\Desktop\Projetos Dev\Promos\ofertas_relampago\Historico de anuncios\lista_anuncios.txt

Saida consolidada por modalidade atualizada em: C:\Users\Lucas Bianco\Desktop\Projetos Dev\Promos\saidas_execucoes\Campanha\lista_anuncios.txt

[DEBUG] Twilio Account SID: ACc0...e80a

Mensagem enviada para whatsapp:+5519991133269:
Cerveja Corona Extra Lata 350ml - Pack 8 Unidades
Message SID Twilio: SM8a5ff81eff0e8d07aaeebbe1e9d50e25

Mensagem enviada para whatsapp:+5519991133269:
Cerveja Praya Lager 330ml sem glúten Pack 6 Unidades
Message SID Twilio: SM5afb60a2944c00cdaecba41cf61b20e0

Mensagem enviada para whatsapp:+5519991133269:
Cerveja Corona Zero Sunbrew 330ml Long Neck - 6 Unidades
Message SID Twilio: SM614804f1599c074df54e0ec709fb99b3

Mensagem enviada para whatsapp:+5519991133269:
Cerveja Cusqueña Dark Lager Importada Long Neck 330ml 24un
Message SID Twilio: SMee63104d9e93ac9abafde2911021d69b

4 oferta(s) processada(s) e salva(s).

=== Fim da execucao: 2026-06-25T19:20:10 ===
