=== Inicio da execucao: 2026-07-14T20:15:29 ===
Args: --produto-por-html --desconto-minimo 20 --limite-candidatos 10 --url-produto https://lista.mercadolivre.com.br/itens-para-casa?sb=all_mercadolibre#D[A:itens%20para%20casa] --pasta-saida C:/Users/Lucas Bianco/Downloads --modalidade-execucao ondemand

[MODO_ATIVO] PRODUTO_ONDEMAND_HOME_PESQUISA

Modo procurar produto ativado (pesquisa pela home do Mercado Livre).

[LINK_BASE_1] Processando listagem direta: https://lista.mercadolivre.com.br/itens-para-casa?sb=all_mercadolibre#D[A:itens%20para%20casa]
[LINK_BASE_1] Carregando em blocos de 3 páginas até encontrar candidatos válidos

[BLOCO_1] Carregando páginas 1 a 3 do Link 1
[LISTAGEM_DIRETA] Link 1 - página 1: https://lista.mercadolivre.com.br/itens-para-casa?sb=all_mercadolibre#D[A:itens%20para%20casa]
✓ Link de afiliado: https://meli.la/2bKR4T8
✓ Link de afiliado: https://meli.la/1Piixsp
✓ Link de afiliado: https://meli.la/17qMLq1
✓ Link de afiliado: https://meli.la/2YrwA9m
✓ Link de afiliado: https://meli.la/1wPKdhi
✓ Link de afiliado: https://meli.la/1Wq8Rqs
✓ Link de afiliado: https://meli.la/2aWP3MK
✓ Link de afiliado: https://meli.la/2macSXY
✓ Link de afiliado: https://meli.la/2aSBJE3
✓ Link de afiliado: https://meli.la/1KQBjDY
[BLOCO_1] Resultado: 10 candidato(s) coletado(s), 10 válido(s) enriquecido(s). Total: 10/10

Histórico relâmpago atualizado em: C:/Users/Lucas Bianco/Downloads\lista_anuncios.txt

Saida consolidada por modalidade atualizada em: C:\Users\Lucas Bianco\Desktop\Projetos Dev\Promos\saidas_execucoes\OnDemand\lista_anuncios.txt

[DEBUG] Twilio Account SID: ACc0...e80a

Mensagem enviada para whatsapp:+5519991133269:
Organizador De Gavetas 7 Divisórias Para Roupas E Lingerie
Message SID Twilio: SMb3d03bbdbaeb671a04421d12e167dbd3

Mensagem enviada para whatsapp:+5519991133269:
Kit 10 Potes Organizador Com Jarra 11 Peças Cozinha Marmita
Message SID Twilio: SM550fb19310df6fb2f8372d9755b695d8

Mensagem enviada para whatsapp:+5519991133269:
2 Prateleira 40x20 Mdf Branco C/suporte Cozinha Quarto Sala Branco
Message SID Twilio: SM914ff35432b00e906be74a188529ac19

Mensagem enviada para whatsapp:+5519991133269:
Kit Acessórios Para Banheiro Preto Fosco 5 Peças
Message SID Twilio: SM66c0e061574f2c26f630fc7ef4419b48

Mensagem enviada para whatsapp:+5519991133269:
Kit De Acessórios Para Banheiro Preto 6 Itens
Message SID Twilio: SM07c1a6317523f912ec34dc071c3a0c6d

Mensagem enviada para whatsapp:+5519991133269:
Kit De Acessórios Para Banheiro Preto 5 Itens Maxx
Message SID Twilio: SM5cb97d6719523e644bd770b56e341726

Mensagem enviada para whatsapp:+5519991133269:
Kit De Acessórios Para Banheiro Preto 6 Itens Maxx
Message SID Twilio: SM999d227891f9daacf89ffe6a2bf7e12e

Mensagem enviada para whatsapp:+5519991133269:
Estante Multiuso 5 Prateleiras Casa Escritório Cozinha
Message SID Twilio: SMed933c57cf90b2254a7b238fdcf38c79

Mensagem enviada para whatsapp:+5519991133269:
Estante Multiuso 5 Prateleiras Organizador P Diversos Itens
Message SID Twilio: SMbc6f43421c547a44c4382e84404989b5

Mensagem enviada para whatsapp:+5519991133269:
Kit Acessorio Banheiro Inox E Cromado 6 Peças Max
Message SID Twilio: SM78c1554ddc02713cf976355771aa0331

10 oferta(s) processada(s) e salva(s).

=== Fim da execucao: 2026-07-14T20:17:55 ===
