=== Inicio da execucao: 2026-07-14T20:00:42 ===
Args: --produto-por-html --url-produto https://lista.mercadolivre.com.br/suplementos#D[A:suplementos] --descricao-produto Creatina --desconto-minimo 30 --limite-candidatos 4 --modalidade-execucao campanha

[MODO_ATIVO] PRODUTO_ONDEMAND_HOME_PESQUISA

Modo procurar produto ativado (pesquisa pela home do Mercado Livre).

[LINK_BASE_1] Processando listagem direta: https://lista.mercadolivre.com.br/suplementos#D[A:suplementos]
[LINK_BASE_1] Carregando em blocos de 3 páginas até encontrar candidatos válidos

[BLOCO_1] Carregando páginas 1 a 3 do Link 1
[LISTAGEM_DIRETA] Link 1 - página 1: https://lista.mercadolivre.com.br/suplementos#D[A:suplementos]
✓ Link de afiliado: https://meli.la/1iqxLxo
✓ Link de afiliado: https://meli.la/13oSA2i
✓ Link de afiliado: https://meli.la/13oSA2i
✓ Link de afiliado: https://meli.la/1ttdWkk
[BLOCO_1] Resultado: 4 candidato(s) coletado(s), 4 válido(s) enriquecido(s). Total: 4/4

Histórico relâmpago atualizado em: C:\Users\Lucas Bianco\Desktop\Projetos Dev\Promos\ofertas_relampago\Historico de anuncios\lista_anuncios.txt

Saida consolidada por modalidade atualizada em: C:\Users\Lucas Bianco\Desktop\Projetos Dev\Promos\saidas_execucoes\Campanha\lista_anuncios.txt

[DEBUG] Twilio Account SID: ACc0...e80a

Mensagem enviada para whatsapp:+5519991133269:
Creatina Hardcore 100% Pura 120 Capsulas Energia e Força - Integralmedica
Message SID Twilio: SM9ef94aa9a47e73a29467080b507f2ed4

Mensagem enviada para whatsapp:+5519991133269:
Creatina 1kg Suplemento Monohidratada em pó 100% Pura - Soldiers Nutrition
Message SID Twilio: SMd9bcfa6b2b8efcac6e722cb9214ec891

Mensagem enviada para whatsapp:+5519991133269:
Creatina 1kg Suplemento Monohidratada em pó 100% Pura - Soldiers Nutrition
Message SID Twilio: SM7dc863f8685856fcc0d94651e3d24cc6

Mensagem enviada para whatsapp:+5519991133269:
Kit 2x Creatina 300g Creatina Monohidratada Max Titanium Sem Sabor Alta Pureza
Message SID Twilio: SM36b3cc8fa00b89c7aebb4c4c1464d290

4 oferta(s) processada(s) e salva(s).

=== Fim da execucao: 2026-07-14T20:01:49 ===
