=== Inicio da execucao: 2026-07-13T20:04:25 ===
Args: --produto-por-html --descricao-produto estação de carregamento sem fio --desconto-minimo 20 --limite-candidatos 3 --pasta-saida C:/Users/Lucas Bianco/Downloads --modalidade-execucao ondemand

[MODO_ATIVO] PRODUTO_ONDEMAND_HOME_PESQUISA

Modo procurar produto ativado (pesquisa pela home do Mercado Livre).

[BLOCO_GENERICA_1] Carregando páginas 1 a 3
[BLOCO_GENERICA_1] Página 1: https://lista.mercadolivre.com.br/esta%C3%A7%C3%A3o-de-carregamento-sem-fio
[BLOCO_GENERICA_1] Resultado: 3 candidato(s) coletado(s). Total: 3
✓ Link de afiliado: https://meli.la/1VtFjS4
✓ Link de afiliado: https://meli.la/18s6ToY
✓ Link de afiliado: https://meli.la/2M6MKDU

Histórico relâmpago atualizado em: C:/Users/Lucas Bianco/Downloads\lista_anuncios.txt

Saida consolidada por modalidade atualizada em: C:\Users\Lucas Bianco\Desktop\Projetos Dev\Promos\saidas_execucoes\OnDemand\lista_anuncios.txt

[DEBUG] Twilio Account SID: ACc0...e80a

Mensagem enviada para whatsapp:+5519991133269:
SwanScout 702A - Estação de Carregamento Sem Fio Portátil 3 em 1 para Apple, Compatível com iPhone 17/16/15/14/13/12/11, Apple Watch Ultra 2/Ultra/9/8/7/6/5/SE e AirPods Pro 2/Pro/3/2
Message SID Twilio: SM49d8bd788e49f4cff753c4b7ba5ec0bf

Mensagem enviada para whatsapp:+5519991133269:
Estação de Carregamento sem Fio SwanScout 707S 3 em 1 para Samsung Galaxy
Message SID Twilio: SM8b32141d963ddc93da074abe589473c6

Mensagem enviada para whatsapp:+5519991133269:
SwanScout 708M - Estação de Carregamento Sem Fio Magnética Dobrável 3 em 1 para MagSafe, compatível com iPhone 17/16/15/Air, Apple Watch Ultra 3/11/10/9/8/SE 3 e AirPods Pro 4/Pro 3/Pro 2/4/3/2
Message SID Twilio: SMa25a59331b49bf008656b946eee6b6a3

3 oferta(s) processada(s) e salva(s).

=== Fim da execucao: 2026-07-13T20:05:21 ===
