=== Inicio da execucao: 2026-07-13T20:29:12 ===
Args: --somente-relampago --desconto-minimo 50 --limite-candidatos 5 --pasta-saida C:/Users/Lucas Bianco/Downloads --modalidade-execucao ondemand

[MODO_ATIVO] FLUXO_HUB_AFILIADOS_LEGADO

Mercado Livre ja esta autenticado.

Modo somente ofertas relâmpago ativado. Fluxo do hub/Twilio foi ignorado.
Limpeza de HTML relâmpago: 4 arquivo(s) antigo(s) removido(s).

Navegando para ofertas relâmpago:
https://www.mercadolivre.com.br/ofertas?promotion_type=lightning#filter_applied=promotion_type&filter_position=3&origin=qcat
HTML salvo em: C:\Users\Lucas Bianco\Desktop\Projetos Dev\Promos\ofertas_relampago\html\html_relampago_20260713_202937_086271_01.txt
Modo sem parametros detectado: usando apenas o primeiro HTML de ofertas relampago.

Analisando HTML de: C:\Users\Lucas Bianco\Desktop\Projetos Dev\Promos\ofertas_relampago\html\html_relampago_20260713_202937_086271_01.txt
11 oferta(s) com 50% ou mais de desconto extraída(s) do JSON.
Paginação parametrizada limitada a 25 página(s) (detecção original: 227 página(s)).
HTML consolidado salvo em: C:\Users\Lucas Bianco\Desktop\Projetos Dev\Promos\ofertas_relampago\html\html_relampago_consolidado_20260713_202937.txt
Usando link direto extraído do HTML para obter link de afiliado.
✓ Link de afiliado: https://meli.la/2VA2yLB
Usando link direto extraído do HTML para obter link de afiliado.
✓ Link de afiliado: https://meli.la/21vyPtd
Usando link direto extraído do HTML para obter link de afiliado.
✓ Link de afiliado: https://meli.la/1TFdHrb
Usando link direto extraído do HTML para obter link de afiliado.
✓ Link de afiliado: https://meli.la/1jzzSDf
Usando link direto extraído do HTML para obter link de afiliado.
✓ Link de afiliado: https://meli.la/2DAzqko
Metadados salvos em: C:\Users\Lucas Bianco\Desktop\Projetos Dev\Promos\metadados_coleta\metadados_relampago_exec_0060_20260713_203023.json

Histórico relâmpago atualizado em: C:/Users/Lucas Bianco/Downloads\lista_anuncios.txt

Saida consolidada por modalidade atualizada em: C:\Users\Lucas Bianco\Desktop\Projetos Dev\Promos\saidas_execucoes\OnDemand\lista_anuncios.txt

[DEBUG] Twilio Account SID: ACc0...e80a

Mensagem enviada para whatsapp:+5519991133269:
Carregador Fonte iPhone Original 20w Apple Tipo C Turbo Branco
Message SID Twilio: SM85dcc70723d7d94f32061ed470f27912

Mensagem enviada para whatsapp:+5519991133269:
Omega Plus 240 Caps Dark Lab
Message SID Twilio: SM71de558bbbf746da50a1350f5588042a

Mensagem enviada para whatsapp:+5519991133269:
Aspirador de pó robô PAS26P mop antiqueda Philco cor preto
Message SID Twilio: SM4cd0c3fbf1777b6f78d1b0e3b2642724

Mensagem enviada para whatsapp:+5519991133269:
Jaqueta Feminina Puffer Impermeável Capuz Inverno Frio Preto M(38/40)
Message SID Twilio: SM088e1f8acd6ededba9722166bcf1737b

Mensagem enviada para whatsapp:+5519991133269:
Mochila jiesipote À Prova D'água Reforçada Expansível Cor Preto
Message SID Twilio: SM275d29ded00ec9e63c328779d9fb6122

5 oferta(s) relâmpago processada(s) e salvas.

Envio pelo WhatsApp finalizado com sucesso!

=== Fim da execucao: 2026-07-13T20:30:45 ===
