=== Inicio da execucao: 2026-07-14T20:09:41 ===
Args: --produto-por-html --desconto-minimo 30 --limite-candidatos 7 --url-produto https://lista.mercadolivre.com.br/maquina-waffle?sb=all_mercadolibre#D[A:maquina%20waffle] --pasta-saida C:/Users/Lucas Bianco/Downloads --modalidade-execucao ondemand

[MODO_ATIVO] PRODUTO_ONDEMAND_HOME_PESQUISA

Modo procurar produto ativado (pesquisa pela home do Mercado Livre).

[LINK_BASE_1] Processando listagem direta: https://lista.mercadolivre.com.br/maquina-waffle?sb=all_mercadolibre#D[A:maquina%20waffle]
[LINK_BASE_1] Carregando em blocos de 3 páginas até encontrar candidatos válidos

[BLOCO_1] Carregando páginas 1 a 3 do Link 1
[LISTAGEM_DIRETA] Link 1 - página 1: https://lista.mercadolivre.com.br/maquina-waffle?sb=all_mercadolibre#D[A:maquina%20waffle]
✓ Link de afiliado: https://meli.la/1FnvrVu
✓ Link de afiliado: https://meli.la/1w4QC5a
✓ Link de afiliado: https://meli.la/1hZV3Eh
✓ Link de afiliado: https://meli.la/2h86m2q
✓ Link de afiliado: https://meli.la/2Po9DaF
✓ Link de afiliado: https://meli.la/1agRjqs
✓ Link de afiliado: https://meli.la/2caCbe7
[BLOCO_1] Resultado: 7 candidato(s) coletado(s), 7 válido(s) enriquecido(s). Total: 7/7

Histórico relâmpago atualizado em: C:/Users/Lucas Bianco/Downloads\lista_anuncios.txt

Saida consolidada por modalidade atualizada em: C:\Users\Lucas Bianco\Desktop\Projetos Dev\Promos\saidas_execucoes\OnDemand\lista_anuncios.txt

[DEBUG] Twilio Account SID: ACc0...e80a

Mensagem enviada para whatsapp:+5519991133269:
Mini Máquina De Fazer Waffle Panqueca Elétrica Portátil 110v
Message SID Twilio: SM6b9edfcd4ea48a241a3e167324f28b76

Mensagem enviada para whatsapp:+5519991133269:
Máquinas De Waffles Waffle Mini 4 Polegadas 120v
Message SID Twilio: SM4b053796617c869954d90ce45f3bfaf7

Mensagem enviada para whatsapp:+5519991133269:
Máquina Fazer Waffles Mini Grill Panqueca Elétrica 220v
Message SID Twilio: SMb8a6732f0129bf8719bc01990be08fac

Mensagem enviada para whatsapp:+5519991133269:
Waffleira Elétrica Tomate para Waffles Rápidos e Fáceis
Message SID Twilio: SM0c460e1927e555f5b77e35c12eb7c2f3

Mensagem enviada para whatsapp:+5519991133269:
Waffle Maker, Mondial, 1200W - GW-01
Message SID Twilio: SM0baceab3a3832fc462c68839edf3f79b

Mensagem enviada para whatsapp:+5519991133269:
Máquina De Waffle Crownful Wm05 Com Placas Removíveis E Superfície Antiaderente, Preta
Message SID Twilio: SMafa9c50e83a69231f8f25b032b165e8d

Mensagem enviada para whatsapp:+5519991133269:
Waffle Maker Philco 5 Temperaturas 4 Waffles Pwm04a Cor Preto
Message SID Twilio: SM1f34fa80158a96ed06d3c421413c9189

7 oferta(s) processada(s) e salva(s).

=== Fim da execucao: 2026-07-14T20:11:34 ===
