=== Inicio da execucao: 2026-07-18T11:46:59 ===
Args: --produto-por-html --fonte mercadolivre --url-produto https://lista.mercadolivre.com.br/bebes/higiene-cuidados-bebe/fraldas/descartaveis/mais-de-60-unidades/fralda_NoIndex_True#applied_filter_id%3DUNITS_PER_PACKAGE%26applied_filter_name%3DUnidades+por+embalagem%26applied_filter_order%3D7%26applied_value_id%3D%5B60-*%29%26applied_value_name%3D60+unidades+ou+mais%26applied_value_order%3D3%26applied_value_results%3D2514%26is_custom%3Dfalse --preco-minimo 60.0 --preco-maximo 160.0 --desconto-minimo 20 --limite-candidatos 5 --modalidade-execucao campanha

[MODO_ATIVO] PRODUTO_ONDEMAND_HOME_PESQUISA

Modo procurar produto ativado (pesquisa pela home do Mercado Livre).

[LINK_BASE_1] Processando listagem direta: https://lista.mercadolivre.com.br/bebes/higiene-cuidados-bebe/fraldas/descartaveis/mais-de-60-unidades/fralda_NoIndex_True#applied_filter_id%3DUNITS_PER_PACKAGE%26applied_filter_name%3DUnidades+por+embalagem%26applied_filter_order%3D7%26applied_value_id%3D%5B60-*%29%26applied_value_name%3D60+unidades+ou+mais%26applied_value_order%3D3%26applied_value_results%3D2514%26is_custom%3Dfalse
[LINK_BASE_1] Carregando em blocos de 3 páginas até encontrar candidatos válidos

[BLOCO_1] Carregando páginas 1 a 3 do Link 1
[LISTAGEM_DIRETA] Link 1 - página 1: https://lista.mercadolivre.com.br/bebes/higiene-cuidados-bebe/fraldas/descartaveis/mais-de-60-unidades/fralda_NoIndex_True#applied_filter_id%3DUNITS_PER_PACKAGE%26applied_filter_name%3DUnidades+por+embalagem%26applied_filter_order%3D7%26applied_value_id%3D%5B60-*%29%26applied_value_name%3D60+unidades+ou+mais%26applied_value_order%3D3%26applied_value_results%3D2514%26is_custom%3Dfalse
✓ Link de afiliado: https://meli.la/1S9ikCr
✓ Link de afiliado: https://meli.la/25FTw8c
✓ Link de afiliado: https://meli.la/14s4hbd
✓ Link de afiliado: https://meli.la/2epG5E9
✓ Link de afiliado: https://meli.la/1pw3qYq
[BLOCO_1] Resultado: 5 candidato(s) coletado(s), 5 válido(s) enriquecido(s). Total: 5/5

Histórico relâmpago atualizado em: C:\Users\Lucas Bianco\Desktop\Projetos Dev\Promos\ofertas_relampago\Historico de anuncios\lista_anuncios.txt

Saida consolidada por modalidade atualizada em: C:\Users\Lucas Bianco\Desktop\Projetos Dev\Promos\saidas_execucoes\Campanha\lista_anuncios.txt

[DEBUG] Twilio Account SID: ACc0...e80a

Mensagem enviada para whatsapp:+5519991133269:
Fralda Pom Pom Protek Proteção de Mãe G com 68 Unidades
Message SID Twilio: SM289db493379edbaa20a4437c2a9eed36

Mensagem enviada para whatsapp:+5519991133269:
Huggies Fralda Pants Roupinha Proteção Acolchoada G - 60 Un
Message SID Twilio: SMb758d79258f231824f2c82dbc39cf25b

Mensagem enviada para whatsapp:+5519991133269:
Huggies Fralda Pants Roupinha Proteção Acolchoada M - 72 Un
Message SID Twilio: SM5b3577a8ed878ad814de59c82a4506f9

Mensagem enviada para whatsapp:+5519991133269:
Fralda descartável Pampers Supersequinha, Tamanho G 80 Unidades
Message SID Twilio: SM2852f655c952f017fe71a3c08ea31a3f

Mensagem enviada para whatsapp:+5519991133269:
Huggies Fralda Descartável Máxima Proteção G - 136 Un Sem Gênero
Message SID Twilio: SM3513fb0d9703c1b844393430f53d6c20

5 oferta(s) processada(s) e salva(s).

=== Fim da execucao: 2026-07-18T11:48:27 ===
