=== Inicio da execucao: 2026-07-23T20:55:51 ===
Args: --somente-relampago --url-relampago https://www.mercadolivre.com.br/ofertas?promotion_type=lightning#filter_applied=promotion_type&filter_position=3&origin=qcat --desconto-minimo 5 --limite-candidatos 10 --pasta-saida C:/Users/Lucas Bianco/Downloads --modalidade-execucao ondemand

[MODO_ATIVO] FLUXO_HUB_AFILIADOS_LEGADO

Mercado Livre ja esta autenticado.

Modo somente ofertas relâmpago ativado. Fluxo do hub/Twilio foi ignorado.
Limpeza de HTML relâmpago: 2 arquivo(s) antigo(s) removido(s).

Navegando para ofertas relâmpago:
https://www.mercadolivre.com.br/ofertas?promotion_type=lightning#filter_applied=promotion_type&filter_position=3&origin=qcat
HTML salvo em: C:\Users\Lucas Bianco\Desktop\Projetos Dev\Promos\ofertas_relampago\html\html_relampago_20260723_205624_372830_01.txt
Modo sem parametros detectado: usando apenas o primeiro HTML de ofertas relampago.

Analisando HTML de: C:\Users\Lucas Bianco\Desktop\Projetos Dev\Promos\ofertas_relampago\html\html_relampago_20260723_205624_372830_01.txt
40 oferta(s) com 5% ou mais de desconto extraída(s) do JSON.
[DESCARTADO - HISTORICO] Anúncio mlb4812130742 marcado como anuncio_inedito=false no histórico.
[DESCARTADO - HISTORICO] Anúncio mlb4718918529 marcado como anuncio_inedito=false no histórico.
[DESCARTADO - HISTORICO] Anúncio mlb3525364839 marcado como anuncio_inedito=false no histórico.
[DESCARTADO - HISTORICO] Anúncio mlb3817089255 marcado como anuncio_inedito=false no histórico.
[DESCARTADO - HISTORICO] Anúncio mlb4790022381 marcado como anuncio_inedito=false no histórico.
[DESCARTADO - HISTORICO] Anúncio mlb5522151066 marcado como anuncio_inedito=false no histórico.
[DESCARTADO - HISTORICO] Anúncio mlb3754624021 marcado como anuncio_inedito=false no histórico.
[DESCARTADO - HISTORICO] Anúncio mlb5270050920 marcado como anuncio_inedito=false no histórico.
[DESCARTADO - HISTORICO] Anúncio mlb5761677016 marcado como anuncio_inedito=false no histórico.
[DESCARTADO - HISTORICO] Anúncio mlb4536789788 marcado como anuncio_inedito=false no histórico.
[DESCARTADO - HISTORICO] Anúncio mlb6130724098 marcado como anuncio_inedito=false no histórico.
[DESCARTADO - HISTORICO] Anúncio mlb4790022385 marcado como anuncio_inedito=false no histórico.
[DESCARTADO - HISTORICO] Anúncio mlb4097828235 marcado como anuncio_inedito=false no histórico.
[DESCARTADO - HISTORICO] Anúncio mlb4097739991 marcado como anuncio_inedito=false no histórico.
[DESCARTADO - HISTORICO] Anúncio mlb4291609113 marcado como anuncio_inedito=false no histórico.
[DESCARTADO - HISTORICO] Anúncio mlb6307426596 marcado como anuncio_inedito=false no histórico.
[DESCARTADO - HISTORICO] Anúncio mlb4307126823 marcado como anuncio_inedito=false no histórico.
[DESCARTADO - HISTORICO] Anúncio mlb4709036049 marcado como anuncio_inedito=false no histórico.
Paginação parametrizada limitada a 25 página(s) (detecção original: 228 página(s)).
HTML consolidado salvo em: C:\Users\Lucas Bianco\Desktop\Projetos Dev\Promos\ofertas_relampago\html\html_relampago_consolidado_20260723_205624.txt
Usando link direto extraído do HTML para obter link de afiliado.
✓ Link de afiliado: https://meli.la/1CXQC2b
Usando link direto extraído do HTML para obter link de afiliado.
✓ Link de afiliado: https://meli.la/2atR8c5
Usando link direto extraído do HTML para obter link de afiliado.
✓ Link de afiliado: https://meli.la/2FC2YP9
Usando link direto extraído do HTML para obter link de afiliado.
✓ Link de afiliado: https://meli.la/1LRCYKT
Usando link direto extraído do HTML para obter link de afiliado.
✓ Link de afiliado: https://meli.la/2enUyGS
Usando link direto extraído do HTML para obter link de afiliado.
✓ Link de afiliado: https://meli.la/1KUhYHF
Usando link direto extraído do HTML para obter link de afiliado.
✓ Link de afiliado: https://meli.la/1RgfpkX
Usando link direto extraído do HTML para obter link de afiliado.
✓ Link de afiliado: https://meli.la/16VCui6
Usando link direto extraído do HTML para obter link de afiliado.
✓ Link de afiliado: https://meli.la/1MyHoEG
Usando link direto extraído do HTML para obter link de afiliado.
✓ Link de afiliado: https://meli.la/1JxeVRR
Metadados salvos em: C:\Users\Lucas Bianco\Desktop\Projetos Dev\Promos\metadados_coleta\metadados_relampago_exec_0083_20260723_205809.json

Histórico relâmpago atualizado em: C:/Users/Lucas Bianco/Downloads\lista_anuncios.txt
✅ 10 imagem(ns) principal(is) salvas em anuncios: C:\Users\Lucas Bianco\Desktop\Projetos Dev\Promos\dist-interface\instagram_anuncios
✅ JSON relâmpago salvo em: C:\Users\Lucas Bianco\Desktop\Projetos Dev\Promos\ofertas_relampago\Historico de anuncios\ofertas_20260723_205809.json

Saida consolidada por modalidade atualizada em: C:\Users\Lucas Bianco\Desktop\Projetos Dev\Promos\saidas_execucoes\OnDemand\lista_anuncios.txt
Saida JSON ondemand salva em: C:\Users\Lucas Bianco\Desktop\Projetos Dev\Promos\saidas_execucoes\OnDemand\ofertas_20260723_205810.json

[DEBUG] Twilio Account SID: ACc0...e80a

[DEBUG] media_url=NAO
[DEBUG] motivo_sem_midia=webp_desativado
[DEBUG] imagem=https://http2.mlstatic.com/D_NQ_NP_949687-MLA107423093255_022026-O.webp

Mensagem enviada para whatsapp:+5519991133269:
Mercusys MC210 Câmera Segurança Wifi 2K 3MP 360° por TP-Link
Message SID Twilio: SM3694beb5a752fb9469e6e8625db191a7
[DEBUG] status_final_twilio=sending

[DEBUG] media_url=NAO
[DEBUG] motivo_sem_midia=webp_desativado
[DEBUG] imagem=https://http2.mlstatic.com/D_NQ_NP_782222-MLA112015570236_062026-O.webp

Mensagem enviada para whatsapp:+5519991133269:
Desumidificador de Ar Airluma 12L/dia com Compressor e Wi-Fi, Timer 24h, Antimofo, 3 Modos, Rodinhas 360°, Drenagem Contínua, para Banheiro, Quarto Infantil e Ambientes com Ar
Message SID Twilio: SM4bb441f2cc06766cefe5d18b72132d85
[DEBUG] status_final_twilio=sending

[DEBUG] media_url=NAO
[DEBUG] motivo_sem_midia=webp_desativado
[DEBUG] imagem=https://http2.mlstatic.com/D_NQ_NP_611682-MLB112398868243_052026-O-camisa-selecao-pantanal-biomas-fc-edicao-limitada.webp

Mensagem enviada para whatsapp:+5519991133269:
Camisa Seleção Pantanal Biomas Fc Edição Limitada Azul-escuro Biomas Pantanal M Personalizado
Message SID Twilio: SMfeff81ab6daa94d3086459915ceba0b2
[DEBUG] status_final_twilio=sending

[DEBUG] media_url=NAO
[DEBUG] motivo_sem_midia=webp_desativado
[DEBUG] imagem=https://http2.mlstatic.com/D_NQ_NP_799726-MLA96094691621_102025-O.webp

Mensagem enviada para whatsapp:+5519991133269:
Jogo De Toalha Banho 4 peças 100 Algodão 400 gr/m Loft Camesa
Message SID Twilio: SMdcd50d16669a42d0aba957e7da68e55c
[DEBUG] status_final_twilio=sending

[DEBUG] media_url=NAO
[DEBUG] motivo_sem_midia=webp_desativado
[DEBUG] imagem=https://http2.mlstatic.com/D_NQ_NP_912802-MLA111047407177_042026-O.webp

Mensagem enviada para whatsapp:+5519991133269:
Parafusadeira Furadeira Sem Fio Gradiente Gpb12v-ac 3/8 12v Bivolt Para Madeira Metal Com Maleta E Acessórios
Message SID Twilio: SMe0028cd4014d07bd60a700b723a81c37
[DEBUG] status_final_twilio=sending

[DEBUG] media_url=NAO
[DEBUG] motivo_sem_midia=webp_desativado
[DEBUG] imagem=https://http2.mlstatic.com/D_NQ_NP_934470-MLA99513531000_112025-O.webp

Mensagem enviada para whatsapp:+5519991133269:
Controle de joystick sem fio Dualsense Ps5 azul cobalto
Message SID Twilio: SM4a5921f84c05b714711e545996f8c52e
[DEBUG] status_final_twilio=queued

[DEBUG] media_url=NAO
[DEBUG] motivo_sem_midia=webp_desativado
[DEBUG] imagem=https://http2.mlstatic.com/D_NQ_NP_676567-MLA109280570920_042026-O.webp

Mensagem enviada para whatsapp:+5519991133269:
Kit 10 Pote De Vidro Marmita Hermético 640ml Freezer Fitness Borossilicato 4 Travas Micro-ondas Azul-Escuro
Message SID Twilio: SM5ee8b06ee12f65f70e00123c6d6983a3
[DEBUG] status_final_twilio=sending

[DEBUG] media_url=NAO
[DEBUG] motivo_sem_midia=webp_desativado
[DEBUG] imagem=https://http2.mlstatic.com/D_NQ_NP_782497-MLB94694927481_102025-O-kit-12-cuecas-boxer-polo-wear-masculino-microfibra-sortida.webp

Mensagem enviada para whatsapp:+5519991133269:
Kit 12 Cuecas Boxer Polo Wear Masculino Microfibra Sortida Branco, Cinza, Preto E Azul Marinho Liso P
Message SID Twilio: SM9ca0a69405a08a4bc4f4e3ecfdc29aa2
[DEBUG] status_final_twilio=sending

[DEBUG] media_url=NAO
[DEBUG] motivo_sem_midia=webp_desativado
[DEBUG] imagem=https://http2.mlstatic.com/D_NQ_NP_632220-MLA99435226284_112025-O.webp

Mensagem enviada para whatsapp:+5519991133269:
Kit Vibrador Concreto 1500w Com Mangote Mangueira 1,45mx35mm Tvc650 The Black Tools
Message SID Twilio: SM579eec8171b059d25d176996930a8c63
[DEBUG] status_final_twilio=sending

[DEBUG] media_url=NAO
[DEBUG] motivo_sem_midia=webp_desativado
[DEBUG] imagem=https://http2.mlstatic.com/D_NQ_NP_654432-MLA113459248043_062026-O.webp

Mensagem enviada para whatsapp:+5519991133269:
Plaina Elétrica Manual Para Madeira Bfp780 The Black Tools 780w 16500rpm
Message SID Twilio: SM4e7c3f0c7582bd7c8c57a77b2ebf9d4e
[DEBUG] status_final_twilio=sending

[RESUMO_TWILIO] entregues_ou_processadas=10 falhas=0 total=10

10 oferta(s) relâmpago processada(s) e salvas.

Envio pelo WhatsApp finalizado com sucesso!

=== Fim da execucao: 2026-07-23T20:58:28 ===
