=== Inicio da execucao: 2026-07-14T20:04:42 ===
Args: --produto-por-html --url-produto https://lista.mercadolivre.com.br/bebes/higiene-cuidados-bebe/fraldas/descartaveis/30-a-60-unidades/fralda_NoIndex_True?sb=all_mercadolibre#applied_filter_id%3DUNITS_PER_PACKAGE%26applied_filter_name%3DUnidades+por+embalagem%26applied_filter_order%3D7%26applied_value_id%3D%5B30-60%29%26applied_value_name%3D30+a+59+unidades%26applied_value_order%3D2%26applied_value_results%3D2743%26is_custom%3Dfalse --preco-minimo 30.0 --preco-maximo 80.0 --desconto-minimo 30 --limite-candidatos 5 --modalidade-execucao campanha

[MODO_ATIVO] PRODUTO_ONDEMAND_HOME_PESQUISA

Modo procurar produto ativado (pesquisa pela home do Mercado Livre).

[LINK_BASE_1] Processando listagem direta: https://lista.mercadolivre.com.br/bebes/higiene-cuidados-bebe/fraldas/descartaveis/30-a-60-unidades/fralda_NoIndex_True?sb=all_mercadolibre#applied_filter_id%3DUNITS_PER_PACKAGE%26applied_filter_name%3DUnidades+por+embalagem%26applied_filter_order%3D7%26applied_value_id%3D%5B30-60%29%26applied_value_name%3D30+a+59+unidades%26applied_value_order%3D2%26applied_value_results%3D2743%26is_custom%3Dfalse
[LINK_BASE_1] Carregando em blocos de 3 páginas até encontrar candidatos válidos

[BLOCO_1] Carregando páginas 1 a 3 do Link 1
[LISTAGEM_DIRETA] Link 1 - página 1: https://lista.mercadolivre.com.br/bebes/higiene-cuidados-bebe/fraldas/descartaveis/30-a-60-unidades/fralda_NoIndex_True?sb=all_mercadolibre#applied_filter_id%3DUNITS_PER_PACKAGE%26applied_filter_name%3DUnidades+por+embalagem%26applied_filter_order%3D7%26applied_value_id%3D%5B30-60%29%26applied_value_name%3D30+a+59+unidades%26applied_value_order%3D2%26applied_value_results%3D2743%26is_custom%3Dfalse
✓ Link de afiliado: https://meli.la/1PcyWYg
✓ Link de afiliado: https://meli.la/2x6qYCi
✓ Link de afiliado: https://meli.la/28v8MXs
[LISTAGEM_DIRETA] Link 1 - página 2: https://lista.mercadolivre.com.br/bebes/higiene-cuidados-bebe/fraldas/descartaveis/30-a-60-unidades/fralda_NoIndex_True?sb=all_mercadolibre&page=2
✓ Link de afiliado: https://meli.la/31X54c3
[LISTAGEM_DIRETA] Link 1 - página 3: https://lista.mercadolivre.com.br/bebes/higiene-cuidados-bebe/fraldas/descartaveis/30-a-60-unidades/fralda_NoIndex_True?sb=all_mercadolibre&page=3
[BLOCO_1] Resultado: 4 candidato(s) coletado(s), 4 válido(s) enriquecido(s). Total: 4/5

[BLOCO_2] Carregando páginas 4 a 5 do Link 1
[LISTAGEM_DIRETA] Link 1 - página 4: https://lista.mercadolivre.com.br/bebes/higiene-cuidados-bebe/fraldas/descartaveis/30-a-60-unidades/fralda_NoIndex_True?sb=all_mercadolibre&page=4
[LISTAGEM_DIRETA] Link 1 - página 5: https://lista.mercadolivre.com.br/bebes/higiene-cuidados-bebe/fraldas/descartaveis/30-a-60-unidades/fralda_NoIndex_True?sb=all_mercadolibre&page=5
[BLOCO_2] Resultado: 0 candidato(s) coletado(s), 0 válido(s) enriquecido(s). Total: 4/5
[BLOCO_2] Nenhum candidato encontrado. Parando busca neste link.

Histórico relâmpago atualizado em: C:\Users\Lucas Bianco\Desktop\Projetos Dev\Promos\ofertas_relampago\Historico de anuncios\lista_anuncios.txt

Saida consolidada por modalidade atualizada em: C:\Users\Lucas Bianco\Desktop\Projetos Dev\Promos\saidas_execucoes\Campanha\lista_anuncios.txt

[DEBUG] Twilio Account SID: ACc0...e80a

Mensagem enviada para whatsapp:+5519991133269:
Fralda Galinha Pintadinha Ultrasec Xg 30 Unidades Babysec Gênero Sem gênero Tamanho Extra grande (XG)
Message SID Twilio: SM4a878c606c0391dd0dbda26aba351e46

Mensagem enviada para whatsapp:+5519991133269:
Fraldas Pom Pom Protek M x 48 unidades
Message SID Twilio: SMc1d71a48c1cd618bfb6fc62a40f0db94

Mensagem enviada para whatsapp:+5519991133269:
Fralda Babysec Galinha Pintadinha Ultrasec Hiper XG com 56un
Message SID Twilio: SMd975d4db8f7829c85c324d531ed2ba17

Mensagem enviada para whatsapp:+5519991133269:
Fralda Pom Pom Proteção de Mãe XG com 38 Unidades
Message SID Twilio: SMe2cbe8230a3ea58310e8ab8fb586af33

4 oferta(s) processada(s) e salva(s).

=== Fim da execucao: 2026-07-14T20:06:18 ===
