=== Inicio da execucao: 2026-06-25T20:45:05 ===
Args: --somente-relampago --desconto-minimo 50 --limite-candidatos 10 --pasta-saida C:/Users/Lucas Bianco/Downloads --modalidade-execucao ondemand

[MODO_ATIVO] FLUXO_HUB_AFILIADOS_LEGADO

Mercado Livre ja esta autenticado.

Modo somente ofertas relâmpago ativado. Fluxo do hub/Twilio foi ignorado.
Limpeza de HTML relâmpago: 2 arquivo(s) antigo(s) removido(s).

Navegando para ofertas relâmpago:
https://www.mercadolivre.com.br/ofertas?promotion_type=lightning#filter_applied=promotion_type&filter_position=3&origin=qcat
HTML salvo em: C:\Users\Lucas Bianco\Desktop\Projetos Dev\Promos\ofertas_relampago\html\html_relampago_20260625_204530_207864_01.txt
Modo sem parametros detectado: usando apenas o primeiro HTML de ofertas relampago.

Analisando HTML de: C:\Users\Lucas Bianco\Desktop\Projetos Dev\Promos\ofertas_relampago\html\html_relampago_20260625_204530_207864_01.txt
16 oferta(s) com 50% ou mais de desconto extraída(s) do JSON.
[DESCARTADO - HISTORICO] Anúncio mlb5748326240 marcado como anuncio_inedito=false no histórico.
[DESCARTADO - HISTORICO] Anúncio mlb4426502363 marcado como anuncio_inedito=false no histórico.
[DESCARTADO - HISTORICO] Anúncio mlb5850213464 marcado como anuncio_inedito=false no histórico.
[DESCARTADO - HISTORICO] Anúncio mlb5862685042 marcado como anuncio_inedito=false no histórico.
[DESCARTADO - HISTORICO] Anúncio mlb5355020990 marcado como anuncio_inedito=false no histórico.
[DESCARTADO - HISTORICO] Anúncio mlb6727710506 marcado como anuncio_inedito=false no histórico.
Paginação parametrizada limitada a 25 página(s) (detecção original: 228 página(s)).
HTML consolidado salvo em: C:\Users\Lucas Bianco\Desktop\Projetos Dev\Promos\ofertas_relampago\html\html_relampago_consolidado_20260625_204530.txt
Usando link direto extraído do HTML para obter link de afiliado.
✓ Link de afiliado: https://meli.la/1UCpvSk
Usando link direto extraído do HTML para obter link de afiliado.
✓ Link de afiliado: https://meli.la/2iez24w
Usando link direto extraído do HTML para obter link de afiliado.
✓ Link de afiliado: https://meli.la/2Xz9SvQ
Usando link direto extraído do HTML para obter link de afiliado.
✓ Link de afiliado: https://meli.la/2uGbeJ3
Usando link direto extraído do HTML para obter link de afiliado.
✓ Link de afiliado: https://meli.la/1otjwPP
Usando link direto extraído do HTML para obter link de afiliado.
✓ Link de afiliado: https://meli.la/12Lh6GP
Usando link direto extraído do HTML para obter link de afiliado.
✓ Link de afiliado: https://meli.la/2kf6zCj
Usando link direto extraído do HTML para obter link de afiliado.
✓ Link de afiliado: https://meli.la/27Tt5Bn
Usando link direto extraído do HTML para obter link de afiliado.
✓ Link de afiliado: https://meli.la/1DgHfEJ
Usando link direto extraído do HTML para obter link de afiliado.
✓ Link de afiliado: https://meli.la/1H6cNd6
Metadados salvos em: C:\Users\Lucas Bianco\Desktop\Projetos Dev\Promos\metadados_coleta\metadados_relampago_exec_0037_20260625_204709.json

Histórico relâmpago atualizado em: C:/Users/Lucas Bianco/Downloads\lista_anuncios.txt

Saida consolidada por modalidade atualizada em: C:\Users\Lucas Bianco\Desktop\Projetos Dev\Promos\saidas_execucoes\OnDemand\lista_anuncios.txt

[DEBUG] Twilio Account SID: ACc0...e80a

Mensagem enviada para whatsapp:+5519991133269:
Termogênico Thermo Crazy Pote 60 Cáps Ftw - Diabo Verde 60 Cápsulas
Message SID Twilio: SMfb999ce85931807b1fa24a7359f913c7

Mensagem enviada para whatsapp:+5519991133269:
Tênis Olympikus Masculino Gama Chumbo/preto Lisa 42 Br
Message SID Twilio: SM61c3067578d2a7dcad9d0414aade7c19

Mensagem enviada para whatsapp:+5519991133269:
Cortina 3,00x2,80 Metros Blackout Blecaute Cinza Corta Luz Em Tecido Grosso Para Quarto E Sala Casa Laura Enxovais
Message SID Twilio: SM4ed2d0a1335e525c28963fe3b61f25c6

Mensagem enviada para whatsapp:+5519991133269:
Pantufa Unissex Courino Adulto Pelúcia Antiderrapante
Message SID Twilio: SM6841a20e6d3bf78210fca23ece8767c7

Mensagem enviada para whatsapp:+5519991133269:
Parafusadeira Furadeira De Impacto A Bateria 21v 3/8 Bivolt 1400 Rpm Com Acessórios E Maleta Tb-21pzw The Black Tools Amarelo 127/220v 60 Hz
Message SID Twilio: SMb35d68ef8f466e9aa0dcc084e2c428de

Mensagem enviada para whatsapp:+5519991133269:
Pantufas De Couro E Algodão Macio
Message SID Twilio: SM32de8f0121c3f7201be9d6fba446cf95

Mensagem enviada para whatsapp:+5519991133269:
Magnésio E Inositol Taurina Melatonina 300g Dark Lab Maracujá
Message SID Twilio: SM3aa950a003b0d155b03508beb1d475c7

Mensagem enviada para whatsapp:+5519991133269:
Carrinho Ferramentas Forte P/ Mecânico Oficina Aberto 120kg  Preto
Message SID Twilio: SM73bc7746853bafb2f124d1377f411f29

Mensagem enviada para whatsapp:+5519991133269:
Camiseta Brasil Torcedor Malha Dry Copa Masculina Feminina Amarela E Cinza Brasil M
Message SID Twilio: SM1ff012fcde3a997ad212d59eda018f31

Mensagem enviada para whatsapp:+5519991133269:
Whey Isolate Protein Fuse 1.8kg Brownie Dark Lab
Message SID Twilio: SM7d2e11fec2ae5f941df4a42448defc5d

10 oferta(s) relâmpago processada(s) e salvas.

Envio pelo WhatsApp finalizado com sucesso!

=== Fim da execucao: 2026-06-25T20:47:53 ===
