=== Inicio da execucao: 2026-06-21T11:35:04 ===
Args: --produto-por-html --url-produto https://lista.mercadolivre.com.br/produtos-da-copa-2026_NoIndex_True --preco-minimo 30.0 --preco-maximo 140.0 --limite-candidatos 5 --modalidade-execucao campanha

[MODO_ATIVO] PRODUTO_ONDEMAND_HOME_PESQUISA

Modo procurar produto ativado (pesquisa pela home do Mercado Livre).

[LINK_BASE_1] Processando listagem direta: https://lista.mercadolivre.com.br/produtos-da-copa-2026_NoIndex_True
[LINK_BASE_1] Carregando em blocos de 3 páginas até encontrar candidatos válidos

[BLOCO_1] Carregando páginas 1 a 3 do Link 1
[LISTAGEM_DIRETA] Link 1 - página 1: https://lista.mercadolivre.com.br/produtos-da-copa-2026_NoIndex_True
✓ Link de afiliado: https://meli.la/29LfWT7
✓ Link de afiliado: https://meli.la/1xsrjDD
✓ Link de afiliado: https://meli.la/2asfJcj
✓ Link de afiliado: https://meli.la/31xN5EX
✓ Link de afiliado: https://meli.la/29V7xeT
[BLOCO_1] Resultado: 5 candidato(s) coletado(s), 5 válido(s) enriquecido(s). Total: 5/5

Histórico relâmpago atualizado em: C:\Users\Lucas Bianco\Desktop\Projetos Dev\Promos\ofertas_relampago\Historico de anuncios\lista_anuncios.txt

Saida consolidada por modalidade atualizada em: C:\Users\Lucas Bianco\Desktop\Projetos Dev\Promos\saidas_execucoes\Campanha\lista_anuncios.txt

[DEBUG] Twilio Account SID: ACc0...e80a

Mensagem enviada para whatsapp:+5519991133269:
Caixinha Box Porta Figurinhas Copa 2026
Message SID Twilio: SM960d3b13681717e85bfa8b9a03b54b95

Mensagem enviada para whatsapp:+5519991133269:
Kit 2 Bola De Futebol Ddg Suka Sortida Tamanho 2 Copa 2026
Message SID Twilio: SM6417c32a970b2c273f8de52bb71dce50

Mensagem enviada para whatsapp:+5519991133269:
Camiseta Infantil Brasil Copa 2026 Personalizada Com Nome
Message SID Twilio: SM46b803ba8560339c54f016fe76db0a1d

Mensagem enviada para whatsapp:+5519991133269:
Camisa Premium Brasil Infantil Edição Torcedor Copa 2026
Message SID Twilio: SM6b998a84227f4eb6810e9869bad03df3

Mensagem enviada para whatsapp:+5519991133269:
Kit Adesivos Compatível Com Sahara 300 2024-2026 Copa Brasil
Message SID Twilio: SM80dc262395e84fb549186b944ce6b6c8

5 oferta(s) processada(s) e salva(s).

=== Fim da execucao: 2026-06-21T11:36:22 ===
