=== Inicio da execucao: 2026-06-10T19:36:29 ===
Args: --produto-por-html --url-produto https://lista.mercadolivre.com.br/loja/mamypoko/#component=menu_corridors&tracking_id=34da587d-39c6-4c0f-8759-594882b0a62c&label=Todos+os+produtos&global_position=1 --desconto-minimo 15 --limite-candidatos 10 --modalidade-execucao campanha

[MODO_ATIVO] PRODUTO_ONDEMAND_HOME_PESQUISA

Modo procurar produto ativado (pesquisa pela home do Mercado Livre).

[LINK_BASE_1] Processando listagem direta: https://lista.mercadolivre.com.br/loja/mamypoko/#component=menu_corridors&tracking_id=34da587d-39c6-4c0f-8759-594882b0a62c&label=Todos+os+produtos&global_position=1
[LISTAGEM_DIRETA] Link 1 - página 1: https://lista.mercadolivre.com.br/loja/mamypoko/#component=menu_corridors&tracking_id=34da587d-39c6-4c0f-8759-594882b0a62c&label=Todos+os+produtos&global_position=1
✓ Link de afiliado: https://meli.la/2ddAs8w
✓ Link de afiliado: https://meli.la/2nWgLCL
[LISTAGEM_DIRETA] Link 1 - página 2: https://lista.mercadolivre.com.br/loja/mamypoko/?page=2
[LISTAGEM_DIRETA] Link 1 - página 3: https://lista.mercadolivre.com.br/loja/mamypoko/?page=3

Histórico relâmpago atualizado em: C:\Users\Lucas Bianco\Desktop\Projetos Dev\Promos\ofertas_relampago\Historico de anuncios\lista_anuncios.txt

Saida consolidada por modalidade atualizada em: C:\Users\Lucas Bianco\Desktop\Projetos Dev\Promos\saidas_execucoes\Campanha\lista_anuncios.txt

[DEBUG] Twilio Account SID: ACc0...e80a

Mensagem enviada para whatsapp:+5519991133269:
Fralda Calça Mamypoko Dia&noite Giga G 60 Unidades
Message SID Twilio: SMa46ffdc315d2faac153aa30347358288

Mensagem enviada para whatsapp:+5519991133269:
Fralda Calça Mamypoko Dia&noite Giga Xxg 44 Unidades
Message SID Twilio: SM9058e4d386467489f61abcdebe457700

2 oferta(s) processada(s) e salva(s).

=== Fim da execucao: 2026-06-10T19:37:14 ===
