=== Inicio da execucao: 2026-07-16T21:02:37 ===
Args: --produto-por-html --url-produto https://lista.mercadolivre.com.br/fralda-mamypoko-g#D[A:fralda%20mamypoko%20g] --desconto-minimo 20 --limite-candidatos 3 --modalidade-execucao campanha

[MODO_ATIVO] PRODUTO_ONDEMAND_HOME_PESQUISA

Modo procurar produto ativado (pesquisa pela home do Mercado Livre).

[LINK_BASE_1] Processando listagem direta: https://lista.mercadolivre.com.br/fralda-mamypoko-g#D[A:fralda%20mamypoko%20g]
[LINK_BASE_1] Carregando em blocos de 3 páginas até encontrar candidatos válidos

[BLOCO_1] Carregando páginas 1 a 3 do Link 1
[LISTAGEM_DIRETA] Link 1 - página 1: https://lista.mercadolivre.com.br/fralda-mamypoko-g#D[A:fralda%20mamypoko%20g]
✓ Link de afiliado: https://meli.la/1bUtQxn
✓ Link de afiliado: https://meli.la/1HpqAXX
✓ Link de afiliado: https://meli.la/2cFxSvy
[BLOCO_1] Resultado: 3 candidato(s) coletado(s), 3 válido(s) enriquecido(s). Total: 3/3

Histórico relâmpago atualizado em: C:\Users\Lucas Bianco\Desktop\Projetos Dev\Promos\ofertas_relampago\Historico de anuncios\lista_anuncios.txt

Saida consolidada por modalidade atualizada em: C:\Users\Lucas Bianco\Desktop\Projetos Dev\Promos\saidas_execucoes\Campanha\lista_anuncios.txt

[DEBUG] Twilio Account SID: ACc0...e80a

Mensagem enviada para whatsapp:+5519991133269:
Mamypoko Nova Fralda-calça Superproteção De Dia E Noite 12hs Tamanho Grande (G)
Message SID Twilio: SMc4e303d1a14e6edd8622162d436ff785

Mensagem enviada para whatsapp:+5519991133269:
Fralda Calça Mamypoko Dia&noite Giga Xg 52 Unidades
Message SID Twilio: SM56fd464bc77d841098eb0869c16c166d

Mensagem enviada para whatsapp:+5519991133269:
Fralda Pampers Pants Ajuste Total Tamanho G 144 Unidades Grande (g) Sem Gênero
Message SID Twilio: SM199c8bc5bdfe291d47b15a281d7f923f

3 oferta(s) processada(s) e salva(s).

=== Fim da execucao: 2026-07-16T21:03:29 ===
