=== Inicio da execucao: 2026-06-17T19:33:12 ===
Args: --produto-por-html --url-produto https://lista.mercadolivre.com.br/produtos-da-copa-2026_NoIndex_True --preco-minimo 30.0 --preco-maximo 140.0 --limite-candidatos 5 --modalidade-execucao campanha

[MODO_ATIVO] PRODUTO_ONDEMAND_HOME_PESQUISA

Modo procurar produto ativado (pesquisa pela home do Mercado Livre).

[LINK_BASE_1] Processando listagem direta: https://lista.mercadolivre.com.br/produtos-da-copa-2026_NoIndex_True
[LISTAGEM_DIRETA] Link 1 - página 1: https://lista.mercadolivre.com.br/produtos-da-copa-2026_NoIndex_True
✓ Link de afiliado: https://meli.la/2FimgdP
✓ Link de afiliado: https://meli.la/1ZSw43X
✓ Link de afiliado: https://meli.la/2zE5Szv
✓ Link de afiliado: https://meli.la/2U3T5kD
✓ Link de afiliado: https://meli.la/1h2usxf

Histórico relâmpago atualizado em: C:\Users\Lucas Bianco\Desktop\Projetos Dev\Promos\ofertas_relampago\Historico de anuncios\lista_anuncios.txt

Saida consolidada por modalidade atualizada em: C:\Users\Lucas Bianco\Desktop\Projetos Dev\Promos\saidas_execucoes\Campanha\lista_anuncios.txt

[DEBUG] Twilio Account SID: ACc0...e80a

Mensagem enviada para whatsapp:+5519991133269:
Produto Recomendado Pela Virginia! Conjunto Da Copa Do Mundo
Message SID Twilio: SMbbde0c2a742efe68f71625a1fda0f57e

Mensagem enviada para whatsapp:+5519991133269:
Álbum Figurinha Copa Do Mundo Fifa 2026 Capa Dourada - Fifa World Cup 2026 Dourado
Message SID Twilio: SM5701047fff71824d6129fe18f9dcffc1

Mensagem enviada para whatsapp:+5519991133269:
Camiseta Infantil Brasil Copa 2026 Personalizada Com Nome
Message SID Twilio: SM7fea3cbdd0f0b604f5ea16aa9b71021a

Mensagem enviada para whatsapp:+5519991133269:
Camiseta Feminina Brasil Copa Do Mundo 2026 Blusa Bandeira
Message SID Twilio: SMe89a0e3e6b9ee3439c420b10082bdfbf

Mensagem enviada para whatsapp:+5519991133269:
Kit 400 Cards Copa Do Mundo Fifa 2026 Bater Bafo Colecionar
Message SID Twilio: SM018528591c5e0a060d559b7a411f2453

5 oferta(s) processada(s) e salva(s).

=== Fim da execucao: 2026-06-17T19:34:32 ===
