=== Inicio da execucao: 2026-06-10T20:28:21 ===
Args: --somente-relampago --desconto-minimo 43 --limite-candidatos 5 --pasta-saida C:/Users/Lucas Bianco/Downloads --modalidade-execucao ondemand

[MODO_ATIVO] FLUXO_HUB_AFILIADOS_LEGADO

Mercado Livre ja esta autenticado.

Modo somente ofertas relâmpago ativado. Fluxo do hub/Twilio foi ignorado.
Limpeza de HTML relâmpago: 5 arquivo(s) antigo(s) removido(s).

Navegando para ofertas relâmpago:
https://www.mercadolivre.com.br/ofertas?promotion_type=lightning#filter_applied=promotion_type&filter_position=3&origin=qcat
HTML salvo em: C:\Users\Lucas Bianco\Desktop\Projetos Dev\Promos\ofertas_relampago\html\html_relampago_20260610_202847_521786_01.txt
Modo sem parametros detectado: usando apenas o primeiro HTML de ofertas relampago.

Analisando HTML de: C:\Users\Lucas Bianco\Desktop\Projetos Dev\Promos\ofertas_relampago\html\html_relampago_20260610_202847_521786_01.txt
25 oferta(s) com 43% ou mais de desconto extraída(s) do JSON.
[DESCARTADO - HISTORICO] Anúncio mlb4625924357 marcado como anuncio_inedito=false no histórico.
[DESCARTADO - HISTORICO] Anúncio mlb5522151066 marcado como anuncio_inedito=false no histórico.
[DESCARTADO - HISTORICO] Anúncio mlb4466276267 marcado como anuncio_inedito=false no histórico.
[DESCARTADO - HISTORICO] Anúncio mlb5748326240 marcado como anuncio_inedito=false no histórico.
[DESCARTADO - HISTORICO] Anúncio mlb4543656979 marcado como anuncio_inedito=false no histórico.
[DESCARTADO - HISTORICO] Anúncio mlb5761715520 marcado como anuncio_inedito=false no histórico.
[DESCARTADO - HISTORICO] Anúncio mlb4528343109 marcado como anuncio_inedito=false no histórico.
[DESCARTADO - HISTORICO] Anúncio mlb4485964757 marcado como anuncio_inedito=false no histórico.
[DESCARTADO - HISTORICO] Anúncio mlb4307126823 marcado como anuncio_inedito=false no histórico.
[DESCARTADO - HISTORICO] Anúncio mlb5513372666 marcado como anuncio_inedito=false no histórico.
Paginação parametrizada limitada a 25 página(s) (detecção original: 204 página(s)).
HTML consolidado salvo em: C:\Users\Lucas Bianco\Desktop\Projetos Dev\Promos\ofertas_relampago\html\html_relampago_consolidado_20260610_202847.txt
Usando link direto extraído do HTML para obter link de afiliado.
✓ Link de afiliado: https://meli.la/2qZFr9F
Usando link direto extraído do HTML para obter link de afiliado.
✓ Link de afiliado: https://meli.la/1e9pkqa
Usando link direto extraído do HTML para obter link de afiliado.
✓ Link de afiliado: https://meli.la/1AcAzLG
Usando link direto extraído do HTML para obter link de afiliado.
✓ Link de afiliado: https://meli.la/2RoVga3
Usando link direto extraído do HTML para obter link de afiliado.
✓ Link de afiliado: https://meli.la/11g4FRs
Metadados salvos em: C:\Users\Lucas Bianco\Desktop\Projetos Dev\Promos\metadados_coleta\metadados_relampago_exec_0019_20260610_202937.json

Histórico relâmpago atualizado em: C:/Users/Lucas Bianco/Downloads\lista_anuncios.txt

Saida consolidada por modalidade atualizada em: C:\Users\Lucas Bianco\Desktop\Projetos Dev\Promos\saidas_execucoes\OnDemand\lista_anuncios.txt

[DEBUG] Twilio Account SID: ACc0...e80a

Mensagem enviada para whatsapp:+5519991133269:
Nestlé Moça Leite Condensado Integral Lata 395gr
Message SID Twilio: SM564a9c5aa5bfa79120c645bbf2d2b0f4

Mensagem enviada para whatsapp:+5519991133269:
Opk Relógio Masculino Original Aço Inoxidável Quartzo 8135
Message SID Twilio: SM461ba1a72b4abdb9c8140093d80edd01

Mensagem enviada para whatsapp:+5519991133269:
Usb Balança Digital Corporal Bioimpedância, Aplicativo Fitne Preto 3v
Message SID Twilio: SM067f192793c2a1e83236de61c3d8bd96

Mensagem enviada para whatsapp:+5519991133269:
Moving Head Beam 280w Rgbw Com Prisma E Gobo Giratório Dmx 127/220v
Message SID Twilio: SM58c20b6ead9a516947c71b199c8addc3

Mensagem enviada para whatsapp:+5519991133269:
Relógio Inteligente Gps Smartwatch Amoled 3atm Outdoor Strar
Message SID Twilio: SMc3ec7a97d75d5e1d17a01c8e8de577ca

5 oferta(s) relâmpago processada(s) e salvas.

Envio pelo WhatsApp finalizado com sucesso!

=== Fim da execucao: 2026-06-10T20:30:00 ===
