=== Inicio da execucao: 2026-07-19T09:13:31 ===
Args: --produto-por-html --fonte mercadolivre --url-produto https://lista.mercadolivre.com.br/_Container_pet-cpg-alimentos-e-petiscos-caes-query_NoIndex_True?forceContainer=true#c_container_id=MLB1327645-1&c_id=%2Fsplinter%2Fspecial-withoutlabel&c_element_order=1&c_campaign=cachorro-alimentos-petiscos&c_label=%2Fsplinter%2Fspecial-withoutlabel&c_uid=90b7c25a-836a-11f1-a4f5-1955dc94a789&c_element_id=90b7c25a-836a-11f1-a4f5-1955dc94a789&c_content_origin=splinter-default&c_content_type=default&c_global_position=4&deal_print_id=90178ab0-836a-11f1-897b-a3608c4c25d1&c_tracking_id=90178ab0-836a-11f1-897b-a3608c4c25d1 --desconto-minimo 10 --limite-candidatos 3 --modalidade-execucao campanha

[MODO_ATIVO] PRODUTO_ONDEMAND_HOME_PESQUISA

Modo procurar produto ativado (pesquisa pela home do Mercado Livre).

[LINK_BASE_1] Processando listagem direta: https://lista.mercadolivre.com.br/_Container_pet-cpg-alimentos-e-petiscos-caes-query_NoIndex_True?forceContainer=true#c_container_id=MLB1327645-1&c_id=%2Fsplinter%2Fspecial-withoutlabel&c_element_order=1&c_campaign=cachorro-alimentos-petiscos&c_label=%2Fsplinter%2Fspecial-withoutlabel&c_uid=90b7c25a-836a-11f1-a4f5-1955dc94a789&c_element_id=90b7c25a-836a-11f1-a4f5-1955dc94a789&c_content_origin=splinter-default&c_content_type=default&c_global_position=4&deal_print_id=90178ab0-836a-11f1-897b-a3608c4c25d1&c_tracking_id=90178ab0-836a-11f1-897b-a3608c4c25d1
[LINK_BASE_1] Carregando em blocos de 3 páginas até encontrar candidatos válidos

[BLOCO_1] Carregando páginas 1 a 3 do Link 1
[LISTAGEM_DIRETA] Link 1 - página 1: https://lista.mercadolivre.com.br/_Container_pet-cpg-alimentos-e-petiscos-caes-query_NoIndex_True?forceContainer=true#c_container_id=MLB1327645-1&c_id=%2Fsplinter%2Fspecial-withoutlabel&c_element_order=1&c_campaign=cachorro-alimentos-petiscos&c_label=%2Fsplinter%2Fspecial-withoutlabel&c_uid=90b7c25a-836a-11f1-a4f5-1955dc94a789&c_element_id=90b7c25a-836a-11f1-a4f5-1955dc94a789&c_content_origin=splinter-default&c_content_type=default&c_global_position=4&deal_print_id=90178ab0-836a-11f1-897b-a3608c4c25d1&c_tracking_id=90178ab0-836a-11f1-897b-a3608c4c25d1
✓ Link de afiliado: https://meli.la/1QUmqd7
✓ Link de afiliado: https://meli.la/2W1YduP
✓ Link de afiliado: https://meli.la/2wbni6b
[BLOCO_1] Resultado: 3 candidato(s) coletado(s), 3 válido(s) enriquecido(s). Total: 3/3

Histórico relâmpago atualizado em: C:\Users\Lucas Bianco\Desktop\Projetos Dev\Promos\ofertas_relampago\Historico de anuncios\lista_anuncios.txt

Saida consolidada por modalidade atualizada em: C:\Users\Lucas Bianco\Desktop\Projetos Dev\Promos\saidas_execucoes\Campanha\lista_anuncios.txt

[DEBUG] Twilio Account SID: ACc0...e80a

Mensagem enviada para whatsapp:+5519991133269:
Special Dog Carne Ao Molho Ração Úmida Sachê 100g Caixa
Message SID Twilio: SM9ccc0c896e540f5f64de7f15b66b5d4f

Mensagem enviada para whatsapp:+5519991133269:
Pack Ração Úmida Pedigree para Cães Adultos Raças Pequenas Sachês Carne 100g - Caixa com 18 unidades
Message SID Twilio: SMc61e17807fa16697ac9b091e10c85c28

Mensagem enviada para whatsapp:+5519991133269:
Ração Vet Life Natural Feline Gastro Intestinal 2kg
Message SID Twilio: SM1875c59c30c15ee54bf2cbb3bbe4c425

3 oferta(s) processada(s) e salva(s).

=== Fim da execucao: 2026-07-19T09:14:36 ===
