=== Inicio da execucao: 2026-07-13T19:59:56 ===
Args: --produto-por-html --desconto-minimo 20 --limite-candidatos 3 --url-produto https://lista.mercadolivre.com.br/bola-de-tenis#D[A:bola%20de%20tenis] --pasta-saida C:/Users/Lucas Bianco/Downloads --modalidade-execucao ondemand

[MODO_ATIVO] PRODUTO_ONDEMAND_HOME_PESQUISA

Modo procurar produto ativado (pesquisa pela home do Mercado Livre).

[LINK_BASE_1] Processando listagem direta: https://lista.mercadolivre.com.br/bola-de-tenis#D[A:bola%20de%20tenis]
[LINK_BASE_1] Carregando em blocos de 3 páginas até encontrar candidatos válidos

[BLOCO_1] Carregando páginas 1 a 3 do Link 1
[LISTAGEM_DIRETA] Link 1 - página 1: https://lista.mercadolivre.com.br/bola-de-tenis#D[A:bola%20de%20tenis]
✓ Link de afiliado: https://meli.la/2dWs92k
✓ Link de afiliado: https://meli.la/269AG6F
✓ Link de afiliado: https://meli.la/1JAQiVL
[BLOCO_1] Resultado: 3 candidato(s) coletado(s), 3 válido(s) enriquecido(s). Total: 3/3

Histórico relâmpago atualizado em: C:/Users/Lucas Bianco/Downloads\lista_anuncios.txt

Saida consolidada por modalidade atualizada em: C:\Users\Lucas Bianco\Desktop\Projetos Dev\Promos\saidas_execucoes\OnDemand\lista_anuncios.txt

[DEBUG] Twilio Account SID: ACc0...e80a

Mensagem enviada para whatsapp:+5519991133269:
Kit 3 Bola De Tênis Bolinhas Tennis Profissional Treinamento Treino Competição Alta Durabilidade Bolas Para Quadra Saibro Piso Rápido Clubes Aulas Jogadores Iniciantes E Avançados Premium Verde
Message SID Twilio: SM48946fe5d37521d518ed1220c9581aae

Mensagem enviada para whatsapp:+5519991133269:
Bola de Tênis Head Pro 03 Bolas
Message SID Twilio: SMd4365c2bde970ec0c292eb1f8077739a

Mensagem enviada para whatsapp:+5519991133269:
Bola Profissional Beach Tennis Odissey 60 Unidades Amarelo Laranja Amarelo E Laranja
Message SID Twilio: SM6896b6c7c541c5a04a2a2b8ae65f801c

3 oferta(s) processada(s) e salva(s).

=== Fim da execucao: 2026-07-13T20:00:46 ===
