=== Inicio da execucao: 2026-07-16T19:05:45 ===
Args: --produto-por-html --url-produto https://lista.mercadolivre.com.br/suplementos#D[A:suplementos] --descricao-produto Creatina --desconto-minimo 30 --limite-candidatos 4 --modalidade-execucao campanha

[MODO_ATIVO] PRODUTO_ONDEMAND_HOME_PESQUISA

Modo procurar produto ativado (pesquisa pela home do Mercado Livre).

[LINK_BASE_1] Processando listagem direta: https://lista.mercadolivre.com.br/suplementos#D[A:suplementos]
[LINK_BASE_1] Carregando em blocos de 3 páginas até encontrar candidatos válidos

[BLOCO_1] Carregando páginas 1 a 3 do Link 1
[LISTAGEM_DIRETA] Link 1 - página 1: https://lista.mercadolivre.com.br/suplementos#D[A:suplementos]
✓ Link de afiliado: https://meli.la/1UaPoNh
✓ Link de afiliado: https://meli.la/18drhet
✓ Link de afiliado: https://meli.la/1i8DijL
✓ Link de afiliado: https://meli.la/2ZEvorF
[BLOCO_1] Resultado: 4 candidato(s) coletado(s), 4 válido(s) enriquecido(s). Total: 4/4

Histórico relâmpago atualizado em: C:\Users\Lucas Bianco\Desktop\Projetos Dev\Promos\ofertas_relampago\Historico de anuncios\lista_anuncios.txt

Saida consolidada por modalidade atualizada em: C:\Users\Lucas Bianco\Desktop\Projetos Dev\Promos\saidas_execucoes\Campanha\lista_anuncios.txt

[DEBUG] Twilio Account SID: ACc0...e80a

Mensagem enviada para whatsapp:+5519991133269:
Creatina Integralmedica 100% Pura 60 Cápsulas - Aumento de Resistência e Desempenho para Atletas e Treinos Intensos
Message SID Twilio: SMb179f4060fea4dc5a5f0a710cdd59b2e

Mensagem enviada para whatsapp:+5519991133269:
Creatina 100% Pura 300g Integralmedica - Força e Performance
Message SID Twilio: SM36115f2e05886ff5cb743f3c41d201f0

Mensagem enviada para whatsapp:+5519991133269:
Creatina Monohidratada em Pote 300g 100% Pura Dark Lab
Message SID Twilio: SM2c3a01ef4c017e2d5483334d3adc76e8

Mensagem enviada para whatsapp:+5519991133269:
Creatina Monohidratada Pura 1kg Dark Lab Unidade Sem sabor
Message SID Twilio: SMb5ad312cb8e4e4508065dcb3520ceedd

4 oferta(s) processada(s) e salva(s).

=== Fim da execucao: 2026-07-16T19:06:53 ===
