=== Inicio da execucao: 2026-06-20T14:40:36 ===
Args: --somente-relampago --desconto-minimo 40 --limite-candidatos 20 --pasta-saida C:/Users/Lucas Bianco/Downloads --modalidade-execucao ondemand

[MODO_ATIVO] FLUXO_HUB_AFILIADOS_LEGADO

Mercado Livre ja esta autenticado.

Modo somente ofertas relâmpago ativado. Fluxo do hub/Twilio foi ignorado.
Limpeza de HTML relâmpago: 2 arquivo(s) antigo(s) removido(s).

Navegando para ofertas relâmpago:
https://www.mercadolivre.com.br/ofertas?promotion_type=lightning#filter_applied=promotion_type&filter_position=3&origin=qcat
HTML salvo em: C:\Users\Lucas Bianco\Desktop\Projetos Dev\Promos\ofertas_relampago\html\html_relampago_20260620_144102_749763_01.txt
Modo sem parametros detectado: usando apenas o primeiro HTML de ofertas relampago.

Analisando HTML de: C:\Users\Lucas Bianco\Desktop\Projetos Dev\Promos\ofertas_relampago\html\html_relampago_20260620_144102_749763_01.txt
28 oferta(s) com 40% ou mais de desconto extraída(s) do JSON.
[DESCARTADO - HISTORICO] Anúncio mlb4112589882 marcado como anuncio_inedito=false no histórico.
[DESCARTADO - HISTORICO] Anúncio mlb5748326240 marcado como anuncio_inedito=false no histórico.
[DESCARTADO - HISTORICO] Anúncio mlb5761715520 marcado como anuncio_inedito=false no histórico.
[DESCARTADO - HISTORICO] Anúncio mlb3809352680 marcado como anuncio_inedito=false no histórico.
[DESCARTADO - HISTORICO] Anúncio mlb5522151066 marcado como anuncio_inedito=false no histórico.
[DESCARTADO - HISTORICO] Anúncio mlb4307126823 marcado como anuncio_inedito=false no histórico.
[DESCARTADO - HISTORICO] Anúncio mlb4466276267 marcado como anuncio_inedito=false no histórico.
[DESCARTADO - HISTORICO] Anúncio mlb6053247290 marcado como anuncio_inedito=false no histórico.
[DESCARTADO - HISTORICO] Anúncio mlb6758029318 marcado como anuncio_inedito=false no histórico.
[DESCARTADO - HISTORICO] Anúncio mlb5513246190 marcado como anuncio_inedito=false no histórico.
[DESCARTADO - HISTORICO] Anúncio mlb5265791338 marcado como anuncio_inedito=false no histórico.
[DESCARTADO - HISTORICO] Anúncio mlb5702139350 marcado como anuncio_inedito=false no histórico.
[DESCARTADO - HISTORICO] Anúncio mlb6727710506 marcado como anuncio_inedito=false no histórico.
[DESCARTADO - HISTORICO] Anúncio mlb4240861205 marcado como anuncio_inedito=false no histórico.
[DESCARTADO - HISTORICO] Anúncio mlb5513372666 marcado como anuncio_inedito=false no histórico.
Paginação parametrizada limitada a 25 página(s) (detecção original: 196 página(s)).
HTML consolidado salvo em: C:\Users\Lucas Bianco\Desktop\Projetos Dev\Promos\ofertas_relampago\html\html_relampago_consolidado_20260620_144102.txt
Usando link direto extraído do HTML para obter link de afiliado.
✓ Link de afiliado: https://meli.la/1fLDAN1
Usando link direto extraído do HTML para obter link de afiliado.
✓ Link de afiliado: https://meli.la/2MF8rUC
Usando link direto extraído do HTML para obter link de afiliado.
✓ Link de afiliado: https://meli.la/29iW7HR
Usando link direto extraído do HTML para obter link de afiliado.
✓ Link de afiliado: https://meli.la/2K2saNn
Usando link direto extraído do HTML para obter link de afiliado.
✓ Link de afiliado: https://meli.la/1jP1Tu1
Usando link direto extraído do HTML para obter link de afiliado.
✓ Link de afiliado: https://meli.la/1Hc9tvn
Usando link direto extraído do HTML para obter link de afiliado.
✓ Link de afiliado: https://meli.la/1TTFhj7
Usando link direto extraído do HTML para obter link de afiliado.
✓ Link de afiliado: https://meli.la/23vFwvH
Usando link direto extraído do HTML para obter link de afiliado.
✓ Link de afiliado: https://meli.la/1BLH7Lv
Usando link direto extraído do HTML para obter link de afiliado.
✓ Link de afiliado: https://meli.la/1B8hwvU
Metadados salvos em: C:\Users\Lucas Bianco\Desktop\Projetos Dev\Promos\metadados_coleta\metadados_relampago_exec_0032_20260620_144236.json

Histórico relâmpago atualizado em: C:/Users/Lucas Bianco/Downloads\lista_anuncios.txt

Saida consolidada por modalidade atualizada em: C:\Users\Lucas Bianco\Desktop\Projetos Dev\Promos\saidas_execucoes\OnDemand\lista_anuncios.txt

[DEBUG] Twilio Account SID: ACc0...e80a

Mensagem enviada para whatsapp:+5519991133269:
Chave De Impacto 1200n.m Brushless C/ Jogo Soquete+ Dobevi Azul 127/220v
Message SID Twilio: SMde33b6307f5badd5a0bb6565c6cc86e5

Mensagem enviada para whatsapp:+5519991133269:
Colchão Emma Original Casal - Tecnologia Alemã Cor Branco/cinza
Message SID Twilio: SM7a3fc42f9a262d514a99d9ee1480d8da

Mensagem enviada para whatsapp:+5519991133269:
Smart Tv Philips 50 4k 50pug7300 Comando De Voz Bluetooth
Message SID Twilio: SMafde1f31b74f1d6bf3c4f95c11154bfa

Mensagem enviada para whatsapp:+5519991133269:
Carrinho Controle Remoto De Alta Velocida Sem Escova 70km/h Vermelho
Message SID Twilio: SM83812a4d64bade9739811a4ab89a6c72

Mensagem enviada para whatsapp:+5519991133269:
Esteira Elétrica Ergométrica Residencial Dobrável C/tela Led Preto 220v
Message SID Twilio: SM601c7dcefcef10c8e8ea0daa9d9494b4

Mensagem enviada para whatsapp:+5519991133269:
Robô Aspirador Inteligente 4 Em 1 Sucção Pó Limpa Varre Base
Message SID Twilio: SMf421c6491a400b9b02ac2f02c32d6f0d

Mensagem enviada para whatsapp:+5519991133269:
Arrancador De Bateria Portátil Astroai 1500a,auxiliar Partida Bateria,suporte Carregador Carro Eletrico,carregador Carro Eletrico,inteligente Emergência Portátil Veicular Para Carros E Motores
Message SID Twilio: SM653ba18154df09555268f70e5e152178

Mensagem enviada para whatsapp:+5519991133269:
Kit 40 Placas 3d Mármore Autocolante Revestimento Parede
Message SID Twilio: SMd4f4e2d81f1f3bf567b2f26083d7e37a

Mensagem enviada para whatsapp:+5519991133269:
Copa Do Mundo 2026 - Kit 70 Figurinhas Cromos Oficial Album
Message SID Twilio: SM07782e379e2ed6b824a28e093bf14d8f

Mensagem enviada para whatsapp:+5519991133269:
Jogo 5 Toalha Banho 100% Algodão Alta Absorção Duravel Macia Cinza-escuro
Message SID Twilio: SM0101489597353886ca1945372d0d2a73

10 oferta(s) relâmpago processada(s) e salvas.

Envio pelo WhatsApp finalizado com sucesso!

=== Fim da execucao: 2026-06-20T14:43:18 ===
