=== Inicio da execucao: 2026-07-23T20:36:07 ===
Args: --produto-por-html --fonte mercadolivre --url-produto https://lista.mercadolivre.com.br/_Container_pet-cpg-alimentos-e-petiscos-gatos-query?forceContainer=true#c_container_id=MLB1328164-1&c_id=%2Fsplinter%2Fspecial-withoutlabel&c_element_order=1&c_campaign=gato-alimentos-petiscos&c_label=%2Fsplinter%2Fspecial-withoutlabel&c_uid=b2ee9bf9-836a-11f1-a26d-7b6dabbac512&c_element_id=b2ee9bf9-836a-11f1-a26d-7b6dabbac512&c_content_origin=splinter-default&c_content_type=default&c_global_position=5&deal_print_id=b2c457a0-836a-11f1-acb2-738635e0e863&c_tracking_id=b2c457a0-836a-11f1-acb2-738635e0e863 --desconto-minimo 10 --limite-candidatos 3 --modalidade-execucao campanha

[MODO_ATIVO] PRODUTO_ONDEMAND_HOME_PESQUISA

Modo procurar produto ativado (pesquisa pela home do Mercado Livre).

[LINK_BASE_1] Processando listagem direta: https://lista.mercadolivre.com.br/_Container_pet-cpg-alimentos-e-petiscos-gatos-query?forceContainer=true#c_container_id=MLB1328164-1&c_id=%2Fsplinter%2Fspecial-withoutlabel&c_element_order=1&c_campaign=gato-alimentos-petiscos&c_label=%2Fsplinter%2Fspecial-withoutlabel&c_uid=b2ee9bf9-836a-11f1-a26d-7b6dabbac512&c_element_id=b2ee9bf9-836a-11f1-a26d-7b6dabbac512&c_content_origin=splinter-default&c_content_type=default&c_global_position=5&deal_print_id=b2c457a0-836a-11f1-acb2-738635e0e863&c_tracking_id=b2c457a0-836a-11f1-acb2-738635e0e863
[LINK_BASE_1] Carregando em blocos de 3 páginas até encontrar candidatos válidos

[BLOCO_1] Carregando páginas 1 a 3 do Link 1
[LISTAGEM_DIRETA] Link 1 - página 1: https://lista.mercadolivre.com.br/_Container_pet-cpg-alimentos-e-petiscos-gatos-query?forceContainer=true#c_container_id=MLB1328164-1&c_id=%2Fsplinter%2Fspecial-withoutlabel&c_element_order=1&c_campaign=gato-alimentos-petiscos&c_label=%2Fsplinter%2Fspecial-withoutlabel&c_uid=b2ee9bf9-836a-11f1-a26d-7b6dabbac512&c_element_id=b2ee9bf9-836a-11f1-a26d-7b6dabbac512&c_content_origin=splinter-default&c_content_type=default&c_global_position=5&deal_print_id=b2c457a0-836a-11f1-acb2-738635e0e863&c_tracking_id=b2c457a0-836a-11f1-acb2-738635e0e863
✓ Link de afiliado: https://meli.la/1gxf4zw
✓ Link de afiliado: https://meli.la/1aVRP9C
✓ Link de afiliado: https://meli.la/2n1F9j7
[BLOCO_1] Resultado: 3 candidato(s) coletado(s), 3 válido(s) enriquecido(s). Total: 3/3

Histórico relâmpago atualizado em: C:\Users\Lucas Bianco\Desktop\Projetos Dev\Promos\ofertas_relampago\Historico de anuncios\lista_anuncios.txt
✅ 2 imagem(ns) principal(is) salvas em anuncios: C:\Users\Lucas Bianco\Desktop\Projetos Dev\Promos\dist-interface\instagram_anuncios
✅ JSON de busca de produto salvo em: C:\Users\Lucas Bianco\Desktop\Projetos Dev\Promos\ofertas_afiliados\Historico de anuncios\ofertas_20260723_203647.json

Saida consolidada por modalidade atualizada em: C:\Users\Lucas Bianco\Desktop\Projetos Dev\Promos\saidas_execucoes\Campanha\lista_anuncios.txt
Saida JSON campanha salva em: C:\Users\Lucas Bianco\Desktop\Projetos Dev\Promos\saidas_execucoes\Campanha\ofertas_20260723_203647.json

[DEBUG] Twilio Account SID: ACc0...e80a

[DEBUG] media_url=NAO
[DEBUG] motivo_sem_midia=webp_desativado
[DEBUG] imagem=https://http2.mlstatic.com/D_NQ_NP_901974-MLA99934727927_112025-O.webp

Mensagem enviada para whatsapp:+5519991133269:
Alimento Golden Special Gatos Castrados Sabor frango e Carne 10.1 kg
Message SID Twilio: SM8870235b7201031918d590ece1ab877f
[DEBUG] status_final_twilio=sending

[DEBUG] media_url=NAO
[DEBUG] motivo_sem_midia=webp_desativado
[DEBUG] imagem=https://http2.mlstatic.com/D_NQ_NP_720890-MLA112069364360_062026-O.webp

Mensagem enviada para whatsapp:+5519991133269:
Ração Whiskas para gatos adultos castrados sabor carne 10.1kg
Message SID Twilio: SMfaab1343b975e13a7166e7c5fff79727
[DEBUG] status_final_twilio=sending

[DEBUG] media_url=NAO
[DEBUG] motivo_sem_midia=webp_desativado
[DEBUG] imagem=https://http2.mlstatic.com/D_NQ_NP_941669-MLA99931956469_112025-O.webp

Mensagem enviada para whatsapp:+5519991133269:
Ração Golden Special Gatos Adultos Frango E Carne 10,1 Kg
Message SID Twilio: SMab91b66f5cdd3bb633cadda5f3acd805
[DEBUG] status_final_twilio=sending

[RESUMO_TWILIO] entregues_ou_processadas=3 falhas=0 total=3

3 oferta(s) processada(s) e salva(s).

=== Fim da execucao: 2026-07-23T20:36:53 ===
