=== Inicio da execucao: 2026-07-13T20:32:27 ===
Args: --somente-relampago --desconto-minimo 40 --limite-candidatos 5 --pasta-saida C:/Users/Lucas Bianco/Downloads --modalidade-execucao ondemand

[MODO_ATIVO] FLUXO_HUB_AFILIADOS_LEGADO

Mercado Livre ja esta autenticado.

Modo somente ofertas relâmpago ativado. Fluxo do hub/Twilio foi ignorado.
Limpeza de HTML relâmpago: 2 arquivo(s) antigo(s) removido(s).

Navegando para ofertas relâmpago:
https://www.mercadolivre.com.br/ofertas?promotion_type=lightning#filter_applied=promotion_type&filter_position=3&origin=qcat
HTML salvo em: C:\Users\Lucas Bianco\Desktop\Projetos Dev\Promos\ofertas_relampago\html\html_relampago_20260713_203251_428210_01.txt
Modo sem parametros detectado: usando apenas o primeiro HTML de ofertas relampago.

Analisando HTML de: C:\Users\Lucas Bianco\Desktop\Projetos Dev\Promos\ofertas_relampago\html\html_relampago_20260713_203251_428210_01.txt
22 oferta(s) com 40% ou mais de desconto extraída(s) do JSON.
[DESCARTADO - HISTORICO] Anúncio mlb6786174222 marcado como anuncio_inedito=false no histórico.
[DESCARTADO - HISTORICO] Anúncio mlb5800919092 marcado como anuncio_inedito=false no histórico.
[DESCARTADO - HISTORICO] Anúncio mlb6623716064 marcado como anuncio_inedito=false no histórico.
[DESCARTADO - HISTORICO] Anúncio mlb3456684963 marcado como anuncio_inedito=false no histórico.
[DESCARTADO - HISTORICO] Anúncio mlb6760301108 marcado como anuncio_inedito=false no histórico.
[DESCARTADO - HISTORICO] Anúncio mlb7059218650 marcado como anuncio_inedito=false no histórico.
[DESCARTADO - HISTORICO] Anúncio mlb5761677016 marcado como anuncio_inedito=false no histórico.
[DESCARTADO - HISTORICO] Anúncio mlb4839435023 marcado como anuncio_inedito=false no histórico.
[DESCARTADO - HISTORICO] Anúncio mlb2677249734 marcado como anuncio_inedito=false no histórico.
[DESCARTADO - HISTORICO] Anúncio mlb5862685042 marcado como anuncio_inedito=false no histórico.
[DESCARTADO - HISTORICO] Anúncio mlb4278562510 marcado como anuncio_inedito=false no histórico.
[DESCARTADO - HISTORICO] Anúncio mlb5748326240 marcado como anuncio_inedito=false no histórico.
Paginação parametrizada limitada a 25 página(s) (detecção original: 227 página(s)).
HTML consolidado salvo em: C:\Users\Lucas Bianco\Desktop\Projetos Dev\Promos\ofertas_relampago\html\html_relampago_consolidado_20260713_203251.txt
Usando link direto extraído do HTML para obter link de afiliado.
✓ Link de afiliado: https://meli.la/1KYX692
Usando link direto extraído do HTML para obter link de afiliado.
✓ Link de afiliado: https://meli.la/1RyPn9Q
Usando link direto extraído do HTML para obter link de afiliado.
✓ Link de afiliado: https://meli.la/2uv39kx
Usando link direto extraído do HTML para obter link de afiliado.
✓ Link de afiliado: https://meli.la/2L7YLi7
Usando link direto extraído do HTML para obter link de afiliado.
✓ Link de afiliado: https://meli.la/1gxYHF6
Metadados salvos em: C:\Users\Lucas Bianco\Desktop\Projetos Dev\Promos\metadados_coleta\metadados_relampago_exec_0062_20260713_203342.json

Histórico relâmpago atualizado em: C:/Users/Lucas Bianco/Downloads\lista_anuncios.txt

Saida consolidada por modalidade atualizada em: C:\Users\Lucas Bianco\Desktop\Projetos Dev\Promos\saidas_execucoes\OnDemand\lista_anuncios.txt

[DEBUG] Twilio Account SID: ACc0...e80a

Mensagem enviada para whatsapp:+5519991133269:
Mala De Bordo Vegas 3.0 Samsonite Preta
Message SID Twilio: SM2e26086dbf8119b3ae02ff014976dec0

Mensagem enviada para whatsapp:+5519991133269:
Tênis Olympikus Masculino Delta/122 Preto/vermelho Lisa 42 Br
Message SID Twilio: SM842814ab5563be8a282d7988f50e32de

Mensagem enviada para whatsapp:+5519991133269:
Conjunto Jogo Panelas Cerâmica Antiaderente Indução 13 Peças Baunilha
Message SID Twilio: SMa954c8c81fc395a9c3d2f2934645ffed

Mensagem enviada para whatsapp:+5519991133269:
PENTA MAGNÉSIO - Bisglicinato + Dimalato + Citrato + Taurato + Óxido de Magnésio - A Combinação Perfeita de 5 Magnésios com Máxima Pureza e Biodisponibilidade - 60 Cápsulas
Message SID Twilio: SM3f9af830d165244239de7c28a098f023

Mensagem enviada para whatsapp:+5519991133269:
Kit 6 Pares Meia Invisível Olympikus Unissex Confortável Branco/preto/mescla Liso 39/44
Message SID Twilio: SM3018a4b3edf04fd0eb22e8ac071544fc

5 oferta(s) relâmpago processada(s) e salvas.

Envio pelo WhatsApp finalizado com sucesso!

=== Fim da execucao: 2026-07-13T20:34:02 ===
