=== Inicio da execucao: 2026-06-08T16:47:10 ===
Args: --produto-por-html --url-produto https://lista.mercadolivre.com.br/bebes/passeio-bebe/?forceContainer=true#c_container_id=not_apply&c_id=%2Fsplinter%2Fcarouselitem&c_element_order=1&c_campaign=bolota-passeio-do-bebe&c_label=%2Fsplinter%2Fcarouselitem&c_uid=eb331520-61e3-11f1-86c0-f1eb3b0c1944&c_element_id=eb331520-61e3-11f1-86c0-f1eb3b0c1944&c_content_origin=splinter-default&c_content_type=default&c_global_position=4&deal_print_id=ea304b20-61e3-11f1-b5b5-d3f84d3db8b2&c_tracking_id=ea304b20-61e3-11f1-b5b5-d3f84d3db8b2 --url-produto https://lista.mercadolivre.com.br/supermercado/market/_Container_cpg-landing-baby?forceContainer=true#c_container_id=MLB1294735-1&c_id=%2Fsplinter%2Fcarouselitem&c_element_order=4&c_campaign=bolota-supermercado&c_label=%2Fsplinter%2Fcarouselitem&c_uid=eb2ef673-61e3-11f1-86c0-f1eb3b0c1944&c_element_id=eb2ef673-61e3-11f1-86c0-f1eb3b0c1944&c_content_origin=splinter-default&c_content_type=default&c_global_position=4&deal_print_id=ea304b20-61e3-11f1-b5b5-d3f84d3db8b2&c_tracking_id=ea304b20-61e3-11f1-b5b5-d3f84d3db8b2 --url-produto https://lista.mercadolivre.com.br/bebes/quarto-bebe/?forceContainer=true#c_container_id=not_apply&c_id=%2Fsplinter%2Fcarouselitem&c_element_order=5&c_campaign=bolota-quarto-do-bebe&c_label=%2Fsplinter%2Fcarouselitem&c_uid=eb338a50-61e3-11f1-86c0-f1eb3b0c1944&c_element_id=eb338a50-61e3-11f1-86c0-f1eb3b0c1944&c_content_origin=splinter-default&c_content_type=default&c_global_position=4&deal_print_id=ea304b20-61e3-11f1-b5b5-d3f84d3db8b2&c_tracking_id=ea304b20-61e3-11f1-b5b5-d3f84d3db8b2 --url-produto https://lista.mercadolivre.com.br/bebes/seguranca-bebe/?forceContainer=true#c_container_id=not_apply&c_id=%2Fsplinter%2Fcarouselitem&c_element_order=6&c_campaign=bolota-seguranca-do-bebe&c_label=%2Fsplinter%2Fcarouselitem&c_uid=eb33b160-61e3-11f1-86c0-f1eb3b0c1944&c_element_id=eb33b160-61e3-11f1-86c0-f1eb3b0c1944&c_content_origin=splinter-default&c_content_type=default&c_global_position=4&deal_print_id=ea304b20-61e3-11f1-b5b5-d3f84d3db8b2&c_tracking_id=ea304b20-61e3-11f1-b5b5-d3f84d3db8b2 --url-produto https://lista.mercadolivre.com.br/bebes/banho-bebe/?forceContainer=true#c_container_id=not_apply&c_id=%2Fsplinter%2Fcarouselitem&c_element_order=7&c_campaign=bolota-banho-do-bebe&c_label=%2Fsplinter%2Fcarouselitem&c_uid=eb33ff80-61e3-11f1-86c0-f1eb3b0c1944&c_element_id=eb33ff80-61e3-11f1-86c0-f1eb3b0c1944&c_content_origin=splinter-default&c_content_type=default&c_global_position=4&deal_print_id=ea304b20-61e3-11f1-b5b5-d3f84d3db8b2&c_tracking_id=ea304b20-61e3-11f1-b5b5-d3f84d3db8b2 --preco-minimo 50.0 --preco-maximo 400.0 --desconto-minimo 10 --limite-candidatos 10 --modalidade-execucao campanha

[MODO_ATIVO] PRODUTO_ONDEMAND_HOME_PESQUISA

Modo procurar produto ativado (pesquisa pela home do Mercado Livre).

[LINK_BASE_1] Processando listagem direta: https://lista.mercadolivre.com.br/bebes/passeio-bebe/?forceContainer=true#c_container_id=not_apply&c_id=%2Fsplinter%2Fcarouselitem&c_element_order=1&c_campaign=bolota-passeio-do-bebe&c_label=%2Fsplinter%2Fcarouselitem&c_uid=eb331520-61e3-11f1-86c0-f1eb3b0c1944&c_element_id=eb331520-61e3-11f1-86c0-f1eb3b0c1944&c_content_origin=splinter-default&c_content_type=default&c_global_position=4&deal_print_id=ea304b20-61e3-11f1-b5b5-d3f84d3db8b2&c_tracking_id=ea304b20-61e3-11f1-b5b5-d3f84d3db8b2
[LISTAGEM_DIRETA] Link 1 - página 1: https://lista.mercadolivre.com.br/bebes/passeio-bebe/?forceContainer=true#c_container_id=not_apply&c_id=%2Fsplinter%2Fcarouselitem&c_element_order=1&c_campaign=bolota-passeio-do-bebe&c_label=%2Fsplinter%2Fcarouselitem&c_uid=eb331520-61e3-11f1-86c0-f1eb3b0c1944&c_element_id=eb331520-61e3-11f1-86c0-f1eb3b0c1944&c_content_origin=splinter-default&c_content_type=default&c_global_position=4&deal_print_id=ea304b20-61e3-11f1-b5b5-d3f84d3db8b2&c_tracking_id=ea304b20-61e3-11f1-b5b5-d3f84d3db8b2
✓ Link de afiliado: https://meli.la/31krYsk
✓ Link de afiliado: https://meli.la/1NiS4Xk
[LISTAGEM_DIRETA] Link 1 - página 2: https://lista.mercadolivre.com.br/bebes/passeio-bebe/?forceContainer=true&page=2
[LISTAGEM_DIRETA] Link 1 - página 3: https://lista.mercadolivre.com.br/bebes/passeio-bebe/?forceContainer=true&page=3

[LINK_BASE_2] Processando listagem direta: https://lista.mercadolivre.com.br/supermercado/market/_Container_cpg-landing-baby?forceContainer=true#c_container_id=MLB1294735-1&c_id=%2Fsplinter%2Fcarouselitem&c_element_order=4&c_campaign=bolota-supermercado&c_label=%2Fsplinter%2Fcarouselitem&c_uid=eb2ef673-61e3-11f1-86c0-f1eb3b0c1944&c_element_id=eb2ef673-61e3-11f1-86c0-f1eb3b0c1944&c_content_origin=splinter-default&c_content_type=default&c_global_position=4&deal_print_id=ea304b20-61e3-11f1-b5b5-d3f84d3db8b2&c_tracking_id=ea304b20-61e3-11f1-b5b5-d3f84d3db8b2
[LISTAGEM_DIRETA] Link 2 - página 1: https://lista.mercadolivre.com.br/supermercado/market/_Container_cpg-landing-baby?forceContainer=true#c_container_id=MLB1294735-1&c_id=%2Fsplinter%2Fcarouselitem&c_element_order=4&c_campaign=bolota-supermercado&c_label=%2Fsplinter%2Fcarouselitem&c_uid=eb2ef673-61e3-11f1-86c0-f1eb3b0c1944&c_element_id=eb2ef673-61e3-11f1-86c0-f1eb3b0c1944&c_content_origin=splinter-default&c_content_type=default&c_global_position=4&deal_print_id=ea304b20-61e3-11f1-b5b5-d3f84d3db8b2&c_tracking_id=ea304b20-61e3-11f1-b5b5-d3f84d3db8b2
✓ Link de afiliado: https://meli.la/2mqsedp
✓ Link de afiliado: https://meli.la/25FTw8c
✓ Link de afiliado: https://meli.la/1Lp7MDg
✓ Link de afiliado: https://meli.la/1CqYtPv
✓ Link de afiliado: https://meli.la/25iT22Z
✓ Link de afiliado: https://meli.la/1UYXaAx
✓ Link de afiliado: https://meli.la/1b57EmK
[LISTAGEM_DIRETA] Link 2 - página 2: https://lista.mercadolivre.com.br/supermercado/market/_Container_cpg-landing-baby?forceContainer=true&page=2
[LISTAGEM_DIRETA] Link 2 - página 3: https://lista.mercadolivre.com.br/supermercado/market/_Container_cpg-landing-baby?forceContainer=true&page=3

[LINK_BASE_3] Processando listagem direta: https://lista.mercadolivre.com.br/bebes/quarto-bebe/?forceContainer=true#c_container_id=not_apply&c_id=%2Fsplinter%2Fcarouselitem&c_element_order=5&c_campaign=bolota-quarto-do-bebe&c_label=%2Fsplinter%2Fcarouselitem&c_uid=eb338a50-61e3-11f1-86c0-f1eb3b0c1944&c_element_id=eb338a50-61e3-11f1-86c0-f1eb3b0c1944&c_content_origin=splinter-default&c_content_type=default&c_global_position=4&deal_print_id=ea304b20-61e3-11f1-b5b5-d3f84d3db8b2&c_tracking_id=ea304b20-61e3-11f1-b5b5-d3f84d3db8b2
[LISTAGEM_DIRETA] Link 3 - página 1: https://lista.mercadolivre.com.br/bebes/quarto-bebe/?forceContainer=true#c_container_id=not_apply&c_id=%2Fsplinter%2Fcarouselitem&c_element_order=5&c_campaign=bolota-quarto-do-bebe&c_label=%2Fsplinter%2Fcarouselitem&c_uid=eb338a50-61e3-11f1-86c0-f1eb3b0c1944&c_element_id=eb338a50-61e3-11f1-86c0-f1eb3b0c1944&c_content_origin=splinter-default&c_content_type=default&c_global_position=4&deal_print_id=ea304b20-61e3-11f1-b5b5-d3f84d3db8b2&c_tracking_id=ea304b20-61e3-11f1-b5b5-d3f84d3db8b2
✓ Link de afiliado: https://meli.la/2D1fAm3

Histórico relâmpago atualizado em: C:\Users\Lucas Bianco\Desktop\Projetos Dev\Promos\ofertas_relampago\Historico de anuncios\lista_anuncios.txt

Saida consolidada por modalidade atualizada em: C:\Users\Lucas Bianco\Desktop\Projetos Dev\Promos\saidas_execucoes\Campanha\lista_anuncios.txt

[DEBUG] Twilio Account SID: ACc0...e80a

Mensagem enviada para whatsapp:+5519991133269:
Bolsa Canguru Ergonômico Bebê Mãe Premium 12 Posições 4 Em 1 Baby Bear Cor Cinza
Message SID Twilio: SM078eb2a7ad93cfc825cd2ad0d3537527

Mensagem enviada para whatsapp:+5519991133269:
Carrinho De Bebê De Paseio Maxi Baby 21671 Carrinho Guarda Chuva Cinza
Message SID Twilio: SM3f5ca520a74086935961c51d07e31c58

Mensagem enviada para whatsapp:+5519991133269:
Fralda Huggies Rápida Absorção XXG 66 Unidades
Message SID Twilio: SM8dffed39ff68ffff223e645bce1bca1d

Mensagem enviada para whatsapp:+5519991133269:
Huggies Fralda Pants Roupinha Proteção Acolchoada G - 60 Un
Message SID Twilio: SM1155e9a16e1915120d9431f413f71c72

Mensagem enviada para whatsapp:+5519991133269:
Huggies Fralda Pants Roupinha Proteção Acolchoada XG - 64 Un
Message SID Twilio: SM75693d7f97d382570d16251186c5b1c7

Mensagem enviada para whatsapp:+5519991133269:
Fralda Descartável Pampers Supersequinha, Tamanho M 90 Unidades
Message SID Twilio: SMa0826c89f7a6d569ec75aac35a36974d

Mensagem enviada para whatsapp:+5519991133269:
Fralda Pampers Premium Care Pants Tamanho M 78 unidades
Message SID Twilio: SMf33ada88f1a869de965c80db0bcffc7f

Mensagem enviada para whatsapp:+5519991133269:
Lenços Umedecidos Pampers, Aroma de Aloe Vera 12 pacotes em total 576 Unidades
Message SID Twilio: SM838dabccf597e7c7b70b5da93b202e9c

Mensagem enviada para whatsapp:+5519991133269:
Fralda Pampers Pants Ajuste Total Tamanho XXG, 78 Unidades
Message SID Twilio: SM73f3b4eb1d086f5da02d4a4e1c032105

Mensagem enviada para whatsapp:+5519991133269:
Aparelho De Som Bebês Ninar Relaxante Quarto Para Dormir
Message SID Twilio: SM95349455f66a2b6e2e0a07f40c4d5f82

10 oferta(s) processada(s) e salva(s).

=== Fim da execucao: 2026-06-08T16:50:17 ===
