=== Inicio da execucao: 2026-06-04T15:05:48 ===
Args: --produto-por-html --descricao-produto adaptador videogame stick retro --desconto-minimo 30 --limite-candidatos 4 --pasta-saida C:/Users/Lucas Bianco/Downloads --modalidade-execucao ondemand

[MODO_ATIVO] PRODUTO_ONDEMAND_HOME_PESQUISA

Modo procurar produto ativado (pesquisa pela home do Mercado Livre).

[Pesquisa inicial] Página 1: https://lista.mercadolivre.com.br/adaptador-videogame-stick-retro
✓ Link de afiliado: https://meli.la/1MkiK3n
✓ Link de afiliado: https://meli.la/1Vyuu3y
✓ Link de afiliado: https://meli.la/13bB3CD
✓ Link de afiliado: https://meli.la/2xwLygd

Histórico relâmpago atualizado em: C:/Users/Lucas Bianco/Downloads\lista_anuncios.txt

Saida consolidada por modalidade atualizada em: C:\Users\Lucas Bianco\Desktop\Projetos Dev\Promos\saidas_execucoes\OnDemand\lista_anuncios.txt

[DEBUG] Twilio Account SID: ACc0...e80a

Mensagem enviada para whatsapp:+5519991133269:
Adaptador Stick Retro M8 Hdmi + Duplo Controle S/fio 20k Jgs
Message SID Twilio: SM9a1e006e96d6d8eaa1be4ab914fc54d9

Mensagem enviada para whatsapp:+5519991133269:
Game Stick Hdmi Mais 20 Mil Jogos + 2 Controle Sem Fio
Message SID Twilio: SM5800bd8519441f3a5c021149b9030679

Mensagem enviada para whatsapp:+5519991133269:
Vídeo Game Stick M15 Pro 4k 64gb Com 2 Controles S/ Fio
Message SID Twilio: SM5a3e4983511b7ede0a3e86dad005a1b4

Mensagem enviada para whatsapp:+5519991133269:
Adaptador Videogame Game Stick M15 2 Controles Game Stick
Message SID Twilio: SMe69edb9e3851e294a66ec05db22aa3ea

4 oferta(s) processada(s) e salva(s).

=== Fim da execucao: 2026-06-04T15:06:52 ===
