=== Inicio da execucao: 2026-07-09T09:22:34 ===
Args: --somente-relampago --desconto-minimo 50 --limite-candidatos 10 --pasta-saida C:/Users/Lucas Bianco/Downloads --modalidade-execucao ondemand

[MODO_ATIVO] FLUXO_HUB_AFILIADOS_LEGADO

Mercado Livre ja esta autenticado.

Modo somente ofertas relâmpago ativado. Fluxo do hub/Twilio foi ignorado.
Limpeza de HTML relâmpago: 3 arquivo(s) antigo(s) removido(s).

Navegando para ofertas relâmpago:
https://www.mercadolivre.com.br/ofertas?promotion_type=lightning#filter_applied=promotion_type&filter_position=3&origin=qcat
HTML salvo em: C:\Users\Lucas Bianco\Desktop\Projetos Dev\Promos\ofertas_relampago\html\html_relampago_20260709_092300_299887_01.txt
Modo sem parametros detectado: usando apenas o primeiro HTML de ofertas relampago.

Analisando HTML de: C:\Users\Lucas Bianco\Desktop\Projetos Dev\Promos\ofertas_relampago\html\html_relampago_20260709_092300_299887_01.txt
14 oferta(s) com 50% ou mais de desconto extraída(s) do JSON.
[DESCARTADO - HISTORICO] Anúncio mlb4705243893 marcado como anuncio_inedito=false no histórico.
[DESCARTADO - HISTORICO] Anúncio mlb6851905500 marcado como anuncio_inedito=false no histórico.
Paginação parametrizada limitada a 25 página(s) (detecção original: 230 página(s)).
HTML consolidado salvo em: C:\Users\Lucas Bianco\Desktop\Projetos Dev\Promos\ofertas_relampago\html\html_relampago_consolidado_20260709_092300.txt
Usando link direto extraído do HTML para obter link de afiliado.
✓ Link de afiliado: https://meli.la/1dPn2qE
Usando link direto extraído do HTML para obter link de afiliado.
✓ Link de afiliado: https://meli.la/1wLXsYq
Usando link direto extraído do HTML para obter link de afiliado.
✓ Link de afiliado: https://meli.la/1gtFeZn
Usando link direto extraído do HTML para obter link de afiliado.
✓ Link de afiliado: https://meli.la/2DDS4oC
Usando link direto extraído do HTML para obter link de afiliado.
✓ Link de afiliado: https://meli.la/2VXR43V
Usando link direto extraído do HTML para obter link de afiliado.
✓ Link de afiliado: https://meli.la/1mHEiFm
Usando link direto extraído do HTML para obter link de afiliado.
✓ Link de afiliado: https://meli.la/2udXMbQ
Usando link direto extraído do HTML para obter link de afiliado.
✓ Link de afiliado: https://meli.la/2k1VoFy
Usando link direto extraído do HTML para obter link de afiliado.
✓ Link de afiliado: https://meli.la/1Hc9tvn
Usando link direto extraído do HTML para obter link de afiliado.
✓ Link de afiliado: https://meli.la/1VxFM9u
Metadados salvos em: C:\Users\Lucas Bianco\Desktop\Projetos Dev\Promos\metadados_coleta\metadados_relampago_exec_0058_20260709_092441.json

Histórico relâmpago atualizado em: C:/Users/Lucas Bianco/Downloads\lista_anuncios.txt

Saida consolidada por modalidade atualizada em: C:\Users\Lucas Bianco\Desktop\Projetos Dev\Promos\saidas_execucoes\OnDemand\lista_anuncios.txt

[DEBUG] Twilio Account SID: ACc0...e80a

Mensagem enviada para whatsapp:+5519991133269:
Creatina Monohidratada Pura 500g Dark Lab Unidade
Message SID Twilio: SM32b6159eebae3ce779bbcf05b5f55a1a

Mensagem enviada para whatsapp:+5519991133269:
Cadeira De Escritório Até 150kg Executiva Presidente Office Preto - Luxo Premium Assento E Encosto Em Tela Mesh,
Message SID Twilio: SM77441bef0e691fcc22caf0953614918e

Mensagem enviada para whatsapp:+5519991133269:
Whey Protein Concentrado 1kg Chocolate Branco Dark Lab
Message SID Twilio: SMb4ec58d97df6fe6e3f7a0c1d3939f143

Mensagem enviada para whatsapp:+5519991133269:
Fone De Ouvido Original Xiaomi Redmi Airdots 2 Preto Preto Preto
Message SID Twilio: SM327683a49c0b7099368d630a7b67f417

Mensagem enviada para whatsapp:+5519991133269:
Chapinha 2 Em 1 Cerâmica Bivolt Aquecimento Ptc Rápido Preto E Roxo Bivolt (127v / 220v)
Message SID Twilio: SMa3a00110dd0dcd7aa4c52029566db7ac

Mensagem enviada para whatsapp:+5519991133269:
Whey Isolate Protein Fuse 1.8kg Baunilha Dark Lab
Message SID Twilio: SM7e01e563f3221a125c0da1a8b2477c89

Mensagem enviada para whatsapp:+5519991133269:
Mochila À Prova D'água Reforçada Expansível Para Viagens Diá Preto
Message SID Twilio: SM74ce6f52c9db0872f5c5b6a8bb5f4e24

Mensagem enviada para whatsapp:+5519991133269:
Compressor Portátil Car Air Pump Digital Com Visor Para Carro Moto Bike Calibrador De Pneu Multifuncional
Message SID Twilio: SMd2b8457d3dc46f765b8569a90a69459e

Mensagem enviada para whatsapp:+5519991133269:
Robô Aspirador Inteligente 4 Em 1 Sucção Pó Limpa Varre Base
Message SID Twilio: SM7ba61230562f2b19cdb3074b94bfeda9

Mensagem enviada para whatsapp:+5519991133269:
Mini Compressor Digital Portátil Bomba De Encher Pneus Bola Inflável Para Carro Moto Bicicleta Com Calibrador De Ar Preto
Message SID Twilio: SM13432c157e91df9753aa14cf1e8edd00

10 oferta(s) relâmpago processada(s) e salvas.

Envio pelo WhatsApp finalizado com sucesso!

=== Fim da execucao: 2026-07-09T09:25:24 ===
