=== Inicio da execucao: 2026-07-22T20:32:02 ===
Args: --produto-por-html --fonte mercadolivre --url-produto https://lista.mercadolivre.com.br/_Container_pet-cpg-tapetes-e-higiene-query?forceContainer=true#c_container_id=MLB1328152-1&c_id=%2Fsplinter%2Fspecial-withoutlabel&c_element_order=2&c_campaign=cachorro-tapetes-higiene&c_label=%2Fsplinter%2Fspecial-withoutlabel&c_uid=ed1706b9-8369-11f1-8f88-9f961f67e783&c_element_id=ed1706b9-8369-11f1-8f88-9f961f67e783&c_content_origin=splinter-default&c_content_type=default&c_global_position=4&deal_print_id=ec87bf00-8369-11f1-84c2-116ecd772591&c_tracking_id=ec87bf00-8369-11f1-84c2-116ecd772591 --desconto-minimo 10 --limite-candidatos 3 --modalidade-execucao campanha

[MODO_ATIVO] PRODUTO_ONDEMAND_HOME_PESQUISA

Modo procurar produto ativado (pesquisa pela home do Mercado Livre).

[LINK_BASE_1] Processando listagem direta: https://lista.mercadolivre.com.br/_Container_pet-cpg-tapetes-e-higiene-query?forceContainer=true#c_container_id=MLB1328152-1&c_id=%2Fsplinter%2Fspecial-withoutlabel&c_element_order=2&c_campaign=cachorro-tapetes-higiene&c_label=%2Fsplinter%2Fspecial-withoutlabel&c_uid=ed1706b9-8369-11f1-8f88-9f961f67e783&c_element_id=ed1706b9-8369-11f1-8f88-9f961f67e783&c_content_origin=splinter-default&c_content_type=default&c_global_position=4&deal_print_id=ec87bf00-8369-11f1-84c2-116ecd772591&c_tracking_id=ec87bf00-8369-11f1-84c2-116ecd772591
[LINK_BASE_1] Carregando em blocos de 3 páginas até encontrar candidatos válidos

[BLOCO_1] Carregando páginas 1 a 3 do Link 1
[LISTAGEM_DIRETA] Link 1 - página 1: https://lista.mercadolivre.com.br/_Container_pet-cpg-tapetes-e-higiene-query?forceContainer=true#c_container_id=MLB1328152-1&c_id=%2Fsplinter%2Fspecial-withoutlabel&c_element_order=2&c_campaign=cachorro-tapetes-higiene&c_label=%2Fsplinter%2Fspecial-withoutlabel&c_uid=ed1706b9-8369-11f1-8f88-9f961f67e783&c_element_id=ed1706b9-8369-11f1-8f88-9f961f67e783&c_content_origin=splinter-default&c_content_type=default&c_global_position=4&deal_print_id=ec87bf00-8369-11f1-84c2-116ecd772591&c_tracking_id=ec87bf00-8369-11f1-84c2-116ecd772591
✓ Link de afiliado: https://meli.la/2neW844
✓ Link de afiliado: https://meli.la/2QoG3BE
✓ Link de afiliado: https://meli.la/1Y5m1uh
[BLOCO_1] Resultado: 3 candidato(s) coletado(s), 3 válido(s) enriquecido(s). Total: 3/3

Histórico relâmpago atualizado em: C:\Users\Lucas Bianco\Desktop\Projetos Dev\Promos\ofertas_relampago\Historico de anuncios\lista_anuncios.txt
✅ 3 imagem(ns) principal(is) salvas em anuncios: C:\Users\Lucas Bianco\Desktop\Projetos Dev\Promos\dist-interface\instagram_anuncios
✅ JSON de busca de produto salvo em: C:\Users\Lucas Bianco\Desktop\Projetos Dev\Promos\ofertas_afiliados\Historico de anuncios\ofertas_20260722_203239.json

Saida consolidada por modalidade atualizada em: C:\Users\Lucas Bianco\Desktop\Projetos Dev\Promos\saidas_execucoes\Campanha\lista_anuncios.txt
Saida JSON campanha salva em: C:\Users\Lucas Bianco\Desktop\Projetos Dev\Promos\saidas_execucoes\Campanha\ofertas_20260722_203239.json

[DEBUG] Twilio Account SID: ACc0...e80a

[DEBUG] media_url=NAO
[DEBUG] motivo_sem_midia=webp_desativado
[DEBUG] imagem=https://http2.mlstatic.com/D_NQ_NP_841319-MLA99961598527_112025-O.webp

Mensagem enviada para whatsapp:+5519991133269:
Tapete Higiênico 80x60 30un Pata Limpa Descartável Cachorro Pet Cão Fralda Manta Absorvente
Message SID Twilio: SM5855989bea840ea88587196d8df9b3ec
[DEBUG] status_final_twilio=queued

[DEBUG] media_url=NAO
[DEBUG] motivo_sem_midia=webp_desativado
[DEBUG] imagem=https://http2.mlstatic.com/D_NQ_NP_874368-MLB77436653506_072024-O-tapete-higienico-pet-like-ultra-pad-lavanda-30-unidades.webp

Mensagem enviada para whatsapp:+5519991133269:
Tapete Higiênico Pet Like Ultra Pad Lavanda 30 Unidades
Message SID Twilio: SMb54a22f474f0bccec63829e117357a87
[DEBUG] status_final_twilio=sending

[DEBUG] media_url=NAO
[DEBUG] motivo_sem_midia=webp_desativado
[DEBUG] imagem=https://http2.mlstatic.com/D_NQ_NP_856182-MLA110628780523_042026-O.webp

Mensagem enviada para whatsapp:+5519991133269:
Tapete Higiênico 50 Unidades 80x60 biosec descartável para cachorro pet cão absorvente manta fralda
Message SID Twilio: SMb686cc94c832ebd6635d5c993e20ac3d
[DEBUG] status_final_twilio=sending

[RESUMO_TWILIO] entregues_ou_processadas=3 falhas=0 total=3

3 oferta(s) processada(s) e salva(s).

=== Fim da execucao: 2026-07-22T20:32:45 ===
