=== Inicio da execucao: 2026-07-24T08:15:08 ===
Args: --produto-por-html --fonte mercadolivre --url-produto https://lista.mercadolivre.com.br/bebes/higiene-cuidados-bebe/fraldas/descartaveis/mais-de-60-unidades/fralda_NoIndex_True#applied_filter_id%3DUNITS_PER_PACKAGE%26applied_filter_name%3DUnidades+por+embalagem%26applied_filter_order%3D7%26applied_value_id%3D%5B60-*%29%26applied_value_name%3D60+unidades+ou+mais%26applied_value_order%3D3%26applied_value_results%3D2514%26is_custom%3Dfalse --preco-minimo 60.0 --preco-maximo 160.0 --desconto-minimo 20 --limite-candidatos 5 --modalidade-execucao campanha

[MODO_ATIVO] PRODUTO_ONDEMAND_HOME_PESQUISA

Modo procurar produto ativado (pesquisa pela home do Mercado Livre).

[LINK_BASE_1] Processando listagem direta: https://lista.mercadolivre.com.br/bebes/higiene-cuidados-bebe/fraldas/descartaveis/mais-de-60-unidades/fralda_NoIndex_True#applied_filter_id%3DUNITS_PER_PACKAGE%26applied_filter_name%3DUnidades+por+embalagem%26applied_filter_order%3D7%26applied_value_id%3D%5B60-*%29%26applied_value_name%3D60+unidades+ou+mais%26applied_value_order%3D3%26applied_value_results%3D2514%26is_custom%3Dfalse
[LINK_BASE_1] Carregando em blocos de 3 páginas até encontrar candidatos válidos

[BLOCO_1] Carregando páginas 1 a 3 do Link 1
[LISTAGEM_DIRETA] Link 1 - página 1: https://lista.mercadolivre.com.br/bebes/higiene-cuidados-bebe/fraldas/descartaveis/mais-de-60-unidades/fralda_NoIndex_True#applied_filter_id%3DUNITS_PER_PACKAGE%26applied_filter_name%3DUnidades+por+embalagem%26applied_filter_order%3D7%26applied_value_id%3D%5B60-*%29%26applied_value_name%3D60+unidades+ou+mais%26applied_value_order%3D3%26applied_value_results%3D2514%26is_custom%3Dfalse
✓ Link de afiliado: https://meli.la/1SsZWSv
✓ Link de afiliado: https://meli.la/2peg4WA
✓ Link de afiliado: https://meli.la/1Fa2Vx7
[LISTAGEM_DIRETA] Link 1 - página 2: https://lista.mercadolivre.com.br/bebes/higiene-cuidados-bebe/fraldas/descartaveis/mais-de-60-unidades/fralda_NoIndex_True?page=2
[LISTAGEM_DIRETA] Link 1 - página 3: https://lista.mercadolivre.com.br/bebes/higiene-cuidados-bebe/fraldas/descartaveis/mais-de-60-unidades/fralda_NoIndex_True?page=3
[BLOCO_1] Resultado: 3 candidato(s) coletado(s), 3 válido(s) enriquecido(s). Total: 3/5

[BLOCO_2] Carregando páginas 4 a 6 do Link 1
[LISTAGEM_DIRETA] Link 1 - página 4: https://lista.mercadolivre.com.br/bebes/higiene-cuidados-bebe/fraldas/descartaveis/mais-de-60-unidades/fralda_NoIndex_True?page=4
[LISTAGEM_DIRETA] Link 1 - página 5: https://lista.mercadolivre.com.br/bebes/higiene-cuidados-bebe/fraldas/descartaveis/mais-de-60-unidades/fralda_NoIndex_True?page=5
[LISTAGEM_DIRETA] Link 1 - página 6: https://lista.mercadolivre.com.br/bebes/higiene-cuidados-bebe/fraldas/descartaveis/mais-de-60-unidades/fralda_NoIndex_True?page=6
[BLOCO_2] Resultado: 0 candidato(s) coletado(s), 0 válido(s) enriquecido(s). Total: 3/5
[BLOCO_2] Nenhum candidato neste bloco. Continuando para proximas paginas.

[BLOCO_3] Carregando páginas 7 a 9 do Link 1
[LISTAGEM_DIRETA] Link 1 - página 7: https://lista.mercadolivre.com.br/bebes/higiene-cuidados-bebe/fraldas/descartaveis/mais-de-60-unidades/fralda_NoIndex_True?page=7
✓ Link de afiliado: https://meli.la/1KmTCT2
[LISTAGEM_DIRETA] Link 1 - página 8: https://lista.mercadolivre.com.br/bebes/higiene-cuidados-bebe/fraldas/descartaveis/mais-de-60-unidades/fralda_NoIndex_True?page=8
[LISTAGEM_DIRETA] Link 1 - página 9: https://lista.mercadolivre.com.br/bebes/higiene-cuidados-bebe/fraldas/descartaveis/mais-de-60-unidades/fralda_NoIndex_True?page=9
✓ Link de afiliado: https://meli.la/1SsZWSv
[BLOCO_3] Resultado: 2 candidato(s) coletado(s), 2 válido(s) enriquecido(s). Total: 5/5

Histórico relâmpago atualizado em: C:\Users\Lucas Bianco\Desktop\Projetos Dev\Promos\ofertas_relampago\Historico de anuncios\lista_anuncios.txt
✅ 5 imagem(ns) principal(is) salvas em anuncios: C:\Users\Lucas Bianco\Desktop\Projetos Dev\Promos\dist-interface\instagram_anuncios
✅ JSON de busca de produto salvo em: C:\Users\Lucas Bianco\Desktop\Projetos Dev\Promos\ofertas_afiliados\Historico de anuncios\ofertas_20260724_081710.json

Saida consolidada por modalidade atualizada em: C:\Users\Lucas Bianco\Desktop\Projetos Dev\Promos\saidas_execucoes\Campanha\lista_anuncios.txt
Saida JSON campanha salva em: C:\Users\Lucas Bianco\Desktop\Projetos Dev\Promos\saidas_execucoes\Campanha\ofertas_20260724_081710.json

[DEBUG] Twilio Account SID: ACc0...e80a

[DEBUG] media_url=NAO
[DEBUG] motivo_sem_midia=webp_desativado
[DEBUG] imagem=https://http2.mlstatic.com/D_NQ_NP_976423-MLA111638554913_052026-O.webp

Mensagem enviada para whatsapp:+5519991133269:
Fralda Pampers Pants Ajuste Total Tamanho M, 108 Un
Message SID Twilio: SMc026cec5ba64c6dcb95afe406b8a7740
[DEBUG] status_final_twilio=sending

[DEBUG] media_url=NAO
[DEBUG] motivo_sem_midia=webp_desativado
[DEBUG] imagem=https://http2.mlstatic.com/D_NQ_NP_727879-MLA99912320835_112025-O.webp

Mensagem enviada para whatsapp:+5519991133269:
Fralda Pampers Confort Sec Tamanho XG 92 Unidades
Message SID Twilio: SMc66b7f06ba33541a37698f4c47a8f547
[DEBUG] status_final_twilio=sending

[DEBUG] media_url=NAO
[DEBUG] motivo_sem_midia=webp_desativado
[DEBUG] imagem=https://http2.mlstatic.com/D_NQ_NP_782627-MLA99928206837_112025-O.webp

Mensagem enviada para whatsapp:+5519991133269:
Huggies Fralda Descartável Máxima Proteção Xg - 112 Un Sem Gênero
Message SID Twilio: SMd72676c78aa43bae17fb3fd128a2bc04
[DEBUG] status_final_twilio=sending

[DEBUG] media_url=NAO
[DEBUG] motivo_sem_midia=webp_desativado
[DEBUG] imagem=https://http2.mlstatic.com/D_NQ_NP_988581-MLA110683983180_052026-O.webp

Mensagem enviada para whatsapp:+5519991133269:
Fralda Pampers Confort Sec Tamanho M, 108 Un Médio (m) Sem Gênero
Message SID Twilio: SM1f264f108c3b7900e4fb605afe94e087
[DEBUG] status_final_twilio=sending

[DEBUG] media_url=NAO
[DEBUG] motivo_sem_midia=webp_desativado
[DEBUG] imagem=https://http2.mlstatic.com/D_NQ_NP_976423-MLA111638554913_052026-O.webp

Mensagem enviada para whatsapp:+5519991133269:
Fralda Pampers Pants Ajuste Total Tamanho M, 108 Un Médio (m) Sem Gênero
Message SID Twilio: SM17980dfd19fbb31915d1946e120c2f9f
[DEBUG] status_final_twilio=sending

[RESUMO_TWILIO] entregues_ou_processadas=5 falhas=0 total=5

5 oferta(s) processada(s) e salva(s).

=== Fim da execucao: 2026-07-24T08:17:20 ===
