=== Inicio da execucao: 2026-07-17T18:15:44 ===
Args: --somente-relampago --desconto-minimo 30 --limite-candidatos 15 --pasta-saida C:/Users/Lucas Bianco/Downloads --modalidade-execucao ondemand

[MODO_ATIVO] FLUXO_HUB_AFILIADOS_LEGADO

Mercado Livre ja esta autenticado.

Modo somente ofertas relâmpago ativado. Fluxo do hub/Twilio foi ignorado.
Limpeza de HTML relâmpago: 2 arquivo(s) antigo(s) removido(s).

Navegando para ofertas relâmpago:
https://www.mercadolivre.com.br/ofertas?promotion_type=lightning#filter_applied=promotion_type&filter_position=3&origin=qcat
HTML salvo em: C:\Users\Lucas Bianco\Desktop\Projetos Dev\Promos\ofertas_relampago\html\html_relampago_20260717_181610_544023_01.txt
Modo sem parametros detectado: usando apenas o primeiro HTML de ofertas relampago.

Analisando HTML de: C:\Users\Lucas Bianco\Desktop\Projetos Dev\Promos\ofertas_relampago\html\html_relampago_20260717_181610_544023_01.txt
32 oferta(s) com 30% ou mais de desconto extraída(s) do JSON.
[DESCARTADO - HISTORICO] Anúncio mlb4812130742 marcado como anuncio_inedito=false no histórico.
[DESCARTADO - HISTORICO] Anúncio mlb2749770580 marcado como anuncio_inedito=false no histórico.
[DESCARTADO - HISTORICO] Anúncio mlb4077829432 marcado como anuncio_inedito=false no histórico.
[DESCARTADO - HISTORICO] Anúncio mlb5761677016 marcado como anuncio_inedito=false no histórico.
[DESCARTADO - HISTORICO] Anúncio mlb4839435023 marcado como anuncio_inedito=false no histórico.
[DESCARTADO - HISTORICO] Anúncio mlb3817089255 marcado como anuncio_inedito=false no histórico.
[DESCARTADO - HISTORICO] Anúncio mlb4314606824 marcado como anuncio_inedito=false no histórico.
[DESCARTADO - HISTORICO] Anúncio mlb3319502667 marcado como anuncio_inedito=false no histórico.
[DESCARTADO - HISTORICO] Anúncio mlb6419705000 marcado como anuncio_inedito=false no histórico.
[DESCARTADO - HISTORICO] Anúncio mlb4718918529 marcado como anuncio_inedito=false no histórico.
[DESCARTADO - HISTORICO] Anúncio mlb4067271145 marcado como anuncio_inedito=false no histórico.
[DESCARTADO - HISTORICO] Anúncio mlb4471841974 marcado como anuncio_inedito=false no histórico.
[DESCARTADO - HISTORICO] Anúncio mlb4888474966 marcado como anuncio_inedito=false no histórico.
[DESCARTADO - HISTORICO] Anúncio mlb6465256686 marcado como anuncio_inedito=false no histórico.
[DESCARTADO - HISTORICO] Anúncio mlb3547094541 marcado como anuncio_inedito=false no histórico.
[DESCARTADO - HISTORICO] Anúncio mlb3525364839 marcado como anuncio_inedito=false no histórico.
[DESCARTADO - HISTORICO] Anúncio mlb5748326240 marcado como anuncio_inedito=false no histórico.
[DESCARTADO - HISTORICO] Anúncio mlb6549158890 marcado como anuncio_inedito=false no histórico.
[DESCARTADO - HISTORICO] Anúncio mlb4783917119 marcado como anuncio_inedito=false no histórico.
[DESCARTADO - HISTORICO] Anúncio mlb4097739991 marcado como anuncio_inedito=false no histórico.
[DESCARTADO - HISTORICO] Anúncio mlb3754624021 marcado como anuncio_inedito=false no histórico.
[DESCARTADO - HISTORICO] Anúncio mlb5522151066 marcado como anuncio_inedito=false no histórico.
[DESCARTADO - HISTORICO] Anúncio mlb4291609113 marcado como anuncio_inedito=false no histórico.
[DESCARTADO - HISTORICO] Anúncio mlb5761715520 marcado como anuncio_inedito=false no histórico.
[DESCARTADO - HISTORICO] Anúncio mlb5552965854 marcado como anuncio_inedito=false no histórico.
Página atual trouxe 7/10 oferta(s) válida(s). Coletando página 2/25.

Navegando para ofertas relâmpago:
https://www.mercadolivre.com.br/ofertas?promotion_type=lightning&page=2
HTML salvo em: C:\Users\Lucas Bianco\Desktop\Projetos Dev\Promos\ofertas_relampago\html\html_relampago_20260717_181631_689840_02.txt

Analisando HTML de: C:\Users\Lucas Bianco\Desktop\Projetos Dev\Promos\ofertas_relampago\html\html_relampago_20260717_181610_544023_01.txt
32 oferta(s) com 30% ou mais de desconto extraída(s) do JSON.
[DESCARTADO - HISTORICO] Anúncio mlb4812130742 marcado como anuncio_inedito=false no histórico.
[DESCARTADO - HISTORICO] Anúncio mlb2749770580 marcado como anuncio_inedito=false no histórico.
[DESCARTADO - HISTORICO] Anúncio mlb4077829432 marcado como anuncio_inedito=false no histórico.
[DESCARTADO - HISTORICO] Anúncio mlb5761677016 marcado como anuncio_inedito=false no histórico.
[DESCARTADO - HISTORICO] Anúncio mlb4839435023 marcado como anuncio_inedito=false no histórico.
[DESCARTADO - HISTORICO] Anúncio mlb3817089255 marcado como anuncio_inedito=false no histórico.
[DESCARTADO - HISTORICO] Anúncio mlb4314606824 marcado como anuncio_inedito=false no histórico.
[DESCARTADO - HISTORICO] Anúncio mlb3319502667 marcado como anuncio_inedito=false no histórico.
[DESCARTADO - HISTORICO] Anúncio mlb6419705000 marcado como anuncio_inedito=false no histórico.
[DESCARTADO - HISTORICO] Anúncio mlb4718918529 marcado como anuncio_inedito=false no histórico.
[DESCARTADO - HISTORICO] Anúncio mlb4067271145 marcado como anuncio_inedito=false no histórico.
[DESCARTADO - HISTORICO] Anúncio mlb4471841974 marcado como anuncio_inedito=false no histórico.
[DESCARTADO - HISTORICO] Anúncio mlb4888474966 marcado como anuncio_inedito=false no histórico.
[DESCARTADO - HISTORICO] Anúncio mlb6465256686 marcado como anuncio_inedito=false no histórico.
[DESCARTADO - HISTORICO] Anúncio mlb3547094541 marcado como anuncio_inedito=false no histórico.
[DESCARTADO - HISTORICO] Anúncio mlb3525364839 marcado como anuncio_inedito=false no histórico.
[DESCARTADO - HISTORICO] Anúncio mlb5748326240 marcado como anuncio_inedito=false no histórico.
[DESCARTADO - HISTORICO] Anúncio mlb6549158890 marcado como anuncio_inedito=false no histórico.
[DESCARTADO - HISTORICO] Anúncio mlb4783917119 marcado como anuncio_inedito=false no histórico.
[DESCARTADO - HISTORICO] Anúncio mlb4097739991 marcado como anuncio_inedito=false no histórico.
[DESCARTADO - HISTORICO] Anúncio mlb3754624021 marcado como anuncio_inedito=false no histórico.
[DESCARTADO - HISTORICO] Anúncio mlb5522151066 marcado como anuncio_inedito=false no histórico.
[DESCARTADO - HISTORICO] Anúncio mlb4291609113 marcado como anuncio_inedito=false no histórico.
[DESCARTADO - HISTORICO] Anúncio mlb5761715520 marcado como anuncio_inedito=false no histórico.
[DESCARTADO - HISTORICO] Anúncio mlb5552965854 marcado como anuncio_inedito=false no histórico.

Analisando HTML de: C:\Users\Lucas Bianco\Desktop\Projetos Dev\Promos\ofertas_relampago\html\html_relampago_20260717_181631_689840_02.txt
31 oferta(s) com 30% ou mais de desconto extraída(s) do JSON.
[DESCARTADO - HISTORICO] Anúncio mlb4307126823 marcado como anuncio_inedito=false no histórico.
[DESCARTADO - HISTORICO] Anúncio mlb4709036049 marcado como anuncio_inedito=false no histórico.
[DESCARTADO - HISTORICO] Anúncio mlb6391243490 marcado como anuncio_inedito=false no histórico.
Paginação parametrizada limitada a 25 página(s) (detecção original: 221 página(s)).
HTML consolidado salvo em: C:\Users\Lucas Bianco\Desktop\Projetos Dev\Promos\ofertas_relampago\html\html_relampago_consolidado_20260717_181631.txt
Usando link direto extraído do HTML para obter link de afiliado.
✓ Link de afiliado: https://meli.la/1xnbwxM
Usando link direto extraído do HTML para obter link de afiliado.
✓ Link de afiliado: https://meli.la/1Px54j4
Usando link direto extraído do HTML para obter link de afiliado.
✓ Link de afiliado: https://meli.la/1MuF9ej
Usando link direto extraído do HTML para obter link de afiliado.
✓ Link de afiliado: https://meli.la/2RNzuLc
Usando link direto extraído do HTML para obter link de afiliado.
✓ Link de afiliado: https://meli.la/2bvhf2g
Usando link direto extraído do HTML para obter link de afiliado.
✓ Link de afiliado: https://meli.la/1aHtgW9
Usando link direto extraído do HTML para obter link de afiliado.
✓ Link de afiliado: https://meli.la/1aGFqaY
Usando link direto extraído do HTML para obter link de afiliado.
✓ Link de afiliado: https://meli.la/1WsQJWp
Usando link direto extraído do HTML para obter link de afiliado.
✓ Link de afiliado: https://meli.la/2gcJ2tQ
Usando link direto extraído do HTML para obter link de afiliado.
✓ Link de afiliado: https://meli.la/2UDXZ5z
Metadados salvos em: C:\Users\Lucas Bianco\Desktop\Projetos Dev\Promos\metadados_coleta\metadados_relampago_exec_0067_20260717_181810.json

Histórico relâmpago atualizado em: C:/Users/Lucas Bianco/Downloads\lista_anuncios.txt

Saida consolidada por modalidade atualizada em: C:\Users\Lucas Bianco\Desktop\Projetos Dev\Promos\saidas_execucoes\OnDemand\lista_anuncios.txt

[DEBUG] Twilio Account SID: ACc0...e80a

Mensagem enviada para whatsapp:+5519991133269:
Repelente Líquido Refil Elétrico 3 Unidades 32,9ml Cada SBP
Message SID Twilio: SM399e23fe8b4ab9f3267888174339b64d

Mensagem enviada para whatsapp:+5519991133269:
Kit Ferramentas Elétricas 4 Em 1 Com Maleta + 4 Bateria 48v
Message SID Twilio: SMad77394dfba2bebd3032c1bf968b0488

Mensagem enviada para whatsapp:+5519991133269:
Promoção Combo Poderoso (shampoo+cond+tônico) Original
Message SID Twilio: SM17b1f5672986e217b65019a161f3b915

Mensagem enviada para whatsapp:+5519991133269:
Kit 4 Em 1 Ferramentas Elétricas Profissional Com Baterias
Message SID Twilio: SMb41481c22928a4242ee2f8488f253873

Mensagem enviada para whatsapp:+5519991133269:
Torneira Cozinha Gourmet Bancada Flexível Monocomando Pia Prateado B22-silvery
Message SID Twilio: SMd2c879b9a60f6751422bbd2197d47a44

Mensagem enviada para whatsapp:+5519991133269:
Kit 10 Refletor Led Slim Externo 200w 6500k Branco Frio Ip66 110v/220v Bivolt Preto Cod: ALUT000702-10 Alut By Avant
Message SID Twilio: SM3ab5d132d8f3935f911a987300edad3b

Mensagem enviada para whatsapp:+5519991133269:
Politriz Angular Automotiva 5 Polegadas 1000w 2800-5800 Rpm Btp1000 The Black Tools
Message SID Twilio: SMe9f2bc7a5933e90efa02dd332f48469e

Mensagem enviada para whatsapp:+5519991133269:
Smart Tv H5000f Hd 32 Polegadas 2025 Preto Samsung Bivolt
Message SID Twilio: SM9f5302bdc65e4d0290a34c7603b18487

Mensagem enviada para whatsapp:+5519991133269:
03 Caixa Organizadora Grande Plástico 78 Litros Transparente Transparente Liso
Message SID Twilio: SMe41e9528fcd618cc6aae0429cccb9ab8

Mensagem enviada para whatsapp:+5519991133269:
Som Automotivo Pioneer Mvh X3000bt Com Usb E Bluetooth Aparelho Carro Bob Trio Ativa Paredao Am Fm
Message SID Twilio: SMd87706e00b21720e508774bc86ad3a2a

10 oferta(s) relâmpago processada(s) e salvas.

Envio pelo WhatsApp finalizado com sucesso!

=== Fim da execucao: 2026-07-17T18:18:52 ===
