=== Inicio da execucao: 2026-07-07T19:41:24 ===
Args: --produto-por-html --url-produto https://lista.mercadolivre.com.br/bebes/higiene-cuidados-bebe/fraldas/descartaveis/mais-de-60-unidades/fralda_NoIndex_True#applied_filter_id%3DUNITS_PER_PACKAGE%26applied_filter_name%3DUnidades+por+embalagem%26applied_filter_order%3D7%26applied_value_id%3D%5B60-*%29%26applied_value_name%3D60+unidades+ou+mais%26applied_value_order%3D3%26applied_value_results%3D2514%26is_custom%3Dfalse --preco-minimo 60.0 --preco-maximo 160.0 --desconto-minimo 20 --limite-candidatos 5 --modalidade-execucao campanha

[MODO_ATIVO] PRODUTO_ONDEMAND_HOME_PESQUISA

Modo procurar produto ativado (pesquisa pela home do Mercado Livre).

[LINK_BASE_1] Processando listagem direta: https://lista.mercadolivre.com.br/bebes/higiene-cuidados-bebe/fraldas/descartaveis/mais-de-60-unidades/fralda_NoIndex_True#applied_filter_id%3DUNITS_PER_PACKAGE%26applied_filter_name%3DUnidades+por+embalagem%26applied_filter_order%3D7%26applied_value_id%3D%5B60-*%29%26applied_value_name%3D60+unidades+ou+mais%26applied_value_order%3D3%26applied_value_results%3D2514%26is_custom%3Dfalse
[LINK_BASE_1] Carregando em blocos de 3 páginas até encontrar candidatos válidos

[BLOCO_1] Carregando páginas 1 a 3 do Link 1
[LISTAGEM_DIRETA] Link 1 - página 1: https://lista.mercadolivre.com.br/bebes/higiene-cuidados-bebe/fraldas/descartaveis/mais-de-60-unidades/fralda_NoIndex_True#applied_filter_id%3DUNITS_PER_PACKAGE%26applied_filter_name%3DUnidades+por+embalagem%26applied_filter_order%3D7%26applied_value_id%3D%5B60-*%29%26applied_value_name%3D60+unidades+ou+mais%26applied_value_order%3D3%26applied_value_results%3D2514%26is_custom%3Dfalse
✓ Link de afiliado: https://meli.la/25FTw8c
✓ Link de afiliado: https://meli.la/1Lp7MDg
✓ Link de afiliado: https://meli.la/2xBzWvG
✓ Link de afiliado: https://meli.la/1KmTCT2
✓ Link de afiliado: https://meli.la/2creA6B
[BLOCO_1] Resultado: 5 candidato(s) coletado(s), 5 válido(s) enriquecido(s). Total: 5/5

Histórico relâmpago atualizado em: C:\Users\Lucas Bianco\Desktop\Projetos Dev\Promos\ofertas_relampago\Historico de anuncios\lista_anuncios.txt

Saida consolidada por modalidade atualizada em: C:\Users\Lucas Bianco\Desktop\Projetos Dev\Promos\saidas_execucoes\Campanha\lista_anuncios.txt

[DEBUG] Twilio Account SID: ACc0...e80a

Mensagem enviada para whatsapp:+5519991133269:
Huggies Fralda Pants Roupinha Proteção Acolchoada G - 60 Un
Message SID Twilio: SM711453860c4567ed5bed0c1bf029ff3e

Mensagem enviada para whatsapp:+5519991133269:
Huggies Fralda Pants Roupinha Proteção Acolchoada XG - 64 Un
Message SID Twilio: SMa2a8ae3be744727004195a66e1837201

Mensagem enviada para whatsapp:+5519991133269:
Fralda Pampers Confort Sec Tamanho G, 92 Un
Message SID Twilio: SMab1f7d4926d7e9f552230753a6238819

Mensagem enviada para whatsapp:+5519991133269:
Fralda Pampers Confort Sec Tamanho M, 108 Un
Message SID Twilio: SMee851aaa56afc043333212e1cd7b4b51

Mensagem enviada para whatsapp:+5519991133269:
Fralda Pampers Confort Sec Tamanho XXXG, 70 Un
Message SID Twilio: SM1e5ef258571058fa4e0e0e062a934bb3

5 oferta(s) processada(s) e salva(s).

=== Fim da execucao: 2026-07-07T19:42:45 ===
