=== Inicio da execucao: 2026-07-19T08:54:30 ===
Args: --produto-por-html --fonte mercadolivre --descricao-produto tênis fila academia caminhada casual macio leve barato --desconto-minimo 70 --limite-candidatos 3 --pasta-saida C:/Users/Lucas Bianco/Downloads --modalidade-execucao ondemand

[MODO_ATIVO] PRODUTO_ONDEMAND_HOME_PESQUISA

Modo procurar produto ativado (pesquisa pela home do Mercado Livre).

[BLOCO_GENERICA_1] Carregando páginas 1 a 3
[BLOCO_GENERICA_1] Página 1: https://lista.mercadolivre.com.br/t%C3%AAnis-fila-academia-caminhada-casual-macio-leve-barato
[BLOCO_GENERICA_1] Página 2: https://lista.mercadolivre.com.br/t%C3%AAnis-fila-academia-caminhada-casual-macio-leve-barato_Desde_51
[BLOCO_GENERICA_1] Página 3: https://lista.mercadolivre.com.br/t%C3%AAnis-fila-academia-caminhada-casual-macio-leve-barato_Desde_101
[BLOCO_GENERICA_1] Resultado: 3 candidato(s) coletado(s). Total: 3
✓ Link de afiliado: https://meli.la/1Mzkivp
✓ Link de afiliado: https://meli.la/1Mzkivp
✓ Link de afiliado: https://meli.la/1Mzkivp

Histórico relâmpago atualizado em: C:/Users/Lucas Bianco/Downloads\lista_anuncios.txt

Saida consolidada por modalidade atualizada em: C:\Users\Lucas Bianco\Desktop\Projetos Dev\Promos\saidas_execucoes\OnDemand\lista_anuncios.txt

[DEBUG] Twilio Account SID: ACc0...e80a

Mensagem enviada para whatsapp:+5519991133269:
Tênis Fila Academia Caminhada Casual Macio Leve Barato
Message SID Twilio: SMeca49ef461d8f2c34785be7b14491244

Mensagem enviada para whatsapp:+5519991133269:
Tênis Fila Academia Caminhada Casual Macio Leve Barato
Message SID Twilio: SM2a6ffaafb1791c73ee0e86629ee6d684

Mensagem enviada para whatsapp:+5519991133269:
Tênis Fila Academia Caminhada Casual Macio Leve Barato
Message SID Twilio: SM47e4b9237f267a3370e2f0063485185d

3 oferta(s) processada(s) e salva(s).

=== Fim da execucao: 2026-07-19T08:55:32 ===
