=== Inicio da execucao: 2026-07-22T20:17:57 ===
Args: --produto-por-html --fonte mercadolivre --desconto-minimo 30 --limite-candidatos 3 --url-produto https://lista.mercadolivre.com.br/moedor-eletrico?sb=all_mercadolibre#D[A:moedor%20eletrico] --pasta-saida C:/Users/Lucas Bianco/Downloads --modalidade-execucao ondemand

[MODO_ATIVO] PRODUTO_ONDEMAND_HOME_PESQUISA

Modo procurar produto ativado (pesquisa pela home do Mercado Livre).

[LINK_BASE_1] Processando listagem direta: https://lista.mercadolivre.com.br/moedor-eletrico?sb=all_mercadolibre#D[A:moedor%20eletrico]
[LINK_BASE_1] Carregando em blocos de 3 páginas até encontrar candidatos válidos

[BLOCO_1] Carregando páginas 1 a 3 do Link 1
[LISTAGEM_DIRETA] Link 1 - página 1: https://lista.mercadolivre.com.br/moedor-eletrico?sb=all_mercadolibre#D[A:moedor%20eletrico]
✓ Link de afiliado: https://meli.la/2YnSiFU
✓ Link de afiliado: https://meli.la/2DXiYRE
✓ Link de afiliado: https://meli.la/1ccrscc
[BLOCO_1] Resultado: 3 candidato(s) coletado(s), 3 válido(s) enriquecido(s). Total: 3/3

Histórico relâmpago atualizado em: C:/Users/Lucas Bianco/Downloads\lista_anuncios.txt
✅ 3 imagem(ns) principal(is) salvas em anuncios: C:\Users\Lucas Bianco\Desktop\Projetos Dev\Promos\dist-interface\instagram_anuncios
✅ JSON de busca de produto salvo em: C:\Users\Lucas Bianco\Desktop\Projetos Dev\Promos\ofertas_afiliados\Historico de anuncios\ofertas_20260722_201835.json

Saida consolidada por modalidade atualizada em: C:\Users\Lucas Bianco\Desktop\Projetos Dev\Promos\saidas_execucoes\OnDemand\lista_anuncios.txt
Saida JSON ondemand salva em: C:\Users\Lucas Bianco\Desktop\Projetos Dev\Promos\saidas_execucoes\OnDemand\ofertas_20260722_201835.json

[DEBUG] Twilio Account SID: ACc0...e80a

[DEBUG] media_url=NAO
[DEBUG] motivo_sem_midia=webp_desativado
[DEBUG] imagem=https://http2.mlstatic.com/D_NQ_NP_884127-MLA110696626364_052026-O.webp

Mensagem enviada para whatsapp:+5519991133269:
Moedor Elétrico De Sal Pimenta Temperos Ervas Automático Moagem Fina Ajuste De Moagem Com Luz De Led Preto Zupko
Message SID Twilio: SMeafb41dd8cc169ba467f79d422139475
[DEBUG] status_final_twilio=sending

[DEBUG] media_url=NAO
[DEBUG] motivo_sem_midia=webp_desativado
[DEBUG] imagem=https://http2.mlstatic.com/D_NQ_NP_824251-MLA113398753441_062026-O.webp

Mensagem enviada para whatsapp:+5519991133269:
Conjunto de Moedores Elétricos de Sal e Pimenta Recarregáveis USB, com Luz LED e Moagem Ajustável
Message SID Twilio: SMdcc35f1ee13f7cd22bd476785d33c386
[DEBUG] status_final_twilio=sending

[DEBUG] media_url=NAO
[DEBUG] motivo_sem_midia=webp_desativado
[DEBUG] imagem=https://http2.mlstatic.com/D_NQ_NP_831862-MLA110938735798_052026-O-moedor-de-carne-eletrico-220volts-2500w-de-potencia-220v.webp

Mensagem enviada para whatsapp:+5519991133269:
Moedor De Carne Elétrico 220volts 2500w De Potencia 220v
Message SID Twilio: SMf7b53306705508d6332a948c7b9f14cd
[DEBUG] status_final_twilio=sending

[RESUMO_TWILIO] entregues_ou_processadas=3 falhas=0 total=3

3 oferta(s) processada(s) e salva(s).

=== Fim da execucao: 2026-07-22T20:18:41 ===
