=== Inicio da execucao: 2026-06-07T10:12:33 ===
Args: --produto-por-html --url-produto https://lista.mercadolivre.com.br/_Container_jogos-digitais#c_container_id=MLB1495632-1&c_id=%2Fsplinter%2Fcarouselitem&c_element_order=3&c_campaign=jogos-digitais&c_label=%2Fsplinter%2Fcarouselitem&c_uid=fe0cf040-61e2-11f1-8622-352a5eed86fd&c_element_id=fe0cf040-61e2-11f1-8622-352a5eed86fd&c_content_origin=splinter-default&c_content_type=default&c_global_position=3&deal_print_id=fde73fd0-61e2-11f1-84a4-bd481f0d5174&c_tracking_id=fde73fd0-61e2-11f1-84a4-bd481f0d5174 --url-produto https://lista.mercadolivre.com.br/cameras-acessorios/acessorios-cameras/_NoIndex_True?original_category_landing=true --url-produto https://lista.mercadolivre.com.br/eletronicos-audio-video/acessorios-tv/#menu=categories --url-produto https://lista.mercadolivre.com.br/informatica/portateis-acessorios/acessorios-notebook/#menu=categories --url-produto https://lista.mercadolivre.com.br/celulares-telefones/acessorios-celulares/#menu=categories --preco-minimo 50.0 --preco-maximo 400.0 --desconto-minimo 10 --limite-candidatos 10 --modalidade-execucao campanha

[MODO_ATIVO] PRODUTO_ONDEMAND_HOME_PESQUISA

Modo procurar produto ativado (pesquisa pela home do Mercado Livre).

[LINK_BASE_1] Processando listagem direta: https://lista.mercadolivre.com.br/_Container_jogos-digitais#c_container_id=MLB1495632-1&c_id=%2Fsplinter%2Fcarouselitem&c_element_order=3&c_campaign=jogos-digitais&c_label=%2Fsplinter%2Fcarouselitem&c_uid=fe0cf040-61e2-11f1-8622-352a5eed86fd&c_element_id=fe0cf040-61e2-11f1-8622-352a5eed86fd&c_content_origin=splinter-default&c_content_type=default&c_global_position=3&deal_print_id=fde73fd0-61e2-11f1-84a4-bd481f0d5174&c_tracking_id=fde73fd0-61e2-11f1-84a4-bd481f0d5174
[LISTAGEM_DIRETA] Link 1 - página 1: https://lista.mercadolivre.com.br/_Container_jogos-digitais#c_container_id=MLB1495632-1&c_id=%2Fsplinter%2Fcarouselitem&c_element_order=3&c_campaign=jogos-digitais&c_label=%2Fsplinter%2Fcarouselitem&c_uid=fe0cf040-61e2-11f1-8622-352a5eed86fd&c_element_id=fe0cf040-61e2-11f1-8622-352a5eed86fd&c_content_origin=splinter-default&c_content_type=default&c_global_position=3&deal_print_id=fde73fd0-61e2-11f1-84a4-bd481f0d5174&c_tracking_id=fde73fd0-61e2-11f1-84a4-bd481f0d5174
[LISTAGEM_DIRETA] Link 1 - página 2: https://lista.mercadolivre.com.br/_Container_jogos-digitais?page=2
[LISTAGEM_DIRETA] Link 1 - página 3: https://lista.mercadolivre.com.br/_Container_jogos-digitais?page=3

[LINK_BASE_2] Processando listagem direta: https://lista.mercadolivre.com.br/cameras-acessorios/acessorios-cameras/_NoIndex_True?original_category_landing=true
[LISTAGEM_DIRETA] Link 2 - página 1: https://lista.mercadolivre.com.br/cameras-acessorios/acessorios-cameras/_NoIndex_True?original_category_landing=true
✓ Link de afiliado: https://meli.la/257sQL3
✓ Link de afiliado: https://meli.la/2TfFM3D
✓ Link de afiliado: https://meli.la/2XRTHJb
✓ Link de afiliado: https://meli.la/1Hebjt5
✓ Link de afiliado: https://meli.la/2VqQnZN
✓ Link de afiliado: https://meli.la/12aD3PZ
✓ Link de afiliado: https://meli.la/2CNQajE
✓ Link de afiliado: https://meli.la/2uMpYjD
✓ Link de afiliado: https://meli.la/2D9zeBk
✓ Link de afiliado: https://meli.la/2jSVFHj

Histórico relâmpago atualizado em: C:\Users\Lucas Bianco\Desktop\Projetos Dev\Promos\ofertas_relampago\Historico de anuncios\lista_anuncios.txt

Saida consolidada por modalidade atualizada em: C:\Users\Lucas Bianco\Desktop\Projetos Dev\Promos\saidas_execucoes\Campanha\lista_anuncios.txt

[DEBUG] Twilio Account SID: ACc0...e80a

Mensagem enviada para whatsapp:+5519991133269:
Ring Light 12 Polegadas Com 30cm E Tripé Ajustável De Até 2,10m Luz Com Variação De 03 Três Cores Profissional Video Maker Suporte Celular E Led 3 Cores Iluminação Maquiagem E Gravações Good Vision
Message SID Twilio: SMa52bb86ee6278f8fbeb1d78df2fbd054

Mensagem enviada para whatsapp:+5519991133269:
Tripe De Celular E Bastão De Selfie Extensível E Portátil 1.3m 360 ° Rotação Com Controle Remoto Destacável E Suporte Para Celular, Extensível Tripé Selfie Stick, Universal Tripé De Celular Cor Preto
Message SID Twilio: SM288dd5d81a859a6af77f272ee9a47392

Mensagem enviada para whatsapp:+5519991133269:
Suporte monopé Greika WT1003 - Preto
Message SID Twilio: SM6d6e492ef4956f8cabde97ceb16d3e59

Mensagem enviada para whatsapp:+5519991133269:
Kit Youtuber 2 Ringlinght Iluminador Microfone Lapela Sem Fio Bluetooth Selfie Estrutura Preto Luz 3 Temperaturas Dreamfull
Message SID Twilio: SM617e3d0016e3bc178fcc7121b2248838

Mensagem enviada para whatsapp:+5519991133269:
Basike Pop-up Automático Bastão De Selfie E Tripé Selfie Stick Para Celular 360 ° Rotação Tripé Celular Universal Com Controle Remoto Bastão Selfie Bluetooth 1.8m Preto
Message SID Twilio: SMa660c328d35456f67baca9494487eca8

Mensagem enviada para whatsapp:+5519991133269:
Basike Pop-up Automático Tripé Celular Universal Estável 360° Para Celularcâmeravlog E Gopro Tripé Celular Profissional Universal,bastão Selfie Com Controle Remoto Bluetooth Preto
Message SID Twilio: SM3557b43103255ffb9f6b38ad76e04fb9

Mensagem enviada para whatsapp:+5519991133269:
Basike Tripé Inteligente 1.85m Com Rastreamento Facial, Pé Abre Automático,controle Remoto Bluetooth Tripé Rastreamento Facial
Message SID Twilio: SM8c2e454df19cbb94b2926ad27b40eb7a

Mensagem enviada para whatsapp:+5519991133269:
190cm Tripé Câmera Profissional Basike Para Câmera E Celular Cabeça 3 Vias 630° Panorâmico, Nível Bolha, Bolsa De Transporte,suporte De Celular Ideal Para Fotografia, Live, Vlog Preto
Message SID Twilio: SMd90f401c9dd474e833bc1716432258eb

Mensagem enviada para whatsapp:+5519991133269:
Estabilizador Celular Gimbal 3 Eixos Para Tripé Ia Video Estabilizador Câmera 360 Compatível Com iPhone Andoid Ios Marca Tdx Cor Cinza
Message SID Twilio: SMca2ac7df5743d48f697b8c5651008e70

Mensagem enviada para whatsapp:+5519991133269:
Estabilizador Celular Gimbal Com Tripé 3 Eixos Suport Câmera
Message SID Twilio: SM7d5b9a3c47da4c3e10740bc96e272de8

10 oferta(s) processada(s) e salva(s).

=== Fim da execucao: 2026-06-07T10:15:23 ===
