=== Inicio da execucao: 2026-06-10T20:30:03 ===
Args: --somente-relampago --desconto-minimo 43 --limite-candidatos 5 --pasta-saida C:/Users/Lucas Bianco/Downloads --modalidade-execucao ondemand

[MODO_ATIVO] FLUXO_HUB_AFILIADOS_LEGADO

Mercado Livre ja esta autenticado.

Modo somente ofertas relâmpago ativado. Fluxo do hub/Twilio foi ignorado.
Limpeza de HTML relâmpago: 2 arquivo(s) antigo(s) removido(s).

Navegando para ofertas relâmpago:
https://www.mercadolivre.com.br/ofertas?promotion_type=lightning#filter_applied=promotion_type&filter_position=3&origin=qcat
HTML salvo em: C:\Users\Lucas Bianco\Desktop\Projetos Dev\Promos\ofertas_relampago\html\html_relampago_20260610_203028_152721_01.txt
Modo sem parametros detectado: usando apenas o primeiro HTML de ofertas relampago.

Analisando HTML de: C:\Users\Lucas Bianco\Desktop\Projetos Dev\Promos\ofertas_relampago\html\html_relampago_20260610_203028_152721_01.txt
25 oferta(s) com 43% ou mais de desconto extraída(s) do JSON.
[DESCARTADO - HISTORICO] Anúncio mlb4625924357 marcado como anuncio_inedito=false no histórico.
[DESCARTADO - HISTORICO] Anúncio mlb6615229162 marcado como anuncio_inedito=false no histórico.
[DESCARTADO - HISTORICO] Anúncio mlb5522151066 marcado como anuncio_inedito=false no histórico.
[DESCARTADO - HISTORICO] Anúncio mlb3977570781 marcado como anuncio_inedito=false no histórico.
[DESCARTADO - HISTORICO] Anúncio mlb4466276267 marcado como anuncio_inedito=false no histórico.
[DESCARTADO - HISTORICO] Anúncio mlb5748326240 marcado como anuncio_inedito=false no histórico.
[DESCARTADO - HISTORICO] Anúncio mlb4543656979 marcado como anuncio_inedito=false no histórico.
[DESCARTADO - HISTORICO] Anúncio mlb5761715520 marcado como anuncio_inedito=false no histórico.
[DESCARTADO - HISTORICO] Anúncio mlb4528343109 marcado como anuncio_inedito=false no histórico.
[DESCARTADO - HISTORICO] Anúncio mlb5346363012 marcado como anuncio_inedito=false no histórico.
[DESCARTADO - HISTORICO] Anúncio mlb4485964757 marcado como anuncio_inedito=false no histórico.
[DESCARTADO - HISTORICO] Anúncio mlb4307126823 marcado como anuncio_inedito=false no histórico.
[DESCARTADO - HISTORICO] Anúncio mlb5513372666 marcado como anuncio_inedito=false no histórico.
[DESCARTADO - HISTORICO] Anúncio mlb6154760548 marcado como anuncio_inedito=false no histórico.
[DESCARTADO - HISTORICO] Anúncio mlb4551120399 marcado como anuncio_inedito=false no histórico.
[DESCARTADO - HISTORICO] Anúncio mlb6713257492 marcado como anuncio_inedito=false no histórico.
[DESCARTADO - HISTORICO] Anúncio mlb4227761629 marcado como anuncio_inedito=false no histórico.
Paginação parametrizada limitada a 25 página(s) (detecção original: 204 página(s)).
HTML consolidado salvo em: C:\Users\Lucas Bianco\Desktop\Projetos Dev\Promos\ofertas_relampago\html\html_relampago_consolidado_20260610_203028.txt
Usando link direto extraído do HTML para obter link de afiliado.
✓ Link de afiliado: https://meli.la/2NtvyxH
Usando link direto extraído do HTML para obter link de afiliado.
✓ Link de afiliado: https://meli.la/21YQcWp
Usando link direto extraído do HTML para obter link de afiliado.
✓ Link de afiliado: https://meli.la/29XGiWR
Usando link direto extraído do HTML para obter link de afiliado.
✓ Link de afiliado: https://meli.la/1ed4SmK
Usando link direto extraído do HTML para obter link de afiliado.
✓ Link de afiliado: https://meli.la/1nFJkGa
Metadados salvos em: C:\Users\Lucas Bianco\Desktop\Projetos Dev\Promos\metadados_coleta\metadados_relampago_exec_0020_20260610_203119.json

Histórico relâmpago atualizado em: C:/Users/Lucas Bianco/Downloads\lista_anuncios.txt

Saida consolidada por modalidade atualizada em: C:\Users\Lucas Bianco\Desktop\Projetos Dev\Promos\saidas_execucoes\OnDemand\lista_anuncios.txt

[DEBUG] Twilio Account SID: ACc0...e80a

Mensagem enviada para whatsapp:+5519991133269:
Jogo De Sobremesa Tigela Bowl 6 Peças Em Vidro Desenhado Trasparente
Message SID Twilio: SMf380d4130bcf0210a05af98fd5abbb3e

Mensagem enviada para whatsapp:+5519991133269:
Jogo De Chave Boca E Estrela Combinada 12 Pçs Aço 6 22 Mm Cromada If-12 The Black Tools
Message SID Twilio: SM0c5a581cc8efd760fd9e7e9121855907

Mensagem enviada para whatsapp:+5519991133269:
Mala De Bordo Viagem Quartz Samsonite Pequena Preta Lisa
Message SID Twilio: SM5c85ba8816bc7ce214288b495511dcb9

Mensagem enviada para whatsapp:+5519991133269:
Projetor Bettdow Ac1041 Full Hd 15000lm Com Wi-fi Cinema Preto 127/220v
Message SID Twilio: SM1f345cb7d2dcc6f616ddacf99b5e1674

Mensagem enviada para whatsapp:+5519991133269:
Mini Motoserra Elétrica Portátil 6 Pol Duas Baterias 700w Laranja 110/127/220v
Message SID Twilio: SM09dc3eeb2c67b956c775eb96e18fe090

5 oferta(s) relâmpago processada(s) e salvas.

Envio pelo WhatsApp finalizado com sucesso!

=== Fim da execucao: 2026-06-10T20:31:40 ===
