=== Inicio da execucao: 2026-06-01T00:13:25 ===
Args: --produto-por-html --categoria Celulares e Smartphones --descricao-produto Motorola signature --preco-minimo 4000.0 --preco-maximo 6000.0 --limite-candidatos 3 --categoria-id MLB1055 --subcategoria-id MLB1055 --pasta-saida C:/Users/Lucas Bianco/Downloads --modalidade-execucao ondemand

[MODO_ATIVO] PRODUTO_ONDEMAND_HOME_PESQUISA

Modo procurar produto ativado (pesquisa pela home do Mercado Livre).
[AVISO] Nao foi possivel resolver URL navegavel para categoria ID 'MLB1055'. Aplicando fallback por nome/descricao.
[AVISO] Nao foi possivel consultar categorias na API publica: Expecting value: line 1 column 1 (char 0)
[AVISO] Nao foi possivel resolver URL da categoria 'Celulares e Smartphones' na API publica. Buscando so por descricao.
[CATEGORIA_URL_RESOLVIDA] origem=nao_resolvida url=<nao_resolvida>

[Pesquisa inicial] Página 1: https://lista.mercadolivre.com.br/Motorola-signature

[Pesquisa inicial] Página 2: https://lista.mercadolivre.com.br/Motorola-signature_Desde_51

[Pesquisa inicial] Página 3: https://lista.mercadolivre.com.br/Motorola-signature_Desde_101

[Pesquisa inicial] Página 4: https://lista.mercadolivre.com.br/Motorola-signature_Desde_151

[Pesquisa inicial] Página 5: https://lista.mercadolivre.com.br/Motorola-signature_Desde_201
[INFO] Marcador de sessão 'LM' detectado no header. Prosseguindo com a tentativa de afiliado.
[ERRO] Falha ao clicar no botão Afiliados/Compartilhar: Locator.wait_for: Timeout 10000ms exceeded.
Call log:
  - waiting for locator("nav[aria-label='Afiliados'] button[data-testid='generate_link_button']").first to be visible

[LOGIN_REQUIRED_AFILIADOS] Link de afiliado nao gerado para mlb2070733458. Anuncio ignorado. Faca login no Afiliados e execute novamente.
✓ Link de afiliado: https://meli.la/1z8KsQd
[AVISO] Enriquecimento com afiliado falhou em 1 candidato(s). Anuncios sem link de afiliado valido foram ignorados.

Histórico relâmpago atualizado em: C:/Users/Lucas Bianco/Downloads\lista_anuncios.txt

Saida consolidada por modalidade atualizada em: C:\Users\Lucas Bianco\Desktop\Projetos Dev\Promos\dist-interface\saidas_execucoes\OnDemand\lista_anuncios.txt

1 oferta(s) processada(s) e salva(s).

=== Fim da execucao: 2026-06-01T00:14:27 ===
