=== Inicio da execucao: 2026-07-13T19:56:47 ===
Args: --produto-por-html --desconto-minimo 40 --limite-candidatos 3 --url-produto https://lista.mercadolivre.com.br/headset-gamer-sem-fio?sb=all_mercadolibre#D[A:headset%20gamer%20sem%20fio] --pasta-saida C:/Users/Lucas Bianco/Downloads --modalidade-execucao ondemand

[MODO_ATIVO] PRODUTO_ONDEMAND_HOME_PESQUISA

Modo procurar produto ativado (pesquisa pela home do Mercado Livre).

[LINK_BASE_1] Processando listagem direta: https://lista.mercadolivre.com.br/headset-gamer-sem-fio?sb=all_mercadolibre#D[A:headset%20gamer%20sem%20fio]
[LINK_BASE_1] Carregando em blocos de 3 páginas até encontrar candidatos válidos

[BLOCO_1] Carregando páginas 1 a 3 do Link 1
[LISTAGEM_DIRETA] Link 1 - página 1: https://lista.mercadolivre.com.br/headset-gamer-sem-fio?sb=all_mercadolibre#D[A:headset%20gamer%20sem%20fio]
✓ Link de afiliado: https://meli.la/1hfc6zz
✓ Link de afiliado: https://meli.la/2wqwBsx
✓ Link de afiliado: https://meli.la/2pmQqiJ
[BLOCO_1] Resultado: 3 candidato(s) coletado(s), 3 válido(s) enriquecido(s). Total: 3/3

Histórico relâmpago atualizado em: C:/Users/Lucas Bianco/Downloads\lista_anuncios.txt

Saida consolidada por modalidade atualizada em: C:\Users\Lucas Bianco\Desktop\Projetos Dev\Promos\saidas_execucoes\OnDemand\lista_anuncios.txt

[DEBUG] Twilio Account SID: ACc0...e80a

Mensagem enviada para whatsapp:+5519991133269:
Olafvi® Fones De Ouvido Sem Fio Para Jogos Com Microfone E Cancelamento De Ruído, Bluetooth 5,4 E Usb 2,4 Ghz Para Ps5, Ps4, Pc, Switch E Xbox Series, Modo De Cabo De 3,5 Mm Captain 560 Cor Preto
Message SID Twilio: SM5fd2841ef48458f36f74e3877c577cce

Mensagem enviada para whatsapp:+5519991133269:
Fone Nubwo Hg03 Headset Gamer Usb Pc Fps 7.1 Surround Ouvido
Message SID Twilio: SMf44605f33ba8b2f7c6224873c52b6ea2

Mensagem enviada para whatsapp:+5519991133269:
Headset Gamer Fallen Morcego Pro Bluetooth E Wireless 2.4ghz 7.1 Branco E Preto Branco/preto
Message SID Twilio: SM9cec84a2f1035898edb39d0ccca3ceb3

3 oferta(s) processada(s) e salva(s).

=== Fim da execucao: 2026-07-13T19:57:38 ===
