=== Inicio da execucao: 2026-07-07T20:01:56 ===
Args: --produto-por-html --desconto-minimo 30 --limite-candidatos 5 --url-produto https://lista.mercadolivre.com.br/_Container_13307563?coupon_campaign_id=13307563&recos_ids=MLB3976208897,MLB4201679223,MLB3936392085,MLB5756684654,MLB1,MLB2,MLB3,MLB4 --pasta-saida C:/Users/Lucas Bianco/Downloads --modalidade-execucao ondemand

[MODO_ATIVO] PRODUTO_ONDEMAND_HOME_PESQUISA

Modo procurar produto ativado (pesquisa pela home do Mercado Livre).

[LINK_BASE_1] Processando listagem direta: https://lista.mercadolivre.com.br/_Container_13307563?coupon_campaign_id=13307563&recos_ids=MLB3976208897,MLB4201679223,MLB3936392085,MLB5756684654,MLB1,MLB2,MLB3,MLB4
[LINK_BASE_1] Carregando em blocos de 3 páginas até encontrar candidatos válidos

[BLOCO_1] Carregando páginas 1 a 3 do Link 1
[LISTAGEM_DIRETA] Link 1 - página 1: https://lista.mercadolivre.com.br/_Container_13307563?coupon_campaign_id=13307563&recos_ids=MLB3976208897,MLB4201679223,MLB3936392085,MLB5756684654,MLB1,MLB2,MLB3,MLB4
✓ Link de afiliado: https://meli.la/2Tsmfvh
✓ Link de afiliado: https://meli.la/1KGJr8c
✓ Link de afiliado: https://meli.la/1AqqiuS
✓ Link de afiliado: https://meli.la/2iaUqKX
✓ Link de afiliado: https://meli.la/2BMbWzB
[BLOCO_1] Resultado: 5 candidato(s) coletado(s), 5 válido(s) enriquecido(s). Total: 5/5

Histórico relâmpago atualizado em: C:/Users/Lucas Bianco/Downloads\lista_anuncios.txt

Saida consolidada por modalidade atualizada em: C:\Users\Lucas Bianco\Desktop\Projetos Dev\Promos\saidas_execucoes\OnDemand\lista_anuncios.txt

[DEBUG] Twilio Account SID: ACc0...e80a

Mensagem enviada para whatsapp:+5519991133269:
Fone Open Ear Dapon DPF25 Bluetooth 6.0 Sem Fio Com Microfone Cor Preto
Message SID Twilio: SM7bf10b150008c672d872ac21876d5cb1

Mensagem enviada para whatsapp:+5519991133269:
Fone Open Ear Dapon DPF25 Bluetooth 6.0 Sem Fio Com Microfone Cor Cinza
Message SID Twilio: SMc12208432f79c549212cbf279668dc6e

Mensagem enviada para whatsapp:+5519991133269:
Carregador Portátil Magsafe Turbo Baseus Picogo 5000mah 20w Rosa
Message SID Twilio: SM230b75a32bf80cd1c9de7b76c2c2d0d7

Mensagem enviada para whatsapp:+5519991133269:
Powerbank Turbo Baseus Fc31 Digital Display 20000mah 22.5w
Message SID Twilio: SMe46dcc8a01ed8dbe1768d8a0f210075e

Mensagem enviada para whatsapp:+5519991133269:
Powerbank Turbo Baseus Fc31 Digital Display 20000mah 22.5w Violeta
Message SID Twilio: SM69d923095425bc131f7494bb94e3cfd6

5 oferta(s) processada(s) e salva(s).

=== Fim da execucao: 2026-07-07T20:03:15 ===
