=== Inicio da execucao: 2026-06-22T21:04:18 ===
Args: --somente-relampago --desconto-minimo 50 --limite-candidatos 10 --pasta-saida C:/Users/Lucas Bianco/Downloads --modalidade-execucao ondemand

[MODO_ATIVO] FLUXO_HUB_AFILIADOS_LEGADO

Mercado Livre ja esta autenticado.

Modo somente ofertas relâmpago ativado. Fluxo do hub/Twilio foi ignorado.
Limpeza de HTML relâmpago: 3 arquivo(s) antigo(s) removido(s).

Navegando para ofertas relâmpago:
https://www.mercadolivre.com.br/ofertas?promotion_type=lightning#filter_applied=promotion_type&filter_position=3&origin=qcat
HTML salvo em: C:\Users\Lucas Bianco\Desktop\Projetos Dev\Promos\ofertas_relampago\html\html_relampago_20260622_210442_968902_01.txt
Modo sem parametros detectado: usando apenas o primeiro HTML de ofertas relampago.

Analisando HTML de: C:\Users\Lucas Bianco\Desktop\Projetos Dev\Promos\ofertas_relampago\html\html_relampago_20260622_210442_968902_01.txt
18 oferta(s) com 50% ou mais de desconto extraída(s) do JSON.
[DESCARTADO - HISTORICO] Anúncio mlb5748326240 marcado como anuncio_inedito=false no histórico.
[DESCARTADO - HISTORICO] Anúncio mlb2147554247 marcado como anuncio_inedito=false no histórico.
[DESCARTADO - HISTORICO] Anúncio mlb6624593666 marcado como anuncio_inedito=false no histórico.
[DESCARTADO - HISTORICO] Anúncio mlb5800919092 marcado como anuncio_inedito=false no histórico.
[DESCARTADO - HISTORICO] Anúncio mlb4466276267 marcado como anuncio_inedito=false no histórico.
[DESCARTADO - HISTORICO] Anúncio mlb5284980380 marcado como anuncio_inedito=false no histórico.
[DESCARTADO - HISTORICO] Anúncio mlb4709110655 marcado como anuncio_inedito=false no histórico.
[DESCARTADO - HISTORICO] Anúncio mlb4191445079 marcado como anuncio_inedito=false no histórico.
[DESCARTADO - HISTORICO] Anúncio mlb3558573125 marcado como anuncio_inedito=false no histórico.
[DESCARTADO - HISTORICO] Anúncio mlb4598442495 marcado como anuncio_inedito=false no histórico.
Página atual trouxe 8/10 oferta(s) válida(s). Coletando página 2/25.

Navegando para ofertas relâmpago:
https://www.mercadolivre.com.br/ofertas?promotion_type=lightning&page=2
HTML salvo em: C:\Users\Lucas Bianco\Desktop\Projetos Dev\Promos\ofertas_relampago\html\html_relampago_20260622_210505_731649_02.txt

Analisando HTML de: C:\Users\Lucas Bianco\Desktop\Projetos Dev\Promos\ofertas_relampago\html\html_relampago_20260622_210442_968902_01.txt
18 oferta(s) com 50% ou mais de desconto extraída(s) do JSON.
[DESCARTADO - HISTORICO] Anúncio mlb5748326240 marcado como anuncio_inedito=false no histórico.
[DESCARTADO - HISTORICO] Anúncio mlb2147554247 marcado como anuncio_inedito=false no histórico.
[DESCARTADO - HISTORICO] Anúncio mlb6624593666 marcado como anuncio_inedito=false no histórico.
[DESCARTADO - HISTORICO] Anúncio mlb5800919092 marcado como anuncio_inedito=false no histórico.
[DESCARTADO - HISTORICO] Anúncio mlb4466276267 marcado como anuncio_inedito=false no histórico.
[DESCARTADO - HISTORICO] Anúncio mlb5284980380 marcado como anuncio_inedito=false no histórico.
[DESCARTADO - HISTORICO] Anúncio mlb4709110655 marcado como anuncio_inedito=false no histórico.
[DESCARTADO - HISTORICO] Anúncio mlb4191445079 marcado como anuncio_inedito=false no histórico.
[DESCARTADO - HISTORICO] Anúncio mlb3558573125 marcado como anuncio_inedito=false no histórico.
[DESCARTADO - HISTORICO] Anúncio mlb4598442495 marcado como anuncio_inedito=false no histórico.

Analisando HTML de: C:\Users\Lucas Bianco\Desktop\Projetos Dev\Promos\ofertas_relampago\html\html_relampago_20260622_210505_731649_02.txt
15 oferta(s) com 50% ou mais de desconto extraída(s) do JSON.
[DESCARTADO - HISTORICO] Anúncio mlb4505758557 marcado como anuncio_inedito=false no histórico.
[DESCARTADO - HISTORICO] Anúncio mlb4408174713 marcado como anuncio_inedito=false no histórico.
[DESCARTADO - HISTORICO] Anúncio mlb4158012367 marcado como anuncio_inedito=false no histórico.
[DESCARTADO - HISTORICO] Anúncio mlb5862685042 marcado como anuncio_inedito=false no histórico.
Paginação parametrizada limitada a 25 página(s) (detecção original: 206 página(s)).
HTML consolidado salvo em: C:\Users\Lucas Bianco\Desktop\Projetos Dev\Promos\ofertas_relampago\html\html_relampago_consolidado_20260622_210505.txt
Usando link direto extraído do HTML para obter link de afiliado.
✓ Link de afiliado: https://meli.la/1pvpoS6
Usando link direto extraído do HTML para obter link de afiliado.
✓ Link de afiliado: https://meli.la/1c6SZeR
Usando link direto extraído do HTML para obter link de afiliado.
✓ Link de afiliado: https://meli.la/335qeJC
Usando link direto extraído do HTML para obter link de afiliado.
✓ Link de afiliado: https://meli.la/32QRnZT
Usando link direto extraído do HTML para obter link de afiliado.
✓ Link de afiliado: https://meli.la/24oWchB
Usando link direto extraído do HTML para obter link de afiliado.
✓ Link de afiliado: https://meli.la/1tFQHn4
Usando link direto extraído do HTML para obter link de afiliado.
✓ Link de afiliado: https://meli.la/2qt69WT
Usando link direto extraído do HTML para obter link de afiliado.
✓ Link de afiliado: https://meli.la/1uydn6N
Usando link direto extraído do HTML para obter link de afiliado.
✓ Link de afiliado: https://meli.la/12kfWJs
Usando link direto extraído do HTML para obter link de afiliado.
✓ Link de afiliado: https://meli.la/2gJQw2b
Metadados salvos em: C:\Users\Lucas Bianco\Desktop\Projetos Dev\Promos\metadados_coleta\metadados_relampago_exec_0034_20260622_210643.json

Histórico relâmpago atualizado em: C:/Users/Lucas Bianco/Downloads\lista_anuncios.txt

Saida consolidada por modalidade atualizada em: C:\Users\Lucas Bianco\Desktop\Projetos Dev\Promos\saidas_execucoes\OnDemand\lista_anuncios.txt

[DEBUG] Twilio Account SID: ACc0...e80a

Mensagem enviada para whatsapp:+5519991133269:
Vestido Quadrilha Xadrez Feminino Ombro A Ombro Festa Junina
Message SID Twilio: SMddfe0af0e11581c89ef3031b007e6b36

Mensagem enviada para whatsapp:+5519991133269:
Kit 5 Camisetas Básicas Masculina Dry Fit Lisa Tradicional  Variado M
Message SID Twilio: SM2ebde18f81fc0c81613acf50002654ed

Mensagem enviada para whatsapp:+5519991133269:
Cadeira Secretária Office Base Giratória Cor Preta Tecido De Malha
Message SID Twilio: SM6e19c2badf608aba7122af438506bb61

Mensagem enviada para whatsapp:+5519991133269:
Banco De Supino Aparelho De Musculação Ajustável Preto
Message SID Twilio: SMdbbae37d0d1ca5d688ac68bd8b77b4d4

Mensagem enviada para whatsapp:+5519991133269:
Tapete Banheiro Antiderrapante Macio Absorvente 60x40 Cinza
Message SID Twilio: SM0ff3ccb885590a2485682e44507a7777

Mensagem enviada para whatsapp:+5519991133269:
2 - Cadeiras Para Sala De Jantar Cadeira Em Madeira Maciça Courino Amêndoa Caramelo
Message SID Twilio: SM463bbbaef891d873df76ce69294072bc

Mensagem enviada para whatsapp:+5519991133269:
Relógio Condor Masculino Dourado Aço Co2115mzp/4x Dourado Champanhe
Message SID Twilio: SM7c536abb1cd030b3b9c8bc6fd49bf699

Mensagem enviada para whatsapp:+5519991133269:
Mesa Dobrável Knakasaki Aço E Polietileno 180cm Preto
Message SID Twilio: SM20b3ff02f37deac95110f4c122ee768c

Mensagem enviada para whatsapp:+5519991133269:
Ddpai Câmera Veicular Mini Pro 2k 1440p Com Wi-fi E App Controle Ângulo De 140° E Visão Noturna 2.0 Sensor G Lente Rotativa 360° Adas Supercapacitor E Gravação Em Loops Para Carro
Message SID Twilio: SM87db39ab7250744f90eb8ed6dc30870e

Mensagem enviada para whatsapp:+5519991133269:
Manta Cobertor Magica Brilha No Escuro Infantil Fluorescente
Message SID Twilio: SMc0ccbee1d2b58b481215e81a7c7150ea

10 oferta(s) relâmpago processada(s) e salvas.

Envio pelo WhatsApp finalizado com sucesso!

=== Fim da execucao: 2026-06-22T21:07:27 ===
