=== Inicio da execucao: 2026-06-25T19:33:14 ===
Args: --somente-relampago --desconto-minimo 2 --limite-candidatos 1 --pasta-saida C:/Users/Lucas Bianco/Downloads --modalidade-execucao ondemand

[MODO_ATIVO] FLUXO_HUB_AFILIADOS_LEGADO

Mercado Livre ja esta autenticado.

Modo somente ofertas relâmpago ativado. Fluxo do hub/Twilio foi ignorado.
Limpeza de HTML relâmpago: 3 arquivo(s) antigo(s) removido(s).

Navegando para ofertas relâmpago:
https://www.mercadolivre.com.br/ofertas?promotion_type=lightning#filter_applied=promotion_type&filter_position=3&origin=qcat
HTML salvo em: C:\Users\Lucas Bianco\Desktop\Projetos Dev\Promos\ofertas_relampago\html\html_relampago_20260625_193339_669180_01.txt
Modo sem parametros detectado: usando apenas o primeiro HTML de ofertas relampago.

Analisando HTML de: C:\Users\Lucas Bianco\Desktop\Projetos Dev\Promos\ofertas_relampago\html\html_relampago_20260625_193339_669180_01.txt
48 oferta(s) com 2% ou mais de desconto extraída(s) do JSON.
Paginação parametrizada limitada a 25 página(s) (detecção original: 228 página(s)).
HTML consolidado salvo em: C:\Users\Lucas Bianco\Desktop\Projetos Dev\Promos\ofertas_relampago\html\html_relampago_consolidado_20260625_193339.txt
Usando link direto extraído do HTML para obter link de afiliado.
✓ Link de afiliado: https://meli.la/2H6kqg8
Metadados salvos em: C:\Users\Lucas Bianco\Desktop\Projetos Dev\Promos\metadados_coleta\metadados_relampago_exec_0035_20260625_193349.json

Histórico relâmpago atualizado em: C:/Users/Lucas Bianco/Downloads\lista_anuncios.txt

Saida consolidada por modalidade atualizada em: C:\Users\Lucas Bianco\Desktop\Projetos Dev\Promos\saidas_execucoes\OnDemand\lista_anuncios.txt

[DEBUG] Twilio Account SID: ACc0...e80a

Mensagem enviada para whatsapp:+5519991133269:
Tp-link Deco X50(3-pack) Roteador Mesh Wifi6 Ax3000 Cobre Até 600m²
Message SID Twilio: SMeba80f07d69d9fb2e0c364c8ff3aa5d5

1 oferta(s) relâmpago processada(s) e salvas.

Envio pelo WhatsApp finalizado com sucesso!

=== Fim da execucao: 2026-06-25T19:33:55 ===
