=== Inicio da execucao: 2026-06-22T21:18:39 ===
Args: --produto-por-html --url-produto https://lista.mercadolivre.com.br/cerveja-long-necj#D[A:cerveja%20long%20necj] --desconto-minimo 30 --limite-candidatos 4 --modalidade-execucao campanha

[MODO_ATIVO] PRODUTO_ONDEMAND_HOME_PESQUISA

Modo procurar produto ativado (pesquisa pela home do Mercado Livre).

[LINK_BASE_1] Processando listagem direta: https://lista.mercadolivre.com.br/cerveja-long-necj#D[A:cerveja%20long%20necj]
[LINK_BASE_1] Carregando em blocos de 3 páginas até encontrar candidatos válidos

[BLOCO_1] Carregando páginas 1 a 3 do Link 1
[LISTAGEM_DIRETA] Link 1 - página 1: https://lista.mercadolivre.com.br/cerveja-long-necj#D[A:cerveja%20long%20necj]
✓ Link de afiliado: https://meli.la/157ym3v
✓ Link de afiliado: https://meli.la/29pMfwE
✓ Link de afiliado: https://meli.la/2wLH9rF
✓ Link de afiliado: https://meli.la/1nb9yAb
[BLOCO_1] Resultado: 4 candidato(s) coletado(s), 4 válido(s) enriquecido(s). Total: 4/4

Histórico relâmpago atualizado em: C:\Users\Lucas Bianco\Desktop\Projetos Dev\Promos\ofertas_relampago\Historico de anuncios\lista_anuncios.txt

Saida consolidada por modalidade atualizada em: C:\Users\Lucas Bianco\Desktop\Projetos Dev\Promos\saidas_execucoes\Campanha\lista_anuncios.txt

[DEBUG] Twilio Account SID: ACc0...e80a

Mensagem enviada para whatsapp:+5519991133269:
Cerveja Heineken Premium Puro Malteloira lata 269ml
Message SID Twilio: SM75264e0576de6d404c704a37bf621f1c

Mensagem enviada para whatsapp:+5519991133269:
Cerveja Quilmes Clássica 340ml Pack C/6unid
Message SID Twilio: SMaa0596d2e0250b8db268b0cb0b854d72

Mensagem enviada para whatsapp:+5519991133269:
Cerveja Heineken Premium Garrafa 6 Long Neck 330ml
Message SID Twilio: SM93350925c073b778768d956988a1b471

Mensagem enviada para whatsapp:+5519991133269:
Cerveja Flying Fish Lemon 330ml Long Neck - 6 Unidades
Message SID Twilio: SM9219ec1637f7493baa857e2b1ec7cb68

4 oferta(s) processada(s) e salva(s).

=== Fim da execucao: 2026-06-22T21:19:44 ===
