=== Inicio do log de sincronizacao de planilha: 2026-06-26T18:21:08 ===
[2026-06-26 18:21:08] Inicio da rotina de sincronizacao da planilha.
[2026-06-26 18:21:08] Worker iniciado. worksheet='RespostasForm' auth_mode='oauth_user' spreadsheet_id='11MaCntcOh4-TGSyQRWS3nPuttNiRsvWq0O8mBxNH5qg'.
[2026-06-26 18:21:09] Atualizando token OAuth da planilha.
[2026-06-26 18:21:11] Leitura da planilha concluida. Linhas recebidas: 26.
[2026-06-26 18:21:11] Linha 2 invalida: Informe ao menos um link entre as colunas F/I/K/M/O..
[2026-06-26 18:21:11] Linha 3 invalida: Informe ao menos um link entre as colunas F/I/K/M/O..
[2026-06-26 18:21:11] Linha 2: erro de validacao (Informe ao menos um link entre as colunas F/I/K/M/O.).
[2026-06-26 18:21:11] Linha 3: erro de validacao (Informe ao menos um link entre as colunas F/I/K/M/O.).
[2026-06-26 18:21:11] Finalizacao da sincronizacao. falhou=False importados=0.
[2026-06-26 18:32:09] Inicio da rotina de sincronizacao da planilha.
[2026-06-26 18:32:09] Worker iniciado. worksheet='RespostasForm' auth_mode='oauth_user' spreadsheet_id='11MaCntcOh4-TGSyQRWS3nPuttNiRsvWq0O8mBxNH5qg'.
[2026-06-26 18:32:10] Leitura da planilha concluida. Linhas recebidas: 26.
[2026-06-26 18:32:10] Linha 2 invalida: Informe ao menos um link entre as colunas F/I/K/M/O..
[2026-06-26 18:32:10] Linha 3 invalida: Informe ao menos um link entre as colunas F/I/K/M/O..
[2026-06-26 18:32:10] Linha 2: erro de validacao (Informe ao menos um link entre as colunas F/I/K/M/O.).
[2026-06-26 18:32:10] Linha 3: erro de validacao (Informe ao menos um link entre as colunas F/I/K/M/O.).
[2026-06-26 18:32:10] Finalizacao da sincronizacao. falhou=False importados=0.
[2026-06-26 18:43:09] Inicio da rotina de sincronizacao da planilha.
[2026-06-26 18:43:09] Worker iniciado. worksheet='RespostasForm' auth_mode='oauth_user' spreadsheet_id='11MaCntcOh4-TGSyQRWS3nPuttNiRsvWq0O8mBxNH5qg'.
[2026-06-26 18:43:10] Leitura da planilha concluida. Linhas recebidas: 26.
[2026-06-26 18:43:10] Linha 2 invalida: Informe ao menos um link entre as colunas F/I/K/M/O..
[2026-06-26 18:43:10] Linha 3 invalida: Informe ao menos um link entre as colunas F/I/K/M/O..
[2026-06-26 18:43:10] Linha 2: erro de validacao (Informe ao menos um link entre as colunas F/I/K/M/O.).
[2026-06-26 18:43:10] Linha 3: erro de validacao (Informe ao menos um link entre as colunas F/I/K/M/O.).
[2026-06-26 18:43:10] Finalizacao da sincronizacao. falhou=False importados=0.
[2026-06-26 18:54:09] Inicio da rotina de sincronizacao da planilha.
[2026-06-26 18:54:09] Worker iniciado. worksheet='RespostasForm' auth_mode='oauth_user' spreadsheet_id='11MaCntcOh4-TGSyQRWS3nPuttNiRsvWq0O8mBxNH5qg'.
[2026-06-26 18:54:10] Leitura da planilha concluida. Linhas recebidas: 26.
[2026-06-26 18:54:10] Linha 2 invalida: Informe ao menos um link entre as colunas F/I/K/M/O..
[2026-06-26 18:54:10] Linha 3 invalida: Informe ao menos um link entre as colunas F/I/K/M/O..
[2026-06-26 18:54:10] Linha 2: erro de validacao (Informe ao menos um link entre as colunas F/I/K/M/O.).
[2026-06-26 18:54:10] Linha 3: erro de validacao (Informe ao menos um link entre as colunas F/I/K/M/O.).
[2026-06-26 18:54:10] Finalizacao da sincronizacao. falhou=False importados=0.
[2026-06-26 19:05:09] Inicio da rotina de sincronizacao da planilha.
[2026-06-26 19:05:09] Worker iniciado. worksheet='RespostasForm' auth_mode='oauth_user' spreadsheet_id='11MaCntcOh4-TGSyQRWS3nPuttNiRsvWq0O8mBxNH5qg'.
[2026-06-26 19:05:10] Leitura da planilha concluida. Linhas recebidas: 26.
[2026-06-26 19:05:10] Linha 2 invalida: Informe ao menos um link entre as colunas F/I/K/M/O..
[2026-06-26 19:05:10] Linha 3 invalida: Informe ao menos um link entre as colunas F/I/K/M/O..
[2026-06-26 19:05:10] Linha 2: erro de validacao (Informe ao menos um link entre as colunas F/I/K/M/O.).
[2026-06-26 19:05:10] Linha 3: erro de validacao (Informe ao menos um link entre as colunas F/I/K/M/O.).
[2026-06-26 19:05:11] Finalizacao da sincronizacao. falhou=False importados=0.
[2026-06-26 19:16:09] Inicio da rotina de sincronizacao da planilha.
[2026-06-26 19:16:09] Worker iniciado. worksheet='RespostasForm' auth_mode='oauth_user' spreadsheet_id='11MaCntcOh4-TGSyQRWS3nPuttNiRsvWq0O8mBxNH5qg'.
[2026-06-26 19:16:11] Leitura da planilha concluida. Linhas recebidas: 26.
[2026-06-26 19:16:11] Linha 2 invalida: Informe ao menos um link entre as colunas F/I/K/M/O..
[2026-06-26 19:16:11] Linha 3 invalida: Informe ao menos um link entre as colunas F/I/K/M/O..
[2026-06-26 19:16:11] Linha 2: erro de validacao (Informe ao menos um link entre as colunas F/I/K/M/O.).
[2026-06-26 19:16:11] Linha 3: erro de validacao (Informe ao menos um link entre as colunas F/I/K/M/O.).
[2026-06-26 19:16:11] Finalizacao da sincronizacao. falhou=False importados=0.
