=== Inicio do log de sincronizacao de planilha: 2026-05-31T21:51:20 ===
[2026-05-31 21:51:20] Inicio da rotina de sincronizacao da planilha.
[2026-05-31 21:51:20] Worker iniciado. worksheet='RespostasForm' auth_mode='oauth_user' spreadsheet_id='11MaCntcOh4-TGSyQRWS3nPuttNiRsvWq0O8mBxNH5qg'.
[2026-05-31 21:51:20] Atualizando token OAuth da planilha.
[2026-05-31 21:51:21] Falha na importacao da planilha: ('invalid_grant: Token has been expired or revoked.', {'error': 'invalid_grant', 'error_description': 'Token has been expired or revoked.'})
[2026-05-31 21:51:21] Falha na importacao da planilha: ('invalid_grant: Token has been expired or revoked.', {'error': 'invalid_grant', 'error_description': 'Token has been expired or revoked.'})
[2026-05-31 21:51:21] Finalizacao da sincronizacao. falhou=True importados=0.
[2026-05-31 21:57:02] Inicio da rotina de sincronizacao da planilha.
[2026-05-31 21:57:02] Worker iniciado. worksheet='RespostasForm' auth_mode='oauth_user' spreadsheet_id='11MaCntcOh4-TGSyQRWS3nPuttNiRsvWq0O8mBxNH5qg'.
[2026-05-31 21:57:02] Atualizando token OAuth da planilha.
[2026-05-31 21:57:03] Falha na importacao da planilha: ('invalid_grant: Token has been expired or revoked.', {'error': 'invalid_grant', 'error_description': 'Token has been expired or revoked.'})
[2026-05-31 21:57:03] Falha na importacao da planilha: ('invalid_grant: Token has been expired or revoked.', {'error': 'invalid_grant', 'error_description': 'Token has been expired or revoked.'})
[2026-05-31 21:57:03] Finalizacao da sincronizacao. falhou=True importados=0.
[2026-05-31 22:05:39] Inicio da rotina de sincronizacao da planilha.
[2026-05-31 22:05:39] Worker iniciado. worksheet='RespostasForm' auth_mode='oauth_user' spreadsheet_id='11MaCntcOh4-TGSyQRWS3nPuttNiRsvWq0O8mBxNH5qg'.
[2026-05-31 22:05:39] Atualizando token OAuth da planilha.
[2026-05-31 22:05:40] Falha na importacao da planilha: ('invalid_grant: Token has been expired or revoked.', {'error': 'invalid_grant', 'error_description': 'Token has been expired or revoked.'})
[2026-05-31 22:05:40] Falha na importacao da planilha: ('invalid_grant: Token has been expired or revoked.', {'error': 'invalid_grant', 'error_description': 'Token has been expired or revoked.'})
[2026-05-31 22:05:40] Finalizacao da sincronizacao. falhou=True importados=0.
[2026-05-31 22:05:52] Sincronizacao manual solicitada pelo usuario.
[2026-05-31 22:05:52] Inicio da rotina de sincronizacao da planilha.
[2026-05-31 22:05:52] Worker iniciado. worksheet='RespostasForm' auth_mode='oauth_user' spreadsheet_id='11MaCntcOh4-TGSyQRWS3nPuttNiRsvWq0O8mBxNH5qg'.
[2026-05-31 22:05:52] Atualizando token OAuth da planilha.
[2026-05-31 22:05:53] Falha na importacao da planilha: ('invalid_grant: Token has been expired or revoked.', {'error': 'invalid_grant', 'error_description': 'Token has been expired or revoked.'})
[2026-05-31 22:05:53] Falha na importacao da planilha: ('invalid_grant: Token has been expired or revoked.', {'error': 'invalid_grant', 'error_description': 'Token has been expired or revoked.'})
[2026-05-31 22:05:53] Finalizacao da sincronizacao. falhou=True importados=0.
[2026-05-31 22:06:31] Sincronizacao manual solicitada pelo usuario.
[2026-05-31 22:06:31] Inicio da rotina de sincronizacao da planilha.
[2026-05-31 22:06:31] Worker iniciado. worksheet='RespostasForm' auth_mode='oauth_user' spreadsheet_id='11MaCntcOh4-TGSyQRWS3nPuttNiRsvWq0O8mBxNH5qg'.
[2026-05-31 22:06:31] Atualizando token OAuth da planilha.
[2026-05-31 22:06:31] Falha na importacao da planilha: ('invalid_grant: Token has been expired or revoked.', {'error': 'invalid_grant', 'error_description': 'Token has been expired or revoked.'})
[2026-05-31 22:06:31] Falha na importacao da planilha: ('invalid_grant: Token has been expired or revoked.', {'error': 'invalid_grant', 'error_description': 'Token has been expired or revoked.'})
[2026-05-31 22:06:31] Finalizacao da sincronizacao. falhou=True importados=0.
[2026-05-31 22:08:49] Sincronizacao manual solicitada pelo usuario.
[2026-05-31 22:08:49] Inicio da rotina de sincronizacao da planilha.
[2026-05-31 22:08:49] Worker iniciado. worksheet='RespostasForm' auth_mode='oauth_user' spreadsheet_id='11MaCntcOh4-TGSyQRWS3nPuttNiRsvWq0O8mBxNH5qg'.
[2026-05-31 22:08:49] Atualizando token OAuth da planilha.
[2026-05-31 22:08:49] Token OAuth expirado/revogado. Solicitando nova autorizacao no navegador.
[2026-05-31 22:08:49] Aguardando autorizacao do Google no navegador para sincronizar a planilha.
[2026-05-31 22:09:07] Leitura da planilha concluida. Linhas recebidas: 23.
[2026-05-31 22:09:07] Linha 2 invalida: Informe ao menos um link entre as colunas F/I/K/M/O..
[2026-05-31 22:09:07] Linha 3 invalida: Informe ao menos um link entre as colunas F/I/K/M/O..
[2026-05-31 22:09:07] Linha 2: erro de validacao (Informe ao menos um link entre as colunas F/I/K/M/O.).
[2026-05-31 22:09:07] Linha 3: erro de validacao (Informe ao menos um link entre as colunas F/I/K/M/O.).
[2026-05-31 22:09:07] Finalizacao da sincronizacao. falhou=False importados=0.
[2026-05-31 22:19:06] Sincronizacao manual solicitada pelo usuario.
[2026-05-31 22:19:06] Inicio da rotina de sincronizacao da planilha.
[2026-05-31 22:19:06] Worker iniciado. worksheet='RespostasForm' auth_mode='oauth_user' spreadsheet_id='11MaCntcOh4-TGSyQRWS3nPuttNiRsvWq0O8mBxNH5qg'.
[2026-05-31 22:19:07] Leitura da planilha concluida. Linhas recebidas: 24.
[2026-05-31 22:19:07] Linha 2 invalida: Informe ao menos um link entre as colunas F/I/K/M/O..
[2026-05-31 22:19:07] Linha 3 invalida: Informe ao menos um link entre as colunas F/I/K/M/O..
[2026-05-31 22:19:08] Linha 25 importada com sucesso. Alerta ID 000029
[2026-05-31 22:19:08] Importacao concluida com 1 alerta(s).
[2026-05-31 22:19:08] Linha 2: erro de validacao (Informe ao menos um link entre as colunas F/I/K/M/O.).
[2026-05-31 22:19:08] Linha 3: erro de validacao (Informe ao menos um link entre as colunas F/I/K/M/O.).
[2026-05-31 22:19:08] 1 alerta(s) importado(s) da planilha.
[2026-05-31 22:19:08] Finalizacao da sincronizacao. falhou=False importados=1.
[2026-05-31 22:24:54] Inicio da rotina de sincronizacao da planilha.
[2026-05-31 22:24:54] Worker iniciado. worksheet='RespostasForm' auth_mode='oauth_user' spreadsheet_id='11MaCntcOh4-TGSyQRWS3nPuttNiRsvWq0O8mBxNH5qg'.
[2026-05-31 22:24:56] Leitura da planilha concluida. Linhas recebidas: 24.
[2026-05-31 22:24:56] Linha 2 invalida: Informe ao menos um link entre as colunas F/I/K/M/O..
[2026-05-31 22:24:56] Linha 3 invalida: Informe ao menos um link entre as colunas F/I/K/M/O..
[2026-05-31 22:24:56] Linha 2: erro de validacao (Informe ao menos um link entre as colunas F/I/K/M/O.).
[2026-05-31 22:24:56] Linha 3: erro de validacao (Informe ao menos um link entre as colunas F/I/K/M/O.).
[2026-05-31 22:24:56] Finalizacao da sincronizacao. falhou=False importados=0.
[2026-05-31 22:31:44] Inicio da rotina de sincronizacao da planilha.
[2026-05-31 22:31:44] Worker iniciado. worksheet='RespostasForm' auth_mode='oauth_user' spreadsheet_id='11MaCntcOh4-TGSyQRWS3nPuttNiRsvWq0O8mBxNH5qg'.
[2026-05-31 22:31:45] Leitura da planilha concluida. Linhas recebidas: 24.
[2026-05-31 22:31:45] Linha 2 invalida: Informe ao menos um link entre as colunas F/I/K/M/O..
[2026-05-31 22:31:45] Linha 3 invalida: Informe ao menos um link entre as colunas F/I/K/M/O..
[2026-05-31 22:31:45] Linha 2: erro de validacao (Informe ao menos um link entre as colunas F/I/K/M/O.).
[2026-05-31 22:31:45] Linha 3: erro de validacao (Informe ao menos um link entre as colunas F/I/K/M/O.).
[2026-05-31 22:31:45] Finalizacao da sincronizacao. falhou=False importados=0.
[2026-05-31 22:37:53] Inicio da rotina de sincronizacao da planilha.
[2026-05-31 22:37:53] Worker iniciado. worksheet='RespostasForm' auth_mode='oauth_user' spreadsheet_id='11MaCntcOh4-TGSyQRWS3nPuttNiRsvWq0O8mBxNH5qg'.
[2026-05-31 22:37:55] Leitura da planilha concluida. Linhas recebidas: 24.
[2026-05-31 22:37:55] Linha 2 invalida: Informe ao menos um link entre as colunas F/I/K/M/O..
[2026-05-31 22:37:55] Linha 3 invalida: Informe ao menos um link entre as colunas F/I/K/M/O..
[2026-05-31 22:37:55] Linha 2: erro de validacao (Informe ao menos um link entre as colunas F/I/K/M/O.).
[2026-05-31 22:37:55] Linha 3: erro de validacao (Informe ao menos um link entre as colunas F/I/K/M/O.).
[2026-05-31 22:37:55] Finalizacao da sincronizacao. falhou=False importados=0.
[2026-05-31 22:44:12] Inicio da rotina de sincronizacao da planilha.
[2026-05-31 22:44:12] Worker iniciado. worksheet='RespostasForm' auth_mode='oauth_user' spreadsheet_id='11MaCntcOh4-TGSyQRWS3nPuttNiRsvWq0O8mBxNH5qg'.
[2026-05-31 22:44:14] Leitura da planilha concluida. Linhas recebidas: 24.
[2026-05-31 22:44:14] Linha 2 invalida: Informe ao menos um link entre as colunas F/I/K/M/O..
[2026-05-31 22:44:14] Linha 3 invalida: Informe ao menos um link entre as colunas F/I/K/M/O..
[2026-05-31 22:44:14] Linha 2: erro de validacao (Informe ao menos um link entre as colunas F/I/K/M/O.).
[2026-05-31 22:44:14] Linha 3: erro de validacao (Informe ao menos um link entre as colunas F/I/K/M/O.).
[2026-05-31 22:44:14] Finalizacao da sincronizacao. falhou=False importados=0.
[2026-05-31 22:48:05] Inicio da rotina de sincronizacao da planilha.
[2026-05-31 22:48:05] Worker iniciado. worksheet='RespostasForm' auth_mode='oauth_user' spreadsheet_id='11MaCntcOh4-TGSyQRWS3nPuttNiRsvWq0O8mBxNH5qg'.
[2026-05-31 22:48:06] Leitura da planilha concluida. Linhas recebidas: 24.
[2026-05-31 22:48:06] Linha 2 invalida: Informe ao menos um link entre as colunas F/I/K/M/O..
[2026-05-31 22:48:06] Linha 3 invalida: Informe ao menos um link entre as colunas F/I/K/M/O..
[2026-05-31 22:48:06] Linha 2: erro de validacao (Informe ao menos um link entre as colunas F/I/K/M/O.).
[2026-05-31 22:48:06] Linha 3: erro de validacao (Informe ao menos um link entre as colunas F/I/K/M/O.).
[2026-05-31 22:48:06] Finalizacao da sincronizacao. falhou=False importados=0.
[2026-05-31 22:58:12] Inicio da rotina de sincronizacao da planilha.
[2026-05-31 22:58:12] Worker iniciado. worksheet='RespostasForm' auth_mode='oauth_user' spreadsheet_id='11MaCntcOh4-TGSyQRWS3nPuttNiRsvWq0O8mBxNH5qg'.
[2026-05-31 22:58:13] Leitura da planilha concluida. Linhas recebidas: 24.
[2026-05-31 22:58:13] Linha 2 invalida: Informe ao menos um link entre as colunas F/I/K/M/O..
[2026-05-31 22:58:13] Linha 3 invalida: Informe ao menos um link entre as colunas F/I/K/M/O..
[2026-05-31 22:58:13] Linha 2: erro de validacao (Informe ao menos um link entre as colunas F/I/K/M/O.).
[2026-05-31 22:58:13] Linha 3: erro de validacao (Informe ao menos um link entre as colunas F/I/K/M/O.).
[2026-05-31 22:58:13] Finalizacao da sincronizacao. falhou=False importados=0.
[2026-05-31 23:01:49] Inicio da rotina de sincronizacao da planilha.
[2026-05-31 23:01:49] Worker iniciado. worksheet='RespostasForm' auth_mode='oauth_user' spreadsheet_id='11MaCntcOh4-TGSyQRWS3nPuttNiRsvWq0O8mBxNH5qg'.
[2026-05-31 23:01:50] Leitura da planilha concluida. Linhas recebidas: 24.
[2026-05-31 23:01:50] Linha 2 invalida: Informe ao menos um link entre as colunas F/I/K/M/O..
[2026-05-31 23:01:50] Linha 3 invalida: Informe ao menos um link entre as colunas F/I/K/M/O..
[2026-05-31 23:01:50] Linha 2: erro de validacao (Informe ao menos um link entre as colunas F/I/K/M/O.).
[2026-05-31 23:01:50] Linha 3: erro de validacao (Informe ao menos um link entre as colunas F/I/K/M/O.).
[2026-05-31 23:01:50] Finalizacao da sincronizacao. falhou=False importados=0.
[2026-05-31 23:12:51] Inicio da rotina de sincronizacao da planilha.
[2026-05-31 23:12:51] Worker iniciado. worksheet='RespostasForm' auth_mode='oauth_user' spreadsheet_id='11MaCntcOh4-TGSyQRWS3nPuttNiRsvWq0O8mBxNH5qg'.
[2026-05-31 23:12:51] Atualizando token OAuth da planilha.
[2026-05-31 23:12:53] Leitura da planilha concluida. Linhas recebidas: 24.
[2026-05-31 23:12:53] Linha 2 invalida: Informe ao menos um link entre as colunas F/I/K/M/O..
[2026-05-31 23:12:53] Linha 3 invalida: Informe ao menos um link entre as colunas F/I/K/M/O..
[2026-05-31 23:12:53] Linha 2: erro de validacao (Informe ao menos um link entre as colunas F/I/K/M/O.).
[2026-05-31 23:12:53] Linha 3: erro de validacao (Informe ao menos um link entre as colunas F/I/K/M/O.).
[2026-05-31 23:12:53] Finalizacao da sincronizacao. falhou=False importados=0.
[2026-05-31 23:18:09] Inicio da rotina de sincronizacao da planilha.
[2026-05-31 23:18:09] Worker iniciado. worksheet='RespostasForm' auth_mode='oauth_user' spreadsheet_id='11MaCntcOh4-TGSyQRWS3nPuttNiRsvWq0O8mBxNH5qg'.
[2026-05-31 23:18:11] Leitura da planilha concluida. Linhas recebidas: 24.
[2026-05-31 23:18:11] Linha 2 invalida: Informe ao menos um link entre as colunas F/I/K/M/O..
[2026-05-31 23:18:11] Linha 3 invalida: Informe ao menos um link entre as colunas F/I/K/M/O..
[2026-05-31 23:18:11] Linha 2: erro de validacao (Informe ao menos um link entre as colunas F/I/K/M/O.).
[2026-05-31 23:18:11] Linha 3: erro de validacao (Informe ao menos um link entre as colunas F/I/K/M/O.).
[2026-05-31 23:18:11] Finalizacao da sincronizacao. falhou=False importados=0.
[2026-05-31 23:23:59] Inicio da rotina de sincronizacao da planilha.
[2026-05-31 23:23:59] Worker iniciado. worksheet='RespostasForm' auth_mode='oauth_user' spreadsheet_id='11MaCntcOh4-TGSyQRWS3nPuttNiRsvWq0O8mBxNH5qg'.
[2026-05-31 23:24:00] Leitura da planilha concluida. Linhas recebidas: 24.
[2026-05-31 23:24:00] Linha 2 invalida: Informe ao menos um link entre as colunas F/I/K/M/O..
[2026-05-31 23:24:00] Linha 3 invalida: Informe ao menos um link entre as colunas F/I/K/M/O..
[2026-05-31 23:24:00] Linha 2: erro de validacao (Informe ao menos um link entre as colunas F/I/K/M/O.).
[2026-05-31 23:24:00] Linha 3: erro de validacao (Informe ao menos um link entre as colunas F/I/K/M/O.).
[2026-05-31 23:24:00] Finalizacao da sincronizacao. falhou=False importados=0.
[2026-05-31 23:34:59] Inicio da rotina de sincronizacao da planilha.
[2026-05-31 23:34:59] Worker iniciado. worksheet='RespostasForm' auth_mode='oauth_user' spreadsheet_id='11MaCntcOh4-TGSyQRWS3nPuttNiRsvWq0O8mBxNH5qg'.
[2026-05-31 23:35:01] Leitura da planilha concluida. Linhas recebidas: 24.
[2026-05-31 23:35:01] Linha 2 invalida: Informe ao menos um link entre as colunas F/I/K/M/O..
[2026-05-31 23:35:01] Linha 3 invalida: Informe ao menos um link entre as colunas F/I/K/M/O..
[2026-05-31 23:35:01] Linha 2: erro de validacao (Informe ao menos um link entre as colunas F/I/K/M/O.).
[2026-05-31 23:35:01] Linha 3: erro de validacao (Informe ao menos um link entre as colunas F/I/K/M/O.).
[2026-05-31 23:35:01] Finalizacao da sincronizacao. falhou=False importados=0.
[2026-05-31 23:43:08] Inicio da rotina de sincronizacao da planilha.
[2026-05-31 23:43:08] Worker iniciado. worksheet='RespostasForm' auth_mode='oauth_user' spreadsheet_id='11MaCntcOh4-TGSyQRWS3nPuttNiRsvWq0O8mBxNH5qg'.
[2026-05-31 23:43:10] Leitura da planilha concluida. Linhas recebidas: 24.
[2026-05-31 23:43:10] Linha 2 invalida: Informe ao menos um link entre as colunas F/I/K/M/O..
[2026-05-31 23:43:10] Linha 3 invalida: Informe ao menos um link entre as colunas F/I/K/M/O..
[2026-05-31 23:43:10] Linha 2: erro de validacao (Informe ao menos um link entre as colunas F/I/K/M/O.).
[2026-05-31 23:43:10] Linha 3: erro de validacao (Informe ao menos um link entre as colunas F/I/K/M/O.).
[2026-05-31 23:43:10] Finalizacao da sincronizacao. falhou=False importados=0.
[2026-05-31 23:45:54] Inicio da rotina de sincronizacao da planilha.
[2026-05-31 23:45:54] Worker iniciado. worksheet='RespostasForm' auth_mode='oauth_user' spreadsheet_id='11MaCntcOh4-TGSyQRWS3nPuttNiRsvWq0O8mBxNH5qg'.
[2026-05-31 23:45:55] Leitura da planilha concluida. Linhas recebidas: 24.
[2026-05-31 23:45:55] Linha 2 invalida: Informe ao menos um link entre as colunas F/I/K/M/O..
[2026-05-31 23:45:55] Linha 3 invalida: Informe ao menos um link entre as colunas F/I/K/M/O..
[2026-05-31 23:45:55] Linha 2: erro de validacao (Informe ao menos um link entre as colunas F/I/K/M/O.).
[2026-05-31 23:45:55] Linha 3: erro de validacao (Informe ao menos um link entre as colunas F/I/K/M/O.).
[2026-05-31 23:45:55] Finalizacao da sincronizacao. falhou=False importados=0.
[2026-05-31 23:56:24] Inicio da rotina de sincronizacao da planilha.
[2026-05-31 23:56:24] Worker iniciado. worksheet='RespostasForm' auth_mode='oauth_user' spreadsheet_id='11MaCntcOh4-TGSyQRWS3nPuttNiRsvWq0O8mBxNH5qg'.
[2026-05-31 23:56:26] Leitura da planilha concluida. Linhas recebidas: 24.
[2026-05-31 23:56:26] Linha 2 invalida: Informe ao menos um link entre as colunas F/I/K/M/O..
[2026-05-31 23:56:26] Linha 3 invalida: Informe ao menos um link entre as colunas F/I/K/M/O..
[2026-05-31 23:56:26] Linha 2: erro de validacao (Informe ao menos um link entre as colunas F/I/K/M/O.).
[2026-05-31 23:56:26] Linha 3: erro de validacao (Informe ao menos um link entre as colunas F/I/K/M/O.).
[2026-05-31 23:56:26] Finalizacao da sincronizacao. falhou=False importados=0.
