=== Inicio do log de sincronizacao de planilha: 2026-06-18T20:35:53 ===
[2026-06-18 20:35:53] Inicio da rotina de sincronizacao da planilha.
[2026-06-18 20:35:53] Worker iniciado. worksheet='RespostasForm' auth_mode='oauth_user' spreadsheet_id='11MaCntcOh4-TGSyQRWS3nPuttNiRsvWq0O8mBxNH5qg'.
[2026-06-18 20:35:53] Atualizando token OAuth da planilha.
[2026-06-18 20:35:56] Leitura da planilha concluida. Linhas recebidas: 26.
[2026-06-18 20:35:56] Linha 2 invalida: Informe ao menos um link entre as colunas F/I/K/M/O..
[2026-06-18 20:35:56] Linha 3 invalida: Informe ao menos um link entre as colunas F/I/K/M/O..
[2026-06-18 20:35:56] Linha 2: erro de validacao (Informe ao menos um link entre as colunas F/I/K/M/O.).
[2026-06-18 20:35:56] Linha 3: erro de validacao (Informe ao menos um link entre as colunas F/I/K/M/O.).
[2026-06-18 20:35:56] Finalizacao da sincronizacao. falhou=False importados=0.
[2026-06-18 20:46:53] Inicio da rotina de sincronizacao da planilha.
[2026-06-18 20:46:53] Worker iniciado. worksheet='RespostasForm' auth_mode='oauth_user' spreadsheet_id='11MaCntcOh4-TGSyQRWS3nPuttNiRsvWq0O8mBxNH5qg'.
[2026-06-18 20:46:55] Leitura da planilha concluida. Linhas recebidas: 26.
[2026-06-18 20:46:55] Linha 2 invalida: Informe ao menos um link entre as colunas F/I/K/M/O..
[2026-06-18 20:46:55] Linha 3 invalida: Informe ao menos um link entre as colunas F/I/K/M/O..
[2026-06-18 20:46:55] Linha 2: erro de validacao (Informe ao menos um link entre as colunas F/I/K/M/O.).
[2026-06-18 20:46:55] Linha 3: erro de validacao (Informe ao menos um link entre as colunas F/I/K/M/O.).
[2026-06-18 20:46:55] Finalizacao da sincronizacao. falhou=False importados=0.
[2026-06-18 20:57:53] Inicio da rotina de sincronizacao da planilha.
[2026-06-18 20:57:53] Worker iniciado. worksheet='RespostasForm' auth_mode='oauth_user' spreadsheet_id='11MaCntcOh4-TGSyQRWS3nPuttNiRsvWq0O8mBxNH5qg'.
[2026-06-18 20:57:55] Leitura da planilha concluida. Linhas recebidas: 26.
[2026-06-18 20:57:55] Linha 2 invalida: Informe ao menos um link entre as colunas F/I/K/M/O..
[2026-06-18 20:57:55] Linha 3 invalida: Informe ao menos um link entre as colunas F/I/K/M/O..
[2026-06-18 20:57:55] Linha 2: erro de validacao (Informe ao menos um link entre as colunas F/I/K/M/O.).
[2026-06-18 20:57:55] Linha 3: erro de validacao (Informe ao menos um link entre as colunas F/I/K/M/O.).
[2026-06-18 20:57:55] Finalizacao da sincronizacao. falhou=False importados=0.
[2026-06-18 21:02:29] Inicio da rotina de sincronizacao da planilha.
[2026-06-18 21:02:29] Worker iniciado. worksheet='RespostasForm' auth_mode='oauth_user' spreadsheet_id='11MaCntcOh4-TGSyQRWS3nPuttNiRsvWq0O8mBxNH5qg'.
[2026-06-18 21:02:30] Leitura da planilha concluida. Linhas recebidas: 26.
[2026-06-18 21:02:30] Linha 2 invalida: Informe ao menos um link entre as colunas F/I/K/M/O..
[2026-06-18 21:02:30] Linha 3 invalida: Informe ao menos um link entre as colunas F/I/K/M/O..
[2026-06-18 21:02:30] Linha 2: erro de validacao (Informe ao menos um link entre as colunas F/I/K/M/O.).
[2026-06-18 21:02:30] Linha 3: erro de validacao (Informe ao menos um link entre as colunas F/I/K/M/O.).
[2026-06-18 21:02:30] Finalizacao da sincronizacao. falhou=False importados=0.
[2026-06-18 21:13:29] Inicio da rotina de sincronizacao da planilha.
[2026-06-18 21:13:29] Worker iniciado. worksheet='RespostasForm' auth_mode='oauth_user' spreadsheet_id='11MaCntcOh4-TGSyQRWS3nPuttNiRsvWq0O8mBxNH5qg'.
[2026-06-18 21:13:31] Leitura da planilha concluida. Linhas recebidas: 26.
[2026-06-18 21:13:31] Linha 2 invalida: Informe ao menos um link entre as colunas F/I/K/M/O..
[2026-06-18 21:13:31] Linha 3 invalida: Informe ao menos um link entre as colunas F/I/K/M/O..
[2026-06-18 21:13:31] Linha 2: erro de validacao (Informe ao menos um link entre as colunas F/I/K/M/O.).
[2026-06-18 21:13:31] Linha 3: erro de validacao (Informe ao menos um link entre as colunas F/I/K/M/O.).
[2026-06-18 21:13:31] Finalizacao da sincronizacao. falhou=False importados=0.
