=== Inicio do log de sincronizacao de planilha: 2026-06-19T18:07:45 ===
[2026-06-19 18:07:45] Inicio da rotina de sincronizacao da planilha.
[2026-06-19 18:07:45] Worker iniciado. worksheet='RespostasForm' auth_mode='oauth_user' spreadsheet_id='11MaCntcOh4-TGSyQRWS3nPuttNiRsvWq0O8mBxNH5qg'.
[2026-06-19 18:07:45] Atualizando token OAuth da planilha.
[2026-06-19 18:07:47] Leitura da planilha concluida. Linhas recebidas: 26.
[2026-06-19 18:07:47] Linha 2 invalida: Informe ao menos um link entre as colunas F/I/K/M/O..
[2026-06-19 18:07:47] Linha 3 invalida: Informe ao menos um link entre as colunas F/I/K/M/O..
[2026-06-19 18:07:47] Linha 2: erro de validacao (Informe ao menos um link entre as colunas F/I/K/M/O.).
[2026-06-19 18:07:47] Linha 3: erro de validacao (Informe ao menos um link entre as colunas F/I/K/M/O.).
[2026-06-19 18:07:47] Finalizacao da sincronizacao. falhou=False importados=0.
[2026-06-19 18:12:18] Sincronizacao manual solicitada pelo usuario.
[2026-06-19 18:12:18] Inicio da rotina de sincronizacao da planilha.
[2026-06-19 18:12:18] Worker iniciado. worksheet='RespostasForm' auth_mode='oauth_user' spreadsheet_id='11MaCntcOh4-TGSyQRWS3nPuttNiRsvWq0O8mBxNH5qg'.
[2026-06-19 18:12:19] Leitura da planilha concluida. Linhas recebidas: 26.
[2026-06-19 18:12:19] Linha 2 invalida: Informe ao menos um link entre as colunas F/I/K/M/O..
[2026-06-19 18:12:19] Linha 3 invalida: Informe ao menos um link entre as colunas F/I/K/M/O..
[2026-06-19 18:12:19] Linha 2: erro de validacao (Informe ao menos um link entre as colunas F/I/K/M/O.).
[2026-06-19 18:12:19] Linha 3: erro de validacao (Informe ao menos um link entre as colunas F/I/K/M/O.).
[2026-06-19 18:12:19] Finalizacao da sincronizacao. falhou=False importados=0.
[2026-06-19 18:22:45] Inicio da rotina de sincronizacao da planilha.
[2026-06-19 18:22:45] Worker iniciado. worksheet='RespostasForm' auth_mode='oauth_user' spreadsheet_id='11MaCntcOh4-TGSyQRWS3nPuttNiRsvWq0O8mBxNH5qg'.
[2026-06-19 18:22:47] Leitura da planilha concluida. Linhas recebidas: 26.
[2026-06-19 18:22:47] Linha 2 invalida: Informe ao menos um link entre as colunas F/I/K/M/O..
[2026-06-19 18:22:47] Linha 3 invalida: Informe ao menos um link entre as colunas F/I/K/M/O..
[2026-06-19 18:22:47] Linha 2: erro de validacao (Informe ao menos um link entre as colunas F/I/K/M/O.).
[2026-06-19 18:22:47] Linha 3: erro de validacao (Informe ao menos um link entre as colunas F/I/K/M/O.).
[2026-06-19 18:22:47] Finalizacao da sincronizacao. falhou=False importados=0.
[2026-06-19 18:33:46] Inicio da rotina de sincronizacao da planilha.
[2026-06-19 18:33:46] Worker iniciado. worksheet='RespostasForm' auth_mode='oauth_user' spreadsheet_id='11MaCntcOh4-TGSyQRWS3nPuttNiRsvWq0O8mBxNH5qg'.
[2026-06-19 18:33:47] Leitura da planilha concluida. Linhas recebidas: 26.
[2026-06-19 18:33:47] Linha 2 invalida: Informe ao menos um link entre as colunas F/I/K/M/O..
[2026-06-19 18:33:47] Linha 3 invalida: Informe ao menos um link entre as colunas F/I/K/M/O..
[2026-06-19 18:33:47] Linha 2: erro de validacao (Informe ao menos um link entre as colunas F/I/K/M/O.).
[2026-06-19 18:33:47] Linha 3: erro de validacao (Informe ao menos um link entre as colunas F/I/K/M/O.).
[2026-06-19 18:33:47] Finalizacao da sincronizacao. falhou=False importados=0.
[2026-06-19 18:44:46] Inicio da rotina de sincronizacao da planilha.
[2026-06-19 18:44:46] Worker iniciado. worksheet='RespostasForm' auth_mode='oauth_user' spreadsheet_id='11MaCntcOh4-TGSyQRWS3nPuttNiRsvWq0O8mBxNH5qg'.
[2026-06-19 18:44:47] Leitura da planilha concluida. Linhas recebidas: 26.
[2026-06-19 18:44:47] Linha 2 invalida: Informe ao menos um link entre as colunas F/I/K/M/O..
[2026-06-19 18:44:47] Linha 3 invalida: Informe ao menos um link entre as colunas F/I/K/M/O..
[2026-06-19 18:44:47] Linha 2: erro de validacao (Informe ao menos um link entre as colunas F/I/K/M/O.).
[2026-06-19 18:44:47] Linha 3: erro de validacao (Informe ao menos um link entre as colunas F/I/K/M/O.).
[2026-06-19 18:44:47] Finalizacao da sincronizacao. falhou=False importados=0.
[2026-06-19 18:55:46] Inicio da rotina de sincronizacao da planilha.
[2026-06-19 18:55:46] Worker iniciado. worksheet='RespostasForm' auth_mode='oauth_user' spreadsheet_id='11MaCntcOh4-TGSyQRWS3nPuttNiRsvWq0O8mBxNH5qg'.
[2026-06-19 18:55:48] Leitura da planilha concluida. Linhas recebidas: 26.
[2026-06-19 18:55:48] Linha 2 invalida: Informe ao menos um link entre as colunas F/I/K/M/O..
[2026-06-19 18:55:48] Linha 3 invalida: Informe ao menos um link entre as colunas F/I/K/M/O..
[2026-06-19 18:55:48] Linha 2: erro de validacao (Informe ao menos um link entre as colunas F/I/K/M/O.).
[2026-06-19 18:55:48] Linha 3: erro de validacao (Informe ao menos um link entre as colunas F/I/K/M/O.).
[2026-06-19 18:55:48] Finalizacao da sincronizacao. falhou=False importados=0.
[2026-06-19 19:06:46] Inicio da rotina de sincronizacao da planilha.
[2026-06-19 19:06:46] Worker iniciado. worksheet='RespostasForm' auth_mode='oauth_user' spreadsheet_id='11MaCntcOh4-TGSyQRWS3nPuttNiRsvWq0O8mBxNH5qg'.
[2026-06-19 19:06:46] Atualizando token OAuth da planilha.
[2026-06-19 19:06:48] Leitura da planilha concluida. Linhas recebidas: 26.
[2026-06-19 19:06:48] Linha 2 invalida: Informe ao menos um link entre as colunas F/I/K/M/O..
[2026-06-19 19:06:48] Linha 3 invalida: Informe ao menos um link entre as colunas F/I/K/M/O..
[2026-06-19 19:06:48] Linha 2: erro de validacao (Informe ao menos um link entre as colunas F/I/K/M/O.).
[2026-06-19 19:06:48] Linha 3: erro de validacao (Informe ao menos um link entre as colunas F/I/K/M/O.).
[2026-06-19 19:06:48] Finalizacao da sincronizacao. falhou=False importados=0.
[2026-06-19 19:17:46] Inicio da rotina de sincronizacao da planilha.
[2026-06-19 19:17:46] Worker iniciado. worksheet='RespostasForm' auth_mode='oauth_user' spreadsheet_id='11MaCntcOh4-TGSyQRWS3nPuttNiRsvWq0O8mBxNH5qg'.
[2026-06-19 19:17:48] Leitura da planilha concluida. Linhas recebidas: 26.
[2026-06-19 19:17:48] Linha 2 invalida: Informe ao menos um link entre as colunas F/I/K/M/O..
[2026-06-19 19:17:48] Linha 3 invalida: Informe ao menos um link entre as colunas F/I/K/M/O..
[2026-06-19 19:17:48] Linha 2: erro de validacao (Informe ao menos um link entre as colunas F/I/K/M/O.).
[2026-06-19 19:17:48] Linha 3: erro de validacao (Informe ao menos um link entre as colunas F/I/K/M/O.).
[2026-06-19 19:17:48] Finalizacao da sincronizacao. falhou=False importados=0.
[2026-06-19 19:28:46] Inicio da rotina de sincronizacao da planilha.
[2026-06-19 19:28:46] Worker iniciado. worksheet='RespostasForm' auth_mode='oauth_user' spreadsheet_id='11MaCntcOh4-TGSyQRWS3nPuttNiRsvWq0O8mBxNH5qg'.
[2026-06-19 19:28:48] Leitura da planilha concluida. Linhas recebidas: 26.
[2026-06-19 19:28:48] Linha 2 invalida: Informe ao menos um link entre as colunas F/I/K/M/O..
[2026-06-19 19:28:48] Linha 3 invalida: Informe ao menos um link entre as colunas F/I/K/M/O..
[2026-06-19 19:28:48] Linha 2: erro de validacao (Informe ao menos um link entre as colunas F/I/K/M/O.).
[2026-06-19 19:28:48] Linha 3: erro de validacao (Informe ao menos um link entre as colunas F/I/K/M/O.).
[2026-06-19 19:28:48] Finalizacao da sincronizacao. falhou=False importados=0.
[2026-06-19 19:39:46] Inicio da rotina de sincronizacao da planilha.
[2026-06-19 19:39:46] Worker iniciado. worksheet='RespostasForm' auth_mode='oauth_user' spreadsheet_id='11MaCntcOh4-TGSyQRWS3nPuttNiRsvWq0O8mBxNH5qg'.
[2026-06-19 19:39:48] Leitura da planilha concluida. Linhas recebidas: 26.
[2026-06-19 19:39:48] Linha 2 invalida: Informe ao menos um link entre as colunas F/I/K/M/O..
[2026-06-19 19:39:48] Linha 3 invalida: Informe ao menos um link entre as colunas F/I/K/M/O..
[2026-06-19 19:39:48] Linha 2: erro de validacao (Informe ao menos um link entre as colunas F/I/K/M/O.).
[2026-06-19 19:39:48] Linha 3: erro de validacao (Informe ao menos um link entre as colunas F/I/K/M/O.).
[2026-06-19 19:39:48] Finalizacao da sincronizacao. falhou=False importados=0.
[2026-06-19 19:50:46] Inicio da rotina de sincronizacao da planilha.
[2026-06-19 19:50:46] Worker iniciado. worksheet='RespostasForm' auth_mode='oauth_user' spreadsheet_id='11MaCntcOh4-TGSyQRWS3nPuttNiRsvWq0O8mBxNH5qg'.
[2026-06-19 19:50:48] Leitura da planilha concluida. Linhas recebidas: 26.
[2026-06-19 19:50:48] Linha 2 invalida: Informe ao menos um link entre as colunas F/I/K/M/O..
[2026-06-19 19:50:48] Linha 3 invalida: Informe ao menos um link entre as colunas F/I/K/M/O..
[2026-06-19 19:50:48] Linha 2: erro de validacao (Informe ao menos um link entre as colunas F/I/K/M/O.).
[2026-06-19 19:50:48] Linha 3: erro de validacao (Informe ao menos um link entre as colunas F/I/K/M/O.).
[2026-06-19 19:50:48] Finalizacao da sincronizacao. falhou=False importados=0.
[2026-06-19 20:01:46] Inicio da rotina de sincronizacao da planilha.
[2026-06-19 20:01:46] Worker iniciado. worksheet='RespostasForm' auth_mode='oauth_user' spreadsheet_id='11MaCntcOh4-TGSyQRWS3nPuttNiRsvWq0O8mBxNH5qg'.
[2026-06-19 20:01:48] Leitura da planilha concluida. Linhas recebidas: 26.
[2026-06-19 20:01:48] Linha 2 invalida: Informe ao menos um link entre as colunas F/I/K/M/O..
[2026-06-19 20:01:48] Linha 3 invalida: Informe ao menos um link entre as colunas F/I/K/M/O..
[2026-06-19 20:01:48] Linha 2: erro de validacao (Informe ao menos um link entre as colunas F/I/K/M/O.).
[2026-06-19 20:01:48] Linha 3: erro de validacao (Informe ao menos um link entre as colunas F/I/K/M/O.).
[2026-06-19 20:01:48] Finalizacao da sincronizacao. falhou=False importados=0.
[2026-06-19 20:12:47] Inicio da rotina de sincronizacao da planilha.
[2026-06-19 20:12:47] Worker iniciado. worksheet='RespostasForm' auth_mode='oauth_user' spreadsheet_id='11MaCntcOh4-TGSyQRWS3nPuttNiRsvWq0O8mBxNH5qg'.
[2026-06-19 20:12:47] Atualizando token OAuth da planilha.
[2026-06-19 20:12:49] Leitura da planilha concluida. Linhas recebidas: 26.
[2026-06-19 20:12:49] Linha 2 invalida: Informe ao menos um link entre as colunas F/I/K/M/O..
[2026-06-19 20:12:49] Linha 3 invalida: Informe ao menos um link entre as colunas F/I/K/M/O..
[2026-06-19 20:12:49] Linha 2: erro de validacao (Informe ao menos um link entre as colunas F/I/K/M/O.).
[2026-06-19 20:12:49] Linha 3: erro de validacao (Informe ao menos um link entre as colunas F/I/K/M/O.).
[2026-06-19 20:12:49] Finalizacao da sincronizacao. falhou=False importados=0.
[2026-06-19 20:23:47] Inicio da rotina de sincronizacao da planilha.
[2026-06-19 20:23:47] Worker iniciado. worksheet='RespostasForm' auth_mode='oauth_user' spreadsheet_id='11MaCntcOh4-TGSyQRWS3nPuttNiRsvWq0O8mBxNH5qg'.
[2026-06-19 20:23:48] Leitura da planilha concluida. Linhas recebidas: 26.
[2026-06-19 20:23:48] Linha 2 invalida: Informe ao menos um link entre as colunas F/I/K/M/O..
[2026-06-19 20:23:48] Linha 3 invalida: Informe ao menos um link entre as colunas F/I/K/M/O..
[2026-06-19 20:23:48] Linha 2: erro de validacao (Informe ao menos um link entre as colunas F/I/K/M/O.).
[2026-06-19 20:23:48] Linha 3: erro de validacao (Informe ao menos um link entre as colunas F/I/K/M/O.).
[2026-06-19 20:23:48] Finalizacao da sincronizacao. falhou=False importados=0.
[2026-06-19 20:34:47] Inicio da rotina de sincronizacao da planilha.
[2026-06-19 20:34:47] Worker iniciado. worksheet='RespostasForm' auth_mode='oauth_user' spreadsheet_id='11MaCntcOh4-TGSyQRWS3nPuttNiRsvWq0O8mBxNH5qg'.
[2026-06-19 20:34:49] Leitura da planilha concluida. Linhas recebidas: 26.
[2026-06-19 20:34:49] Linha 2 invalida: Informe ao menos um link entre as colunas F/I/K/M/O..
[2026-06-19 20:34:49] Linha 3 invalida: Informe ao menos um link entre as colunas F/I/K/M/O..
[2026-06-19 20:34:49] Linha 2: erro de validacao (Informe ao menos um link entre as colunas F/I/K/M/O.).
[2026-06-19 20:34:49] Linha 3: erro de validacao (Informe ao menos um link entre as colunas F/I/K/M/O.).
[2026-06-19 20:34:49] Finalizacao da sincronizacao. falhou=False importados=0.
[2026-06-20 09:55:50] Inicio da rotina de sincronizacao da planilha.
[2026-06-20 09:55:55] Worker iniciado. worksheet='RespostasForm' auth_mode='oauth_user' spreadsheet_id='11MaCntcOh4-TGSyQRWS3nPuttNiRsvWq0O8mBxNH5qg'.
[2026-06-20 09:55:56] Atualizando token OAuth da planilha.
[2026-06-20 09:55:56] Falha na importacao da planilha: HTTPSConnectionPool(host='oauth2.googleapis.com', port=443): Max retries exceeded with url: /token (Caused by NameResolutionError("HTTPSConnection(host='oauth2.googleapis.com', port=443): Failed to resolve 'oauth2.googleapis.com' ([Errno 11001] getaddrinfo failed)"))
[2026-06-20 09:55:56] Falha na importacao da planilha: HTTPSConnectionPool(host='oauth2.googleapis.com', port=443): Max retries exceeded with url: /token (Caused by NameResolutionError("HTTPSConnection(host='oauth2.googleapis.com', port=443): Failed to resolve 'oauth2.googleapis.com' ([Errno 11001] getaddrinfo failed)"))
[2026-06-20 09:55:56] Finalizacao da sincronizacao. falhou=True importados=0.
[2026-06-20 10:05:56] Inicio da rotina de sincronizacao da planilha.
[2026-06-20 10:05:56] Worker iniciado. worksheet='RespostasForm' auth_mode='oauth_user' spreadsheet_id='11MaCntcOh4-TGSyQRWS3nPuttNiRsvWq0O8mBxNH5qg'.
[2026-06-20 10:05:56] Atualizando token OAuth da planilha.
[2026-06-20 10:05:58] Leitura da planilha concluida. Linhas recebidas: 26.
[2026-06-20 10:05:58] Linha 2 invalida: Informe ao menos um link entre as colunas F/I/K/M/O..
[2026-06-20 10:05:58] Linha 3 invalida: Informe ao menos um link entre as colunas F/I/K/M/O..
[2026-06-20 10:05:58] Linha 2: erro de validacao (Informe ao menos um link entre as colunas F/I/K/M/O.).
[2026-06-20 10:05:58] Linha 3: erro de validacao (Informe ao menos um link entre as colunas F/I/K/M/O.).
[2026-06-20 10:05:58] Finalizacao da sincronizacao. falhou=False importados=0.
[2026-06-20 10:16:57] Inicio da rotina de sincronizacao da planilha.
[2026-06-20 10:16:57] Worker iniciado. worksheet='RespostasForm' auth_mode='oauth_user' spreadsheet_id='11MaCntcOh4-TGSyQRWS3nPuttNiRsvWq0O8mBxNH5qg'.
[2026-06-20 10:16:58] Leitura da planilha concluida. Linhas recebidas: 26.
[2026-06-20 10:16:58] Linha 2 invalida: Informe ao menos um link entre as colunas F/I/K/M/O..
[2026-06-20 10:16:58] Linha 3 invalida: Informe ao menos um link entre as colunas F/I/K/M/O..
[2026-06-20 10:16:58] Linha 2: erro de validacao (Informe ao menos um link entre as colunas F/I/K/M/O.).
[2026-06-20 10:16:58] Linha 3: erro de validacao (Informe ao menos um link entre as colunas F/I/K/M/O.).
[2026-06-20 10:16:58] Finalizacao da sincronizacao. falhou=False importados=0.
[2026-06-20 10:27:57] Inicio da rotina de sincronizacao da planilha.
[2026-06-20 10:27:57] Worker iniciado. worksheet='RespostasForm' auth_mode='oauth_user' spreadsheet_id='11MaCntcOh4-TGSyQRWS3nPuttNiRsvWq0O8mBxNH5qg'.
[2026-06-20 10:27:58] Leitura da planilha concluida. Linhas recebidas: 26.
[2026-06-20 10:27:58] Linha 2 invalida: Informe ao menos um link entre as colunas F/I/K/M/O..
[2026-06-20 10:27:58] Linha 3 invalida: Informe ao menos um link entre as colunas F/I/K/M/O..
[2026-06-20 10:27:58] Linha 2: erro de validacao (Informe ao menos um link entre as colunas F/I/K/M/O.).
[2026-06-20 10:27:58] Linha 3: erro de validacao (Informe ao menos um link entre as colunas F/I/K/M/O.).
[2026-06-20 10:27:58] Finalizacao da sincronizacao. falhou=False importados=0.
[2026-06-20 10:38:57] Inicio da rotina de sincronizacao da planilha.
[2026-06-20 10:38:57] Worker iniciado. worksheet='RespostasForm' auth_mode='oauth_user' spreadsheet_id='11MaCntcOh4-TGSyQRWS3nPuttNiRsvWq0O8mBxNH5qg'.
[2026-06-20 10:38:58] Leitura da planilha concluida. Linhas recebidas: 26.
[2026-06-20 10:38:58] Linha 2 invalida: Informe ao menos um link entre as colunas F/I/K/M/O..
[2026-06-20 10:38:58] Linha 3 invalida: Informe ao menos um link entre as colunas F/I/K/M/O..
[2026-06-20 10:38:58] Linha 2: erro de validacao (Informe ao menos um link entre as colunas F/I/K/M/O.).
[2026-06-20 10:38:58] Linha 3: erro de validacao (Informe ao menos um link entre as colunas F/I/K/M/O.).
[2026-06-20 10:38:58] Finalizacao da sincronizacao. falhou=False importados=0.
[2026-06-20 10:49:57] Inicio da rotina de sincronizacao da planilha.
[2026-06-20 10:49:57] Worker iniciado. worksheet='RespostasForm' auth_mode='oauth_user' spreadsheet_id='11MaCntcOh4-TGSyQRWS3nPuttNiRsvWq0O8mBxNH5qg'.
[2026-06-20 10:49:58] Leitura da planilha concluida. Linhas recebidas: 26.
[2026-06-20 10:49:58] Linha 2 invalida: Informe ao menos um link entre as colunas F/I/K/M/O..
[2026-06-20 10:49:58] Linha 3 invalida: Informe ao menos um link entre as colunas F/I/K/M/O..
[2026-06-20 10:49:58] Linha 2: erro de validacao (Informe ao menos um link entre as colunas F/I/K/M/O.).
[2026-06-20 10:49:58] Linha 3: erro de validacao (Informe ao menos um link entre as colunas F/I/K/M/O.).
[2026-06-20 10:49:58] Finalizacao da sincronizacao. falhou=False importados=0.
[2026-06-20 11:00:57] Inicio da rotina de sincronizacao da planilha.
[2026-06-20 11:00:57] Worker iniciado. worksheet='RespostasForm' auth_mode='oauth_user' spreadsheet_id='11MaCntcOh4-TGSyQRWS3nPuttNiRsvWq0O8mBxNH5qg'.
[2026-06-20 11:00:58] Leitura da planilha concluida. Linhas recebidas: 26.
[2026-06-20 11:00:58] Linha 2 invalida: Informe ao menos um link entre as colunas F/I/K/M/O..
[2026-06-20 11:00:58] Linha 3 invalida: Informe ao menos um link entre as colunas F/I/K/M/O..
[2026-06-20 11:00:58] Linha 2: erro de validacao (Informe ao menos um link entre as colunas F/I/K/M/O.).
[2026-06-20 11:00:58] Linha 3: erro de validacao (Informe ao menos um link entre as colunas F/I/K/M/O.).
[2026-06-20 11:00:58] Finalizacao da sincronizacao. falhou=False importados=0.
[2026-06-20 11:11:57] Inicio da rotina de sincronizacao da planilha.
[2026-06-20 11:11:57] Worker iniciado. worksheet='RespostasForm' auth_mode='oauth_user' spreadsheet_id='11MaCntcOh4-TGSyQRWS3nPuttNiRsvWq0O8mBxNH5qg'.
[2026-06-20 11:11:57] Atualizando token OAuth da planilha.
[2026-06-20 11:11:59] Leitura da planilha concluida. Linhas recebidas: 26.
[2026-06-20 11:11:59] Linha 2 invalida: Informe ao menos um link entre as colunas F/I/K/M/O..
[2026-06-20 11:11:59] Linha 3 invalida: Informe ao menos um link entre as colunas F/I/K/M/O..
[2026-06-20 11:11:59] Linha 2: erro de validacao (Informe ao menos um link entre as colunas F/I/K/M/O.).
[2026-06-20 11:11:59] Linha 3: erro de validacao (Informe ao menos um link entre as colunas F/I/K/M/O.).
[2026-06-20 11:11:59] Finalizacao da sincronizacao. falhou=False importados=0.
[2026-06-20 12:08:28] Inicio da rotina de sincronizacao da planilha.
[2026-06-20 12:08:28] Worker iniciado. worksheet='RespostasForm' auth_mode='oauth_user' spreadsheet_id='11MaCntcOh4-TGSyQRWS3nPuttNiRsvWq0O8mBxNH5qg'.
[2026-06-20 12:08:28] Atualizando token OAuth da planilha.
[2026-06-20 12:08:29] Falha na importacao da planilha: HTTPSConnectionPool(host='oauth2.googleapis.com', port=443): Max retries exceeded with url: /token (Caused by NameResolutionError("HTTPSConnection(host='oauth2.googleapis.com', port=443): Failed to resolve 'oauth2.googleapis.com' ([Errno 11001] getaddrinfo failed)"))
[2026-06-20 12:08:30] Falha na importacao da planilha: HTTPSConnectionPool(host='oauth2.googleapis.com', port=443): Max retries exceeded with url: /token (Caused by NameResolutionError("HTTPSConnection(host='oauth2.googleapis.com', port=443): Failed to resolve 'oauth2.googleapis.com' ([Errno 11001] getaddrinfo failed)"))
[2026-06-20 12:08:30] Finalizacao da sincronizacao. falhou=True importados=0.
[2026-06-20 12:19:29] Inicio da rotina de sincronizacao da planilha.
[2026-06-20 12:19:29] Worker iniciado. worksheet='RespostasForm' auth_mode='oauth_user' spreadsheet_id='11MaCntcOh4-TGSyQRWS3nPuttNiRsvWq0O8mBxNH5qg'.
[2026-06-20 12:19:29] Atualizando token OAuth da planilha.
[2026-06-20 12:19:30] Leitura da planilha concluida. Linhas recebidas: 26.
[2026-06-20 12:19:30] Linha 2 invalida: Informe ao menos um link entre as colunas F/I/K/M/O..
[2026-06-20 12:19:30] Linha 3 invalida: Informe ao menos um link entre as colunas F/I/K/M/O..
[2026-06-20 12:19:30] Linha 2: erro de validacao (Informe ao menos um link entre as colunas F/I/K/M/O.).
[2026-06-20 12:19:30] Linha 3: erro de validacao (Informe ao menos um link entre as colunas F/I/K/M/O.).
[2026-06-20 12:19:30] Finalizacao da sincronizacao. falhou=False importados=0.
[2026-06-20 12:30:29] Inicio da rotina de sincronizacao da planilha.
[2026-06-20 12:30:29] Worker iniciado. worksheet='RespostasForm' auth_mode='oauth_user' spreadsheet_id='11MaCntcOh4-TGSyQRWS3nPuttNiRsvWq0O8mBxNH5qg'.
[2026-06-20 12:30:30] Leitura da planilha concluida. Linhas recebidas: 26.
[2026-06-20 12:30:30] Linha 2 invalida: Informe ao menos um link entre as colunas F/I/K/M/O..
[2026-06-20 12:30:30] Linha 3 invalida: Informe ao menos um link entre as colunas F/I/K/M/O..
[2026-06-20 12:30:30] Linha 2: erro de validacao (Informe ao menos um link entre as colunas F/I/K/M/O.).
[2026-06-20 12:30:30] Linha 3: erro de validacao (Informe ao menos um link entre as colunas F/I/K/M/O.).
[2026-06-20 12:30:30] Finalizacao da sincronizacao. falhou=False importados=0.
[2026-06-20 12:41:29] Inicio da rotina de sincronizacao da planilha.
[2026-06-20 12:41:29] Worker iniciado. worksheet='RespostasForm' auth_mode='oauth_user' spreadsheet_id='11MaCntcOh4-TGSyQRWS3nPuttNiRsvWq0O8mBxNH5qg'.
[2026-06-20 12:41:30] Leitura da planilha concluida. Linhas recebidas: 26.
[2026-06-20 12:41:30] Linha 2 invalida: Informe ao menos um link entre as colunas F/I/K/M/O..
[2026-06-20 12:41:30] Linha 3 invalida: Informe ao menos um link entre as colunas F/I/K/M/O..
[2026-06-20 12:41:30] Linha 2: erro de validacao (Informe ao menos um link entre as colunas F/I/K/M/O.).
[2026-06-20 12:41:30] Linha 3: erro de validacao (Informe ao menos um link entre as colunas F/I/K/M/O.).
[2026-06-20 12:41:30] Finalizacao da sincronizacao. falhou=False importados=0.
[2026-06-20 12:52:29] Inicio da rotina de sincronizacao da planilha.
[2026-06-20 12:52:29] Worker iniciado. worksheet='RespostasForm' auth_mode='oauth_user' spreadsheet_id='11MaCntcOh4-TGSyQRWS3nPuttNiRsvWq0O8mBxNH5qg'.
[2026-06-20 12:52:30] Leitura da planilha concluida. Linhas recebidas: 26.
[2026-06-20 12:52:30] Linha 2 invalida: Informe ao menos um link entre as colunas F/I/K/M/O..
[2026-06-20 12:52:30] Linha 3 invalida: Informe ao menos um link entre as colunas F/I/K/M/O..
[2026-06-20 12:52:30] Linha 2: erro de validacao (Informe ao menos um link entre as colunas F/I/K/M/O.).
[2026-06-20 12:52:30] Linha 3: erro de validacao (Informe ao menos um link entre as colunas F/I/K/M/O.).
[2026-06-20 12:52:30] Finalizacao da sincronizacao. falhou=False importados=0.
[2026-06-20 13:03:29] Inicio da rotina de sincronizacao da planilha.
[2026-06-20 13:03:29] Worker iniciado. worksheet='RespostasForm' auth_mode='oauth_user' spreadsheet_id='11MaCntcOh4-TGSyQRWS3nPuttNiRsvWq0O8mBxNH5qg'.
[2026-06-20 13:03:30] Leitura da planilha concluida. Linhas recebidas: 26.
[2026-06-20 13:03:30] Linha 2 invalida: Informe ao menos um link entre as colunas F/I/K/M/O..
[2026-06-20 13:03:30] Linha 3 invalida: Informe ao menos um link entre as colunas F/I/K/M/O..
[2026-06-20 13:03:30] Linha 2: erro de validacao (Informe ao menos um link entre as colunas F/I/K/M/O.).
[2026-06-20 13:03:30] Linha 3: erro de validacao (Informe ao menos um link entre as colunas F/I/K/M/O.).
[2026-06-20 13:03:30] Finalizacao da sincronizacao. falhou=False importados=0.
[2026-06-20 13:39:25] Inicio da rotina de sincronizacao da planilha.
[2026-06-20 13:39:25] Worker iniciado. worksheet='RespostasForm' auth_mode='oauth_user' spreadsheet_id='11MaCntcOh4-TGSyQRWS3nPuttNiRsvWq0O8mBxNH5qg'.
[2026-06-20 13:39:25] Atualizando token OAuth da planilha.
[2026-06-20 13:39:25] Falha na importacao da planilha: HTTPSConnectionPool(host='oauth2.googleapis.com', port=443): Max retries exceeded with url: /token (Caused by NameResolutionError("HTTPSConnection(host='oauth2.googleapis.com', port=443): Failed to resolve 'oauth2.googleapis.com' ([Errno 11001] getaddrinfo failed)"))
[2026-06-20 13:39:25] Falha na importacao da planilha: HTTPSConnectionPool(host='oauth2.googleapis.com', port=443): Max retries exceeded with url: /token (Caused by NameResolutionError("HTTPSConnection(host='oauth2.googleapis.com', port=443): Failed to resolve 'oauth2.googleapis.com' ([Errno 11001] getaddrinfo failed)"))
[2026-06-20 13:39:25] Finalizacao da sincronizacao. falhou=True importados=0.
[2026-06-20 13:49:25] Inicio da rotina de sincronizacao da planilha.
[2026-06-20 13:49:25] Worker iniciado. worksheet='RespostasForm' auth_mode='oauth_user' spreadsheet_id='11MaCntcOh4-TGSyQRWS3nPuttNiRsvWq0O8mBxNH5qg'.
[2026-06-20 13:49:25] Atualizando token OAuth da planilha.
[2026-06-20 13:49:27] Leitura da planilha concluida. Linhas recebidas: 26.
[2026-06-20 13:49:27] Linha 2 invalida: Informe ao menos um link entre as colunas F/I/K/M/O..
[2026-06-20 13:49:27] Linha 3 invalida: Informe ao menos um link entre as colunas F/I/K/M/O..
[2026-06-20 13:49:27] Linha 2: erro de validacao (Informe ao menos um link entre as colunas F/I/K/M/O.).
[2026-06-20 13:49:27] Linha 3: erro de validacao (Informe ao menos um link entre as colunas F/I/K/M/O.).
[2026-06-20 13:49:27] Finalizacao da sincronizacao. falhou=False importados=0.
[2026-06-20 14:00:25] Inicio da rotina de sincronizacao da planilha.
[2026-06-20 14:00:25] Worker iniciado. worksheet='RespostasForm' auth_mode='oauth_user' spreadsheet_id='11MaCntcOh4-TGSyQRWS3nPuttNiRsvWq0O8mBxNH5qg'.
[2026-06-20 14:00:27] Leitura da planilha concluida. Linhas recebidas: 26.
[2026-06-20 14:00:27] Linha 2 invalida: Informe ao menos um link entre as colunas F/I/K/M/O..
[2026-06-20 14:00:27] Linha 3 invalida: Informe ao menos um link entre as colunas F/I/K/M/O..
[2026-06-20 14:00:27] Linha 2: erro de validacao (Informe ao menos um link entre as colunas F/I/K/M/O.).
[2026-06-20 14:00:27] Linha 3: erro de validacao (Informe ao menos um link entre as colunas F/I/K/M/O.).
[2026-06-20 14:00:27] Finalizacao da sincronizacao. falhou=False importados=0.
[2026-06-20 14:11:25] Inicio da rotina de sincronizacao da planilha.
[2026-06-20 14:11:25] Worker iniciado. worksheet='RespostasForm' auth_mode='oauth_user' spreadsheet_id='11MaCntcOh4-TGSyQRWS3nPuttNiRsvWq0O8mBxNH5qg'.
[2026-06-20 14:11:27] Leitura da planilha concluida. Linhas recebidas: 26.
[2026-06-20 14:11:27] Linha 2 invalida: Informe ao menos um link entre as colunas F/I/K/M/O..
[2026-06-20 14:11:27] Linha 3 invalida: Informe ao menos um link entre as colunas F/I/K/M/O..
[2026-06-20 14:11:27] Linha 2: erro de validacao (Informe ao menos um link entre as colunas F/I/K/M/O.).
[2026-06-20 14:11:27] Linha 3: erro de validacao (Informe ao menos um link entre as colunas F/I/K/M/O.).
[2026-06-20 14:11:27] Finalizacao da sincronizacao. falhou=False importados=0.
[2026-06-20 14:22:25] Inicio da rotina de sincronizacao da planilha.
[2026-06-20 14:22:25] Worker iniciado. worksheet='RespostasForm' auth_mode='oauth_user' spreadsheet_id='11MaCntcOh4-TGSyQRWS3nPuttNiRsvWq0O8mBxNH5qg'.
[2026-06-20 14:22:27] Leitura da planilha concluida. Linhas recebidas: 26.
[2026-06-20 14:22:27] Linha 2 invalida: Informe ao menos um link entre as colunas F/I/K/M/O..
[2026-06-20 14:22:27] Linha 3 invalida: Informe ao menos um link entre as colunas F/I/K/M/O..
[2026-06-20 14:22:27] Linha 2: erro de validacao (Informe ao menos um link entre as colunas F/I/K/M/O.).
[2026-06-20 14:22:27] Linha 3: erro de validacao (Informe ao menos um link entre as colunas F/I/K/M/O.).
[2026-06-20 14:22:27] Finalizacao da sincronizacao. falhou=False importados=0.
[2026-06-20 14:33:26] Inicio da rotina de sincronizacao da planilha.
[2026-06-20 14:33:26] Worker iniciado. worksheet='RespostasForm' auth_mode='oauth_user' spreadsheet_id='11MaCntcOh4-TGSyQRWS3nPuttNiRsvWq0O8mBxNH5qg'.
[2026-06-20 14:33:27] Leitura da planilha concluida. Linhas recebidas: 26.
[2026-06-20 14:33:27] Linha 2 invalida: Informe ao menos um link entre as colunas F/I/K/M/O..
[2026-06-20 14:33:27] Linha 3 invalida: Informe ao menos um link entre as colunas F/I/K/M/O..
[2026-06-20 14:33:27] Linha 2: erro de validacao (Informe ao menos um link entre as colunas F/I/K/M/O.).
[2026-06-20 14:33:27] Linha 3: erro de validacao (Informe ao menos um link entre as colunas F/I/K/M/O.).
[2026-06-20 14:33:27] Finalizacao da sincronizacao. falhou=False importados=0.
[2026-06-20 14:44:26] Inicio da rotina de sincronizacao da planilha.
[2026-06-20 14:44:26] Worker iniciado. worksheet='RespostasForm' auth_mode='oauth_user' spreadsheet_id='11MaCntcOh4-TGSyQRWS3nPuttNiRsvWq0O8mBxNH5qg'.
[2026-06-20 14:44:27] Leitura da planilha concluida. Linhas recebidas: 26.
[2026-06-20 14:44:27] Linha 2 invalida: Informe ao menos um link entre as colunas F/I/K/M/O..
[2026-06-20 14:44:27] Linha 3 invalida: Informe ao menos um link entre as colunas F/I/K/M/O..
[2026-06-20 14:44:27] Linha 2: erro de validacao (Informe ao menos um link entre as colunas F/I/K/M/O.).
[2026-06-20 14:44:27] Linha 3: erro de validacao (Informe ao menos um link entre as colunas F/I/K/M/O.).
[2026-06-20 14:44:27] Finalizacao da sincronizacao. falhou=False importados=0.
[2026-06-20 14:55:26] Inicio da rotina de sincronizacao da planilha.
[2026-06-20 14:55:26] Worker iniciado. worksheet='RespostasForm' auth_mode='oauth_user' spreadsheet_id='11MaCntcOh4-TGSyQRWS3nPuttNiRsvWq0O8mBxNH5qg'.
[2026-06-20 14:55:26] Atualizando token OAuth da planilha.
[2026-06-20 14:55:28] Leitura da planilha concluida. Linhas recebidas: 26.
[2026-06-20 14:55:28] Linha 2 invalida: Informe ao menos um link entre as colunas F/I/K/M/O..
[2026-06-20 14:55:28] Linha 3 invalida: Informe ao menos um link entre as colunas F/I/K/M/O..
[2026-06-20 14:55:28] Linha 2: erro de validacao (Informe ao menos um link entre as colunas F/I/K/M/O.).
[2026-06-20 14:55:28] Linha 3: erro de validacao (Informe ao menos um link entre as colunas F/I/K/M/O.).
[2026-06-20 14:55:28] Finalizacao da sincronizacao. falhou=False importados=0.
[2026-06-20 15:06:26] Inicio da rotina de sincronizacao da planilha.
[2026-06-20 15:06:26] Worker iniciado. worksheet='RespostasForm' auth_mode='oauth_user' spreadsheet_id='11MaCntcOh4-TGSyQRWS3nPuttNiRsvWq0O8mBxNH5qg'.
[2026-06-20 15:06:27] Leitura da planilha concluida. Linhas recebidas: 26.
[2026-06-20 15:06:27] Linha 2 invalida: Informe ao menos um link entre as colunas F/I/K/M/O..
[2026-06-20 15:06:27] Linha 3 invalida: Informe ao menos um link entre as colunas F/I/K/M/O..
[2026-06-20 15:06:27] Linha 2: erro de validacao (Informe ao menos um link entre as colunas F/I/K/M/O.).
[2026-06-20 15:06:27] Linha 3: erro de validacao (Informe ao menos um link entre as colunas F/I/K/M/O.).
[2026-06-20 15:06:27] Finalizacao da sincronizacao. falhou=False importados=0.
[2026-06-20 15:17:26] Inicio da rotina de sincronizacao da planilha.
[2026-06-20 15:17:26] Worker iniciado. worksheet='RespostasForm' auth_mode='oauth_user' spreadsheet_id='11MaCntcOh4-TGSyQRWS3nPuttNiRsvWq0O8mBxNH5qg'.
[2026-06-20 15:17:27] Leitura da planilha concluida. Linhas recebidas: 26.
[2026-06-20 15:17:27] Linha 2 invalida: Informe ao menos um link entre as colunas F/I/K/M/O..
[2026-06-20 15:17:27] Linha 3 invalida: Informe ao menos um link entre as colunas F/I/K/M/O..
[2026-06-20 15:17:27] Linha 2: erro de validacao (Informe ao menos um link entre as colunas F/I/K/M/O.).
[2026-06-20 15:17:27] Linha 3: erro de validacao (Informe ao menos um link entre as colunas F/I/K/M/O.).
[2026-06-20 15:17:27] Finalizacao da sincronizacao. falhou=False importados=0.
[2026-06-20 15:28:26] Inicio da rotina de sincronizacao da planilha.
[2026-06-20 15:28:26] Worker iniciado. worksheet='RespostasForm' auth_mode='oauth_user' spreadsheet_id='11MaCntcOh4-TGSyQRWS3nPuttNiRsvWq0O8mBxNH5qg'.
[2026-06-20 15:28:27] Leitura da planilha concluida. Linhas recebidas: 26.
[2026-06-20 15:28:27] Linha 2 invalida: Informe ao menos um link entre as colunas F/I/K/M/O..
[2026-06-20 15:28:27] Linha 3 invalida: Informe ao menos um link entre as colunas F/I/K/M/O..
[2026-06-20 15:28:27] Linha 2: erro de validacao (Informe ao menos um link entre as colunas F/I/K/M/O.).
[2026-06-20 15:28:27] Linha 3: erro de validacao (Informe ao menos um link entre as colunas F/I/K/M/O.).
[2026-06-20 15:28:27] Finalizacao da sincronizacao. falhou=False importados=0.
[2026-06-20 15:39:26] Inicio da rotina de sincronizacao da planilha.
[2026-06-20 15:39:26] Worker iniciado. worksheet='RespostasForm' auth_mode='oauth_user' spreadsheet_id='11MaCntcOh4-TGSyQRWS3nPuttNiRsvWq0O8mBxNH5qg'.
[2026-06-20 15:39:28] Leitura da planilha concluida. Linhas recebidas: 26.
[2026-06-20 15:39:28] Linha 2 invalida: Informe ao menos um link entre as colunas F/I/K/M/O..
[2026-06-20 15:39:28] Linha 3 invalida: Informe ao menos um link entre as colunas F/I/K/M/O..
[2026-06-20 15:39:28] Linha 2: erro de validacao (Informe ao menos um link entre as colunas F/I/K/M/O.).
[2026-06-20 15:39:28] Linha 3: erro de validacao (Informe ao menos um link entre as colunas F/I/K/M/O.).
[2026-06-20 15:39:28] Finalizacao da sincronizacao. falhou=False importados=0.
[2026-06-21 11:23:03] Inicio da rotina de sincronizacao da planilha.
[2026-06-21 11:23:03] Worker iniciado. worksheet='RespostasForm' auth_mode='oauth_user' spreadsheet_id='11MaCntcOh4-TGSyQRWS3nPuttNiRsvWq0O8mBxNH5qg'.
[2026-06-21 11:23:04] Atualizando token OAuth da planilha.
[2026-06-21 11:23:05] Falha na importacao da planilha: HTTPSConnectionPool(host='oauth2.googleapis.com', port=443): Max retries exceeded with url: /token (Caused by NameResolutionError("HTTPSConnection(host='oauth2.googleapis.com', port=443): Failed to resolve 'oauth2.googleapis.com' ([Errno 11001] getaddrinfo failed)"))
[2026-06-21 11:23:05] Falha na importacao da planilha: HTTPSConnectionPool(host='oauth2.googleapis.com', port=443): Max retries exceeded with url: /token (Caused by NameResolutionError("HTTPSConnection(host='oauth2.googleapis.com', port=443): Failed to resolve 'oauth2.googleapis.com' ([Errno 11001] getaddrinfo failed)"))
[2026-06-21 11:23:05] Finalizacao da sincronizacao. falhou=True importados=0.
[2026-06-21 11:34:04] Inicio da rotina de sincronizacao da planilha.
[2026-06-21 11:34:04] Worker iniciado. worksheet='RespostasForm' auth_mode='oauth_user' spreadsheet_id='11MaCntcOh4-TGSyQRWS3nPuttNiRsvWq0O8mBxNH5qg'.
[2026-06-21 11:34:04] Atualizando token OAuth da planilha.
[2026-06-21 11:34:05] Leitura da planilha concluida. Linhas recebidas: 26.
[2026-06-21 11:34:05] Linha 2 invalida: Informe ao menos um link entre as colunas F/I/K/M/O..
[2026-06-21 11:34:05] Linha 3 invalida: Informe ao menos um link entre as colunas F/I/K/M/O..
[2026-06-21 11:34:05] Linha 2: erro de validacao (Informe ao menos um link entre as colunas F/I/K/M/O.).
[2026-06-21 11:34:05] Linha 3: erro de validacao (Informe ao menos um link entre as colunas F/I/K/M/O.).
[2026-06-21 11:34:05] Finalizacao da sincronizacao. falhou=False importados=0.
[2026-06-21 11:45:04] Inicio da rotina de sincronizacao da planilha.
[2026-06-21 11:45:04] Worker iniciado. worksheet='RespostasForm' auth_mode='oauth_user' spreadsheet_id='11MaCntcOh4-TGSyQRWS3nPuttNiRsvWq0O8mBxNH5qg'.
[2026-06-21 11:45:05] Leitura da planilha concluida. Linhas recebidas: 26.
[2026-06-21 11:45:05] Linha 2 invalida: Informe ao menos um link entre as colunas F/I/K/M/O..
[2026-06-21 11:45:05] Linha 3 invalida: Informe ao menos um link entre as colunas F/I/K/M/O..
[2026-06-21 11:45:05] Linha 2: erro de validacao (Informe ao menos um link entre as colunas F/I/K/M/O.).
[2026-06-21 11:45:05] Linha 3: erro de validacao (Informe ao menos um link entre as colunas F/I/K/M/O.).
[2026-06-21 11:45:05] Finalizacao da sincronizacao. falhou=False importados=0.
[2026-06-21 11:56:04] Inicio da rotina de sincronizacao da planilha.
[2026-06-21 11:56:04] Worker iniciado. worksheet='RespostasForm' auth_mode='oauth_user' spreadsheet_id='11MaCntcOh4-TGSyQRWS3nPuttNiRsvWq0O8mBxNH5qg'.
[2026-06-21 11:56:05] Leitura da planilha concluida. Linhas recebidas: 26.
[2026-06-21 11:56:05] Linha 2 invalida: Informe ao menos um link entre as colunas F/I/K/M/O..
[2026-06-21 11:56:05] Linha 3 invalida: Informe ao menos um link entre as colunas F/I/K/M/O..
[2026-06-21 11:56:05] Linha 2: erro de validacao (Informe ao menos um link entre as colunas F/I/K/M/O.).
[2026-06-21 11:56:05] Linha 3: erro de validacao (Informe ao menos um link entre as colunas F/I/K/M/O.).
[2026-06-21 11:56:05] Finalizacao da sincronizacao. falhou=False importados=0.
[2026-06-21 12:07:04] Inicio da rotina de sincronizacao da planilha.
[2026-06-21 12:07:04] Worker iniciado. worksheet='RespostasForm' auth_mode='oauth_user' spreadsheet_id='11MaCntcOh4-TGSyQRWS3nPuttNiRsvWq0O8mBxNH5qg'.
[2026-06-21 12:07:05] Leitura da planilha concluida. Linhas recebidas: 26.
[2026-06-21 12:07:05] Linha 2 invalida: Informe ao menos um link entre as colunas F/I/K/M/O..
[2026-06-21 12:07:05] Linha 3 invalida: Informe ao menos um link entre as colunas F/I/K/M/O..
[2026-06-21 12:07:05] Linha 2: erro de validacao (Informe ao menos um link entre as colunas F/I/K/M/O.).
[2026-06-21 12:07:05] Linha 3: erro de validacao (Informe ao menos um link entre as colunas F/I/K/M/O.).
[2026-06-21 12:07:05] Finalizacao da sincronizacao. falhou=False importados=0.
[2026-06-21 12:18:04] Inicio da rotina de sincronizacao da planilha.
[2026-06-21 12:18:04] Worker iniciado. worksheet='RespostasForm' auth_mode='oauth_user' spreadsheet_id='11MaCntcOh4-TGSyQRWS3nPuttNiRsvWq0O8mBxNH5qg'.
[2026-06-21 12:18:06] Leitura da planilha concluida. Linhas recebidas: 26.
[2026-06-21 12:18:06] Linha 2 invalida: Informe ao menos um link entre as colunas F/I/K/M/O..
[2026-06-21 12:18:06] Linha 3 invalida: Informe ao menos um link entre as colunas F/I/K/M/O..
[2026-06-21 12:18:06] Linha 2: erro de validacao (Informe ao menos um link entre as colunas F/I/K/M/O.).
[2026-06-21 12:18:06] Linha 3: erro de validacao (Informe ao menos um link entre as colunas F/I/K/M/O.).
[2026-06-21 12:18:06] Finalizacao da sincronizacao. falhou=False importados=0.
[2026-06-21 12:29:04] Inicio da rotina de sincronizacao da planilha.
[2026-06-21 12:29:04] Worker iniciado. worksheet='RespostasForm' auth_mode='oauth_user' spreadsheet_id='11MaCntcOh4-TGSyQRWS3nPuttNiRsvWq0O8mBxNH5qg'.
[2026-06-21 12:29:06] Leitura da planilha concluida. Linhas recebidas: 26.
[2026-06-21 12:29:06] Linha 2 invalida: Informe ao menos um link entre as colunas F/I/K/M/O..
[2026-06-21 12:29:06] Linha 3 invalida: Informe ao menos um link entre as colunas F/I/K/M/O..
[2026-06-21 12:29:06] Linha 2: erro de validacao (Informe ao menos um link entre as colunas F/I/K/M/O.).
[2026-06-21 12:29:06] Linha 3: erro de validacao (Informe ao menos um link entre as colunas F/I/K/M/O.).
[2026-06-21 12:29:06] Finalizacao da sincronizacao. falhou=False importados=0.
[2026-06-21 12:40:04] Inicio da rotina de sincronizacao da planilha.
[2026-06-21 12:40:04] Worker iniciado. worksheet='RespostasForm' auth_mode='oauth_user' spreadsheet_id='11MaCntcOh4-TGSyQRWS3nPuttNiRsvWq0O8mBxNH5qg'.
[2026-06-21 12:40:04] Atualizando token OAuth da planilha.
[2026-06-21 12:40:06] Leitura da planilha concluida. Linhas recebidas: 26.
[2026-06-21 12:40:06] Linha 2 invalida: Informe ao menos um link entre as colunas F/I/K/M/O..
[2026-06-21 12:40:06] Linha 3 invalida: Informe ao menos um link entre as colunas F/I/K/M/O..
[2026-06-21 12:40:06] Linha 2: erro de validacao (Informe ao menos um link entre as colunas F/I/K/M/O.).
[2026-06-21 12:40:06] Linha 3: erro de validacao (Informe ao menos um link entre as colunas F/I/K/M/O.).
[2026-06-21 12:40:06] Finalizacao da sincronizacao. falhou=False importados=0.
[2026-06-21 20:51:42] Inicio da rotina de sincronizacao da planilha.
[2026-06-21 20:51:42] Worker iniciado. worksheet='RespostasForm' auth_mode='oauth_user' spreadsheet_id='11MaCntcOh4-TGSyQRWS3nPuttNiRsvWq0O8mBxNH5qg'.
[2026-06-21 20:51:42] Atualizando token OAuth da planilha.
[2026-06-21 20:51:43] Falha na importacao da planilha: HTTPSConnectionPool(host='oauth2.googleapis.com', port=443): Max retries exceeded with url: /token (Caused by NameResolutionError("HTTPSConnection(host='oauth2.googleapis.com', port=443): Failed to resolve 'oauth2.googleapis.com' ([Errno 11001] getaddrinfo failed)"))
[2026-06-21 20:51:44] Falha na importacao da planilha: HTTPSConnectionPool(host='oauth2.googleapis.com', port=443): Max retries exceeded with url: /token (Caused by NameResolutionError("HTTPSConnection(host='oauth2.googleapis.com', port=443): Failed to resolve 'oauth2.googleapis.com' ([Errno 11001] getaddrinfo failed)"))
[2026-06-21 20:51:44] Finalizacao da sincronizacao. falhou=True importados=0.
[2026-06-21 21:02:43] Inicio da rotina de sincronizacao da planilha.
[2026-06-21 21:02:43] Worker iniciado. worksheet='RespostasForm' auth_mode='oauth_user' spreadsheet_id='11MaCntcOh4-TGSyQRWS3nPuttNiRsvWq0O8mBxNH5qg'.
[2026-06-21 21:02:43] Atualizando token OAuth da planilha.
[2026-06-21 21:02:44] Leitura da planilha concluida. Linhas recebidas: 26.
[2026-06-21 21:02:44] Linha 2 invalida: Informe ao menos um link entre as colunas F/I/K/M/O..
[2026-06-21 21:02:44] Linha 3 invalida: Informe ao menos um link entre as colunas F/I/K/M/O..
[2026-06-21 21:02:44] Linha 2: erro de validacao (Informe ao menos um link entre as colunas F/I/K/M/O.).
[2026-06-21 21:02:44] Linha 3: erro de validacao (Informe ao menos um link entre as colunas F/I/K/M/O.).
[2026-06-21 21:02:44] Finalizacao da sincronizacao. falhou=False importados=0.
[2026-06-21 21:13:43] Inicio da rotina de sincronizacao da planilha.
[2026-06-21 21:13:43] Worker iniciado. worksheet='RespostasForm' auth_mode='oauth_user' spreadsheet_id='11MaCntcOh4-TGSyQRWS3nPuttNiRsvWq0O8mBxNH5qg'.
[2026-06-21 21:13:44] Leitura da planilha concluida. Linhas recebidas: 26.
[2026-06-21 21:13:44] Linha 2 invalida: Informe ao menos um link entre as colunas F/I/K/M/O..
[2026-06-21 21:13:44] Linha 3 invalida: Informe ao menos um link entre as colunas F/I/K/M/O..
[2026-06-21 21:13:44] Linha 2: erro de validacao (Informe ao menos um link entre as colunas F/I/K/M/O.).
[2026-06-21 21:13:44] Linha 3: erro de validacao (Informe ao menos um link entre as colunas F/I/K/M/O.).
[2026-06-21 21:13:44] Finalizacao da sincronizacao. falhou=False importados=0.
[2026-06-21 21:24:43] Inicio da rotina de sincronizacao da planilha.
[2026-06-21 21:24:43] Worker iniciado. worksheet='RespostasForm' auth_mode='oauth_user' spreadsheet_id='11MaCntcOh4-TGSyQRWS3nPuttNiRsvWq0O8mBxNH5qg'.
[2026-06-21 21:24:44] Leitura da planilha concluida. Linhas recebidas: 26.
[2026-06-21 21:24:44] Linha 2 invalida: Informe ao menos um link entre as colunas F/I/K/M/O..
[2026-06-21 21:24:44] Linha 3 invalida: Informe ao menos um link entre as colunas F/I/K/M/O..
[2026-06-21 21:24:44] Linha 2: erro de validacao (Informe ao menos um link entre as colunas F/I/K/M/O.).
[2026-06-21 21:24:44] Linha 3: erro de validacao (Informe ao menos um link entre as colunas F/I/K/M/O.).
[2026-06-21 21:24:44] Finalizacao da sincronizacao. falhou=False importados=0.
[2026-06-21 21:35:43] Inicio da rotina de sincronizacao da planilha.
[2026-06-21 21:35:43] Worker iniciado. worksheet='RespostasForm' auth_mode='oauth_user' spreadsheet_id='11MaCntcOh4-TGSyQRWS3nPuttNiRsvWq0O8mBxNH5qg'.
[2026-06-21 21:35:44] Leitura da planilha concluida. Linhas recebidas: 26.
[2026-06-21 21:35:44] Linha 2 invalida: Informe ao menos um link entre as colunas F/I/K/M/O..
[2026-06-21 21:35:44] Linha 3 invalida: Informe ao menos um link entre as colunas F/I/K/M/O..
[2026-06-21 21:35:44] Linha 2: erro de validacao (Informe ao menos um link entre as colunas F/I/K/M/O.).
[2026-06-21 21:35:44] Linha 3: erro de validacao (Informe ao menos um link entre as colunas F/I/K/M/O.).
[2026-06-21 21:35:44] Finalizacao da sincronizacao. falhou=False importados=0.
[2026-06-21 21:46:43] Inicio da rotina de sincronizacao da planilha.
[2026-06-21 21:46:43] Worker iniciado. worksheet='RespostasForm' auth_mode='oauth_user' spreadsheet_id='11MaCntcOh4-TGSyQRWS3nPuttNiRsvWq0O8mBxNH5qg'.
[2026-06-21 21:46:44] Leitura da planilha concluida. Linhas recebidas: 26.
[2026-06-21 21:46:44] Linha 2 invalida: Informe ao menos um link entre as colunas F/I/K/M/O..
[2026-06-21 21:46:44] Linha 3 invalida: Informe ao menos um link entre as colunas F/I/K/M/O..
[2026-06-21 21:46:44] Linha 2: erro de validacao (Informe ao menos um link entre as colunas F/I/K/M/O.).
[2026-06-21 21:46:44] Linha 3: erro de validacao (Informe ao menos um link entre as colunas F/I/K/M/O.).
[2026-06-21 21:46:44] Finalizacao da sincronizacao. falhou=False importados=0.
[2026-06-21 21:57:43] Inicio da rotina de sincronizacao da planilha.
[2026-06-21 21:57:43] Worker iniciado. worksheet='RespostasForm' auth_mode='oauth_user' spreadsheet_id='11MaCntcOh4-TGSyQRWS3nPuttNiRsvWq0O8mBxNH5qg'.
[2026-06-21 21:57:45] Leitura da planilha concluida. Linhas recebidas: 26.
[2026-06-21 21:57:45] Linha 2 invalida: Informe ao menos um link entre as colunas F/I/K/M/O..
[2026-06-21 21:57:45] Linha 3 invalida: Informe ao menos um link entre as colunas F/I/K/M/O..
[2026-06-21 21:57:45] Linha 2: erro de validacao (Informe ao menos um link entre as colunas F/I/K/M/O.).
[2026-06-21 21:57:45] Linha 3: erro de validacao (Informe ao menos um link entre as colunas F/I/K/M/O.).
[2026-06-21 21:57:45] Finalizacao da sincronizacao. falhou=False importados=0.
[2026-06-21 22:08:43] Inicio da rotina de sincronizacao da planilha.
[2026-06-21 22:08:43] Worker iniciado. worksheet='RespostasForm' auth_mode='oauth_user' spreadsheet_id='11MaCntcOh4-TGSyQRWS3nPuttNiRsvWq0O8mBxNH5qg'.
[2026-06-21 22:08:43] Atualizando token OAuth da planilha.
[2026-06-21 22:08:45] Leitura da planilha concluida. Linhas recebidas: 26.
[2026-06-21 22:08:45] Linha 2 invalida: Informe ao menos um link entre as colunas F/I/K/M/O..
[2026-06-21 22:08:45] Linha 3 invalida: Informe ao menos um link entre as colunas F/I/K/M/O..
[2026-06-21 22:08:45] Linha 2: erro de validacao (Informe ao menos um link entre as colunas F/I/K/M/O.).
[2026-06-21 22:08:45] Linha 3: erro de validacao (Informe ao menos um link entre as colunas F/I/K/M/O.).
[2026-06-21 22:08:45] Finalizacao da sincronizacao. falhou=False importados=0.
[2026-06-21 22:19:43] Inicio da rotina de sincronizacao da planilha.
[2026-06-21 22:19:43] Worker iniciado. worksheet='RespostasForm' auth_mode='oauth_user' spreadsheet_id='11MaCntcOh4-TGSyQRWS3nPuttNiRsvWq0O8mBxNH5qg'.
[2026-06-21 22:19:45] Leitura da planilha concluida. Linhas recebidas: 26.
[2026-06-21 22:19:45] Linha 2 invalida: Informe ao menos um link entre as colunas F/I/K/M/O..
[2026-06-21 22:19:45] Linha 3 invalida: Informe ao menos um link entre as colunas F/I/K/M/O..
[2026-06-21 22:19:45] Linha 2: erro de validacao (Informe ao menos um link entre as colunas F/I/K/M/O.).
[2026-06-21 22:19:45] Linha 3: erro de validacao (Informe ao menos um link entre as colunas F/I/K/M/O.).
[2026-06-21 22:19:45] Finalizacao da sincronizacao. falhou=False importados=0.
[2026-06-21 22:30:43] Inicio da rotina de sincronizacao da planilha.
[2026-06-21 22:30:43] Worker iniciado. worksheet='RespostasForm' auth_mode='oauth_user' spreadsheet_id='11MaCntcOh4-TGSyQRWS3nPuttNiRsvWq0O8mBxNH5qg'.
[2026-06-21 22:30:45] Leitura da planilha concluida. Linhas recebidas: 26.
[2026-06-21 22:30:45] Linha 2 invalida: Informe ao menos um link entre as colunas F/I/K/M/O..
[2026-06-21 22:30:45] Linha 3 invalida: Informe ao menos um link entre as colunas F/I/K/M/O..
[2026-06-21 22:30:45] Linha 2: erro de validacao (Informe ao menos um link entre as colunas F/I/K/M/O.).
[2026-06-21 22:30:45] Linha 3: erro de validacao (Informe ao menos um link entre as colunas F/I/K/M/O.).
[2026-06-21 22:30:45] Finalizacao da sincronizacao. falhou=False importados=0.
[2026-06-21 22:41:43] Inicio da rotina de sincronizacao da planilha.
[2026-06-21 22:41:43] Worker iniciado. worksheet='RespostasForm' auth_mode='oauth_user' spreadsheet_id='11MaCntcOh4-TGSyQRWS3nPuttNiRsvWq0O8mBxNH5qg'.
[2026-06-21 22:41:45] Leitura da planilha concluida. Linhas recebidas: 26.
[2026-06-21 22:41:45] Linha 2 invalida: Informe ao menos um link entre as colunas F/I/K/M/O..
[2026-06-21 22:41:45] Linha 3 invalida: Informe ao menos um link entre as colunas F/I/K/M/O..
[2026-06-21 22:41:45] Linha 2: erro de validacao (Informe ao menos um link entre as colunas F/I/K/M/O.).
[2026-06-21 22:41:45] Linha 3: erro de validacao (Informe ao menos um link entre as colunas F/I/K/M/O.).
[2026-06-21 22:41:45] Finalizacao da sincronizacao. falhou=False importados=0.
[2026-06-21 22:52:44] Inicio da rotina de sincronizacao da planilha.
[2026-06-21 22:52:44] Worker iniciado. worksheet='RespostasForm' auth_mode='oauth_user' spreadsheet_id='11MaCntcOh4-TGSyQRWS3nPuttNiRsvWq0O8mBxNH5qg'.
[2026-06-21 22:52:45] Leitura da planilha concluida. Linhas recebidas: 26.
[2026-06-21 22:52:45] Linha 2 invalida: Informe ao menos um link entre as colunas F/I/K/M/O..
[2026-06-21 22:52:45] Linha 3 invalida: Informe ao menos um link entre as colunas F/I/K/M/O..
[2026-06-21 22:52:45] Linha 2: erro de validacao (Informe ao menos um link entre as colunas F/I/K/M/O.).
[2026-06-21 22:52:45] Linha 3: erro de validacao (Informe ao menos um link entre as colunas F/I/K/M/O.).
[2026-06-21 22:52:45] Finalizacao da sincronizacao. falhou=False importados=0.
