=== Inicio do log de sincronizacao de planilha: 2026-07-16T19:00:45 ===
[2026-07-16 19:00:45] Inicio da rotina de sincronizacao da planilha.
[2026-07-16 19:00:45] Worker iniciado. worksheet='RespostasForm' auth_mode='oauth_user' spreadsheet_id='11MaCntcOh4-TGSyQRWS3nPuttNiRsvWq0O8mBxNH5qg'.
[2026-07-16 19:00:45] Atualizando token OAuth da planilha.
[2026-07-16 19:00:47] Leitura da planilha concluida. Linhas recebidas: 26.
[2026-07-16 19:00:47] Linha 2 invalida: Informe ao menos um link entre as colunas F/I/K/M/O..
[2026-07-16 19:00:47] Linha 3 invalida: Informe ao menos um link entre as colunas F/I/K/M/O..
[2026-07-16 19:00:47] Linha 2: erro de validacao (Informe ao menos um link entre as colunas F/I/K/M/O.).
[2026-07-16 19:00:47] Linha 3: erro de validacao (Informe ao menos um link entre as colunas F/I/K/M/O.).
[2026-07-16 19:00:47] Finalizacao da sincronizacao. falhou=False importados=0.
[2026-07-16 19:04:29] Sincronizacao manual solicitada pelo usuario.
[2026-07-16 19:04:29] Inicio da rotina de sincronizacao da planilha.
[2026-07-16 19:04:29] Worker iniciado. worksheet='RespostasForm' auth_mode='oauth_user' spreadsheet_id='11MaCntcOh4-TGSyQRWS3nPuttNiRsvWq0O8mBxNH5qg'.
[2026-07-16 19:04:30] Leitura da planilha concluida. Linhas recebidas: 26.
[2026-07-16 19:04:30] Linha 2 invalida: Informe ao menos um link entre as colunas F/I/K/M/O..
[2026-07-16 19:04:30] Linha 3 invalida: Informe ao menos um link entre as colunas F/I/K/M/O..
[2026-07-16 19:04:30] Linha 2: erro de validacao (Informe ao menos um link entre as colunas F/I/K/M/O.).
[2026-07-16 19:04:30] Linha 3: erro de validacao (Informe ao menos um link entre as colunas F/I/K/M/O.).
[2026-07-16 19:04:30] Finalizacao da sincronizacao. falhou=False importados=0.
[2026-07-16 19:14:45] Inicio da rotina de sincronizacao da planilha.
[2026-07-16 19:14:45] Worker iniciado. worksheet='RespostasForm' auth_mode='oauth_user' spreadsheet_id='11MaCntcOh4-TGSyQRWS3nPuttNiRsvWq0O8mBxNH5qg'.
[2026-07-16 19:14:47] Leitura da planilha concluida. Linhas recebidas: 26.
[2026-07-16 19:14:47] Linha 2 invalida: Informe ao menos um link entre as colunas F/I/K/M/O..
[2026-07-16 19:14:47] Linha 3 invalida: Informe ao menos um link entre as colunas F/I/K/M/O..
[2026-07-16 19:14:47] Linha 2: erro de validacao (Informe ao menos um link entre as colunas F/I/K/M/O.).
[2026-07-16 19:14:47] Linha 3: erro de validacao (Informe ao menos um link entre as colunas F/I/K/M/O.).
[2026-07-16 19:14:47] Finalizacao da sincronizacao. falhou=False importados=0.
[2026-07-16 19:25:46] Inicio da rotina de sincronizacao da planilha.
[2026-07-16 19:25:46] Worker iniciado. worksheet='RespostasForm' auth_mode='oauth_user' spreadsheet_id='11MaCntcOh4-TGSyQRWS3nPuttNiRsvWq0O8mBxNH5qg'.
[2026-07-16 19:25:47] Leitura da planilha concluida. Linhas recebidas: 26.
[2026-07-16 19:25:47] Linha 2 invalida: Informe ao menos um link entre as colunas F/I/K/M/O..
[2026-07-16 19:25:47] Linha 3 invalida: Informe ao menos um link entre as colunas F/I/K/M/O..
[2026-07-16 19:25:47] Linha 2: erro de validacao (Informe ao menos um link entre as colunas F/I/K/M/O.).
[2026-07-16 19:25:47] Linha 3: erro de validacao (Informe ao menos um link entre as colunas F/I/K/M/O.).
[2026-07-16 19:25:47] Finalizacao da sincronizacao. falhou=False importados=0.
[2026-07-16 19:36:46] Inicio da rotina de sincronizacao da planilha.
[2026-07-16 19:36:46] Worker iniciado. worksheet='RespostasForm' auth_mode='oauth_user' spreadsheet_id='11MaCntcOh4-TGSyQRWS3nPuttNiRsvWq0O8mBxNH5qg'.
[2026-07-16 19:36:47] Leitura da planilha concluida. Linhas recebidas: 26.
[2026-07-16 19:36:47] Linha 2 invalida: Informe ao menos um link entre as colunas F/I/K/M/O..
[2026-07-16 19:36:47] Linha 3 invalida: Informe ao menos um link entre as colunas F/I/K/M/O..
[2026-07-16 19:36:47] Linha 2: erro de validacao (Informe ao menos um link entre as colunas F/I/K/M/O.).
[2026-07-16 19:36:47] Linha 3: erro de validacao (Informe ao menos um link entre as colunas F/I/K/M/O.).
[2026-07-16 19:36:47] Finalizacao da sincronizacao. falhou=False importados=0.
[2026-07-16 19:47:46] Inicio da rotina de sincronizacao da planilha.
[2026-07-16 19:47:46] Worker iniciado. worksheet='RespostasForm' auth_mode='oauth_user' spreadsheet_id='11MaCntcOh4-TGSyQRWS3nPuttNiRsvWq0O8mBxNH5qg'.
[2026-07-16 19:47:47] Leitura da planilha concluida. Linhas recebidas: 26.
[2026-07-16 19:47:47] Linha 2 invalida: Informe ao menos um link entre as colunas F/I/K/M/O..
[2026-07-16 19:47:47] Linha 3 invalida: Informe ao menos um link entre as colunas F/I/K/M/O..
[2026-07-16 19:47:47] Linha 2: erro de validacao (Informe ao menos um link entre as colunas F/I/K/M/O.).
[2026-07-16 19:47:47] Linha 3: erro de validacao (Informe ao menos um link entre as colunas F/I/K/M/O.).
[2026-07-16 19:47:47] Finalizacao da sincronizacao. falhou=False importados=0.
[2026-07-16 19:58:46] Inicio da rotina de sincronizacao da planilha.
[2026-07-16 19:58:46] Worker iniciado. worksheet='RespostasForm' auth_mode='oauth_user' spreadsheet_id='11MaCntcOh4-TGSyQRWS3nPuttNiRsvWq0O8mBxNH5qg'.
[2026-07-16 19:58:46] Atualizando token OAuth da planilha.
[2026-07-16 19:58:48] Leitura da planilha concluida. Linhas recebidas: 26.
[2026-07-16 19:58:48] Linha 2 invalida: Informe ao menos um link entre as colunas F/I/K/M/O..
[2026-07-16 19:58:48] Linha 3 invalida: Informe ao menos um link entre as colunas F/I/K/M/O..
[2026-07-16 19:58:48] Linha 2: erro de validacao (Informe ao menos um link entre as colunas F/I/K/M/O.).
[2026-07-16 19:58:48] Linha 3: erro de validacao (Informe ao menos um link entre as colunas F/I/K/M/O.).
[2026-07-16 19:58:48] Finalizacao da sincronizacao. falhou=False importados=0.
[2026-07-16 20:09:46] Inicio da rotina de sincronizacao da planilha.
[2026-07-16 20:09:46] Worker iniciado. worksheet='RespostasForm' auth_mode='oauth_user' spreadsheet_id='11MaCntcOh4-TGSyQRWS3nPuttNiRsvWq0O8mBxNH5qg'.
[2026-07-16 20:09:47] Leitura da planilha concluida. Linhas recebidas: 26.
[2026-07-16 20:09:47] Linha 2 invalida: Informe ao menos um link entre as colunas F/I/K/M/O..
[2026-07-16 20:09:47] Linha 3 invalida: Informe ao menos um link entre as colunas F/I/K/M/O..
[2026-07-16 20:09:47] Linha 2: erro de validacao (Informe ao menos um link entre as colunas F/I/K/M/O.).
[2026-07-16 20:09:47] Linha 3: erro de validacao (Informe ao menos um link entre as colunas F/I/K/M/O.).
[2026-07-16 20:09:47] Finalizacao da sincronizacao. falhou=False importados=0.
[2026-07-16 20:20:46] Inicio da rotina de sincronizacao da planilha.
[2026-07-16 20:20:46] Worker iniciado. worksheet='RespostasForm' auth_mode='oauth_user' spreadsheet_id='11MaCntcOh4-TGSyQRWS3nPuttNiRsvWq0O8mBxNH5qg'.
[2026-07-16 20:20:48] Leitura da planilha concluida. Linhas recebidas: 26.
[2026-07-16 20:20:48] Linha 2 invalida: Informe ao menos um link entre as colunas F/I/K/M/O..
[2026-07-16 20:20:48] Linha 3 invalida: Informe ao menos um link entre as colunas F/I/K/M/O..
[2026-07-16 20:20:48] Linha 2: erro de validacao (Informe ao menos um link entre as colunas F/I/K/M/O.).
[2026-07-16 20:20:48] Linha 3: erro de validacao (Informe ao menos um link entre as colunas F/I/K/M/O.).
[2026-07-16 20:20:48] Finalizacao da sincronizacao. falhou=False importados=0.
[2026-07-16 20:31:46] Inicio da rotina de sincronizacao da planilha.
[2026-07-16 20:31:46] Worker iniciado. worksheet='RespostasForm' auth_mode='oauth_user' spreadsheet_id='11MaCntcOh4-TGSyQRWS3nPuttNiRsvWq0O8mBxNH5qg'.
[2026-07-16 20:31:48] Leitura da planilha concluida. Linhas recebidas: 26.
[2026-07-16 20:31:48] Linha 2 invalida: Informe ao menos um link entre as colunas F/I/K/M/O..
[2026-07-16 20:31:48] Linha 3 invalida: Informe ao menos um link entre as colunas F/I/K/M/O..
[2026-07-16 20:31:48] Linha 2: erro de validacao (Informe ao menos um link entre as colunas F/I/K/M/O.).
[2026-07-16 20:31:48] Linha 3: erro de validacao (Informe ao menos um link entre as colunas F/I/K/M/O.).
[2026-07-16 20:31:48] Finalizacao da sincronizacao. falhou=False importados=0.
[2026-07-16 20:42:46] Inicio da rotina de sincronizacao da planilha.
[2026-07-16 20:42:46] Worker iniciado. worksheet='RespostasForm' auth_mode='oauth_user' spreadsheet_id='11MaCntcOh4-TGSyQRWS3nPuttNiRsvWq0O8mBxNH5qg'.
[2026-07-16 20:42:48] Leitura da planilha concluida. Linhas recebidas: 26.
[2026-07-16 20:42:48] Linha 2 invalida: Informe ao menos um link entre as colunas F/I/K/M/O..
[2026-07-16 20:42:48] Linha 3 invalida: Informe ao menos um link entre as colunas F/I/K/M/O..
[2026-07-16 20:42:48] Linha 2: erro de validacao (Informe ao menos um link entre as colunas F/I/K/M/O.).
[2026-07-16 20:42:48] Linha 3: erro de validacao (Informe ao menos um link entre as colunas F/I/K/M/O.).
[2026-07-16 20:42:48] Finalizacao da sincronizacao. falhou=False importados=0.
[2026-07-16 20:53:46] Inicio da rotina de sincronizacao da planilha.
[2026-07-16 20:53:46] Worker iniciado. worksheet='RespostasForm' auth_mode='oauth_user' spreadsheet_id='11MaCntcOh4-TGSyQRWS3nPuttNiRsvWq0O8mBxNH5qg'.
[2026-07-16 20:53:48] Leitura da planilha concluida. Linhas recebidas: 26.
[2026-07-16 20:53:48] Linha 2 invalida: Informe ao menos um link entre as colunas F/I/K/M/O..
[2026-07-16 20:53:48] Linha 3 invalida: Informe ao menos um link entre as colunas F/I/K/M/O..
[2026-07-16 20:53:48] Linha 2: erro de validacao (Informe ao menos um link entre as colunas F/I/K/M/O.).
[2026-07-16 20:53:48] Linha 3: erro de validacao (Informe ao menos um link entre as colunas F/I/K/M/O.).
[2026-07-16 20:53:48] Finalizacao da sincronizacao. falhou=False importados=0.
[2026-07-16 21:04:46] Inicio da rotina de sincronizacao da planilha.
[2026-07-16 21:04:46] Worker iniciado. worksheet='RespostasForm' auth_mode='oauth_user' spreadsheet_id='11MaCntcOh4-TGSyQRWS3nPuttNiRsvWq0O8mBxNH5qg'.
[2026-07-16 21:04:46] Atualizando token OAuth da planilha.
[2026-07-16 21:04:48] Leitura da planilha concluida. Linhas recebidas: 26.
[2026-07-16 21:04:48] Linha 2 invalida: Informe ao menos um link entre as colunas F/I/K/M/O..
[2026-07-16 21:04:48] Linha 3 invalida: Informe ao menos um link entre as colunas F/I/K/M/O..
[2026-07-16 21:04:48] Linha 2: erro de validacao (Informe ao menos um link entre as colunas F/I/K/M/O.).
[2026-07-16 21:04:48] Linha 3: erro de validacao (Informe ao menos um link entre as colunas F/I/K/M/O.).
[2026-07-16 21:04:48] Finalizacao da sincronizacao. falhou=False importados=0.
[2026-07-16 21:15:47] Inicio da rotina de sincronizacao da planilha.
[2026-07-16 21:15:47] Worker iniciado. worksheet='RespostasForm' auth_mode='oauth_user' spreadsheet_id='11MaCntcOh4-TGSyQRWS3nPuttNiRsvWq0O8mBxNH5qg'.
[2026-07-16 21:15:48] Leitura da planilha concluida. Linhas recebidas: 26.
[2026-07-16 21:15:48] Linha 2 invalida: Informe ao menos um link entre as colunas F/I/K/M/O..
[2026-07-16 21:15:48] Linha 3 invalida: Informe ao menos um link entre as colunas F/I/K/M/O..
[2026-07-16 21:15:48] Linha 2: erro de validacao (Informe ao menos um link entre as colunas F/I/K/M/O.).
[2026-07-16 21:15:48] Linha 3: erro de validacao (Informe ao menos um link entre as colunas F/I/K/M/O.).
[2026-07-16 21:15:48] Finalizacao da sincronizacao. falhou=False importados=0.
[2026-07-16 21:26:47] Inicio da rotina de sincronizacao da planilha.
[2026-07-16 21:26:47] Worker iniciado. worksheet='RespostasForm' auth_mode='oauth_user' spreadsheet_id='11MaCntcOh4-TGSyQRWS3nPuttNiRsvWq0O8mBxNH5qg'.
[2026-07-16 21:26:48] Leitura da planilha concluida. Linhas recebidas: 26.
[2026-07-16 21:26:48] Linha 2 invalida: Informe ao menos um link entre as colunas F/I/K/M/O..
[2026-07-16 21:26:48] Linha 3 invalida: Informe ao menos um link entre as colunas F/I/K/M/O..
[2026-07-16 21:26:48] Linha 2: erro de validacao (Informe ao menos um link entre as colunas F/I/K/M/O.).
[2026-07-16 21:26:48] Linha 3: erro de validacao (Informe ao menos um link entre as colunas F/I/K/M/O.).
[2026-07-16 21:26:48] Finalizacao da sincronizacao. falhou=False importados=0.
[2026-07-16 21:37:47] Inicio da rotina de sincronizacao da planilha.
[2026-07-16 21:37:47] Worker iniciado. worksheet='RespostasForm' auth_mode='oauth_user' spreadsheet_id='11MaCntcOh4-TGSyQRWS3nPuttNiRsvWq0O8mBxNH5qg'.
[2026-07-16 21:37:48] Leitura da planilha concluida. Linhas recebidas: 26.
[2026-07-16 21:37:48] Linha 2 invalida: Informe ao menos um link entre as colunas F/I/K/M/O..
[2026-07-16 21:37:48] Linha 3 invalida: Informe ao menos um link entre as colunas F/I/K/M/O..
[2026-07-16 21:37:48] Linha 2: erro de validacao (Informe ao menos um link entre as colunas F/I/K/M/O.).
[2026-07-16 21:37:48] Linha 3: erro de validacao (Informe ao menos um link entre as colunas F/I/K/M/O.).
[2026-07-16 21:37:48] Finalizacao da sincronizacao. falhou=False importados=0.
[2026-07-16 21:48:47] Inicio da rotina de sincronizacao da planilha.
[2026-07-16 21:48:47] Worker iniciado. worksheet='RespostasForm' auth_mode='oauth_user' spreadsheet_id='11MaCntcOh4-TGSyQRWS3nPuttNiRsvWq0O8mBxNH5qg'.
[2026-07-16 21:48:48] Leitura da planilha concluida. Linhas recebidas: 26.
[2026-07-16 21:48:48] Linha 2 invalida: Informe ao menos um link entre as colunas F/I/K/M/O..
[2026-07-16 21:48:48] Linha 3 invalida: Informe ao menos um link entre as colunas F/I/K/M/O..
[2026-07-16 21:48:48] Linha 2: erro de validacao (Informe ao menos um link entre as colunas F/I/K/M/O.).
[2026-07-16 21:48:48] Linha 3: erro de validacao (Informe ao menos um link entre as colunas F/I/K/M/O.).
[2026-07-16 21:48:48] Finalizacao da sincronizacao. falhou=False importados=0.
[2026-07-16 21:59:47] Inicio da rotina de sincronizacao da planilha.
[2026-07-16 21:59:47] Worker iniciado. worksheet='RespostasForm' auth_mode='oauth_user' spreadsheet_id='11MaCntcOh4-TGSyQRWS3nPuttNiRsvWq0O8mBxNH5qg'.
[2026-07-16 21:59:48] Leitura da planilha concluida. Linhas recebidas: 26.
[2026-07-16 21:59:48] Linha 2 invalida: Informe ao menos um link entre as colunas F/I/K/M/O..
[2026-07-16 21:59:48] Linha 3 invalida: Informe ao menos um link entre as colunas F/I/K/M/O..
[2026-07-16 21:59:48] Linha 2: erro de validacao (Informe ao menos um link entre as colunas F/I/K/M/O.).
[2026-07-16 21:59:48] Linha 3: erro de validacao (Informe ao menos um link entre as colunas F/I/K/M/O.).
[2026-07-16 21:59:48] Finalizacao da sincronizacao. falhou=False importados=0.
