=== Inicio do log de sincronizacao de planilha: 2026-07-03T18:21:29 ===
[2026-07-03 18:21:29] Inicio da rotina de sincronizacao da planilha.
[2026-07-03 18:21:29] Worker iniciado. worksheet='RespostasForm' auth_mode='oauth_user' spreadsheet_id='11MaCntcOh4-TGSyQRWS3nPuttNiRsvWq0O8mBxNH5qg'.
[2026-07-03 18:21:29] Atualizando token OAuth da planilha.
[2026-07-03 18:21:30] Leitura da planilha concluida. Linhas recebidas: 26.
[2026-07-03 18:21:30] Linha 2 invalida: Informe ao menos um link entre as colunas F/I/K/M/O..
[2026-07-03 18:21:30] Linha 3 invalida: Informe ao menos um link entre as colunas F/I/K/M/O..
[2026-07-03 18:21:30] Linha 2: erro de validacao (Informe ao menos um link entre as colunas F/I/K/M/O.).
[2026-07-03 18:21:30] Linha 3: erro de validacao (Informe ao menos um link entre as colunas F/I/K/M/O.).
[2026-07-03 18:21:30] Finalizacao da sincronizacao. falhou=False importados=0.
[2026-07-03 18:32:29] Inicio da rotina de sincronizacao da planilha.
[2026-07-03 18:32:29] Worker iniciado. worksheet='RespostasForm' auth_mode='oauth_user' spreadsheet_id='11MaCntcOh4-TGSyQRWS3nPuttNiRsvWq0O8mBxNH5qg'.
[2026-07-03 18:32:30] Leitura da planilha concluida. Linhas recebidas: 26.
[2026-07-03 18:32:30] Linha 2 invalida: Informe ao menos um link entre as colunas F/I/K/M/O..
[2026-07-03 18:32:30] Linha 3 invalida: Informe ao menos um link entre as colunas F/I/K/M/O..
[2026-07-03 18:32:30] Linha 2: erro de validacao (Informe ao menos um link entre as colunas F/I/K/M/O.).
[2026-07-03 18:32:30] Linha 3: erro de validacao (Informe ao menos um link entre as colunas F/I/K/M/O.).
[2026-07-03 18:32:30] Finalizacao da sincronizacao. falhou=False importados=0.
[2026-07-03 18:43:29] Inicio da rotina de sincronizacao da planilha.
[2026-07-03 18:43:29] Worker iniciado. worksheet='RespostasForm' auth_mode='oauth_user' spreadsheet_id='11MaCntcOh4-TGSyQRWS3nPuttNiRsvWq0O8mBxNH5qg'.
[2026-07-03 18:43:30] Leitura da planilha concluida. Linhas recebidas: 26.
[2026-07-03 18:43:30] Linha 2 invalida: Informe ao menos um link entre as colunas F/I/K/M/O..
[2026-07-03 18:43:30] Linha 3 invalida: Informe ao menos um link entre as colunas F/I/K/M/O..
[2026-07-03 18:43:30] Linha 2: erro de validacao (Informe ao menos um link entre as colunas F/I/K/M/O.).
[2026-07-03 18:43:30] Linha 3: erro de validacao (Informe ao menos um link entre as colunas F/I/K/M/O.).
[2026-07-03 18:43:30] Finalizacao da sincronizacao. falhou=False importados=0.
[2026-07-03 18:54:29] Inicio da rotina de sincronizacao da planilha.
[2026-07-03 18:54:29] Worker iniciado. worksheet='RespostasForm' auth_mode='oauth_user' spreadsheet_id='11MaCntcOh4-TGSyQRWS3nPuttNiRsvWq0O8mBxNH5qg'.
[2026-07-03 18:54:30] Leitura da planilha concluida. Linhas recebidas: 26.
[2026-07-03 18:54:30] Linha 2 invalida: Informe ao menos um link entre as colunas F/I/K/M/O..
[2026-07-03 18:54:30] Linha 3 invalida: Informe ao menos um link entre as colunas F/I/K/M/O..
[2026-07-03 18:54:30] Linha 2: erro de validacao (Informe ao menos um link entre as colunas F/I/K/M/O.).
[2026-07-03 18:54:30] Linha 3: erro de validacao (Informe ao menos um link entre as colunas F/I/K/M/O.).
[2026-07-03 18:54:30] Finalizacao da sincronizacao. falhou=False importados=0.
[2026-07-03 18:59:48] Sincronizacao manual solicitada pelo usuario.
[2026-07-03 18:59:48] Inicio da rotina de sincronizacao da planilha.
[2026-07-03 18:59:48] Worker iniciado. worksheet='RespostasForm' auth_mode='oauth_user' spreadsheet_id='11MaCntcOh4-TGSyQRWS3nPuttNiRsvWq0O8mBxNH5qg'.
[2026-07-03 18:59:49] Leitura da planilha concluida. Linhas recebidas: 26.
[2026-07-03 18:59:49] Linha 2 invalida: Informe ao menos um link entre as colunas F/I/K/M/O..
[2026-07-03 18:59:49] Linha 3 invalida: Informe ao menos um link entre as colunas F/I/K/M/O..
[2026-07-03 18:59:49] Linha 2: erro de validacao (Informe ao menos um link entre as colunas F/I/K/M/O.).
[2026-07-03 18:59:49] Linha 3: erro de validacao (Informe ao menos um link entre as colunas F/I/K/M/O.).
[2026-07-03 18:59:49] Finalizacao da sincronizacao. falhou=False importados=0.
