=== Inicio do log de sincronizacao de planilha: 2026-07-13T19:40:19 ===
[2026-07-13 19:40:19] Inicio da rotina de sincronizacao da planilha.
[2026-07-13 19:40:19] Worker iniciado. worksheet='RespostasForm' auth_mode='oauth_user' spreadsheet_id='11MaCntcOh4-TGSyQRWS3nPuttNiRsvWq0O8mBxNH5qg'.
[2026-07-13 19:40:19] Atualizando token OAuth da planilha.
[2026-07-13 19:40:19] Token OAuth expirado/revogado. Solicitando nova autorizacao no navegador.
[2026-07-13 19:40:19] Aguardando autorizacao do Google no navegador para sincronizar a planilha.
[2026-07-13 19:40:36] Leitura da planilha concluida. Linhas recebidas: 26.
[2026-07-13 19:40:36] Linha 2 invalida: Informe ao menos um link entre as colunas F/I/K/M/O..
[2026-07-13 19:40:36] Linha 3 invalida: Informe ao menos um link entre as colunas F/I/K/M/O..
[2026-07-13 19:40:36] Linha 2: erro de validacao (Informe ao menos um link entre as colunas F/I/K/M/O.).
[2026-07-13 19:40:36] Linha 3: erro de validacao (Informe ao menos um link entre as colunas F/I/K/M/O.).
[2026-07-13 19:40:36] Finalizacao da sincronizacao. falhou=False importados=0.
[2026-07-13 19:40:38] Sincronizacao manual solicitada pelo usuario.
[2026-07-13 19:40:38] Inicio da rotina de sincronizacao da planilha.
[2026-07-13 19:40:38] Worker iniciado. worksheet='RespostasForm' auth_mode='oauth_user' spreadsheet_id='11MaCntcOh4-TGSyQRWS3nPuttNiRsvWq0O8mBxNH5qg'.
[2026-07-13 19:40:39] Leitura da planilha concluida. Linhas recebidas: 26.
[2026-07-13 19:40:39] Linha 2 invalida: Informe ao menos um link entre as colunas F/I/K/M/O..
[2026-07-13 19:40:39] Linha 3 invalida: Informe ao menos um link entre as colunas F/I/K/M/O..
[2026-07-13 19:40:39] Linha 2: erro de validacao (Informe ao menos um link entre as colunas F/I/K/M/O.).
[2026-07-13 19:40:39] Linha 3: erro de validacao (Informe ao menos um link entre as colunas F/I/K/M/O.).
[2026-07-13 19:40:39] Finalizacao da sincronizacao. falhou=False importados=0.
[2026-07-13 19:51:19] Inicio da rotina de sincronizacao da planilha.
[2026-07-13 19:51:19] Worker iniciado. worksheet='RespostasForm' auth_mode='oauth_user' spreadsheet_id='11MaCntcOh4-TGSyQRWS3nPuttNiRsvWq0O8mBxNH5qg'.
[2026-07-13 19:51:20] Leitura da planilha concluida. Linhas recebidas: 26.
[2026-07-13 19:51:20] Linha 2 invalida: Informe ao menos um link entre as colunas F/I/K/M/O..
[2026-07-13 19:51:20] Linha 3 invalida: Informe ao menos um link entre as colunas F/I/K/M/O..
[2026-07-13 19:51:20] Linha 2: erro de validacao (Informe ao menos um link entre as colunas F/I/K/M/O.).
[2026-07-13 19:51:20] Linha 3: erro de validacao (Informe ao menos um link entre as colunas F/I/K/M/O.).
[2026-07-13 19:51:20] Finalizacao da sincronizacao. falhou=False importados=0.
[2026-07-13 20:02:19] Inicio da rotina de sincronizacao da planilha.
[2026-07-13 20:02:19] Worker iniciado. worksheet='RespostasForm' auth_mode='oauth_user' spreadsheet_id='11MaCntcOh4-TGSyQRWS3nPuttNiRsvWq0O8mBxNH5qg'.
[2026-07-13 20:02:21] Leitura da planilha concluida. Linhas recebidas: 26.
[2026-07-13 20:02:21] Linha 2 invalida: Informe ao menos um link entre as colunas F/I/K/M/O..
[2026-07-13 20:02:21] Linha 3 invalida: Informe ao menos um link entre as colunas F/I/K/M/O..
[2026-07-13 20:02:21] Linha 2: erro de validacao (Informe ao menos um link entre as colunas F/I/K/M/O.).
[2026-07-13 20:02:21] Linha 3: erro de validacao (Informe ao menos um link entre as colunas F/I/K/M/O.).
[2026-07-13 20:02:21] Finalizacao da sincronizacao. falhou=False importados=0.
[2026-07-13 20:13:19] Inicio da rotina de sincronizacao da planilha.
[2026-07-13 20:13:19] Worker iniciado. worksheet='RespostasForm' auth_mode='oauth_user' spreadsheet_id='11MaCntcOh4-TGSyQRWS3nPuttNiRsvWq0O8mBxNH5qg'.
[2026-07-13 20:13:21] Leitura da planilha concluida. Linhas recebidas: 26.
[2026-07-13 20:13:21] Linha 2 invalida: Informe ao menos um link entre as colunas F/I/K/M/O..
[2026-07-13 20:13:21] Linha 3 invalida: Informe ao menos um link entre as colunas F/I/K/M/O..
[2026-07-13 20:13:21] Linha 2: erro de validacao (Informe ao menos um link entre as colunas F/I/K/M/O.).
[2026-07-13 20:13:21] Linha 3: erro de validacao (Informe ao menos um link entre as colunas F/I/K/M/O.).
[2026-07-13 20:13:21] Finalizacao da sincronizacao. falhou=False importados=0.
[2026-07-13 20:24:19] Inicio da rotina de sincronizacao da planilha.
[2026-07-13 20:24:19] Worker iniciado. worksheet='RespostasForm' auth_mode='oauth_user' spreadsheet_id='11MaCntcOh4-TGSyQRWS3nPuttNiRsvWq0O8mBxNH5qg'.
[2026-07-13 20:24:21] Leitura da planilha concluida. Linhas recebidas: 26.
[2026-07-13 20:24:21] Linha 2 invalida: Informe ao menos um link entre as colunas F/I/K/M/O..
[2026-07-13 20:24:21] Linha 3 invalida: Informe ao menos um link entre as colunas F/I/K/M/O..
[2026-07-13 20:24:21] Linha 2: erro de validacao (Informe ao menos um link entre as colunas F/I/K/M/O.).
[2026-07-13 20:24:21] Linha 3: erro de validacao (Informe ao menos um link entre as colunas F/I/K/M/O.).
[2026-07-13 20:24:21] Finalizacao da sincronizacao. falhou=False importados=0.
[2026-07-13 20:35:19] Inicio da rotina de sincronizacao da planilha.
[2026-07-13 20:35:19] Worker iniciado. worksheet='RespostasForm' auth_mode='oauth_user' spreadsheet_id='11MaCntcOh4-TGSyQRWS3nPuttNiRsvWq0O8mBxNH5qg'.
[2026-07-13 20:35:21] Leitura da planilha concluida. Linhas recebidas: 26.
[2026-07-13 20:35:21] Linha 2 invalida: Informe ao menos um link entre as colunas F/I/K/M/O..
[2026-07-13 20:35:21] Linha 3 invalida: Informe ao menos um link entre as colunas F/I/K/M/O..
[2026-07-13 20:35:21] Linha 2: erro de validacao (Informe ao menos um link entre as colunas F/I/K/M/O.).
[2026-07-13 20:35:21] Linha 3: erro de validacao (Informe ao menos um link entre as colunas F/I/K/M/O.).
[2026-07-13 20:35:21] Finalizacao da sincronizacao. falhou=False importados=0.
