=== Inicio do log de sincronizacao de planilha: 2026-07-06T19:05:31 ===
[2026-07-06 19:05:31] Inicio da rotina de sincronizacao da planilha.
[2026-07-06 19:05:31] Worker iniciado. worksheet='RespostasForm' auth_mode='oauth_user' spreadsheet_id='11MaCntcOh4-TGSyQRWS3nPuttNiRsvWq0O8mBxNH5qg'.
[2026-07-06 19:05:32] Atualizando token OAuth da planilha.
[2026-07-06 19:05:34] Leitura da planilha concluida. Linhas recebidas: 26.
[2026-07-06 19:05:34] Linha 2 invalida: Informe ao menos um link entre as colunas F/I/K/M/O..
[2026-07-06 19:05:34] Linha 3 invalida: Informe ao menos um link entre as colunas F/I/K/M/O..
[2026-07-06 19:05:34] Linha 2: erro de validacao (Informe ao menos um link entre as colunas F/I/K/M/O.).
[2026-07-06 19:05:34] Linha 3: erro de validacao (Informe ao menos um link entre as colunas F/I/K/M/O.).
[2026-07-06 19:05:34] Finalizacao da sincronizacao. falhou=False importados=0.
[2026-07-06 19:16:32] Inicio da rotina de sincronizacao da planilha.
[2026-07-06 19:16:32] Worker iniciado. worksheet='RespostasForm' auth_mode='oauth_user' spreadsheet_id='11MaCntcOh4-TGSyQRWS3nPuttNiRsvWq0O8mBxNH5qg'.
[2026-07-06 19:16:33] Leitura da planilha concluida. Linhas recebidas: 26.
[2026-07-06 19:16:33] Linha 2 invalida: Informe ao menos um link entre as colunas F/I/K/M/O..
[2026-07-06 19:16:33] Linha 3 invalida: Informe ao menos um link entre as colunas F/I/K/M/O..
[2026-07-06 19:16:33] Linha 2: erro de validacao (Informe ao menos um link entre as colunas F/I/K/M/O.).
[2026-07-06 19:16:33] Linha 3: erro de validacao (Informe ao menos um link entre as colunas F/I/K/M/O.).
[2026-07-06 19:16:33] Finalizacao da sincronizacao. falhou=False importados=0.
[2026-07-06 19:27:32] Inicio da rotina de sincronizacao da planilha.
[2026-07-06 19:27:32] Worker iniciado. worksheet='RespostasForm' auth_mode='oauth_user' spreadsheet_id='11MaCntcOh4-TGSyQRWS3nPuttNiRsvWq0O8mBxNH5qg'.
[2026-07-06 19:27:33] Leitura da planilha concluida. Linhas recebidas: 26.
[2026-07-06 19:27:33] Linha 2 invalida: Informe ao menos um link entre as colunas F/I/K/M/O..
[2026-07-06 19:27:33] Linha 3 invalida: Informe ao menos um link entre as colunas F/I/K/M/O..
[2026-07-06 19:27:33] Linha 2: erro de validacao (Informe ao menos um link entre as colunas F/I/K/M/O.).
[2026-07-06 19:27:33] Linha 3: erro de validacao (Informe ao menos um link entre as colunas F/I/K/M/O.).
[2026-07-06 19:27:33] Finalizacao da sincronizacao. falhou=False importados=0.
[2026-07-06 19:38:32] Inicio da rotina de sincronizacao da planilha.
[2026-07-06 19:38:32] Worker iniciado. worksheet='RespostasForm' auth_mode='oauth_user' spreadsheet_id='11MaCntcOh4-TGSyQRWS3nPuttNiRsvWq0O8mBxNH5qg'.
[2026-07-06 19:38:33] Leitura da planilha concluida. Linhas recebidas: 26.
[2026-07-06 19:38:33] Linha 2 invalida: Informe ao menos um link entre as colunas F/I/K/M/O..
[2026-07-06 19:38:33] Linha 3 invalida: Informe ao menos um link entre as colunas F/I/K/M/O..
[2026-07-06 19:38:33] Linha 2: erro de validacao (Informe ao menos um link entre as colunas F/I/K/M/O.).
[2026-07-06 19:38:33] Linha 3: erro de validacao (Informe ao menos um link entre as colunas F/I/K/M/O.).
[2026-07-06 19:38:33] Finalizacao da sincronizacao. falhou=False importados=0.
[2026-07-06 19:49:32] Inicio da rotina de sincronizacao da planilha.
[2026-07-06 19:49:32] Worker iniciado. worksheet='RespostasForm' auth_mode='oauth_user' spreadsheet_id='11MaCntcOh4-TGSyQRWS3nPuttNiRsvWq0O8mBxNH5qg'.
[2026-07-06 19:49:33] Leitura da planilha concluida. Linhas recebidas: 26.
[2026-07-06 19:49:33] Linha 2 invalida: Informe ao menos um link entre as colunas F/I/K/M/O..
[2026-07-06 19:49:33] Linha 3 invalida: Informe ao menos um link entre as colunas F/I/K/M/O..
[2026-07-06 19:49:33] Linha 2: erro de validacao (Informe ao menos um link entre as colunas F/I/K/M/O.).
[2026-07-06 19:49:33] Linha 3: erro de validacao (Informe ao menos um link entre as colunas F/I/K/M/O.).
[2026-07-06 19:49:33] Finalizacao da sincronizacao. falhou=False importados=0.
[2026-07-06 20:00:32] Inicio da rotina de sincronizacao da planilha.
[2026-07-06 20:00:32] Worker iniciado. worksheet='RespostasForm' auth_mode='oauth_user' spreadsheet_id='11MaCntcOh4-TGSyQRWS3nPuttNiRsvWq0O8mBxNH5qg'.
[2026-07-06 20:00:33] Leitura da planilha concluida. Linhas recebidas: 26.
[2026-07-06 20:00:33] Linha 2 invalida: Informe ao menos um link entre as colunas F/I/K/M/O..
[2026-07-06 20:00:33] Linha 3 invalida: Informe ao menos um link entre as colunas F/I/K/M/O..
[2026-07-06 20:00:33] Linha 2: erro de validacao (Informe ao menos um link entre as colunas F/I/K/M/O.).
[2026-07-06 20:00:33] Linha 3: erro de validacao (Informe ao menos um link entre as colunas F/I/K/M/O.).
[2026-07-06 20:00:33] Finalizacao da sincronizacao. falhou=False importados=0.
[2026-07-06 20:11:32] Inicio da rotina de sincronizacao da planilha.
[2026-07-06 20:11:32] Worker iniciado. worksheet='RespostasForm' auth_mode='oauth_user' spreadsheet_id='11MaCntcOh4-TGSyQRWS3nPuttNiRsvWq0O8mBxNH5qg'.
[2026-07-06 20:11:32] Atualizando token OAuth da planilha.
[2026-07-06 20:11:34] Leitura da planilha concluida. Linhas recebidas: 26.
[2026-07-06 20:11:34] Linha 2 invalida: Informe ao menos um link entre as colunas F/I/K/M/O..
[2026-07-06 20:11:34] Linha 3 invalida: Informe ao menos um link entre as colunas F/I/K/M/O..
[2026-07-06 20:11:34] Linha 2: erro de validacao (Informe ao menos um link entre as colunas F/I/K/M/O.).
[2026-07-06 20:11:34] Linha 3: erro de validacao (Informe ao menos um link entre as colunas F/I/K/M/O.).
[2026-07-06 20:11:34] Finalizacao da sincronizacao. falhou=False importados=0.
[2026-07-06 20:22:32] Inicio da rotina de sincronizacao da planilha.
[2026-07-06 20:22:32] Worker iniciado. worksheet='RespostasForm' auth_mode='oauth_user' spreadsheet_id='11MaCntcOh4-TGSyQRWS3nPuttNiRsvWq0O8mBxNH5qg'.
[2026-07-06 20:22:34] Leitura da planilha concluida. Linhas recebidas: 26.
[2026-07-06 20:22:34] Linha 2 invalida: Informe ao menos um link entre as colunas F/I/K/M/O..
[2026-07-06 20:22:34] Linha 3 invalida: Informe ao menos um link entre as colunas F/I/K/M/O..
[2026-07-06 20:22:34] Linha 2: erro de validacao (Informe ao menos um link entre as colunas F/I/K/M/O.).
[2026-07-06 20:22:34] Linha 3: erro de validacao (Informe ao menos um link entre as colunas F/I/K/M/O.).
[2026-07-06 20:22:34] Finalizacao da sincronizacao. falhou=False importados=0.
[2026-07-06 20:33:32] Inicio da rotina de sincronizacao da planilha.
[2026-07-06 20:33:32] Worker iniciado. worksheet='RespostasForm' auth_mode='oauth_user' spreadsheet_id='11MaCntcOh4-TGSyQRWS3nPuttNiRsvWq0O8mBxNH5qg'.
[2026-07-06 20:33:34] Leitura da planilha concluida. Linhas recebidas: 26.
[2026-07-06 20:33:34] Linha 2 invalida: Informe ao menos um link entre as colunas F/I/K/M/O..
[2026-07-06 20:33:34] Linha 3 invalida: Informe ao menos um link entre as colunas F/I/K/M/O..
[2026-07-06 20:33:34] Linha 2: erro de validacao (Informe ao menos um link entre as colunas F/I/K/M/O.).
[2026-07-06 20:33:34] Linha 3: erro de validacao (Informe ao menos um link entre as colunas F/I/K/M/O.).
[2026-07-06 20:33:34] Finalizacao da sincronizacao. falhou=False importados=0.
[2026-07-07 19:26:31] Inicio da rotina de sincronizacao da planilha.
[2026-07-07 19:26:31] Worker iniciado. worksheet='RespostasForm' auth_mode='oauth_user' spreadsheet_id='11MaCntcOh4-TGSyQRWS3nPuttNiRsvWq0O8mBxNH5qg'.
[2026-07-07 19:26:32] Atualizando token OAuth da planilha.
[2026-07-07 19:26:32] Falha na importacao da planilha: HTTPSConnectionPool(host='oauth2.googleapis.com', port=443): Max retries exceeded with url: /token (Caused by NameResolutionError("HTTPSConnection(host='oauth2.googleapis.com', port=443): Failed to resolve 'oauth2.googleapis.com' ([Errno 11001] getaddrinfo failed)"))
[2026-07-07 19:26:32] Falha na importacao da planilha: HTTPSConnectionPool(host='oauth2.googleapis.com', port=443): Max retries exceeded with url: /token (Caused by NameResolutionError("HTTPSConnection(host='oauth2.googleapis.com', port=443): Failed to resolve 'oauth2.googleapis.com' ([Errno 11001] getaddrinfo failed)"))
[2026-07-07 19:26:32] Finalizacao da sincronizacao. falhou=True importados=0.
[2026-07-07 19:36:32] Inicio da rotina de sincronizacao da planilha.
[2026-07-07 19:36:32] Worker iniciado. worksheet='RespostasForm' auth_mode='oauth_user' spreadsheet_id='11MaCntcOh4-TGSyQRWS3nPuttNiRsvWq0O8mBxNH5qg'.
[2026-07-07 19:36:32] Atualizando token OAuth da planilha.
[2026-07-07 19:36:34] Leitura da planilha concluida. Linhas recebidas: 26.
[2026-07-07 19:36:34] Linha 2 invalida: Informe ao menos um link entre as colunas F/I/K/M/O..
[2026-07-07 19:36:34] Linha 3 invalida: Informe ao menos um link entre as colunas F/I/K/M/O..
[2026-07-07 19:36:34] Linha 2: erro de validacao (Informe ao menos um link entre as colunas F/I/K/M/O.).
[2026-07-07 19:36:34] Linha 3: erro de validacao (Informe ao menos um link entre as colunas F/I/K/M/O.).
[2026-07-07 19:36:34] Finalizacao da sincronizacao. falhou=False importados=0.
[2026-07-07 19:47:32] Inicio da rotina de sincronizacao da planilha.
[2026-07-07 19:47:32] Worker iniciado. worksheet='RespostasForm' auth_mode='oauth_user' spreadsheet_id='11MaCntcOh4-TGSyQRWS3nPuttNiRsvWq0O8mBxNH5qg'.
[2026-07-07 19:47:33] Leitura da planilha concluida. Linhas recebidas: 26.
[2026-07-07 19:47:33] Linha 2 invalida: Informe ao menos um link entre as colunas F/I/K/M/O..
[2026-07-07 19:47:33] Linha 3 invalida: Informe ao menos um link entre as colunas F/I/K/M/O..
[2026-07-07 19:47:33] Linha 2: erro de validacao (Informe ao menos um link entre as colunas F/I/K/M/O.).
[2026-07-07 19:47:33] Linha 3: erro de validacao (Informe ao menos um link entre as colunas F/I/K/M/O.).
[2026-07-07 19:47:33] Finalizacao da sincronizacao. falhou=False importados=0.
[2026-07-07 19:58:32] Inicio da rotina de sincronizacao da planilha.
[2026-07-07 19:58:32] Worker iniciado. worksheet='RespostasForm' auth_mode='oauth_user' spreadsheet_id='11MaCntcOh4-TGSyQRWS3nPuttNiRsvWq0O8mBxNH5qg'.
[2026-07-07 19:58:33] Leitura da planilha concluida. Linhas recebidas: 26.
[2026-07-07 19:58:33] Linha 2 invalida: Informe ao menos um link entre as colunas F/I/K/M/O..
[2026-07-07 19:58:33] Linha 3 invalida: Informe ao menos um link entre as colunas F/I/K/M/O..
[2026-07-07 19:58:33] Linha 2: erro de validacao (Informe ao menos um link entre as colunas F/I/K/M/O.).
[2026-07-07 19:58:33] Linha 3: erro de validacao (Informe ao menos um link entre as colunas F/I/K/M/O.).
[2026-07-07 19:58:34] Finalizacao da sincronizacao. falhou=False importados=0.
[2026-07-07 20:09:32] Inicio da rotina de sincronizacao da planilha.
[2026-07-07 20:09:32] Worker iniciado. worksheet='RespostasForm' auth_mode='oauth_user' spreadsheet_id='11MaCntcOh4-TGSyQRWS3nPuttNiRsvWq0O8mBxNH5qg'.
[2026-07-07 20:09:33] Leitura da planilha concluida. Linhas recebidas: 26.
[2026-07-07 20:09:33] Linha 2 invalida: Informe ao menos um link entre as colunas F/I/K/M/O..
[2026-07-07 20:09:33] Linha 3 invalida: Informe ao menos um link entre as colunas F/I/K/M/O..
[2026-07-07 20:09:33] Linha 2: erro de validacao (Informe ao menos um link entre as colunas F/I/K/M/O.).
[2026-07-07 20:09:33] Linha 3: erro de validacao (Informe ao menos um link entre as colunas F/I/K/M/O.).
[2026-07-07 20:09:33] Finalizacao da sincronizacao. falhou=False importados=0.
[2026-07-07 20:20:32] Inicio da rotina de sincronizacao da planilha.
[2026-07-07 20:20:32] Worker iniciado. worksheet='RespostasForm' auth_mode='oauth_user' spreadsheet_id='11MaCntcOh4-TGSyQRWS3nPuttNiRsvWq0O8mBxNH5qg'.
[2026-07-07 20:20:34] Leitura da planilha concluida. Linhas recebidas: 26.
[2026-07-07 20:20:34] Linha 2 invalida: Informe ao menos um link entre as colunas F/I/K/M/O..
[2026-07-07 20:20:34] Linha 3 invalida: Informe ao menos um link entre as colunas F/I/K/M/O..
[2026-07-07 20:20:34] Linha 2: erro de validacao (Informe ao menos um link entre as colunas F/I/K/M/O.).
[2026-07-07 20:20:34] Linha 3: erro de validacao (Informe ao menos um link entre as colunas F/I/K/M/O.).
[2026-07-07 20:20:34] Finalizacao da sincronizacao. falhou=False importados=0.
[2026-07-07 20:31:32] Inicio da rotina de sincronizacao da planilha.
[2026-07-07 20:31:32] Worker iniciado. worksheet='RespostasForm' auth_mode='oauth_user' spreadsheet_id='11MaCntcOh4-TGSyQRWS3nPuttNiRsvWq0O8mBxNH5qg'.
[2026-07-07 20:31:34] Leitura da planilha concluida. Linhas recebidas: 26.
[2026-07-07 20:31:34] Linha 2 invalida: Informe ao menos um link entre as colunas F/I/K/M/O..
[2026-07-07 20:31:34] Linha 3 invalida: Informe ao menos um link entre as colunas F/I/K/M/O..
[2026-07-07 20:31:34] Linha 2: erro de validacao (Informe ao menos um link entre as colunas F/I/K/M/O.).
[2026-07-07 20:31:34] Linha 3: erro de validacao (Informe ao menos um link entre as colunas F/I/K/M/O.).
[2026-07-07 20:31:34] Finalizacao da sincronizacao. falhou=False importados=0.
[2026-07-07 20:42:32] Inicio da rotina de sincronizacao da planilha.
[2026-07-07 20:42:32] Worker iniciado. worksheet='RespostasForm' auth_mode='oauth_user' spreadsheet_id='11MaCntcOh4-TGSyQRWS3nPuttNiRsvWq0O8mBxNH5qg'.
[2026-07-07 20:42:32] Atualizando token OAuth da planilha.
[2026-07-07 20:42:34] Leitura da planilha concluida. Linhas recebidas: 26.
[2026-07-07 20:42:34] Linha 2 invalida: Informe ao menos um link entre as colunas F/I/K/M/O..
[2026-07-07 20:42:34] Linha 3 invalida: Informe ao menos um link entre as colunas F/I/K/M/O..
[2026-07-07 20:42:34] Linha 2: erro de validacao (Informe ao menos um link entre as colunas F/I/K/M/O.).
[2026-07-07 20:42:34] Linha 3: erro de validacao (Informe ao menos um link entre as colunas F/I/K/M/O.).
[2026-07-07 20:42:34] Finalizacao da sincronizacao. falhou=False importados=0.
[2026-07-07 20:53:32] Inicio da rotina de sincronizacao da planilha.
[2026-07-07 20:53:32] Worker iniciado. worksheet='RespostasForm' auth_mode='oauth_user' spreadsheet_id='11MaCntcOh4-TGSyQRWS3nPuttNiRsvWq0O8mBxNH5qg'.
[2026-07-07 20:53:34] Leitura da planilha concluida. Linhas recebidas: 26.
[2026-07-07 20:53:34] Linha 2 invalida: Informe ao menos um link entre as colunas F/I/K/M/O..
[2026-07-07 20:53:34] Linha 3 invalida: Informe ao menos um link entre as colunas F/I/K/M/O..
[2026-07-07 20:53:34] Linha 2: erro de validacao (Informe ao menos um link entre as colunas F/I/K/M/O.).
[2026-07-07 20:53:34] Linha 3: erro de validacao (Informe ao menos um link entre as colunas F/I/K/M/O.).
[2026-07-07 20:53:34] Finalizacao da sincronizacao. falhou=False importados=0.
[2026-07-07 21:04:32] Inicio da rotina de sincronizacao da planilha.
[2026-07-07 21:04:32] Worker iniciado. worksheet='RespostasForm' auth_mode='oauth_user' spreadsheet_id='11MaCntcOh4-TGSyQRWS3nPuttNiRsvWq0O8mBxNH5qg'.
[2026-07-07 21:04:34] Leitura da planilha concluida. Linhas recebidas: 26.
[2026-07-07 21:04:34] Linha 2 invalida: Informe ao menos um link entre as colunas F/I/K/M/O..
[2026-07-07 21:04:34] Linha 3 invalida: Informe ao menos um link entre as colunas F/I/K/M/O..
[2026-07-07 21:04:34] Linha 2: erro de validacao (Informe ao menos um link entre as colunas F/I/K/M/O.).
[2026-07-07 21:04:34] Linha 3: erro de validacao (Informe ao menos um link entre as colunas F/I/K/M/O.).
[2026-07-07 21:04:34] Finalizacao da sincronizacao. falhou=False importados=0.
[2026-07-07 21:15:33] Inicio da rotina de sincronizacao da planilha.
[2026-07-07 21:15:33] Worker iniciado. worksheet='RespostasForm' auth_mode='oauth_user' spreadsheet_id='11MaCntcOh4-TGSyQRWS3nPuttNiRsvWq0O8mBxNH5qg'.
[2026-07-07 21:15:34] Leitura da planilha concluida. Linhas recebidas: 26.
[2026-07-07 21:15:34] Linha 2 invalida: Informe ao menos um link entre as colunas F/I/K/M/O..
[2026-07-07 21:15:34] Linha 3 invalida: Informe ao menos um link entre as colunas F/I/K/M/O..
[2026-07-07 21:15:34] Linha 2: erro de validacao (Informe ao menos um link entre as colunas F/I/K/M/O.).
[2026-07-07 21:15:34] Linha 3: erro de validacao (Informe ao menos um link entre as colunas F/I/K/M/O.).
[2026-07-07 21:15:34] Finalizacao da sincronizacao. falhou=False importados=0.
[2026-07-07 21:26:33] Inicio da rotina de sincronizacao da planilha.
[2026-07-07 21:26:33] Worker iniciado. worksheet='RespostasForm' auth_mode='oauth_user' spreadsheet_id='11MaCntcOh4-TGSyQRWS3nPuttNiRsvWq0O8mBxNH5qg'.
[2026-07-07 21:26:34] Leitura da planilha concluida. Linhas recebidas: 26.
[2026-07-07 21:26:34] Linha 2 invalida: Informe ao menos um link entre as colunas F/I/K/M/O..
[2026-07-07 21:26:34] Linha 3 invalida: Informe ao menos um link entre as colunas F/I/K/M/O..
[2026-07-07 21:26:34] Linha 2: erro de validacao (Informe ao menos um link entre as colunas F/I/K/M/O.).
[2026-07-07 21:26:34] Linha 3: erro de validacao (Informe ao menos um link entre as colunas F/I/K/M/O.).
[2026-07-07 21:26:34] Finalizacao da sincronizacao. falhou=False importados=0.
[2026-07-07 21:37:33] Inicio da rotina de sincronizacao da planilha.
[2026-07-07 21:37:33] Worker iniciado. worksheet='RespostasForm' auth_mode='oauth_user' spreadsheet_id='11MaCntcOh4-TGSyQRWS3nPuttNiRsvWq0O8mBxNH5qg'.
[2026-07-07 21:37:34] Leitura da planilha concluida. Linhas recebidas: 26.
[2026-07-07 21:37:34] Linha 2 invalida: Informe ao menos um link entre as colunas F/I/K/M/O..
[2026-07-07 21:37:34] Linha 3 invalida: Informe ao menos um link entre as colunas F/I/K/M/O..
[2026-07-07 21:37:34] Linha 2: erro de validacao (Informe ao menos um link entre as colunas F/I/K/M/O.).
[2026-07-07 21:37:34] Linha 3: erro de validacao (Informe ao menos um link entre as colunas F/I/K/M/O.).
[2026-07-07 21:37:34] Finalizacao da sincronizacao. falhou=False importados=0.
[2026-07-07 21:48:33] Inicio da rotina de sincronizacao da planilha.
[2026-07-07 21:48:33] Worker iniciado. worksheet='RespostasForm' auth_mode='oauth_user' spreadsheet_id='11MaCntcOh4-TGSyQRWS3nPuttNiRsvWq0O8mBxNH5qg'.
[2026-07-07 21:48:33] Atualizando token OAuth da planilha.
[2026-07-07 21:48:35] Leitura da planilha concluida. Linhas recebidas: 26.
[2026-07-07 21:48:35] Linha 2 invalida: Informe ao menos um link entre as colunas F/I/K/M/O..
[2026-07-07 21:48:35] Linha 3 invalida: Informe ao menos um link entre as colunas F/I/K/M/O..
[2026-07-07 21:48:35] Linha 2: erro de validacao (Informe ao menos um link entre as colunas F/I/K/M/O.).
[2026-07-07 21:48:35] Linha 3: erro de validacao (Informe ao menos um link entre as colunas F/I/K/M/O.).
[2026-07-07 21:48:35] Finalizacao da sincronizacao. falhou=False importados=0.
[2026-07-07 21:59:33] Inicio da rotina de sincronizacao da planilha.
[2026-07-07 21:59:33] Worker iniciado. worksheet='RespostasForm' auth_mode='oauth_user' spreadsheet_id='11MaCntcOh4-TGSyQRWS3nPuttNiRsvWq0O8mBxNH5qg'.
[2026-07-07 21:59:35] Leitura da planilha concluida. Linhas recebidas: 26.
[2026-07-07 21:59:35] Linha 2 invalida: Informe ao menos um link entre as colunas F/I/K/M/O..
[2026-07-07 21:59:35] Linha 3 invalida: Informe ao menos um link entre as colunas F/I/K/M/O..
[2026-07-07 21:59:35] Linha 2: erro de validacao (Informe ao menos um link entre as colunas F/I/K/M/O.).
[2026-07-07 21:59:35] Linha 3: erro de validacao (Informe ao menos um link entre as colunas F/I/K/M/O.).
[2026-07-07 21:59:35] Finalizacao da sincronizacao. falhou=False importados=0.
[2026-07-07 22:10:33] Inicio da rotina de sincronizacao da planilha.
[2026-07-07 22:10:33] Worker iniciado. worksheet='RespostasForm' auth_mode='oauth_user' spreadsheet_id='11MaCntcOh4-TGSyQRWS3nPuttNiRsvWq0O8mBxNH5qg'.
[2026-07-07 22:10:35] Leitura da planilha concluida. Linhas recebidas: 26.
[2026-07-07 22:10:35] Linha 2 invalida: Informe ao menos um link entre as colunas F/I/K/M/O..
[2026-07-07 22:10:35] Linha 3 invalida: Informe ao menos um link entre as colunas F/I/K/M/O..
[2026-07-07 22:10:35] Linha 2: erro de validacao (Informe ao menos um link entre as colunas F/I/K/M/O.).
[2026-07-07 22:10:35] Linha 3: erro de validacao (Informe ao menos um link entre as colunas F/I/K/M/O.).
[2026-07-07 22:10:35] Finalizacao da sincronizacao. falhou=False importados=0.
[2026-07-07 22:21:33] Inicio da rotina de sincronizacao da planilha.
[2026-07-07 22:21:33] Worker iniciado. worksheet='RespostasForm' auth_mode='oauth_user' spreadsheet_id='11MaCntcOh4-TGSyQRWS3nPuttNiRsvWq0O8mBxNH5qg'.
[2026-07-07 22:21:35] Leitura da planilha concluida. Linhas recebidas: 26.
[2026-07-07 22:21:35] Linha 2 invalida: Informe ao menos um link entre as colunas F/I/K/M/O..
[2026-07-07 22:21:35] Linha 3 invalida: Informe ao menos um link entre as colunas F/I/K/M/O..
[2026-07-07 22:21:35] Linha 2: erro de validacao (Informe ao menos um link entre as colunas F/I/K/M/O.).
[2026-07-07 22:21:35] Linha 3: erro de validacao (Informe ao menos um link entre as colunas F/I/K/M/O.).
[2026-07-07 22:21:35] Finalizacao da sincronizacao. falhou=False importados=0.
[2026-07-07 22:32:33] Inicio da rotina de sincronizacao da planilha.
[2026-07-07 22:32:33] Worker iniciado. worksheet='RespostasForm' auth_mode='oauth_user' spreadsheet_id='11MaCntcOh4-TGSyQRWS3nPuttNiRsvWq0O8mBxNH5qg'.
[2026-07-07 22:32:35] Leitura da planilha concluida. Linhas recebidas: 26.
[2026-07-07 22:32:35] Linha 2 invalida: Informe ao menos um link entre as colunas F/I/K/M/O..
[2026-07-07 22:32:35] Linha 3 invalida: Informe ao menos um link entre as colunas F/I/K/M/O..
[2026-07-07 22:32:35] Linha 2: erro de validacao (Informe ao menos um link entre as colunas F/I/K/M/O.).
[2026-07-07 22:32:35] Linha 3: erro de validacao (Informe ao menos um link entre as colunas F/I/K/M/O.).
[2026-07-07 22:32:35] Finalizacao da sincronizacao. falhou=False importados=0.
[2026-07-07 22:43:33] Inicio da rotina de sincronizacao da planilha.
[2026-07-07 22:43:33] Worker iniciado. worksheet='RespostasForm' auth_mode='oauth_user' spreadsheet_id='11MaCntcOh4-TGSyQRWS3nPuttNiRsvWq0O8mBxNH5qg'.
[2026-07-07 22:43:35] Leitura da planilha concluida. Linhas recebidas: 26.
[2026-07-07 22:43:35] Linha 2 invalida: Informe ao menos um link entre as colunas F/I/K/M/O..
[2026-07-07 22:43:35] Linha 3 invalida: Informe ao menos um link entre as colunas F/I/K/M/O..
[2026-07-07 22:43:35] Linha 2: erro de validacao (Informe ao menos um link entre as colunas F/I/K/M/O.).
[2026-07-07 22:43:35] Linha 3: erro de validacao (Informe ao menos um link entre as colunas F/I/K/M/O.).
[2026-07-07 22:43:35] Finalizacao da sincronizacao. falhou=False importados=0.
[2026-07-07 22:54:33] Inicio da rotina de sincronizacao da planilha.
[2026-07-07 22:54:33] Worker iniciado. worksheet='RespostasForm' auth_mode='oauth_user' spreadsheet_id='11MaCntcOh4-TGSyQRWS3nPuttNiRsvWq0O8mBxNH5qg'.
[2026-07-07 22:54:33] Atualizando token OAuth da planilha.
[2026-07-07 22:54:36] Leitura da planilha concluida. Linhas recebidas: 26.
[2026-07-07 22:54:36] Linha 2 invalida: Informe ao menos um link entre as colunas F/I/K/M/O..
[2026-07-07 22:54:36] Linha 3 invalida: Informe ao menos um link entre as colunas F/I/K/M/O..
[2026-07-07 22:54:36] Linha 2: erro de validacao (Informe ao menos um link entre as colunas F/I/K/M/O.).
[2026-07-07 22:54:36] Linha 3: erro de validacao (Informe ao menos um link entre as colunas F/I/K/M/O.).
[2026-07-07 22:54:36] Finalizacao da sincronizacao. falhou=False importados=0.
[2026-07-07 23:05:33] Inicio da rotina de sincronizacao da planilha.
[2026-07-07 23:05:34] Worker iniciado. worksheet='RespostasForm' auth_mode='oauth_user' spreadsheet_id='11MaCntcOh4-TGSyQRWS3nPuttNiRsvWq0O8mBxNH5qg'.
[2026-07-07 23:05:35] Leitura da planilha concluida. Linhas recebidas: 26.
[2026-07-07 23:05:35] Linha 2 invalida: Informe ao menos um link entre as colunas F/I/K/M/O..
[2026-07-07 23:05:35] Linha 3 invalida: Informe ao menos um link entre as colunas F/I/K/M/O..
[2026-07-07 23:05:35] Linha 2: erro de validacao (Informe ao menos um link entre as colunas F/I/K/M/O.).
[2026-07-07 23:05:35] Linha 3: erro de validacao (Informe ao menos um link entre as colunas F/I/K/M/O.).
[2026-07-07 23:05:35] Finalizacao da sincronizacao. falhou=False importados=0.
