=== Inicio do log de sincronizacao de planilha: 2026-06-25T19:33:20 ===
[2026-06-25 19:33:20] Inicio da rotina de sincronizacao da planilha.
[2026-06-25 19:33:20] Worker iniciado. worksheet='RespostasForm' auth_mode='oauth_user' spreadsheet_id='11MaCntcOh4-TGSyQRWS3nPuttNiRsvWq0O8mBxNH5qg'.
[2026-06-25 19:33:21] Leitura da planilha concluida. Linhas recebidas: 26.
[2026-06-25 19:33:21] Linha 2 invalida: Informe ao menos um link entre as colunas F/I/K/M/O..
[2026-06-25 19:33:21] Linha 3 invalida: Informe ao menos um link entre as colunas F/I/K/M/O..
[2026-06-25 19:33:21] Linha 2: erro de validacao (Informe ao menos um link entre as colunas F/I/K/M/O.).
[2026-06-25 19:33:21] Linha 3: erro de validacao (Informe ao menos um link entre as colunas F/I/K/M/O.).
[2026-06-25 19:33:21] Finalizacao da sincronizacao. falhou=False importados=0.
[2026-06-25 20:16:22] Inicio da rotina de sincronizacao da planilha.
[2026-06-25 20:16:22] Worker iniciado. worksheet='RespostasForm' auth_mode='oauth_user' spreadsheet_id='11MaCntcOh4-TGSyQRWS3nPuttNiRsvWq0O8mBxNH5qg'.
[2026-06-25 20:16:24] Leitura da planilha concluida. Linhas recebidas: 26.
[2026-06-25 20:16:24] Linha 2 invalida: Informe ao menos um link entre as colunas F/I/K/M/O..
[2026-06-25 20:16:24] Linha 3 invalida: Informe ao menos um link entre as colunas F/I/K/M/O..
[2026-06-25 20:16:24] Linha 2: erro de validacao (Informe ao menos um link entre as colunas F/I/K/M/O.).
[2026-06-25 20:16:24] Linha 3: erro de validacao (Informe ao menos um link entre as colunas F/I/K/M/O.).
[2026-06-25 20:16:24] Finalizacao da sincronizacao. falhou=False importados=0.
[2026-06-25 20:27:22] Inicio da rotina de sincronizacao da planilha.
[2026-06-25 20:27:22] Worker iniciado. worksheet='RespostasForm' auth_mode='oauth_user' spreadsheet_id='11MaCntcOh4-TGSyQRWS3nPuttNiRsvWq0O8mBxNH5qg'.
[2026-06-25 20:27:22] Atualizando token OAuth da planilha.
[2026-06-25 20:27:24] Leitura da planilha concluida. Linhas recebidas: 26.
[2026-06-25 20:27:24] Linha 2 invalida: Informe ao menos um link entre as colunas F/I/K/M/O..
[2026-06-25 20:27:24] Linha 3 invalida: Informe ao menos um link entre as colunas F/I/K/M/O..
[2026-06-25 20:27:24] Linha 2: erro de validacao (Informe ao menos um link entre as colunas F/I/K/M/O.).
[2026-06-25 20:27:24] Linha 3: erro de validacao (Informe ao menos um link entre as colunas F/I/K/M/O.).
[2026-06-25 20:27:24] Finalizacao da sincronizacao. falhou=False importados=0.
[2026-06-25 20:38:22] Inicio da rotina de sincronizacao da planilha.
[2026-06-25 20:38:22] Worker iniciado. worksheet='RespostasForm' auth_mode='oauth_user' spreadsheet_id='11MaCntcOh4-TGSyQRWS3nPuttNiRsvWq0O8mBxNH5qg'.
[2026-06-25 20:38:24] Leitura da planilha concluida. Linhas recebidas: 26.
[2026-06-25 20:38:24] Linha 2 invalida: Informe ao menos um link entre as colunas F/I/K/M/O..
[2026-06-25 20:38:24] Linha 3 invalida: Informe ao menos um link entre as colunas F/I/K/M/O..
[2026-06-25 20:38:24] Linha 2: erro de validacao (Informe ao menos um link entre as colunas F/I/K/M/O.).
[2026-06-25 20:38:24] Linha 3: erro de validacao (Informe ao menos um link entre as colunas F/I/K/M/O.).
[2026-06-25 20:38:24] Finalizacao da sincronizacao. falhou=False importados=0.
[2026-06-25 20:49:22] Inicio da rotina de sincronizacao da planilha.
[2026-06-25 20:49:22] Worker iniciado. worksheet='RespostasForm' auth_mode='oauth_user' spreadsheet_id='11MaCntcOh4-TGSyQRWS3nPuttNiRsvWq0O8mBxNH5qg'.
[2026-06-25 20:49:24] Leitura da planilha concluida. Linhas recebidas: 26.
[2026-06-25 20:49:24] Linha 2 invalida: Informe ao menos um link entre as colunas F/I/K/M/O..
[2026-06-25 20:49:24] Linha 3 invalida: Informe ao menos um link entre as colunas F/I/K/M/O..
[2026-06-25 20:49:24] Linha 2: erro de validacao (Informe ao menos um link entre as colunas F/I/K/M/O.).
[2026-06-25 20:49:24] Linha 3: erro de validacao (Informe ao menos um link entre as colunas F/I/K/M/O.).
[2026-06-25 20:49:24] Finalizacao da sincronizacao. falhou=False importados=0.
