=== Inicio do log de sincronizacao de planilha: 2026-07-14T19:55:42 ===
[2026-07-14 19:55:42] Inicio da rotina de sincronizacao da planilha.
[2026-07-14 19:55:42] Worker iniciado. worksheet='RespostasForm' auth_mode='oauth_user' spreadsheet_id='11MaCntcOh4-TGSyQRWS3nPuttNiRsvWq0O8mBxNH5qg'.
[2026-07-14 19:55:42] Atualizando token OAuth da planilha.
[2026-07-14 19:55:44] Leitura da planilha concluida. Linhas recebidas: 26.
[2026-07-14 19:55:44] Linha 2 invalida: Informe ao menos um link entre as colunas F/I/K/M/O..
[2026-07-14 19:55:44] Linha 3 invalida: Informe ao menos um link entre as colunas F/I/K/M/O..
[2026-07-14 19:55:44] Linha 2: erro de validacao (Informe ao menos um link entre as colunas F/I/K/M/O.).
[2026-07-14 19:55:44] Linha 3: erro de validacao (Informe ao menos um link entre as colunas F/I/K/M/O.).
[2026-07-14 19:55:44] Finalizacao da sincronizacao. falhou=False importados=0.
[2026-07-14 20:06:42] Inicio da rotina de sincronizacao da planilha.
[2026-07-14 20:06:42] Worker iniciado. worksheet='RespostasForm' auth_mode='oauth_user' spreadsheet_id='11MaCntcOh4-TGSyQRWS3nPuttNiRsvWq0O8mBxNH5qg'.
[2026-07-14 20:06:44] Leitura da planilha concluida. Linhas recebidas: 26.
[2026-07-14 20:06:44] Linha 2 invalida: Informe ao menos um link entre as colunas F/I/K/M/O..
[2026-07-14 20:06:44] Linha 3 invalida: Informe ao menos um link entre as colunas F/I/K/M/O..
[2026-07-14 20:06:44] Linha 2: erro de validacao (Informe ao menos um link entre as colunas F/I/K/M/O.).
[2026-07-14 20:06:44] Linha 3: erro de validacao (Informe ao menos um link entre as colunas F/I/K/M/O.).
[2026-07-14 20:06:44] Finalizacao da sincronizacao. falhou=False importados=0.
[2026-07-14 20:13:33] Sincronizacao manual solicitada pelo usuario.
[2026-07-14 20:13:33] Inicio da rotina de sincronizacao da planilha.
[2026-07-14 20:13:33] Worker iniciado. worksheet='RespostasForm' auth_mode='oauth_user' spreadsheet_id='11MaCntcOh4-TGSyQRWS3nPuttNiRsvWq0O8mBxNH5qg'.
[2026-07-14 20:13:35] Leitura da planilha concluida. Linhas recebidas: 26.
[2026-07-14 20:13:35] Linha 2 invalida: Informe ao menos um link entre as colunas F/I/K/M/O..
[2026-07-14 20:13:35] Linha 3 invalida: Informe ao menos um link entre as colunas F/I/K/M/O..
[2026-07-14 20:13:35] Linha 2: erro de validacao (Informe ao menos um link entre as colunas F/I/K/M/O.).
[2026-07-14 20:13:35] Linha 3: erro de validacao (Informe ao menos um link entre as colunas F/I/K/M/O.).
[2026-07-14 20:13:35] Finalizacao da sincronizacao. falhou=False importados=0.
[2026-07-14 20:23:42] Inicio da rotina de sincronizacao da planilha.
[2026-07-14 20:23:42] Worker iniciado. worksheet='RespostasForm' auth_mode='oauth_user' spreadsheet_id='11MaCntcOh4-TGSyQRWS3nPuttNiRsvWq0O8mBxNH5qg'.
[2026-07-14 20:23:44] Leitura da planilha concluida. Linhas recebidas: 26.
[2026-07-14 20:23:44] Linha 2 invalida: Informe ao menos um link entre as colunas F/I/K/M/O..
[2026-07-14 20:23:44] Linha 3 invalida: Informe ao menos um link entre as colunas F/I/K/M/O..
[2026-07-14 20:23:44] Linha 2: erro de validacao (Informe ao menos um link entre as colunas F/I/K/M/O.).
[2026-07-14 20:23:44] Linha 3: erro de validacao (Informe ao menos um link entre as colunas F/I/K/M/O.).
[2026-07-14 20:23:44] Finalizacao da sincronizacao. falhou=False importados=0.
[2026-07-14 20:34:42] Inicio da rotina de sincronizacao da planilha.
[2026-07-14 20:34:42] Worker iniciado. worksheet='RespostasForm' auth_mode='oauth_user' spreadsheet_id='11MaCntcOh4-TGSyQRWS3nPuttNiRsvWq0O8mBxNH5qg'.
[2026-07-14 20:34:44] Leitura da planilha concluida. Linhas recebidas: 26.
[2026-07-14 20:34:44] Linha 2 invalida: Informe ao menos um link entre as colunas F/I/K/M/O..
[2026-07-14 20:34:44] Linha 3 invalida: Informe ao menos um link entre as colunas F/I/K/M/O..
[2026-07-14 20:34:44] Linha 2: erro de validacao (Informe ao menos um link entre as colunas F/I/K/M/O.).
[2026-07-14 20:34:44] Linha 3: erro de validacao (Informe ao menos um link entre as colunas F/I/K/M/O.).
[2026-07-14 20:34:44] Finalizacao da sincronizacao. falhou=False importados=0.
[2026-07-14 20:45:42] Inicio da rotina de sincronizacao da planilha.
[2026-07-14 20:45:42] Worker iniciado. worksheet='RespostasForm' auth_mode='oauth_user' spreadsheet_id='11MaCntcOh4-TGSyQRWS3nPuttNiRsvWq0O8mBxNH5qg'.
[2026-07-14 20:45:44] Leitura da planilha concluida. Linhas recebidas: 26.
[2026-07-14 20:45:44] Linha 2 invalida: Informe ao menos um link entre as colunas F/I/K/M/O..
[2026-07-14 20:45:44] Linha 3 invalida: Informe ao menos um link entre as colunas F/I/K/M/O..
[2026-07-14 20:45:44] Linha 2: erro de validacao (Informe ao menos um link entre as colunas F/I/K/M/O.).
[2026-07-14 20:45:44] Linha 3: erro de validacao (Informe ao menos um link entre as colunas F/I/K/M/O.).
[2026-07-14 20:45:44] Finalizacao da sincronizacao. falhou=False importados=0.
[2026-07-14 20:56:42] Inicio da rotina de sincronizacao da planilha.
[2026-07-14 20:56:42] Worker iniciado. worksheet='RespostasForm' auth_mode='oauth_user' spreadsheet_id='11MaCntcOh4-TGSyQRWS3nPuttNiRsvWq0O8mBxNH5qg'.
[2026-07-14 20:56:42] Atualizando token OAuth da planilha.
[2026-07-14 20:56:44] Leitura da planilha concluida. Linhas recebidas: 26.
[2026-07-14 20:56:44] Linha 2 invalida: Informe ao menos um link entre as colunas F/I/K/M/O..
[2026-07-14 20:56:44] Linha 3 invalida: Informe ao menos um link entre as colunas F/I/K/M/O..
[2026-07-14 20:56:44] Linha 2: erro de validacao (Informe ao menos um link entre as colunas F/I/K/M/O.).
[2026-07-14 20:56:44] Linha 3: erro de validacao (Informe ao menos um link entre as colunas F/I/K/M/O.).
[2026-07-14 20:56:44] Finalizacao da sincronizacao. falhou=False importados=0.
[2026-07-14 21:07:42] Inicio da rotina de sincronizacao da planilha.
[2026-07-14 21:07:42] Worker iniciado. worksheet='RespostasForm' auth_mode='oauth_user' spreadsheet_id='11MaCntcOh4-TGSyQRWS3nPuttNiRsvWq0O8mBxNH5qg'.
[2026-07-14 21:07:44] Leitura da planilha concluida. Linhas recebidas: 26.
[2026-07-14 21:07:44] Linha 2 invalida: Informe ao menos um link entre as colunas F/I/K/M/O..
[2026-07-14 21:07:44] Linha 3 invalida: Informe ao menos um link entre as colunas F/I/K/M/O..
[2026-07-14 21:07:44] Linha 2: erro de validacao (Informe ao menos um link entre as colunas F/I/K/M/O.).
[2026-07-14 21:07:44] Linha 3: erro de validacao (Informe ao menos um link entre as colunas F/I/K/M/O.).
[2026-07-14 21:07:44] Finalizacao da sincronizacao. falhou=False importados=0.
[2026-07-14 21:18:43] Inicio da rotina de sincronizacao da planilha.
[2026-07-14 21:18:43] Worker iniciado. worksheet='RespostasForm' auth_mode='oauth_user' spreadsheet_id='11MaCntcOh4-TGSyQRWS3nPuttNiRsvWq0O8mBxNH5qg'.
[2026-07-14 21:18:44] Leitura da planilha concluida. Linhas recebidas: 26.
[2026-07-14 21:18:44] Linha 2 invalida: Informe ao menos um link entre as colunas F/I/K/M/O..
[2026-07-14 21:18:44] Linha 3 invalida: Informe ao menos um link entre as colunas F/I/K/M/O..
[2026-07-14 21:18:44] Linha 2: erro de validacao (Informe ao menos um link entre as colunas F/I/K/M/O.).
[2026-07-14 21:18:44] Linha 3: erro de validacao (Informe ao menos um link entre as colunas F/I/K/M/O.).
[2026-07-14 21:18:44] Finalizacao da sincronizacao. falhou=False importados=0.
[2026-07-14 21:40:27] Inicio da rotina de sincronizacao da planilha.
[2026-07-14 21:40:34] Worker iniciado. worksheet='RespostasForm' auth_mode='oauth_user' spreadsheet_id='11MaCntcOh4-TGSyQRWS3nPuttNiRsvWq0O8mBxNH5qg'.
[2026-07-14 21:40:44] Leitura da planilha concluida. Linhas recebidas: 26.
[2026-07-14 21:40:44] Linha 2 invalida: Informe ao menos um link entre as colunas F/I/K/M/O..
[2026-07-14 21:40:44] Linha 3 invalida: Informe ao menos um link entre as colunas F/I/K/M/O..
[2026-07-14 21:40:44] Linha 2: erro de validacao (Informe ao menos um link entre as colunas F/I/K/M/O.).
[2026-07-14 21:40:44] Linha 3: erro de validacao (Informe ao menos um link entre as colunas F/I/K/M/O.).
[2026-07-14 21:40:44] Finalizacao da sincronizacao. falhou=False importados=0.
