=== Inicio do log de sincronizacao de planilha: 2026-05-27T19:26:23 ===
[2026-05-27 19:26:23] Sincronizacao manual solicitada pelo usuario.
[2026-05-27 19:26:23] Inicio da rotina de sincronizacao da planilha.
[2026-05-27 19:26:23] Worker iniciado. worksheet='RespostasForm' auth_mode='oauth_user' spreadsheet_id='11MaCntcOh4-TGSyQRWS3nPuttNiRsvWq0O8mBxNH5qg'.
[2026-05-27 19:26:23] Atualizando token OAuth da planilha.
[2026-05-27 19:26:25] Leitura da planilha concluida. Linhas recebidas: 14.
[2026-05-27 19:26:25] Linha 2 invalida: Informe ao menos um link entre as colunas F/I/K/M/O..
[2026-05-27 19:26:25] Linha 3 invalida: Informe ao menos um link entre as colunas F/I/K/M/O..
[2026-05-27 19:26:25] Linha 2: erro de validacao (Informe ao menos um link entre as colunas F/I/K/M/O.).
[2026-05-27 19:26:25] Linha 3: erro de validacao (Informe ao menos um link entre as colunas F/I/K/M/O.).
[2026-05-27 19:26:25] Finalizacao da sincronizacao. falhou=False importados=0.
[2026-05-27 19:37:16] Inicio da rotina de sincronizacao da planilha.
[2026-05-27 19:37:16] Worker iniciado. worksheet='RespostasForm' auth_mode='oauth_user' spreadsheet_id='11MaCntcOh4-TGSyQRWS3nPuttNiRsvWq0O8mBxNH5qg'.
[2026-05-27 19:37:18] Leitura da planilha concluida. Linhas recebidas: 14.
[2026-05-27 19:37:18] Linha 2 invalida: Informe ao menos um link entre as colunas F/I/K/M/O..
[2026-05-27 19:37:18] Linha 3 invalida: Informe ao menos um link entre as colunas F/I/K/M/O..
[2026-05-27 19:37:18] Linha 2: erro de validacao (Informe ao menos um link entre as colunas F/I/K/M/O.).
[2026-05-27 19:37:18] Linha 3: erro de validacao (Informe ao menos um link entre as colunas F/I/K/M/O.).
[2026-05-27 19:37:18] Finalizacao da sincronizacao. falhou=False importados=0.
[2026-05-27 19:48:16] Inicio da rotina de sincronizacao da planilha.
[2026-05-27 19:48:16] Worker iniciado. worksheet='RespostasForm' auth_mode='oauth_user' spreadsheet_id='11MaCntcOh4-TGSyQRWS3nPuttNiRsvWq0O8mBxNH5qg'.
[2026-05-27 19:48:18] Leitura da planilha concluida. Linhas recebidas: 14.
[2026-05-27 19:48:18] Linha 2 invalida: Informe ao menos um link entre as colunas F/I/K/M/O..
[2026-05-27 19:48:18] Linha 3 invalida: Informe ao menos um link entre as colunas F/I/K/M/O..
[2026-05-27 19:48:18] Linha 2: erro de validacao (Informe ao menos um link entre as colunas F/I/K/M/O.).
[2026-05-27 19:48:18] Linha 3: erro de validacao (Informe ao menos um link entre as colunas F/I/K/M/O.).
[2026-05-27 19:48:18] Finalizacao da sincronizacao. falhou=False importados=0.
[2026-05-27 19:59:16] Inicio da rotina de sincronizacao da planilha.
[2026-05-27 19:59:16] Worker iniciado. worksheet='RespostasForm' auth_mode='oauth_user' spreadsheet_id='11MaCntcOh4-TGSyQRWS3nPuttNiRsvWq0O8mBxNH5qg'.
[2026-05-27 19:59:18] Leitura da planilha concluida. Linhas recebidas: 14.
[2026-05-27 19:59:18] Linha 2 invalida: Informe ao menos um link entre as colunas F/I/K/M/O..
[2026-05-27 19:59:18] Linha 3 invalida: Informe ao menos um link entre as colunas F/I/K/M/O..
[2026-05-27 19:59:18] Linha 2: erro de validacao (Informe ao menos um link entre as colunas F/I/K/M/O.).
[2026-05-27 19:59:18] Linha 3: erro de validacao (Informe ao menos um link entre as colunas F/I/K/M/O.).
[2026-05-27 19:59:18] Finalizacao da sincronizacao. falhou=False importados=0.
[2026-05-27 20:10:16] Inicio da rotina de sincronizacao da planilha.
[2026-05-27 20:10:16] Worker iniciado. worksheet='RespostasForm' auth_mode='oauth_user' spreadsheet_id='11MaCntcOh4-TGSyQRWS3nPuttNiRsvWq0O8mBxNH5qg'.
[2026-05-27 20:10:18] Leitura da planilha concluida. Linhas recebidas: 14.
[2026-05-27 20:10:18] Linha 2 invalida: Informe ao menos um link entre as colunas F/I/K/M/O..
[2026-05-27 20:10:18] Linha 3 invalida: Informe ao menos um link entre as colunas F/I/K/M/O..
[2026-05-27 20:10:18] Linha 2: erro de validacao (Informe ao menos um link entre as colunas F/I/K/M/O.).
[2026-05-27 20:10:18] Linha 3: erro de validacao (Informe ao menos um link entre as colunas F/I/K/M/O.).
[2026-05-27 20:10:18] Finalizacao da sincronizacao. falhou=False importados=0.
[2026-05-27 20:21:17] Inicio da rotina de sincronizacao da planilha.
[2026-05-27 20:21:17] Worker iniciado. worksheet='RespostasForm' auth_mode='oauth_user' spreadsheet_id='11MaCntcOh4-TGSyQRWS3nPuttNiRsvWq0O8mBxNH5qg'.
[2026-05-27 20:21:18] Leitura da planilha concluida. Linhas recebidas: 14.
[2026-05-27 20:21:18] Linha 2 invalida: Informe ao menos um link entre as colunas F/I/K/M/O..
[2026-05-27 20:21:18] Linha 3 invalida: Informe ao menos um link entre as colunas F/I/K/M/O..
[2026-05-27 20:21:18] Linha 2: erro de validacao (Informe ao menos um link entre as colunas F/I/K/M/O.).
[2026-05-27 20:21:18] Linha 3: erro de validacao (Informe ao menos um link entre as colunas F/I/K/M/O.).
[2026-05-27 20:21:18] Finalizacao da sincronizacao. falhou=False importados=0.
[2026-05-27 20:33:43] Inicio da rotina de sincronizacao da planilha.
[2026-05-27 20:33:43] Worker iniciado. worksheet='RespostasForm' auth_mode='oauth_user' spreadsheet_id='11MaCntcOh4-TGSyQRWS3nPuttNiRsvWq0O8mBxNH5qg'.
[2026-05-27 20:33:43] Atualizando token OAuth da planilha.
[2026-05-27 20:33:45] Leitura da planilha concluida. Linhas recebidas: 14.
[2026-05-27 20:33:45] Linha 2 invalida: Informe ao menos um link entre as colunas F/I/K/M/O..
[2026-05-27 20:33:45] Linha 3 invalida: Informe ao menos um link entre as colunas F/I/K/M/O..
[2026-05-27 20:33:45] Linha 2: erro de validacao (Informe ao menos um link entre as colunas F/I/K/M/O.).
[2026-05-27 20:33:45] Linha 3: erro de validacao (Informe ao menos um link entre as colunas F/I/K/M/O.).
[2026-05-27 20:33:45] Finalizacao da sincronizacao. falhou=False importados=0.
[2026-05-27 20:52:46] Inicio da rotina de sincronizacao da planilha.
[2026-05-27 20:52:46] Worker iniciado. worksheet='RespostasForm' auth_mode='oauth_user' spreadsheet_id='11MaCntcOh4-TGSyQRWS3nPuttNiRsvWq0O8mBxNH5qg'.
[2026-05-27 20:52:48] Leitura da planilha concluida. Linhas recebidas: 14.
[2026-05-27 20:52:48] Linha 2 invalida: Informe ao menos um link entre as colunas F/I/K/M/O..
[2026-05-27 20:52:48] Linha 3 invalida: Informe ao menos um link entre as colunas F/I/K/M/O..
[2026-05-27 20:52:48] Linha 2: erro de validacao (Informe ao menos um link entre as colunas F/I/K/M/O.).
[2026-05-27 20:52:48] Linha 3: erro de validacao (Informe ao menos um link entre as colunas F/I/K/M/O.).
[2026-05-27 20:52:48] Finalizacao da sincronizacao. falhou=False importados=0.
[2026-05-27 20:57:30] Inicio da rotina de sincronizacao da planilha.
[2026-05-27 20:57:30] Worker iniciado. worksheet='RespostasForm' auth_mode='oauth_user' spreadsheet_id='11MaCntcOh4-TGSyQRWS3nPuttNiRsvWq0O8mBxNH5qg'.
[2026-05-27 20:57:31] Leitura da planilha concluida. Linhas recebidas: 14.
[2026-05-27 20:57:31] Linha 2 invalida: Informe ao menos um link entre as colunas F/I/K/M/O..
[2026-05-27 20:57:31] Linha 3 invalida: Informe ao menos um link entre as colunas F/I/K/M/O..
[2026-05-27 20:57:31] Linha 2: erro de validacao (Informe ao menos um link entre as colunas F/I/K/M/O.).
[2026-05-27 20:57:31] Linha 3: erro de validacao (Informe ao menos um link entre as colunas F/I/K/M/O.).
[2026-05-27 20:57:31] Finalizacao da sincronizacao. falhou=False importados=0.
[2026-05-27 21:08:30] Inicio da rotina de sincronizacao da planilha.
[2026-05-27 21:08:30] Worker iniciado. worksheet='RespostasForm' auth_mode='oauth_user' spreadsheet_id='11MaCntcOh4-TGSyQRWS3nPuttNiRsvWq0O8mBxNH5qg'.
[2026-05-27 21:08:32] Leitura da planilha concluida. Linhas recebidas: 14.
[2026-05-27 21:08:32] Linha 2 invalida: Informe ao menos um link entre as colunas F/I/K/M/O..
[2026-05-27 21:08:32] Linha 3 invalida: Informe ao menos um link entre as colunas F/I/K/M/O..
[2026-05-27 21:08:32] Linha 2: erro de validacao (Informe ao menos um link entre as colunas F/I/K/M/O.).
[2026-05-27 21:08:32] Linha 3: erro de validacao (Informe ao menos um link entre as colunas F/I/K/M/O.).
[2026-05-27 21:08:32] Finalizacao da sincronizacao. falhou=False importados=0.
[2026-05-27 21:13:29] Sincronizacao manual solicitada pelo usuario.
[2026-05-27 21:13:29] Inicio da rotina de sincronizacao da planilha.
[2026-05-27 21:13:29] Worker iniciado. worksheet='RespostasForm' auth_mode='oauth_user' spreadsheet_id='11MaCntcOh4-TGSyQRWS3nPuttNiRsvWq0O8mBxNH5qg'.
[2026-05-27 21:13:30] Leitura da planilha concluida. Linhas recebidas: 15.
[2026-05-27 21:13:30] Linha 2 invalida: Informe ao menos um link entre as colunas F/I/K/M/O..
[2026-05-27 21:13:30] Linha 3 invalida: Informe ao menos um link entre as colunas F/I/K/M/O..
[2026-05-27 21:13:31] Linha 16 importada com sucesso. Alerta ID 000022
[2026-05-27 21:13:31] Importacao concluida com 1 alerta(s).
[2026-05-27 21:13:31] Linha 2: erro de validacao (Informe ao menos um link entre as colunas F/I/K/M/O.).
[2026-05-27 21:13:31] Linha 3: erro de validacao (Informe ao menos um link entre as colunas F/I/K/M/O.).
[2026-05-27 21:13:31] 1 alerta(s) importado(s) da planilha.
[2026-05-27 21:13:31] Finalizacao da sincronizacao. falhou=False importados=1.
[2026-05-27 21:22:01] Inicio da rotina de sincronizacao da planilha.
[2026-05-27 21:22:01] Worker iniciado. worksheet='RespostasForm' auth_mode='oauth_user' spreadsheet_id='11MaCntcOh4-TGSyQRWS3nPuttNiRsvWq0O8mBxNH5qg'.
[2026-05-27 21:22:02] Leitura da planilha concluida. Linhas recebidas: 15.
[2026-05-27 21:22:02] Linha 2 invalida: Informe ao menos um link entre as colunas F/I/K/M/O..
[2026-05-27 21:22:02] Linha 3 invalida: Informe ao menos um link entre as colunas F/I/K/M/O..
[2026-05-27 21:22:02] Linha 2: erro de validacao (Informe ao menos um link entre as colunas F/I/K/M/O.).
[2026-05-27 21:22:02] Linha 3: erro de validacao (Informe ao menos um link entre as colunas F/I/K/M/O.).
[2026-05-27 21:22:02] Finalizacao da sincronizacao. falhou=False importados=0.
[2026-05-27 21:25:11] Sincronizacao manual solicitada pelo usuario.
[2026-05-27 21:25:11] Inicio da rotina de sincronizacao da planilha.
[2026-05-27 21:25:11] Worker iniciado. worksheet='RespostasForm' auth_mode='oauth_user' spreadsheet_id='11MaCntcOh4-TGSyQRWS3nPuttNiRsvWq0O8mBxNH5qg'.
[2026-05-27 21:25:12] Leitura da planilha concluida. Linhas recebidas: 16.
[2026-05-27 21:25:12] Linha 2 invalida: Informe ao menos um link entre as colunas F/I/K/M/O..
[2026-05-27 21:25:12] Linha 3 invalida: Informe ao menos um link entre as colunas F/I/K/M/O..
[2026-05-27 21:25:12] Linha 17 importada com sucesso. Alerta ID 000023
[2026-05-27 21:25:12] Importacao concluida com 1 alerta(s).
[2026-05-27 21:25:12] Linha 2: erro de validacao (Informe ao menos um link entre as colunas F/I/K/M/O.).
[2026-05-27 21:25:12] Linha 3: erro de validacao (Informe ao menos um link entre as colunas F/I/K/M/O.).
[2026-05-27 21:25:12] 1 alerta(s) importado(s) da planilha.
[2026-05-27 21:25:12] Finalizacao da sincronizacao. falhou=False importados=1.
[2026-05-27 21:36:01] Inicio da rotina de sincronizacao da planilha.
[2026-05-27 21:36:01] Worker iniciado. worksheet='RespostasForm' auth_mode='oauth_user' spreadsheet_id='11MaCntcOh4-TGSyQRWS3nPuttNiRsvWq0O8mBxNH5qg'.
[2026-05-27 21:36:01] Atualizando token OAuth da planilha.
[2026-05-27 21:36:03] Leitura da planilha concluida. Linhas recebidas: 19.
[2026-05-27 21:36:03] Linha 2 invalida: Informe ao menos um link entre as colunas F/I/K/M/O..
[2026-05-27 21:36:03] Linha 3 invalida: Informe ao menos um link entre as colunas F/I/K/M/O..
[2026-05-27 21:36:03] Linha 18 importada com sucesso. Alerta ID 000024
[2026-05-27 21:36:03] Linha 19 importada com sucesso. Alerta ID 000025
[2026-05-27 21:36:03] Linha 20 importada com sucesso. Alerta ID 000026
[2026-05-27 21:36:03] Importacao concluida com 3 alerta(s).
[2026-05-27 21:36:03] Linha 2: erro de validacao (Informe ao menos um link entre as colunas F/I/K/M/O.).
[2026-05-27 21:36:03] Linha 3: erro de validacao (Informe ao menos um link entre as colunas F/I/K/M/O.).
[2026-05-27 21:36:03] 3 alerta(s) importado(s) da planilha.
[2026-05-27 21:36:04] Finalizacao da sincronizacao. falhou=False importados=3.
[2026-05-27 21:36:20] Sincronizacao manual solicitada pelo usuario.
[2026-05-27 21:36:20] Inicio da rotina de sincronizacao da planilha.
[2026-05-27 21:36:20] Worker iniciado. worksheet='RespostasForm' auth_mode='oauth_user' spreadsheet_id='11MaCntcOh4-TGSyQRWS3nPuttNiRsvWq0O8mBxNH5qg'.
[2026-05-27 21:36:21] Leitura da planilha concluida. Linhas recebidas: 20.
[2026-05-27 21:36:21] Linha 2 invalida: Informe ao menos um link entre as colunas F/I/K/M/O..
[2026-05-27 21:36:21] Linha 3 invalida: Informe ao menos um link entre as colunas F/I/K/M/O..
[2026-05-27 21:36:21] Linha 21 importada com sucesso. Alerta ID 000027
[2026-05-27 21:36:21] Importacao concluida com 1 alerta(s).
[2026-05-27 21:36:21] Linha 2: erro de validacao (Informe ao menos um link entre as colunas F/I/K/M/O.).
[2026-05-27 21:36:21] Linha 3: erro de validacao (Informe ao menos um link entre as colunas F/I/K/M/O.).
[2026-05-27 21:36:21] 1 alerta(s) importado(s) da planilha.
[2026-05-27 21:36:21] Finalizacao da sincronizacao. falhou=False importados=1.
