=== Inicio do log de sincronizacao de planilha: 2026-06-13T08:21:28 ===
[2026-06-13 08:21:28] Sincronizacao manual solicitada pelo usuario.
[2026-06-13 08:21:28] Inicio da rotina de sincronizacao da planilha.
[2026-06-13 08:21:28] Worker iniciado. worksheet='RespostasForm' auth_mode='oauth_user' spreadsheet_id='11MaCntcOh4-TGSyQRWS3nPuttNiRsvWq0O8mBxNH5qg'.
[2026-06-13 08:21:28] Atualizando token OAuth da planilha.
[2026-06-13 08:21:30] Leitura da planilha concluida. Linhas recebidas: 26.
[2026-06-13 08:21:30] Linha 2 invalida: Informe ao menos um link entre as colunas F/I/K/M/O..
[2026-06-13 08:21:30] Linha 3 invalida: Informe ao menos um link entre as colunas F/I/K/M/O..
[2026-06-13 08:21:30] Linha 2: erro de validacao (Informe ao menos um link entre as colunas F/I/K/M/O.).
[2026-06-13 08:21:30] Linha 3: erro de validacao (Informe ao menos um link entre as colunas F/I/K/M/O.).
[2026-06-13 08:21:30] Finalizacao da sincronizacao. falhou=False importados=0.
[2026-06-13 08:32:22] Inicio da rotina de sincronizacao da planilha.
[2026-06-13 08:32:22] Worker iniciado. worksheet='RespostasForm' auth_mode='oauth_user' spreadsheet_id='11MaCntcOh4-TGSyQRWS3nPuttNiRsvWq0O8mBxNH5qg'.
[2026-06-13 08:32:23] Leitura da planilha concluida. Linhas recebidas: 26.
[2026-06-13 08:32:23] Linha 2 invalida: Informe ao menos um link entre as colunas F/I/K/M/O..
[2026-06-13 08:32:23] Linha 3 invalida: Informe ao menos um link entre as colunas F/I/K/M/O..
[2026-06-13 08:32:23] Linha 2: erro de validacao (Informe ao menos um link entre as colunas F/I/K/M/O.).
[2026-06-13 08:32:23] Linha 3: erro de validacao (Informe ao menos um link entre as colunas F/I/K/M/O.).
[2026-06-13 08:32:23] Finalizacao da sincronizacao. falhou=False importados=0.
[2026-06-13 08:43:22] Inicio da rotina de sincronizacao da planilha.
[2026-06-13 08:43:22] Worker iniciado. worksheet='RespostasForm' auth_mode='oauth_user' spreadsheet_id='11MaCntcOh4-TGSyQRWS3nPuttNiRsvWq0O8mBxNH5qg'.
[2026-06-13 08:43:23] Leitura da planilha concluida. Linhas recebidas: 26.
[2026-06-13 08:43:23] Linha 2 invalida: Informe ao menos um link entre as colunas F/I/K/M/O..
[2026-06-13 08:43:23] Linha 3 invalida: Informe ao menos um link entre as colunas F/I/K/M/O..
[2026-06-13 08:43:23] Linha 2: erro de validacao (Informe ao menos um link entre as colunas F/I/K/M/O.).
[2026-06-13 08:43:23] Linha 3: erro de validacao (Informe ao menos um link entre as colunas F/I/K/M/O.).
[2026-06-13 08:43:23] Finalizacao da sincronizacao. falhou=False importados=0.
[2026-06-13 08:54:22] Inicio da rotina de sincronizacao da planilha.
[2026-06-13 08:54:22] Worker iniciado. worksheet='RespostasForm' auth_mode='oauth_user' spreadsheet_id='11MaCntcOh4-TGSyQRWS3nPuttNiRsvWq0O8mBxNH5qg'.
[2026-06-13 08:54:24] Leitura da planilha concluida. Linhas recebidas: 26.
[2026-06-13 08:54:24] Linha 2 invalida: Informe ao menos um link entre as colunas F/I/K/M/O..
[2026-06-13 08:54:24] Linha 3 invalida: Informe ao menos um link entre as colunas F/I/K/M/O..
[2026-06-13 08:54:24] Linha 2: erro de validacao (Informe ao menos um link entre as colunas F/I/K/M/O.).
[2026-06-13 08:54:24] Linha 3: erro de validacao (Informe ao menos um link entre as colunas F/I/K/M/O.).
[2026-06-13 08:54:24] Finalizacao da sincronizacao. falhou=False importados=0.
[2026-06-13 09:05:22] Inicio da rotina de sincronizacao da planilha.
[2026-06-13 09:05:22] Worker iniciado. worksheet='RespostasForm' auth_mode='oauth_user' spreadsheet_id='11MaCntcOh4-TGSyQRWS3nPuttNiRsvWq0O8mBxNH5qg'.
[2026-06-13 09:05:24] Leitura da planilha concluida. Linhas recebidas: 26.
[2026-06-13 09:05:24] Linha 2 invalida: Informe ao menos um link entre as colunas F/I/K/M/O..
[2026-06-13 09:05:24] Linha 3 invalida: Informe ao menos um link entre as colunas F/I/K/M/O..
[2026-06-13 09:05:24] Linha 2: erro de validacao (Informe ao menos um link entre as colunas F/I/K/M/O.).
[2026-06-13 09:05:24] Linha 3: erro de validacao (Informe ao menos um link entre as colunas F/I/K/M/O.).
[2026-06-13 09:05:24] Finalizacao da sincronizacao. falhou=False importados=0.
[2026-06-13 09:16:22] Inicio da rotina de sincronizacao da planilha.
[2026-06-13 09:16:22] Worker iniciado. worksheet='RespostasForm' auth_mode='oauth_user' spreadsheet_id='11MaCntcOh4-TGSyQRWS3nPuttNiRsvWq0O8mBxNH5qg'.
[2026-06-13 09:16:24] Leitura da planilha concluida. Linhas recebidas: 26.
[2026-06-13 09:16:24] Linha 2 invalida: Informe ao menos um link entre as colunas F/I/K/M/O..
[2026-06-13 09:16:24] Linha 3 invalida: Informe ao menos um link entre as colunas F/I/K/M/O..
[2026-06-13 09:16:24] Linha 2: erro de validacao (Informe ao menos um link entre as colunas F/I/K/M/O.).
[2026-06-13 09:16:24] Linha 3: erro de validacao (Informe ao menos um link entre as colunas F/I/K/M/O.).
[2026-06-13 09:16:24] Finalizacao da sincronizacao. falhou=False importados=0.
[2026-06-13 09:27:22] Inicio da rotina de sincronizacao da planilha.
[2026-06-13 09:27:22] Worker iniciado. worksheet='RespostasForm' auth_mode='oauth_user' spreadsheet_id='11MaCntcOh4-TGSyQRWS3nPuttNiRsvWq0O8mBxNH5qg'.
[2026-06-13 09:27:22] Atualizando token OAuth da planilha.
[2026-06-13 09:27:24] Leitura da planilha concluida. Linhas recebidas: 26.
[2026-06-13 09:27:24] Linha 2 invalida: Informe ao menos um link entre as colunas F/I/K/M/O..
[2026-06-13 09:27:24] Linha 3 invalida: Informe ao menos um link entre as colunas F/I/K/M/O..
[2026-06-13 09:27:24] Linha 2: erro de validacao (Informe ao menos um link entre as colunas F/I/K/M/O.).
[2026-06-13 09:27:24] Linha 3: erro de validacao (Informe ao menos um link entre as colunas F/I/K/M/O.).
[2026-06-13 09:27:24] Finalizacao da sincronizacao. falhou=False importados=0.
[2026-06-13 09:38:23] Inicio da rotina de sincronizacao da planilha.
[2026-06-13 09:38:23] Worker iniciado. worksheet='RespostasForm' auth_mode='oauth_user' spreadsheet_id='11MaCntcOh4-TGSyQRWS3nPuttNiRsvWq0O8mBxNH5qg'.
[2026-06-13 09:38:24] Leitura da planilha concluida. Linhas recebidas: 26.
[2026-06-13 09:38:24] Linha 2 invalida: Informe ao menos um link entre as colunas F/I/K/M/O..
[2026-06-13 09:38:24] Linha 3 invalida: Informe ao menos um link entre as colunas F/I/K/M/O..
[2026-06-13 09:38:24] Linha 2: erro de validacao (Informe ao menos um link entre as colunas F/I/K/M/O.).
[2026-06-13 09:38:24] Linha 3: erro de validacao (Informe ao menos um link entre as colunas F/I/K/M/O.).
[2026-06-13 09:38:24] Finalizacao da sincronizacao. falhou=False importados=0.
[2026-06-13 13:27:35] Inicio da rotina de sincronizacao da planilha.
[2026-06-13 13:27:35] Worker iniciado. worksheet='RespostasForm' auth_mode='oauth_user' spreadsheet_id='11MaCntcOh4-TGSyQRWS3nPuttNiRsvWq0O8mBxNH5qg'.
[2026-06-13 13:27:35] Atualizando token OAuth da planilha.
[2026-06-13 13:27:35] Falha na importacao da planilha: HTTPSConnectionPool(host='oauth2.googleapis.com', port=443): Max retries exceeded with url: /token (Caused by NameResolutionError("HTTPSConnection(host='oauth2.googleapis.com', port=443): Failed to resolve 'oauth2.googleapis.com' ([Errno 11001] getaddrinfo failed)"))
[2026-06-13 13:27:35] Falha na importacao da planilha: HTTPSConnectionPool(host='oauth2.googleapis.com', port=443): Max retries exceeded with url: /token (Caused by NameResolutionError("HTTPSConnection(host='oauth2.googleapis.com', port=443): Failed to resolve 'oauth2.googleapis.com' ([Errno 11001] getaddrinfo failed)"))
[2026-06-13 13:27:35] Finalizacao da sincronizacao. falhou=True importados=0.
[2026-06-13 13:37:36] Inicio da rotina de sincronizacao da planilha.
[2026-06-13 13:37:36] Worker iniciado. worksheet='RespostasForm' auth_mode='oauth_user' spreadsheet_id='11MaCntcOh4-TGSyQRWS3nPuttNiRsvWq0O8mBxNH5qg'.
[2026-06-13 13:37:36] Atualizando token OAuth da planilha.
[2026-06-13 13:37:37] Leitura da planilha concluida. Linhas recebidas: 26.
[2026-06-13 13:37:37] Linha 2 invalida: Informe ao menos um link entre as colunas F/I/K/M/O..
[2026-06-13 13:37:37] Linha 3 invalida: Informe ao menos um link entre as colunas F/I/K/M/O..
[2026-06-13 13:37:37] Linha 2: erro de validacao (Informe ao menos um link entre as colunas F/I/K/M/O.).
[2026-06-13 13:37:37] Linha 3: erro de validacao (Informe ao menos um link entre as colunas F/I/K/M/O.).
[2026-06-13 13:37:37] Finalizacao da sincronizacao. falhou=False importados=0.
