=== Inicio do log de sincronizacao de planilha: 2026-07-19T09:44:39 ===
[2026-07-19 09:44:39] Inicio da rotina de sincronizacao da planilha.
[2026-07-19 09:44:39] Worker iniciado. worksheet='RespostasForm' auth_mode='oauth_user' spreadsheet_id='11MaCntcOh4-TGSyQRWS3nPuttNiRsvWq0O8mBxNH5qg'.
[2026-07-19 09:44:41] Leitura da planilha concluida. Linhas recebidas: 26.
[2026-07-19 09:44:41] Linha 2 invalida: Informe ao menos um link entre as colunas F/I/K/M/O..
[2026-07-19 09:44:41] Linha 3 invalida: Informe ao menos um link entre as colunas F/I/K/M/O..
[2026-07-19 09:44:41] Linha 2: erro de validacao (Informe ao menos um link entre as colunas F/I/K/M/O.).
[2026-07-19 09:44:41] Linha 3: erro de validacao (Informe ao menos um link entre as colunas F/I/K/M/O.).
[2026-07-19 09:44:41] Finalizacao da sincronizacao. falhou=False importados=0.
[2026-07-19 09:52:38] Inicio da rotina de sincronizacao da planilha.
[2026-07-19 09:52:38] Worker iniciado. worksheet='RespostasForm' auth_mode='oauth_user' spreadsheet_id='11MaCntcOh4-TGSyQRWS3nPuttNiRsvWq0O8mBxNH5qg'.
[2026-07-19 09:52:38] Atualizando token OAuth da planilha.
[2026-07-19 09:52:40] Leitura da planilha concluida. Linhas recebidas: 26.
[2026-07-19 09:52:40] Linha 2 invalida: Informe ao menos um link entre as colunas F/I/K/M/O..
[2026-07-19 09:52:40] Linha 3 invalida: Informe ao menos um link entre as colunas F/I/K/M/O..
[2026-07-19 09:52:40] Linha 2: erro de validacao (Informe ao menos um link entre as colunas F/I/K/M/O.).
[2026-07-19 09:52:40] Linha 3: erro de validacao (Informe ao menos um link entre as colunas F/I/K/M/O.).
[2026-07-19 09:52:40] Finalizacao da sincronizacao. falhou=False importados=0.
[2026-07-19 10:09:37] Inicio da rotina de sincronizacao da planilha.
[2026-07-19 10:09:37] Worker iniciado. worksheet='RespostasForm' auth_mode='oauth_user' spreadsheet_id='11MaCntcOh4-TGSyQRWS3nPuttNiRsvWq0O8mBxNH5qg'.
[2026-07-19 10:09:38] Leitura da planilha concluida. Linhas recebidas: 26.
[2026-07-19 10:09:38] Linha 2 invalida: Informe ao menos um link entre as colunas F/I/K/M/O..
[2026-07-19 10:09:38] Linha 3 invalida: Informe ao menos um link entre as colunas F/I/K/M/O..
[2026-07-19 10:09:38] Linha 2: erro de validacao (Informe ao menos um link entre as colunas F/I/K/M/O.).
[2026-07-19 10:09:38] Linha 3: erro de validacao (Informe ao menos um link entre as colunas F/I/K/M/O.).
[2026-07-19 10:09:38] Finalizacao da sincronizacao. falhou=False importados=0.
[2026-07-19 10:24:42] Inicio da rotina de sincronizacao da planilha.
[2026-07-19 10:24:42] Worker iniciado. worksheet='RespostasForm' auth_mode='oauth_user' spreadsheet_id='11MaCntcOh4-TGSyQRWS3nPuttNiRsvWq0O8mBxNH5qg'.
[2026-07-19 10:24:44] Leitura da planilha concluida. Linhas recebidas: 26.
[2026-07-19 10:24:44] Linha 2 invalida: Informe ao menos um link entre as colunas F/I/K/M/O..
[2026-07-19 10:24:44] Linha 3 invalida: Informe ao menos um link entre as colunas F/I/K/M/O..
[2026-07-19 10:24:44] Linha 2: erro de validacao (Informe ao menos um link entre as colunas F/I/K/M/O.).
[2026-07-19 10:24:44] Linha 3: erro de validacao (Informe ao menos um link entre as colunas F/I/K/M/O.).
[2026-07-19 10:24:44] Finalizacao da sincronizacao. falhou=False importados=0.
[2026-07-19 10:34:35] Inicio da rotina de sincronizacao da planilha.
[2026-07-19 10:34:35] Worker iniciado. worksheet='RespostasForm' auth_mode='oauth_user' spreadsheet_id='11MaCntcOh4-TGSyQRWS3nPuttNiRsvWq0O8mBxNH5qg'.
[2026-07-19 10:34:36] Leitura da planilha concluida. Linhas recebidas: 26.
[2026-07-19 10:34:36] Linha 2 invalida: Informe ao menos um link entre as colunas F/I/K/M/O..
[2026-07-19 10:34:36] Linha 3 invalida: Informe ao menos um link entre as colunas F/I/K/M/O..
[2026-07-19 10:34:36] Linha 2: erro de validacao (Informe ao menos um link entre as colunas F/I/K/M/O.).
[2026-07-19 10:34:36] Linha 3: erro de validacao (Informe ao menos um link entre as colunas F/I/K/M/O.).
[2026-07-19 10:34:36] Finalizacao da sincronizacao. falhou=False importados=0.
[2026-07-19 10:43:44] Inicio da rotina de sincronizacao da planilha.
[2026-07-19 10:43:44] Worker iniciado. worksheet='RespostasForm' auth_mode='oauth_user' spreadsheet_id='11MaCntcOh4-TGSyQRWS3nPuttNiRsvWq0O8mBxNH5qg'.
[2026-07-19 10:43:45] Leitura da planilha concluida. Linhas recebidas: 26.
[2026-07-19 10:43:45] Linha 2 invalida: Informe ao menos um link entre as colunas F/I/K/M/O..
[2026-07-19 10:43:45] Linha 3 invalida: Informe ao menos um link entre as colunas F/I/K/M/O..
[2026-07-19 10:43:45] Linha 2: erro de validacao (Informe ao menos um link entre as colunas F/I/K/M/O.).
[2026-07-19 10:43:45] Linha 3: erro de validacao (Informe ao menos um link entre as colunas F/I/K/M/O.).
[2026-07-19 10:43:45] Finalizacao da sincronizacao. falhou=False importados=0.
[2026-07-19 20:05:42] Inicio da rotina de sincronizacao da planilha.
[2026-07-19 20:05:42] Worker iniciado. worksheet='RespostasForm' auth_mode='oauth_user' spreadsheet_id='11MaCntcOh4-TGSyQRWS3nPuttNiRsvWq0O8mBxNH5qg'.
[2026-07-19 20:05:42] Atualizando token OAuth da planilha.
[2026-07-19 20:05:44] Leitura da planilha concluida. Linhas recebidas: 26.
[2026-07-19 20:05:44] Linha 2 invalida: Informe ao menos um link entre as colunas F/I/K/M/O..
[2026-07-19 20:05:44] Linha 3 invalida: Informe ao menos um link entre as colunas F/I/K/M/O..
[2026-07-19 20:05:44] Linha 2: erro de validacao (Informe ao menos um link entre as colunas F/I/K/M/O.).
[2026-07-19 20:05:44] Linha 3: erro de validacao (Informe ao menos um link entre as colunas F/I/K/M/O.).
[2026-07-19 20:05:44] Finalizacao da sincronizacao. falhou=False importados=0.
[2026-07-19 20:16:01] Inicio da rotina de sincronizacao da planilha.
[2026-07-19 20:16:01] Worker iniciado. worksheet='RespostasForm' auth_mode='oauth_user' spreadsheet_id='11MaCntcOh4-TGSyQRWS3nPuttNiRsvWq0O8mBxNH5qg'.
[2026-07-19 20:16:02] Leitura da planilha concluida. Linhas recebidas: 26.
[2026-07-19 20:16:02] Linha 2 invalida: Informe ao menos um link entre as colunas F/I/K/M/O..
[2026-07-19 20:16:02] Linha 3 invalida: Informe ao menos um link entre as colunas F/I/K/M/O..
[2026-07-19 20:16:02] Linha 2: erro de validacao (Informe ao menos um link entre as colunas F/I/K/M/O.).
[2026-07-19 20:16:02] Linha 3: erro de validacao (Informe ao menos um link entre as colunas F/I/K/M/O.).
[2026-07-19 20:16:02] Finalizacao da sincronizacao. falhou=False importados=0.
[2026-07-19 20:22:01] Inicio da rotina de sincronizacao da planilha.
[2026-07-19 20:22:01] Worker iniciado. worksheet='RespostasForm' auth_mode='oauth_user' spreadsheet_id='11MaCntcOh4-TGSyQRWS3nPuttNiRsvWq0O8mBxNH5qg'.
[2026-07-19 20:22:03] Leitura da planilha concluida. Linhas recebidas: 26.
[2026-07-19 20:22:03] Linha 2 invalida: Informe ao menos um link entre as colunas F/I/K/M/O..
[2026-07-19 20:22:03] Linha 3 invalida: Informe ao menos um link entre as colunas F/I/K/M/O..
[2026-07-19 20:22:03] Linha 2: erro de validacao (Informe ao menos um link entre as colunas F/I/K/M/O.).
[2026-07-19 20:22:03] Linha 3: erro de validacao (Informe ao menos um link entre as colunas F/I/K/M/O.).
[2026-07-19 20:22:03] Finalizacao da sincronizacao. falhou=False importados=0.
[2026-07-19 20:31:19] Inicio da rotina de sincronizacao da planilha.
[2026-07-19 20:31:19] Worker iniciado. worksheet='RespostasForm' auth_mode='oauth_user' spreadsheet_id='11MaCntcOh4-TGSyQRWS3nPuttNiRsvWq0O8mBxNH5qg'.
[2026-07-19 20:31:20] Leitura da planilha concluida. Linhas recebidas: 26.
[2026-07-19 20:31:20] Linha 2 invalida: Informe ao menos um link entre as colunas F/I/K/M/O..
[2026-07-19 20:31:20] Linha 3 invalida: Informe ao menos um link entre as colunas F/I/K/M/O..
[2026-07-19 20:31:20] Linha 2: erro de validacao (Informe ao menos um link entre as colunas F/I/K/M/O.).
[2026-07-19 20:31:20] Linha 3: erro de validacao (Informe ao menos um link entre as colunas F/I/K/M/O.).
[2026-07-19 20:31:20] Finalizacao da sincronizacao. falhou=False importados=0.
[2026-07-19 20:40:53] Inicio da rotina de sincronizacao da planilha.
[2026-07-19 20:40:53] Worker iniciado. worksheet='RespostasForm' auth_mode='oauth_user' spreadsheet_id='11MaCntcOh4-TGSyQRWS3nPuttNiRsvWq0O8mBxNH5qg'.
[2026-07-19 20:40:55] Leitura da planilha concluida. Linhas recebidas: 26.
[2026-07-19 20:40:55] Linha 2 invalida: Informe ao menos um link entre as colunas F/I/K/M/O..
[2026-07-19 20:40:55] Linha 3 invalida: Informe ao menos um link entre as colunas F/I/K/M/O..
[2026-07-19 20:40:55] Linha 2: erro de validacao (Informe ao menos um link entre as colunas F/I/K/M/O.).
[2026-07-19 20:40:55] Linha 3: erro de validacao (Informe ao menos um link entre as colunas F/I/K/M/O.).
[2026-07-19 20:40:55] Finalizacao da sincronizacao. falhou=False importados=0.
[2026-07-19 20:48:03] Inicio da rotina de sincronizacao da planilha.
[2026-07-19 20:48:03] Worker iniciado. worksheet='RespostasForm' auth_mode='oauth_user' spreadsheet_id='11MaCntcOh4-TGSyQRWS3nPuttNiRsvWq0O8mBxNH5qg'.
[2026-07-19 20:48:05] Leitura da planilha concluida. Linhas recebidas: 26.
[2026-07-19 20:48:05] Linha 2 invalida: Informe ao menos um link entre as colunas F/I/K/M/O..
[2026-07-19 20:48:05] Linha 3 invalida: Informe ao menos um link entre as colunas F/I/K/M/O..
[2026-07-19 20:48:05] Linha 2: erro de validacao (Informe ao menos um link entre as colunas F/I/K/M/O.).
[2026-07-19 20:48:05] Linha 3: erro de validacao (Informe ao menos um link entre as colunas F/I/K/M/O.).
[2026-07-19 20:48:05] Finalizacao da sincronizacao. falhou=False importados=0.
[2026-07-19 20:56:54] Inicio da rotina de sincronizacao da planilha.
[2026-07-19 20:56:54] Worker iniciado. worksheet='RespostasForm' auth_mode='oauth_user' spreadsheet_id='11MaCntcOh4-TGSyQRWS3nPuttNiRsvWq0O8mBxNH5qg'.
[2026-07-19 20:56:55] Leitura da planilha concluida. Linhas recebidas: 26.
[2026-07-19 20:56:55] Linha 2 invalida: Informe ao menos um link entre as colunas F/I/K/M/O..
[2026-07-19 20:56:55] Linha 3 invalida: Informe ao menos um link entre as colunas F/I/K/M/O..
[2026-07-19 20:56:55] Linha 2: erro de validacao (Informe ao menos um link entre as colunas F/I/K/M/O.).
[2026-07-19 20:56:55] Linha 3: erro de validacao (Informe ao menos um link entre as colunas F/I/K/M/O.).
[2026-07-19 20:56:55] Finalizacao da sincronizacao. falhou=False importados=0.
[2026-07-19 21:03:10] Inicio da rotina de sincronizacao da planilha.
[2026-07-19 21:03:10] Worker iniciado. worksheet='RespostasForm' auth_mode='oauth_user' spreadsheet_id='11MaCntcOh4-TGSyQRWS3nPuttNiRsvWq0O8mBxNH5qg'.
[2026-07-19 21:03:10] Atualizando token OAuth da planilha.
[2026-07-19 21:03:11] Leitura da planilha concluida. Linhas recebidas: 26.
[2026-07-19 21:03:11] Linha 2 invalida: Informe ao menos um link entre as colunas F/I/K/M/O..
[2026-07-19 21:03:11] Linha 3 invalida: Informe ao menos um link entre as colunas F/I/K/M/O..
[2026-07-19 21:03:11] Linha 2: erro de validacao (Informe ao menos um link entre as colunas F/I/K/M/O.).
[2026-07-19 21:03:11] Linha 3: erro de validacao (Informe ao menos um link entre as colunas F/I/K/M/O.).
[2026-07-19 21:03:11] Finalizacao da sincronizacao. falhou=False importados=0.
