=== Inicio do log de sincronizacao de planilha: 2026-06-15T19:23:52 ===
[2026-06-15 19:23:52] Inicio da rotina de sincronizacao da planilha.
[2026-06-15 19:23:52] Worker iniciado. worksheet='RespostasForm' auth_mode='oauth_user' spreadsheet_id='11MaCntcOh4-TGSyQRWS3nPuttNiRsvWq0O8mBxNH5qg'.
[2026-06-15 19:23:52] Atualizando token OAuth da planilha.
[2026-06-15 19:23:53] Token OAuth expirado/revogado. Solicitando nova autorizacao no navegador.
[2026-06-15 19:23:53] Aguardando autorizacao do Google no navegador para sincronizar a planilha.
[2026-06-15 19:24:52] Inicio da rotina de sincronizacao da planilha.
[2026-06-15 19:24:52] Sincronizacao ignorada: ja existe execucao em andamento.
[2026-06-15 19:25:11] Sincronizacao manual solicitada pelo usuario.
[2026-06-15 19:25:11] Inicio da rotina de sincronizacao da planilha.
[2026-06-15 19:25:11] Sincronizacao ignorada: ja existe execucao em andamento.
[2026-06-15 19:25:21] Sincronizacao manual solicitada pelo usuario.
[2026-06-15 19:25:21] Inicio da rotina de sincronizacao da planilha.
[2026-06-15 19:25:21] Sincronizacao ignorada: ja existe execucao em andamento.
[2026-06-15 19:25:52] Inicio da rotina de sincronizacao da planilha.
[2026-06-15 19:25:52] Sincronizacao ignorada: ja existe execucao em andamento.
[2026-06-15 19:26:52] Inicio da rotina de sincronizacao da planilha.
[2026-06-15 19:26:52] Sincronizacao ignorada: ja existe execucao em andamento.
[2026-06-15 19:27:52] Inicio da rotina de sincronizacao da planilha.
[2026-06-15 19:27:52] Sincronizacao ignorada: ja existe execucao em andamento.
[2026-06-15 19:28:52] Inicio da rotina de sincronizacao da planilha.
[2026-06-15 19:28:52] Sincronizacao ignorada: ja existe execucao em andamento.
[2026-06-15 19:29:52] Inicio da rotina de sincronizacao da planilha.
[2026-06-15 19:29:52] Sincronizacao ignorada: ja existe execucao em andamento.
[2026-06-15 19:30:52] Inicio da rotina de sincronizacao da planilha.
[2026-06-15 19:30:52] Sincronizacao ignorada: ja existe execucao em andamento.
[2026-06-15 19:31:52] Inicio da rotina de sincronizacao da planilha.
[2026-06-15 19:31:52] Sincronizacao ignorada: ja existe execucao em andamento.
[2026-06-15 19:32:52] Inicio da rotina de sincronizacao da planilha.
[2026-06-15 19:32:52] Sincronizacao ignorada: ja existe execucao em andamento.
[2026-06-15 19:33:52] Inicio da rotina de sincronizacao da planilha.
[2026-06-15 19:33:52] Sincronizacao ignorada: ja existe execucao em andamento.
[2026-06-15 19:34:52] Inicio da rotina de sincronizacao da planilha.
[2026-06-15 19:34:52] Sincronizacao ignorada: ja existe execucao em andamento.
[2026-06-15 19:35:52] Inicio da rotina de sincronizacao da planilha.
[2026-06-15 19:35:52] Sincronizacao ignorada: ja existe execucao em andamento.
[2026-06-15 19:36:52] Inicio da rotina de sincronizacao da planilha.
[2026-06-15 19:36:52] Sincronizacao ignorada: ja existe execucao em andamento.
[2026-06-15 19:37:52] Inicio da rotina de sincronizacao da planilha.
[2026-06-15 19:37:52] Sincronizacao ignorada: ja existe execucao em andamento.
[2026-06-15 19:38:52] Inicio da rotina de sincronizacao da planilha.
[2026-06-15 19:38:52] Sincronizacao ignorada: ja existe execucao em andamento.
[2026-06-15 19:39:52] Inicio da rotina de sincronizacao da planilha.
[2026-06-15 19:39:52] Sincronizacao ignorada: ja existe execucao em andamento.
[2026-06-15 19:40:52] Inicio da rotina de sincronizacao da planilha.
[2026-06-15 19:40:52] Sincronizacao ignorada: ja existe execucao em andamento.
[2026-06-15 19:41:52] Inicio da rotina de sincronizacao da planilha.
[2026-06-15 19:41:52] Sincronizacao ignorada: ja existe execucao em andamento.
[2026-06-15 19:42:52] Inicio da rotina de sincronizacao da planilha.
[2026-06-15 19:42:52] Sincronizacao ignorada: ja existe execucao em andamento.
[2026-06-15 19:43:52] Inicio da rotina de sincronizacao da planilha.
[2026-06-15 19:43:52] Sincronizacao ignorada: ja existe execucao em andamento.
[2026-06-15 19:44:52] Inicio da rotina de sincronizacao da planilha.
[2026-06-15 19:44:52] Sincronizacao ignorada: ja existe execucao em andamento.
[2026-06-15 19:45:52] Inicio da rotina de sincronizacao da planilha.
[2026-06-15 19:45:52] Sincronizacao ignorada: ja existe execucao em andamento.
[2026-06-15 19:46:52] Inicio da rotina de sincronizacao da planilha.
[2026-06-15 19:46:52] Sincronizacao ignorada: ja existe execucao em andamento.
[2026-06-15 19:47:52] Inicio da rotina de sincronizacao da planilha.
[2026-06-15 19:47:52] Sincronizacao ignorada: ja existe execucao em andamento.
[2026-06-15 19:48:52] Inicio da rotina de sincronizacao da planilha.
[2026-06-15 19:48:52] Sincronizacao ignorada: ja existe execucao em andamento.
[2026-06-15 19:49:52] Inicio da rotina de sincronizacao da planilha.
[2026-06-15 19:49:52] Sincronizacao ignorada: ja existe execucao em andamento.
[2026-06-15 19:50:52] Inicio da rotina de sincronizacao da planilha.
[2026-06-15 19:50:52] Sincronizacao ignorada: ja existe execucao em andamento.
[2026-06-15 19:51:52] Inicio da rotina de sincronizacao da planilha.
[2026-06-15 19:51:52] Sincronizacao ignorada: ja existe execucao em andamento.
[2026-06-15 19:52:52] Inicio da rotina de sincronizacao da planilha.
[2026-06-15 19:52:52] Sincronizacao ignorada: ja existe execucao em andamento.
[2026-06-15 19:53:52] Inicio da rotina de sincronizacao da planilha.
[2026-06-15 19:53:52] Sincronizacao ignorada: ja existe execucao em andamento.
[2026-06-15 19:54:52] Inicio da rotina de sincronizacao da planilha.
[2026-06-15 19:54:52] Sincronizacao ignorada: ja existe execucao em andamento.
[2026-06-15 19:55:52] Inicio da rotina de sincronizacao da planilha.
[2026-06-15 19:55:52] Sincronizacao ignorada: ja existe execucao em andamento.
[2026-06-15 19:56:52] Inicio da rotina de sincronizacao da planilha.
[2026-06-15 19:56:52] Sincronizacao ignorada: ja existe execucao em andamento.
[2026-06-15 19:57:52] Inicio da rotina de sincronizacao da planilha.
[2026-06-15 19:57:52] Sincronizacao ignorada: ja existe execucao em andamento.
[2026-06-15 19:58:52] Inicio da rotina de sincronizacao da planilha.
[2026-06-15 19:58:52] Sincronizacao ignorada: ja existe execucao em andamento.
[2026-06-15 19:59:52] Inicio da rotina de sincronizacao da planilha.
[2026-06-15 19:59:52] Sincronizacao ignorada: ja existe execucao em andamento.
[2026-06-15 20:00:52] Inicio da rotina de sincronizacao da planilha.
[2026-06-15 20:00:52] Sincronizacao ignorada: ja existe execucao em andamento.
[2026-06-15 20:01:52] Inicio da rotina de sincronizacao da planilha.
[2026-06-15 20:01:52] Sincronizacao ignorada: ja existe execucao em andamento.
[2026-06-15 20:02:52] Inicio da rotina de sincronizacao da planilha.
[2026-06-15 20:02:52] Sincronizacao ignorada: ja existe execucao em andamento.
[2026-06-15 20:03:52] Inicio da rotina de sincronizacao da planilha.
[2026-06-15 20:03:52] Sincronizacao ignorada: ja existe execucao em andamento.
[2026-06-15 20:04:52] Inicio da rotina de sincronizacao da planilha.
[2026-06-15 20:04:52] Sincronizacao ignorada: ja existe execucao em andamento.
[2026-06-15 20:05:52] Inicio da rotina de sincronizacao da planilha.
[2026-06-15 20:05:52] Sincronizacao ignorada: ja existe execucao em andamento.
[2026-06-15 20:06:52] Inicio da rotina de sincronizacao da planilha.
[2026-06-15 20:06:52] Sincronizacao ignorada: ja existe execucao em andamento.
[2026-06-15 20:07:52] Inicio da rotina de sincronizacao da planilha.
[2026-06-15 20:07:52] Sincronizacao ignorada: ja existe execucao em andamento.
[2026-06-15 20:08:52] Inicio da rotina de sincronizacao da planilha.
[2026-06-15 20:08:52] Sincronizacao ignorada: ja existe execucao em andamento.
[2026-06-15 20:09:52] Inicio da rotina de sincronizacao da planilha.
[2026-06-15 20:09:52] Sincronizacao ignorada: ja existe execucao em andamento.
[2026-06-15 20:10:52] Inicio da rotina de sincronizacao da planilha.
[2026-06-15 20:10:52] Sincronizacao ignorada: ja existe execucao em andamento.
[2026-06-15 20:11:52] Inicio da rotina de sincronizacao da planilha.
[2026-06-15 20:11:52] Sincronizacao ignorada: ja existe execucao em andamento.
[2026-06-15 20:12:52] Inicio da rotina de sincronizacao da planilha.
[2026-06-15 20:12:52] Sincronizacao ignorada: ja existe execucao em andamento.
[2026-06-15 20:13:48] Sincronizacao manual solicitada pelo usuario.
[2026-06-15 20:13:48] Inicio da rotina de sincronizacao da planilha.
[2026-06-15 20:13:48] Sincronizacao ignorada: ja existe execucao em andamento.
[2026-06-15 20:13:53] Inicio da rotina de sincronizacao da planilha.
[2026-06-15 20:13:53] Sincronizacao ignorada: ja existe execucao em andamento.
[2026-06-15 20:14:14] Sincronizacao manual solicitada pelo usuario.
[2026-06-15 20:14:14] Inicio da rotina de sincronizacao da planilha.
[2026-06-15 20:14:14] Sincronizacao ignorada: ja existe execucao em andamento.
[2026-06-15 20:14:26] Sincronizacao manual solicitada pelo usuario.
[2026-06-15 20:14:26] Inicio da rotina de sincronizacao da planilha.
[2026-06-15 20:14:26] Sincronizacao ignorada: ja existe execucao em andamento.
[2026-06-15 20:14:53] Inicio da rotina de sincronizacao da planilha.
[2026-06-15 20:14:53] Sincronizacao ignorada: ja existe execucao em andamento.
[2026-06-15 20:15:53] Inicio da rotina de sincronizacao da planilha.
[2026-06-15 20:15:53] Sincronizacao ignorada: ja existe execucao em andamento.
[2026-06-15 20:16:53] Inicio da rotina de sincronizacao da planilha.
[2026-06-15 20:16:53] Sincronizacao ignorada: ja existe execucao em andamento.
[2026-06-15 20:17:53] Inicio da rotina de sincronizacao da planilha.
[2026-06-15 20:17:53] Sincronizacao ignorada: ja existe execucao em andamento.
[2026-06-15 20:18:53] Inicio da rotina de sincronizacao da planilha.
[2026-06-15 20:18:53] Sincronizacao ignorada: ja existe execucao em andamento.
[2026-06-15 20:19:53] Inicio da rotina de sincronizacao da planilha.
[2026-06-15 20:19:53] Sincronizacao ignorada: ja existe execucao em andamento.
[2026-06-15 20:20:53] Inicio da rotina de sincronizacao da planilha.
[2026-06-15 20:20:53] Sincronizacao ignorada: ja existe execucao em andamento.
[2026-06-15 20:21:53] Inicio da rotina de sincronizacao da planilha.
[2026-06-15 20:21:53] Sincronizacao ignorada: ja existe execucao em andamento.
[2026-06-15 20:22:53] Inicio da rotina de sincronizacao da planilha.
[2026-06-15 20:22:53] Sincronizacao ignorada: ja existe execucao em andamento.
[2026-06-15 20:23:53] Inicio da rotina de sincronizacao da planilha.
[2026-06-15 20:23:53] Sincronizacao ignorada: ja existe execucao em andamento.
[2026-06-15 20:24:53] Inicio da rotina de sincronizacao da planilha.
[2026-06-15 20:24:53] Sincronizacao ignorada: ja existe execucao em andamento.
[2026-06-15 20:25:53] Inicio da rotina de sincronizacao da planilha.
[2026-06-15 20:25:53] Sincronizacao ignorada: ja existe execucao em andamento.
[2026-06-15 20:26:53] Inicio da rotina de sincronizacao da planilha.
[2026-06-15 20:26:53] Sincronizacao ignorada: ja existe execucao em andamento.
[2026-06-15 20:27:53] Inicio da rotina de sincronizacao da planilha.
[2026-06-15 20:27:53] Sincronizacao ignorada: ja existe execucao em andamento.
[2026-06-15 20:28:53] Inicio da rotina de sincronizacao da planilha.
[2026-06-15 20:28:53] Sincronizacao ignorada: ja existe execucao em andamento.
[2026-06-15 20:29:53] Inicio da rotina de sincronizacao da planilha.
[2026-06-15 20:29:53] Sincronizacao ignorada: ja existe execucao em andamento.
[2026-06-15 20:30:53] Inicio da rotina de sincronizacao da planilha.
[2026-06-15 20:30:53] Sincronizacao ignorada: ja existe execucao em andamento.
[2026-06-15 20:31:53] Inicio da rotina de sincronizacao da planilha.
[2026-06-15 20:31:53] Sincronizacao ignorada: ja existe execucao em andamento.
[2026-06-15 20:32:53] Inicio da rotina de sincronizacao da planilha.
[2026-06-15 20:32:53] Sincronizacao ignorada: ja existe execucao em andamento.
[2026-06-15 20:33:53] Inicio da rotina de sincronizacao da planilha.
[2026-06-15 20:33:53] Sincronizacao ignorada: ja existe execucao em andamento.
[2026-06-15 20:34:53] Inicio da rotina de sincronizacao da planilha.
[2026-06-15 20:34:53] Sincronizacao ignorada: ja existe execucao em andamento.
[2026-06-15 20:35:53] Inicio da rotina de sincronizacao da planilha.
[2026-06-15 20:35:53] Sincronizacao ignorada: ja existe execucao em andamento.
[2026-06-15 20:36:53] Inicio da rotina de sincronizacao da planilha.
[2026-06-15 20:36:53] Sincronizacao ignorada: ja existe execucao em andamento.
[2026-06-15 20:37:53] Inicio da rotina de sincronizacao da planilha.
[2026-06-15 20:37:53] Sincronizacao ignorada: ja existe execucao em andamento.
[2026-06-15 20:38:53] Inicio da rotina de sincronizacao da planilha.
[2026-06-15 20:38:53] Sincronizacao ignorada: ja existe execucao em andamento.
[2026-06-15 20:39:53] Inicio da rotina de sincronizacao da planilha.
[2026-06-15 20:39:53] Sincronizacao ignorada: ja existe execucao em andamento.
[2026-06-15 20:40:53] Inicio da rotina de sincronizacao da planilha.
[2026-06-15 20:40:53] Sincronizacao ignorada: ja existe execucao em andamento.
[2026-06-15 20:41:53] Inicio da rotina de sincronizacao da planilha.
[2026-06-15 20:41:53] Sincronizacao ignorada: ja existe execucao em andamento.
[2026-06-15 20:42:53] Inicio da rotina de sincronizacao da planilha.
[2026-06-15 20:42:53] Sincronizacao ignorada: ja existe execucao em andamento.
[2026-06-15 20:43:53] Inicio da rotina de sincronizacao da planilha.
[2026-06-15 20:43:53] Sincronizacao ignorada: ja existe execucao em andamento.
[2026-06-15 20:44:53] Inicio da rotina de sincronizacao da planilha.
[2026-06-15 20:44:53] Sincronizacao ignorada: ja existe execucao em andamento.
[2026-06-15 20:45:53] Inicio da rotina de sincronizacao da planilha.
[2026-06-15 20:45:53] Sincronizacao ignorada: ja existe execucao em andamento.
[2026-06-15 20:46:53] Inicio da rotina de sincronizacao da planilha.
[2026-06-15 20:46:53] Sincronizacao ignorada: ja existe execucao em andamento.
[2026-06-15 20:47:53] Inicio da rotina de sincronizacao da planilha.
[2026-06-15 20:47:53] Sincronizacao ignorada: ja existe execucao em andamento.
[2026-06-15 20:48:53] Inicio da rotina de sincronizacao da planilha.
[2026-06-15 20:48:53] Sincronizacao ignorada: ja existe execucao em andamento.
[2026-06-15 20:49:53] Inicio da rotina de sincronizacao da planilha.
[2026-06-15 20:49:53] Sincronizacao ignorada: ja existe execucao em andamento.
[2026-06-15 20:50:53] Inicio da rotina de sincronizacao da planilha.
[2026-06-15 20:50:53] Sincronizacao ignorada: ja existe execucao em andamento.
[2026-06-15 20:51:53] Inicio da rotina de sincronizacao da planilha.
[2026-06-15 20:51:53] Sincronizacao ignorada: ja existe execucao em andamento.
[2026-06-15 20:52:53] Inicio da rotina de sincronizacao da planilha.
[2026-06-15 20:52:53] Sincronizacao ignorada: ja existe execucao em andamento.
[2026-06-15 20:53:53] Inicio da rotina de sincronizacao da planilha.
[2026-06-15 20:53:53] Sincronizacao ignorada: ja existe execucao em andamento.
[2026-06-15 20:54:53] Inicio da rotina de sincronizacao da planilha.
[2026-06-15 20:54:53] Sincronizacao ignorada: ja existe execucao em andamento.
[2026-06-15 20:55:53] Inicio da rotina de sincronizacao da planilha.
[2026-06-15 20:55:53] Sincronizacao ignorada: ja existe execucao em andamento.
[2026-06-15 20:56:53] Inicio da rotina de sincronizacao da planilha.
[2026-06-15 20:56:53] Sincronizacao ignorada: ja existe execucao em andamento.
[2026-06-15 20:57:53] Inicio da rotina de sincronizacao da planilha.
[2026-06-15 20:57:53] Sincronizacao ignorada: ja existe execucao em andamento.
[2026-06-15 20:58:53] Inicio da rotina de sincronizacao da planilha.
[2026-06-15 20:58:53] Sincronizacao ignorada: ja existe execucao em andamento.
[2026-06-15 20:59:53] Inicio da rotina de sincronizacao da planilha.
[2026-06-15 20:59:53] Sincronizacao ignorada: ja existe execucao em andamento.
[2026-06-15 21:00:53] Inicio da rotina de sincronizacao da planilha.
[2026-06-15 21:00:53] Sincronizacao ignorada: ja existe execucao em andamento.
[2026-06-15 21:01:53] Inicio da rotina de sincronizacao da planilha.
[2026-06-15 21:01:53] Sincronizacao ignorada: ja existe execucao em andamento.
[2026-06-15 21:02:53] Inicio da rotina de sincronizacao da planilha.
[2026-06-15 21:02:53] Sincronizacao ignorada: ja existe execucao em andamento.
[2026-06-15 21:03:53] Inicio da rotina de sincronizacao da planilha.
[2026-06-15 21:03:53] Sincronizacao ignorada: ja existe execucao em andamento.
[2026-06-15 21:04:53] Inicio da rotina de sincronizacao da planilha.
[2026-06-15 21:04:53] Sincronizacao ignorada: ja existe execucao em andamento.
[2026-06-15 21:05:53] Inicio da rotina de sincronizacao da planilha.
[2026-06-15 21:05:53] Sincronizacao ignorada: ja existe execucao em andamento.
[2026-06-15 21:06:53] Inicio da rotina de sincronizacao da planilha.
[2026-06-15 21:06:53] Sincronizacao ignorada: ja existe execucao em andamento.
[2026-06-15 21:07:53] Inicio da rotina de sincronizacao da planilha.
[2026-06-15 21:07:53] Sincronizacao ignorada: ja existe execucao em andamento.
[2026-06-15 21:08:53] Inicio da rotina de sincronizacao da planilha.
[2026-06-15 21:08:53] Sincronizacao ignorada: ja existe execucao em andamento.
[2026-06-15 21:09:53] Inicio da rotina de sincronizacao da planilha.
[2026-06-15 21:09:53] Sincronizacao ignorada: ja existe execucao em andamento.
[2026-06-15 21:10:53] Inicio da rotina de sincronizacao da planilha.
[2026-06-15 21:10:53] Sincronizacao ignorada: ja existe execucao em andamento.
[2026-06-15 21:11:53] Inicio da rotina de sincronizacao da planilha.
[2026-06-15 21:11:53] Sincronizacao ignorada: ja existe execucao em andamento.
[2026-06-15 21:12:53] Inicio da rotina de sincronizacao da planilha.
[2026-06-15 21:12:53] Sincronizacao ignorada: ja existe execucao em andamento.
[2026-06-15 21:13:53] Inicio da rotina de sincronizacao da planilha.
[2026-06-15 21:13:53] Sincronizacao ignorada: ja existe execucao em andamento.
