=== Inicio do log de sincronizacao de planilha: 2026-05-24T01:06:31 ===
[2026-05-24 01:06:31] Sincronizacao manual solicitada pelo usuario.
[2026-05-24 01:06:31] Inicio da rotina de sincronizacao da planilha.
[2026-05-24 01:06:31] Worker iniciado. worksheet='Gerar alerta de preço (respostas)' auth_mode='oauth_user' spreadsheet_id='11MaCntcOh4-TGSyQRWS3nPuttNiRsvWq0O8mBxNH5qg'.
[2026-05-24 01:06:31] Falha por dependencias ausentes do Google.
[2026-05-24 01:06:31] Dependencias Google nao instaladas para integrar planilha. Instale: google-api-python-client google-auth google-auth-oauthlib
[2026-05-24 01:06:31] Finalizacao da sincronizacao. falhou=True importados=0.
[2026-05-24 01:16:18] Inicio da rotina de sincronizacao da planilha.
[2026-05-24 01:16:18] Worker iniciado. worksheet='Gerar alerta de preço (respostas)' auth_mode='oauth_user' spreadsheet_id='11MaCntcOh4-TGSyQRWS3nPuttNiRsvWq0O8mBxNH5qg'.
[2026-05-24 01:17:18] Inicio da rotina de sincronizacao da planilha.
[2026-05-24 01:17:18] Sincronizacao ignorada: ja existe execucao em andamento.
[2026-05-24 01:18:18] Inicio da rotina de sincronizacao da planilha.
[2026-05-24 01:18:18] Sincronizacao ignorada: ja existe execucao em andamento.
[2026-05-24 01:19:18] Inicio da rotina de sincronizacao da planilha.
[2026-05-24 01:19:18] Sincronizacao ignorada: ja existe execucao em andamento.
[2026-05-24 01:19:49] Sincronizacao manual solicitada pelo usuario.
[2026-05-24 01:19:49] Inicio da rotina de sincronizacao da planilha.
[2026-05-24 01:19:49] Sincronizacao ignorada: ja existe execucao em andamento.
[2026-05-24 01:20:18] Inicio da rotina de sincronizacao da planilha.
[2026-05-24 01:20:18] Sincronizacao ignorada: ja existe execucao em andamento.
[2026-05-24 01:21:18] Inicio da rotina de sincronizacao da planilha.
[2026-05-24 01:21:18] Sincronizacao ignorada: ja existe execucao em andamento.
[2026-05-24 01:22:05] Sincronizacao manual solicitada pelo usuario.
[2026-05-24 01:22:05] Inicio da rotina de sincronizacao da planilha.
[2026-05-24 01:22:05] Sincronizacao ignorada: ja existe execucao em andamento.
[2026-05-24 01:22:18] Inicio da rotina de sincronizacao da planilha.
[2026-05-24 01:22:18] Sincronizacao ignorada: ja existe execucao em andamento.
[2026-05-24 01:23:18] Inicio da rotina de sincronizacao da planilha.
[2026-05-24 01:23:18] Sincronizacao ignorada: ja existe execucao em andamento.
[2026-05-24 01:24:18] Inicio da rotina de sincronizacao da planilha.
[2026-05-24 01:24:18] Sincronizacao ignorada: ja existe execucao em andamento.
[2026-05-24 01:25:18] Inicio da rotina de sincronizacao da planilha.
[2026-05-24 01:25:18] Sincronizacao ignorada: ja existe execucao em andamento.
[2026-05-24 01:26:18] Inicio da rotina de sincronizacao da planilha.
[2026-05-24 01:26:18] Sincronizacao ignorada: ja existe execucao em andamento.
[2026-05-24 01:27:18] Inicio da rotina de sincronizacao da planilha.
[2026-05-24 01:27:18] Sincronizacao ignorada: ja existe execucao em andamento.
[2026-05-24 01:28:18] Inicio da rotina de sincronizacao da planilha.
[2026-05-24 01:28:18] Sincronizacao ignorada: ja existe execucao em andamento.
[2026-05-24 01:29:18] Inicio da rotina de sincronizacao da planilha.
[2026-05-24 01:29:18] Sincronizacao ignorada: ja existe execucao em andamento.
[2026-05-24 01:30:18] Inicio da rotina de sincronizacao da planilha.
[2026-05-24 01:30:18] Sincronizacao ignorada: ja existe execucao em andamento.
[2026-05-24 01:31:18] Inicio da rotina de sincronizacao da planilha.
[2026-05-24 01:31:18] Sincronizacao ignorada: ja existe execucao em andamento.
[2026-05-24 01:32:18] Inicio da rotina de sincronizacao da planilha.
[2026-05-24 01:32:18] Sincronizacao ignorada: ja existe execucao em andamento.
[2026-05-24 01:33:18] Inicio da rotina de sincronizacao da planilha.
[2026-05-24 01:33:18] Sincronizacao ignorada: ja existe execucao em andamento.
[2026-05-24 01:34:18] Inicio da rotina de sincronizacao da planilha.
[2026-05-24 01:34:18] Sincronizacao ignorada: ja existe execucao em andamento.
[2026-05-24 01:36:58] Sincronizacao manual solicitada pelo usuario.
[2026-05-24 01:36:58] Inicio da rotina de sincronizacao da planilha.
[2026-05-24 01:36:58] Worker iniciado. worksheet='Gerar alerta de preço (respostas)' auth_mode='oauth_user' spreadsheet_id='11MaCntcOh4-TGSyQRWS3nPuttNiRsvWq0O8mBxNH5qg'.
[2026-05-24 01:36:58] Aguardando autorizacao do Google no navegador para sincronizar a planilha.
[2026-05-24 01:37:31] Inicio da rotina de sincronizacao da planilha.
[2026-05-24 01:37:31] Sincronizacao ignorada: ja existe execucao em andamento.
[2026-05-24 01:38:31] Inicio da rotina de sincronizacao da planilha.
[2026-05-24 01:38:31] Sincronizacao ignorada: ja existe execucao em andamento.
[2026-05-24 01:39:31] Inicio da rotina de sincronizacao da planilha.
[2026-05-24 01:39:31] Sincronizacao ignorada: ja existe execucao em andamento.
[2026-05-24 01:40:31] Inicio da rotina de sincronizacao da planilha.
[2026-05-24 01:40:31] Sincronizacao ignorada: ja existe execucao em andamento.
[2026-05-24 01:41:31] Inicio da rotina de sincronizacao da planilha.
[2026-05-24 01:41:31] Sincronizacao ignorada: ja existe execucao em andamento.
[2026-05-24 01:42:31] Inicio da rotina de sincronizacao da planilha.
[2026-05-24 01:42:31] Sincronizacao ignorada: ja existe execucao em andamento.
[2026-05-24 01:43:31] Inicio da rotina de sincronizacao da planilha.
[2026-05-24 01:43:31] Sincronizacao ignorada: ja existe execucao em andamento.
[2026-05-24 01:44:31] Inicio da rotina de sincronizacao da planilha.
[2026-05-24 01:44:31] Sincronizacao ignorada: ja existe execucao em andamento.
[2026-05-24 01:46:14] Sincronizacao manual solicitada pelo usuario.
[2026-05-24 01:46:14] Inicio da rotina de sincronizacao da planilha.
[2026-05-24 01:46:14] Worker iniciado. worksheet='Gerar alerta de preço (respostas)' auth_mode='oauth_user' spreadsheet_id='11MaCntcOh4-TGSyQRWS3nPuttNiRsvWq0O8mBxNH5qg'.
[2026-05-24 01:46:14] Aguardando autorizacao do Google no navegador para sincronizar a planilha.
[2026-05-24 01:46:34] Falha na importacao da planilha: <HttpError 400 when requesting https://sheets.googleapis.com/v4/spreadsheets/11MaCntcOh4-TGSyQRWS3nPuttNiRsvWq0O8mBxNH5qg/values/Gerar%20alerta%20de%20pre%C3%A7o%20%28respostas%29%21A2%3AR?alt=json returned "Unable to parse range: Gerar alerta de preço (respostas)!A2:R". Details: "Unable to parse range: Gerar alerta de preço (respostas)!A2:R">
[2026-05-24 01:46:34] Falha na importacao da planilha: <HttpError 400 when requesting https://sheets.googleapis.com/v4/spreadsheets/11MaCntcOh4-TGSyQRWS3nPuttNiRsvWq0O8mBxNH5qg/values/Gerar%20alerta%20de%20pre%C3%A7o%20%28respostas%29%21A2%3AR?alt=json returned "Unable to parse range: Gerar alerta de preço (respostas)!A2:R". Details: "Unable to parse range: Gerar alerta de preço (respostas)!A2:R">
[2026-05-24 01:46:34] Finalizacao da sincronizacao. falhou=True importados=0.
[2026-05-24 01:49:05] Sincronizacao manual solicitada pelo usuario.
[2026-05-24 01:49:05] Inicio da rotina de sincronizacao da planilha.
[2026-05-24 01:49:05] Worker iniciado. worksheet='Gerar alerta de preço (respostas)' auth_mode='oauth_user' spreadsheet_id='11MaCntcOh4-TGSyQRWS3nPuttNiRsvWq0O8mBxNH5qg'.
[2026-05-24 01:49:06] Falha na importacao da planilha: <HttpError 400 when requesting https://sheets.googleapis.com/v4/spreadsheets/11MaCntcOh4-TGSyQRWS3nPuttNiRsvWq0O8mBxNH5qg/values/%27Gerar%20alerta%20de%20pre%C3%A7o%20%28respostas%29%27%21A2%3AR?alt=json returned "Unable to parse range: 'Gerar alerta de preço (respostas)'!A2:R". Details: "Unable to parse range: 'Gerar alerta de preço (respostas)'!A2:R">
[2026-05-24 01:49:06] Falha na importacao da planilha: <HttpError 400 when requesting https://sheets.googleapis.com/v4/spreadsheets/11MaCntcOh4-TGSyQRWS3nPuttNiRsvWq0O8mBxNH5qg/values/%27Gerar%20alerta%20de%20pre%C3%A7o%20%28respostas%29%27%21A2%3AR?alt=json returned "Unable to parse range: 'Gerar alerta de preço (respostas)'!A2:R". Details: "Unable to parse range: 'Gerar alerta de preço (respostas)'!A2:R">
[2026-05-24 01:49:06] Finalizacao da sincronizacao. falhou=True importados=0.
[2026-05-24 01:55:36] Sincronizacao manual solicitada pelo usuario.
[2026-05-24 01:55:36] Inicio da rotina de sincronizacao da planilha.
[2026-05-24 01:55:36] Worker iniciado. worksheet='Gerar alerta de preço (respostas)' auth_mode='oauth_user' spreadsheet_id='11MaCntcOh4-TGSyQRWS3nPuttNiRsvWq0O8mBxNH5qg'.
[2026-05-24 01:55:37] Falha na importacao da planilha: Nao foi possivel localizar a aba configurada. worksheet_name='Gerar alerta de preço (respostas)'. Abas disponiveis: Respostas ao formulário 1
[2026-05-24 01:55:37] Falha na importacao da planilha: Nao foi possivel localizar a aba configurada. worksheet_name='Gerar alerta de preço (respostas)'. Abas disponiveis: Respostas ao formulário 1
[2026-05-24 01:55:37] Finalizacao da sincronizacao. falhou=True importados=0.
[2026-05-24 02:01:05] Sincronizacao manual solicitada pelo usuario.
[2026-05-24 02:01:05] Inicio da rotina de sincronizacao da planilha.
[2026-05-24 02:01:05] Worker iniciado. worksheet='Gerar alerta de preço (respostas)' auth_mode='oauth_user' spreadsheet_id='11MaCntcOh4-TGSyQRWS3nPuttNiRsvWq0O8mBxNH5qg'.
[2026-05-24 02:01:06] Falha na importacao da planilha: Nao foi possivel localizar a aba configurada. worksheet_name='Gerar alerta de preço (respostas)'. Abas disponiveis: RespostasForm
[2026-05-24 02:01:06] Falha na importacao da planilha: Nao foi possivel localizar a aba configurada. worksheet_name='Gerar alerta de preço (respostas)'. Abas disponiveis: RespostasForm
[2026-05-24 02:01:06] Finalizacao da sincronizacao. falhou=True importados=0.
[2026-05-24 02:04:03] Sincronizacao manual solicitada pelo usuario.
[2026-05-24 02:04:03] Inicio da rotina de sincronizacao da planilha.
[2026-05-24 02:04:03] Worker iniciado. worksheet='RespostasForm' auth_mode='oauth_user' spreadsheet_id='11MaCntcOh4-TGSyQRWS3nPuttNiRsvWq0O8mBxNH5qg'.
[2026-05-24 02:04:04] Leitura da planilha concluida. Linhas recebidas: 105.
[2026-05-24 02:04:04] Linha 2 invalida: Campo 'Preco desejado' deve ser numerico..
[2026-05-24 02:04:04] Linha 3 invalida: Campo 'Preco desejado' deve ser numerico..
[2026-05-24 02:04:04] Linha 4 invalida: Campo 'Preco desejado' deve ser numerico..
[2026-05-24 02:04:04] Linha 5 invalida: Campo 'Preco desejado' deve ser numerico..
[2026-05-24 02:04:04] Linha 6 importada com sucesso. Alerta ID 000007
[2026-05-24 02:04:04] Linha 7 invalida: Descricao do produto nao informada (coluna D)..
[2026-05-24 02:04:04] Linha 8 invalida: Descricao do produto nao informada (coluna D)..
[2026-05-24 02:04:04] Linha 9 invalida: Descricao do produto nao informada (coluna D)..
[2026-05-24 02:04:04] Linha 10 invalida: Descricao do produto nao informada (coluna D)..
[2026-05-24 02:04:04] Linha 11 invalida: Descricao do produto nao informada (coluna D)..
[2026-05-24 02:04:04] Linha 12 invalida: Descricao do produto nao informada (coluna D)..
[2026-05-24 02:04:04] Linha 13 invalida: Descricao do produto nao informada (coluna D)..
[2026-05-24 02:04:04] Linha 14 invalida: Descricao do produto nao informada (coluna D)..
[2026-05-24 02:04:04] Linha 15 invalida: Descricao do produto nao informada (coluna D)..
[2026-05-24 02:04:04] Linha 16 invalida: Descricao do produto nao informada (coluna D)..
[2026-05-24 02:04:04] Linha 17 invalida: Descricao do produto nao informada (coluna D)..
[2026-05-24 02:04:04] Linha 18 invalida: Descricao do produto nao informada (coluna D)..
[2026-05-24 02:04:04] Linha 19 invalida: Descricao do produto nao informada (coluna D)..
[2026-05-24 02:04:04] Linha 20 invalida: Descricao do produto nao informada (coluna D)..
[2026-05-24 02:04:04] Linha 21 invalida: Descricao do produto nao informada (coluna D)..
[2026-05-24 02:04:04] Linha 22 invalida: Descricao do produto nao informada (coluna D)..
[2026-05-24 02:04:04] Linha 23 invalida: Descricao do produto nao informada (coluna D)..
[2026-05-24 02:04:04] Linha 24 invalida: Descricao do produto nao informada (coluna D)..
[2026-05-24 02:04:04] Linha 25 invalida: Descricao do produto nao informada (coluna D)..
[2026-05-24 02:04:04] Linha 26 invalida: Descricao do produto nao informada (coluna D)..
[2026-05-24 02:04:04] Linha 27 invalida: Descricao do produto nao informada (coluna D)..
[2026-05-24 02:04:04] Linha 28 invalida: Descricao do produto nao informada (coluna D)..
[2026-05-24 02:04:04] Linha 29 invalida: Descricao do produto nao informada (coluna D)..
[2026-05-24 02:04:04] Linha 30 invalida: Descricao do produto nao informada (coluna D)..
[2026-05-24 02:04:04] Linha 31 invalida: Descricao do produto nao informada (coluna D)..
[2026-05-24 02:04:04] Linha 32 invalida: Descricao do produto nao informada (coluna D)..
[2026-05-24 02:04:04] Linha 33 invalida: Descricao do produto nao informada (coluna D)..
[2026-05-24 02:04:04] Linha 34 invalida: Descricao do produto nao informada (coluna D)..
[2026-05-24 02:04:04] Linha 35 invalida: Descricao do produto nao informada (coluna D)..
[2026-05-24 02:04:04] Linha 36 invalida: Descricao do produto nao informada (coluna D)..
[2026-05-24 02:04:04] Linha 37 invalida: Descricao do produto nao informada (coluna D)..
[2026-05-24 02:04:04] Linha 38 invalida: Descricao do produto nao informada (coluna D)..
[2026-05-24 02:04:04] Linha 39 invalida: Descricao do produto nao informada (coluna D)..
[2026-05-24 02:04:04] Linha 40 invalida: Descricao do produto nao informada (coluna D)..
[2026-05-24 02:04:04] Linha 41 invalida: Descricao do produto nao informada (coluna D)..
[2026-05-24 02:04:04] Linha 42 invalida: Descricao do produto nao informada (coluna D)..
[2026-05-24 02:04:04] Linha 43 invalida: Descricao do produto nao informada (coluna D)..
[2026-05-24 02:04:04] Linha 44 invalida: Descricao do produto nao informada (coluna D)..
[2026-05-24 02:04:04] Linha 45 invalida: Descricao do produto nao informada (coluna D)..
[2026-05-24 02:04:04] Linha 46 invalida: Descricao do produto nao informada (coluna D)..
[2026-05-24 02:04:04] Linha 47 invalida: Descricao do produto nao informada (coluna D)..
[2026-05-24 02:04:04] Linha 48 invalida: Descricao do produto nao informada (coluna D)..
[2026-05-24 02:04:04] Linha 49 invalida: Descricao do produto nao informada (coluna D)..
[2026-05-24 02:04:04] Linha 50 invalida: Descricao do produto nao informada (coluna D)..
[2026-05-24 02:04:04] Linha 51 invalida: Descricao do produto nao informada (coluna D)..
[2026-05-24 02:04:04] Linha 52 invalida: Descricao do produto nao informada (coluna D)..
[2026-05-24 02:04:04] Linha 53 invalida: Descricao do produto nao informada (coluna D)..
[2026-05-24 02:04:04] Linha 54 invalida: Descricao do produto nao informada (coluna D)..
[2026-05-24 02:04:04] Linha 55 invalida: Descricao do produto nao informada (coluna D)..
[2026-05-24 02:04:04] Linha 56 invalida: Descricao do produto nao informada (coluna D)..
[2026-05-24 02:04:04] Linha 57 invalida: Descricao do produto nao informada (coluna D)..
[2026-05-24 02:04:04] Linha 58 invalida: Descricao do produto nao informada (coluna D)..
[2026-05-24 02:04:04] Linha 59 invalida: Descricao do produto nao informada (coluna D)..
[2026-05-24 02:04:04] Linha 60 invalida: Descricao do produto nao informada (coluna D)..
[2026-05-24 02:04:04] Linha 61 invalida: Descricao do produto nao informada (coluna D)..
[2026-05-24 02:04:04] Linha 62 invalida: Descricao do produto nao informada (coluna D)..
[2026-05-24 02:04:04] Linha 63 invalida: Descricao do produto nao informada (coluna D)..
[2026-05-24 02:04:04] Linha 64 invalida: Descricao do produto nao informada (coluna D)..
[2026-05-24 02:04:04] Linha 65 invalida: Descricao do produto nao informada (coluna D)..
[2026-05-24 02:04:04] Linha 66 invalida: Descricao do produto nao informada (coluna D)..
[2026-05-24 02:04:04] Linha 67 invalida: Descricao do produto nao informada (coluna D)..
[2026-05-24 02:04:04] Linha 68 invalida: Descricao do produto nao informada (coluna D)..
[2026-05-24 02:04:04] Linha 69 invalida: Descricao do produto nao informada (coluna D)..
[2026-05-24 02:04:04] Linha 70 invalida: Descricao do produto nao informada (coluna D)..
[2026-05-24 02:04:04] Linha 71 invalida: Descricao do produto nao informada (coluna D)..
[2026-05-24 02:04:04] Linha 72 invalida: Descricao do produto nao informada (coluna D)..
[2026-05-24 02:04:04] Linha 73 invalida: Descricao do produto nao informada (coluna D)..
[2026-05-24 02:04:04] Linha 74 invalida: Descricao do produto nao informada (coluna D)..
[2026-05-24 02:04:04] Linha 75 invalida: Descricao do produto nao informada (coluna D)..
[2026-05-24 02:04:04] Linha 76 invalida: Descricao do produto nao informada (coluna D)..
[2026-05-24 02:04:04] Linha 77 invalida: Descricao do produto nao informada (coluna D)..
[2026-05-24 02:04:04] Linha 78 invalida: Descricao do produto nao informada (coluna D)..
[2026-05-24 02:04:04] Linha 79 invalida: Descricao do produto nao informada (coluna D)..
[2026-05-24 02:04:04] Linha 80 invalida: Descricao do produto nao informada (coluna D)..
[2026-05-24 02:04:04] Linha 81 invalida: Descricao do produto nao informada (coluna D)..
[2026-05-24 02:04:04] Linha 82 invalida: Descricao do produto nao informada (coluna D)..
[2026-05-24 02:04:04] Linha 83 invalida: Descricao do produto nao informada (coluna D)..
[2026-05-24 02:04:04] Linha 84 invalida: Descricao do produto nao informada (coluna D)..
[2026-05-24 02:04:04] Linha 85 invalida: Descricao do produto nao informada (coluna D)..
[2026-05-24 02:04:04] Linha 86 invalida: Descricao do produto nao informada (coluna D)..
[2026-05-24 02:04:04] Linha 87 invalida: Descricao do produto nao informada (coluna D)..
[2026-05-24 02:04:04] Linha 88 invalida: Descricao do produto nao informada (coluna D)..
[2026-05-24 02:04:04] Linha 89 invalida: Descricao do produto nao informada (coluna D)..
[2026-05-24 02:04:04] Linha 90 invalida: Descricao do produto nao informada (coluna D)..
[2026-05-24 02:04:04] Linha 91 invalida: Descricao do produto nao informada (coluna D)..
[2026-05-24 02:04:04] Linha 92 invalida: Descricao do produto nao informada (coluna D)..
[2026-05-24 02:04:04] Linha 93 invalida: Descricao do produto nao informada (coluna D)..
[2026-05-24 02:04:04] Linha 94 invalida: Descricao do produto nao informada (coluna D)..
[2026-05-24 02:04:04] Linha 95 invalida: Descricao do produto nao informada (coluna D)..
[2026-05-24 02:04:04] Linha 96 invalida: Descricao do produto nao informada (coluna D)..
[2026-05-24 02:04:04] Linha 97 invalida: Descricao do produto nao informada (coluna D)..
[2026-05-24 02:04:04] Linha 98 invalida: Descricao do produto nao informada (coluna D)..
[2026-05-24 02:04:04] Linha 99 invalida: Descricao do produto nao informada (coluna D)..
[2026-05-24 02:04:04] Linha 100 invalida: Descricao do produto nao informada (coluna D)..
[2026-05-24 02:04:04] Linha 101 invalida: Descricao do produto nao informada (coluna D)..
[2026-05-24 02:04:04] Linha 102 invalida: Descricao do produto nao informada (coluna D)..
[2026-05-24 02:04:04] Linha 103 invalida: Descricao do produto nao informada (coluna D)..
[2026-05-24 02:04:04] Linha 104 invalida: Descricao do produto nao informada (coluna D)..
[2026-05-24 02:04:04] Linha 105 invalida: Descricao do produto nao informada (coluna D)..
[2026-05-24 02:04:04] Linha 106 invalida: Descricao do produto nao informada (coluna D)..
[2026-05-24 02:04:04] Importacao concluida com 1 alerta(s).
[2026-05-24 02:04:04] Linha 2: erro de validacao (Campo 'Preco desejado' deve ser numerico.).
[2026-05-24 02:04:04] Linha 3: erro de validacao (Campo 'Preco desejado' deve ser numerico.).
[2026-05-24 02:04:04] Linha 4: erro de validacao (Campo 'Preco desejado' deve ser numerico.).
[2026-05-24 02:04:04] Linha 5: erro de validacao (Campo 'Preco desejado' deve ser numerico.).
[2026-05-24 02:04:04] Linha 7: erro de validacao (Descricao do produto nao informada (coluna D).).
[2026-05-24 02:04:04] Linha 8: erro de validacao (Descricao do produto nao informada (coluna D).).
[2026-05-24 02:04:04] Linha 9: erro de validacao (Descricao do produto nao informada (coluna D).).
[2026-05-24 02:04:04] Linha 10: erro de validacao (Descricao do produto nao informada (coluna D).).
[2026-05-24 02:04:04] Linha 11: erro de validacao (Descricao do produto nao informada (coluna D).).
[2026-05-24 02:04:04] Linha 12: erro de validacao (Descricao do produto nao informada (coluna D).).
[2026-05-24 02:04:04] Linha 13: erro de validacao (Descricao do produto nao informada (coluna D).).
[2026-05-24 02:04:04] Linha 14: erro de validacao (Descricao do produto nao informada (coluna D).).
[2026-05-24 02:04:04] Linha 15: erro de validacao (Descricao do produto nao informada (coluna D).).
[2026-05-24 02:04:04] Linha 16: erro de validacao (Descricao do produto nao informada (coluna D).).
[2026-05-24 02:04:05] Linha 17: erro de validacao (Descricao do produto nao informada (coluna D).).
[2026-05-24 02:04:05] Linha 18: erro de validacao (Descricao do produto nao informada (coluna D).).
[2026-05-24 02:04:05] Linha 19: erro de validacao (Descricao do produto nao informada (coluna D).).
[2026-05-24 02:04:05] Linha 20: erro de validacao (Descricao do produto nao informada (coluna D).).
[2026-05-24 02:04:05] Linha 21: erro de validacao (Descricao do produto nao informada (coluna D).).
[2026-05-24 02:04:05] Linha 22: erro de validacao (Descricao do produto nao informada (coluna D).).
[2026-05-24 02:04:05] Linha 23: erro de validacao (Descricao do produto nao informada (coluna D).).
[2026-05-24 02:04:05] Linha 24: erro de validacao (Descricao do produto nao informada (coluna D).).
[2026-05-24 02:04:05] Linha 25: erro de validacao (Descricao do produto nao informada (coluna D).).
[2026-05-24 02:04:05] Linha 26: erro de validacao (Descricao do produto nao informada (coluna D).).
[2026-05-24 02:04:05] Linha 27: erro de validacao (Descricao do produto nao informada (coluna D).).
[2026-05-24 02:04:05] Linha 28: erro de validacao (Descricao do produto nao informada (coluna D).).
[2026-05-24 02:04:05] Linha 29: erro de validacao (Descricao do produto nao informada (coluna D).).
[2026-05-24 02:04:05] Linha 30: erro de validacao (Descricao do produto nao informada (coluna D).).
[2026-05-24 02:04:05] Linha 31: erro de validacao (Descricao do produto nao informada (coluna D).).
[2026-05-24 02:04:05] Linha 32: erro de validacao (Descricao do produto nao informada (coluna D).).
[2026-05-24 02:04:05] Linha 33: erro de validacao (Descricao do produto nao informada (coluna D).).
[2026-05-24 02:04:05] Linha 34: erro de validacao (Descricao do produto nao informada (coluna D).).
[2026-05-24 02:04:05] Linha 35: erro de validacao (Descricao do produto nao informada (coluna D).).
[2026-05-24 02:04:05] Linha 36: erro de validacao (Descricao do produto nao informada (coluna D).).
[2026-05-24 02:04:05] Linha 37: erro de validacao (Descricao do produto nao informada (coluna D).).
[2026-05-24 02:04:05] Linha 38: erro de validacao (Descricao do produto nao informada (coluna D).).
[2026-05-24 02:04:05] Linha 39: erro de validacao (Descricao do produto nao informada (coluna D).).
[2026-05-24 02:04:05] Linha 40: erro de validacao (Descricao do produto nao informada (coluna D).).
[2026-05-24 02:04:05] Linha 41: erro de validacao (Descricao do produto nao informada (coluna D).).
[2026-05-24 02:04:05] Linha 42: erro de validacao (Descricao do produto nao informada (coluna D).).
[2026-05-24 02:04:05] Linha 43: erro de validacao (Descricao do produto nao informada (coluna D).).
[2026-05-24 02:04:05] Linha 44: erro de validacao (Descricao do produto nao informada (coluna D).).
[2026-05-24 02:04:05] Linha 45: erro de validacao (Descricao do produto nao informada (coluna D).).
[2026-05-24 02:04:05] Linha 46: erro de validacao (Descricao do produto nao informada (coluna D).).
[2026-05-24 02:04:05] Linha 47: erro de validacao (Descricao do produto nao informada (coluna D).).
[2026-05-24 02:04:05] Linha 48: erro de validacao (Descricao do produto nao informada (coluna D).).
[2026-05-24 02:04:05] Linha 49: erro de validacao (Descricao do produto nao informada (coluna D).).
[2026-05-24 02:04:05] Linha 50: erro de validacao (Descricao do produto nao informada (coluna D).).
[2026-05-24 02:04:05] Linha 51: erro de validacao (Descricao do produto nao informada (coluna D).).
[2026-05-24 02:04:05] Linha 52: erro de validacao (Descricao do produto nao informada (coluna D).).
[2026-05-24 02:04:05] Linha 53: erro de validacao (Descricao do produto nao informada (coluna D).).
[2026-05-24 02:04:05] Linha 54: erro de validacao (Descricao do produto nao informada (coluna D).).
[2026-05-24 02:04:05] Linha 55: erro de validacao (Descricao do produto nao informada (coluna D).).
[2026-05-24 02:04:05] Linha 56: erro de validacao (Descricao do produto nao informada (coluna D).).
[2026-05-24 02:04:05] Linha 57: erro de validacao (Descricao do produto nao informada (coluna D).).
[2026-05-24 02:04:05] Linha 58: erro de validacao (Descricao do produto nao informada (coluna D).).
[2026-05-24 02:04:05] Linha 59: erro de validacao (Descricao do produto nao informada (coluna D).).
[2026-05-24 02:04:05] Linha 60: erro de validacao (Descricao do produto nao informada (coluna D).).
[2026-05-24 02:04:05] Linha 61: erro de validacao (Descricao do produto nao informada (coluna D).).
[2026-05-24 02:04:05] Linha 62: erro de validacao (Descricao do produto nao informada (coluna D).).
[2026-05-24 02:04:05] Linha 63: erro de validacao (Descricao do produto nao informada (coluna D).).
[2026-05-24 02:04:05] Linha 64: erro de validacao (Descricao do produto nao informada (coluna D).).
[2026-05-24 02:04:05] Linha 65: erro de validacao (Descricao do produto nao informada (coluna D).).
[2026-05-24 02:04:05] Linha 66: erro de validacao (Descricao do produto nao informada (coluna D).).
[2026-05-24 02:04:05] Linha 67: erro de validacao (Descricao do produto nao informada (coluna D).).
[2026-05-24 02:04:05] Linha 68: erro de validacao (Descricao do produto nao informada (coluna D).).
[2026-05-24 02:04:05] Linha 69: erro de validacao (Descricao do produto nao informada (coluna D).).
[2026-05-24 02:04:05] Linha 70: erro de validacao (Descricao do produto nao informada (coluna D).).
[2026-05-24 02:04:05] Linha 71: erro de validacao (Descricao do produto nao informada (coluna D).).
[2026-05-24 02:04:05] Linha 72: erro de validacao (Descricao do produto nao informada (coluna D).).
[2026-05-24 02:04:05] Linha 73: erro de validacao (Descricao do produto nao informada (coluna D).).
[2026-05-24 02:04:05] Linha 74: erro de validacao (Descricao do produto nao informada (coluna D).).
[2026-05-24 02:04:05] Linha 75: erro de validacao (Descricao do produto nao informada (coluna D).).
[2026-05-24 02:04:05] Linha 76: erro de validacao (Descricao do produto nao informada (coluna D).).
[2026-05-24 02:04:05] Linha 77: erro de validacao (Descricao do produto nao informada (coluna D).).
[2026-05-24 02:04:05] Linha 78: erro de validacao (Descricao do produto nao informada (coluna D).).
[2026-05-24 02:04:05] Linha 79: erro de validacao (Descricao do produto nao informada (coluna D).).
[2026-05-24 02:04:05] Linha 80: erro de validacao (Descricao do produto nao informada (coluna D).).
[2026-05-24 02:04:05] Linha 81: erro de validacao (Descricao do produto nao informada (coluna D).).
[2026-05-24 02:04:05] Linha 82: erro de validacao (Descricao do produto nao informada (coluna D).).
[2026-05-24 02:04:05] Linha 83: erro de validacao (Descricao do produto nao informada (coluna D).).
[2026-05-24 02:04:05] Linha 84: erro de validacao (Descricao do produto nao informada (coluna D).).
[2026-05-24 02:04:05] Linha 85: erro de validacao (Descricao do produto nao informada (coluna D).).
[2026-05-24 02:04:05] Linha 86: erro de validacao (Descricao do produto nao informada (coluna D).).
[2026-05-24 02:04:05] Linha 87: erro de validacao (Descricao do produto nao informada (coluna D).).
[2026-05-24 02:04:05] Linha 88: erro de validacao (Descricao do produto nao informada (coluna D).).
[2026-05-24 02:04:05] Linha 89: erro de validacao (Descricao do produto nao informada (coluna D).).
[2026-05-24 02:04:05] Linha 90: erro de validacao (Descricao do produto nao informada (coluna D).).
[2026-05-24 02:04:05] Linha 91: erro de validacao (Descricao do produto nao informada (coluna D).).
[2026-05-24 02:04:05] Linha 92: erro de validacao (Descricao do produto nao informada (coluna D).).
[2026-05-24 02:04:05] Linha 93: erro de validacao (Descricao do produto nao informada (coluna D).).
[2026-05-24 02:04:05] Linha 94: erro de validacao (Descricao do produto nao informada (coluna D).).
[2026-05-24 02:04:05] Linha 95: erro de validacao (Descricao do produto nao informada (coluna D).).
[2026-05-24 02:04:05] Linha 96: erro de validacao (Descricao do produto nao informada (coluna D).).
[2026-05-24 02:04:05] Linha 97: erro de validacao (Descricao do produto nao informada (coluna D).).
[2026-05-24 02:04:05] Linha 98: erro de validacao (Descricao do produto nao informada (coluna D).).
[2026-05-24 02:04:05] Linha 99: erro de validacao (Descricao do produto nao informada (coluna D).).
[2026-05-24 02:04:05] Linha 100: erro de validacao (Descricao do produto nao informada (coluna D).).
[2026-05-24 02:04:05] Linha 101: erro de validacao (Descricao do produto nao informada (coluna D).).
[2026-05-24 02:04:05] Linha 102: erro de validacao (Descricao do produto nao informada (coluna D).).
[2026-05-24 02:04:05] Linha 103: erro de validacao (Descricao do produto nao informada (coluna D).).
[2026-05-24 02:04:05] Linha 104: erro de validacao (Descricao do produto nao informada (coluna D).).
[2026-05-24 02:04:05] Linha 105: erro de validacao (Descricao do produto nao informada (coluna D).).
[2026-05-24 02:04:05] Linha 106: erro de validacao (Descricao do produto nao informada (coluna D).).
[2026-05-24 02:04:05] 1 alerta(s) importado(s) da planilha.
[2026-05-24 02:04:05] Finalizacao da sincronizacao. falhou=False importados=1.
[2026-05-24 02:12:20] Sincronizacao manual solicitada pelo usuario.
[2026-05-24 02:12:20] Inicio da rotina de sincronizacao da planilha.
[2026-05-24 02:12:20] Worker iniciado. worksheet='RespostasForm' auth_mode='oauth_user' spreadsheet_id='11MaCntcOh4-TGSyQRWS3nPuttNiRsvWq0O8mBxNH5qg'.
[2026-05-24 02:12:21] Leitura da planilha concluida. Linhas recebidas: 6.
[2026-05-24 02:12:21] Linha 2 invalida: Campo 'Preco desejado' deve ser numerico..
[2026-05-24 02:12:21] Linha 3 invalida: Campo 'Preco desejado' deve ser numerico..
[2026-05-24 02:12:21] Linha 4 invalida: Campo 'Preco desejado' deve ser numerico..
[2026-05-24 02:12:21] Linha 5 invalida: Campo 'Preco desejado' deve ser numerico..
[2026-05-24 02:12:21] Linha 7 importada com sucesso. Alerta ID 000008
[2026-05-24 02:12:21] Importacao concluida com 1 alerta(s).
[2026-05-24 02:12:21] Linha 2: erro de validacao (Campo 'Preco desejado' deve ser numerico.).
[2026-05-24 02:12:21] Linha 3: erro de validacao (Campo 'Preco desejado' deve ser numerico.).
[2026-05-24 02:12:21] Linha 4: erro de validacao (Campo 'Preco desejado' deve ser numerico.).
[2026-05-24 02:12:21] Linha 5: erro de validacao (Campo 'Preco desejado' deve ser numerico.).
[2026-05-24 02:12:21] 1 alerta(s) importado(s) da planilha.
[2026-05-24 02:12:21] Finalizacao da sincronizacao. falhou=False importados=1.
[2026-05-24 02:15:22] Sincronizacao manual solicitada pelo usuario.
[2026-05-24 02:15:22] Inicio da rotina de sincronizacao da planilha.
[2026-05-24 02:15:22] Worker iniciado. worksheet='RespostasForm' auth_mode='oauth_user' spreadsheet_id='11MaCntcOh4-TGSyQRWS3nPuttNiRsvWq0O8mBxNH5qg'.
[2026-05-24 02:15:23] Leitura da planilha concluida. Linhas recebidas: 7.
[2026-05-24 02:15:23] Linha 2 invalida: Informe ao menos um link entre as colunas F/I/K/M/O..
[2026-05-24 02:15:23] Linha 3 invalida: Informe ao menos um link entre as colunas F/I/K/M/O..
[2026-05-24 02:15:23] Linha 4 importada com sucesso. Alerta ID 000009
[2026-05-24 02:15:23] Linha 5 importada com sucesso. Alerta ID 000010
[2026-05-24 02:15:23] Linha 8 importada com sucesso. Alerta ID 000011
[2026-05-24 02:15:23] Importacao concluida com 3 alerta(s).
[2026-05-24 02:15:23] Linha 2: erro de validacao (Informe ao menos um link entre as colunas F/I/K/M/O.).
[2026-05-24 02:15:23] Linha 3: erro de validacao (Informe ao menos um link entre as colunas F/I/K/M/O.).
[2026-05-24 02:15:23] 3 alerta(s) importado(s) da planilha.
[2026-05-24 02:15:23] Finalizacao da sincronizacao. falhou=False importados=3.
[2026-05-24 02:26:18] Inicio da rotina de sincronizacao da planilha.
[2026-05-24 02:26:18] Worker iniciado. worksheet='RespostasForm' auth_mode='oauth_user' spreadsheet_id='11MaCntcOh4-TGSyQRWS3nPuttNiRsvWq0O8mBxNH5qg'.
[2026-05-24 02:26:19] Leitura da planilha concluida. Linhas recebidas: 7.
[2026-05-24 02:26:19] Linha 2 invalida: Informe ao menos um link entre as colunas F/I/K/M/O..
[2026-05-24 02:26:19] Linha 3 invalida: Informe ao menos um link entre as colunas F/I/K/M/O..
[2026-05-24 02:26:19] Linha 2: erro de validacao (Informe ao menos um link entre as colunas F/I/K/M/O.).
[2026-05-24 02:26:19] Linha 3: erro de validacao (Informe ao menos um link entre as colunas F/I/K/M/O.).
[2026-05-24 02:26:19] Finalizacao da sincronizacao. falhou=False importados=0.
[2026-05-24 02:37:18] Inicio da rotina de sincronizacao da planilha.
[2026-05-24 02:37:18] Worker iniciado. worksheet='RespostasForm' auth_mode='oauth_user' spreadsheet_id='11MaCntcOh4-TGSyQRWS3nPuttNiRsvWq0O8mBxNH5qg'.
[2026-05-24 02:37:19] Leitura da planilha concluida. Linhas recebidas: 7.
[2026-05-24 02:37:19] Linha 2 invalida: Informe ao menos um link entre as colunas F/I/K/M/O..
[2026-05-24 02:37:19] Linha 3 invalida: Informe ao menos um link entre as colunas F/I/K/M/O..
[2026-05-24 02:37:19] Linha 2: erro de validacao (Informe ao menos um link entre as colunas F/I/K/M/O.).
[2026-05-24 02:37:19] Linha 3: erro de validacao (Informe ao menos um link entre as colunas F/I/K/M/O.).
[2026-05-24 02:37:19] Finalizacao da sincronizacao. falhou=False importados=0.
[2026-05-24 02:48:18] Inicio da rotina de sincronizacao da planilha.
[2026-05-24 02:48:18] Worker iniciado. worksheet='RespostasForm' auth_mode='oauth_user' spreadsheet_id='11MaCntcOh4-TGSyQRWS3nPuttNiRsvWq0O8mBxNH5qg'.
[2026-05-24 02:48:18] Atualizando token OAuth da planilha.
[2026-05-24 02:48:20] Leitura da planilha concluida. Linhas recebidas: 7.
[2026-05-24 02:48:20] Linha 2 invalida: Informe ao menos um link entre as colunas F/I/K/M/O..
[2026-05-24 02:48:20] Linha 3 invalida: Informe ao menos um link entre as colunas F/I/K/M/O..
[2026-05-24 02:48:20] Linha 2: erro de validacao (Informe ao menos um link entre as colunas F/I/K/M/O.).
[2026-05-24 02:48:20] Linha 3: erro de validacao (Informe ao menos um link entre as colunas F/I/K/M/O.).
[2026-05-24 02:48:20] Finalizacao da sincronizacao. falhou=False importados=0.
[2026-05-24 02:59:18] Inicio da rotina de sincronizacao da planilha.
[2026-05-24 02:59:18] Worker iniciado. worksheet='RespostasForm' auth_mode='oauth_user' spreadsheet_id='11MaCntcOh4-TGSyQRWS3nPuttNiRsvWq0O8mBxNH5qg'.
[2026-05-24 02:59:19] Leitura da planilha concluida. Linhas recebidas: 7.
[2026-05-24 02:59:19] Linha 2 invalida: Informe ao menos um link entre as colunas F/I/K/M/O..
[2026-05-24 02:59:19] Linha 3 invalida: Informe ao menos um link entre as colunas F/I/K/M/O..
[2026-05-24 02:59:19] Linha 2: erro de validacao (Informe ao menos um link entre as colunas F/I/K/M/O.).
[2026-05-24 02:59:19] Linha 3: erro de validacao (Informe ao menos um link entre as colunas F/I/K/M/O.).
[2026-05-24 02:59:19] Finalizacao da sincronizacao. falhou=False importados=0.
[2026-05-24 03:10:18] Inicio da rotina de sincronizacao da planilha.
[2026-05-24 03:10:18] Worker iniciado. worksheet='RespostasForm' auth_mode='oauth_user' spreadsheet_id='11MaCntcOh4-TGSyQRWS3nPuttNiRsvWq0O8mBxNH5qg'.
[2026-05-24 03:10:20] Leitura da planilha concluida. Linhas recebidas: 7.
[2026-05-24 03:10:20] Linha 2 invalida: Informe ao menos um link entre as colunas F/I/K/M/O..
[2026-05-24 03:10:20] Linha 3 invalida: Informe ao menos um link entre as colunas F/I/K/M/O..
[2026-05-24 03:10:20] Linha 2: erro de validacao (Informe ao menos um link entre as colunas F/I/K/M/O.).
[2026-05-24 03:10:20] Linha 3: erro de validacao (Informe ao menos um link entre as colunas F/I/K/M/O.).
[2026-05-24 03:10:20] Finalizacao da sincronizacao. falhou=False importados=0.
[2026-05-24 03:21:18] Inicio da rotina de sincronizacao da planilha.
[2026-05-24 03:21:18] Worker iniciado. worksheet='RespostasForm' auth_mode='oauth_user' spreadsheet_id='11MaCntcOh4-TGSyQRWS3nPuttNiRsvWq0O8mBxNH5qg'.
[2026-05-24 03:21:20] Leitura da planilha concluida. Linhas recebidas: 7.
[2026-05-24 03:21:20] Linha 2 invalida: Informe ao menos um link entre as colunas F/I/K/M/O..
[2026-05-24 03:21:20] Linha 3 invalida: Informe ao menos um link entre as colunas F/I/K/M/O..
[2026-05-24 03:21:20] Linha 2: erro de validacao (Informe ao menos um link entre as colunas F/I/K/M/O.).
[2026-05-24 03:21:20] Linha 3: erro de validacao (Informe ao menos um link entre as colunas F/I/K/M/O.).
[2026-05-24 03:21:20] Finalizacao da sincronizacao. falhou=False importados=0.
[2026-05-24 03:32:18] Inicio da rotina de sincronizacao da planilha.
[2026-05-24 03:32:18] Worker iniciado. worksheet='RespostasForm' auth_mode='oauth_user' spreadsheet_id='11MaCntcOh4-TGSyQRWS3nPuttNiRsvWq0O8mBxNH5qg'.
[2026-05-24 03:32:20] Leitura da planilha concluida. Linhas recebidas: 7.
[2026-05-24 03:32:20] Linha 2 invalida: Informe ao menos um link entre as colunas F/I/K/M/O..
[2026-05-24 03:32:20] Linha 3 invalida: Informe ao menos um link entre as colunas F/I/K/M/O..
[2026-05-24 03:32:20] Linha 2: erro de validacao (Informe ao menos um link entre as colunas F/I/K/M/O.).
[2026-05-24 03:32:20] Linha 3: erro de validacao (Informe ao menos um link entre as colunas F/I/K/M/O.).
[2026-05-24 03:32:20] Finalizacao da sincronizacao. falhou=False importados=0.
[2026-05-24 03:43:19] Inicio da rotina de sincronizacao da planilha.
[2026-05-24 03:43:19] Worker iniciado. worksheet='RespostasForm' auth_mode='oauth_user' spreadsheet_id='11MaCntcOh4-TGSyQRWS3nPuttNiRsvWq0O8mBxNH5qg'.
[2026-05-24 03:43:20] Leitura da planilha concluida. Linhas recebidas: 7.
[2026-05-24 03:43:20] Linha 2 invalida: Informe ao menos um link entre as colunas F/I/K/M/O..
[2026-05-24 03:43:20] Linha 3 invalida: Informe ao menos um link entre as colunas F/I/K/M/O..
[2026-05-24 03:43:20] Linha 2: erro de validacao (Informe ao menos um link entre as colunas F/I/K/M/O.).
[2026-05-24 03:43:20] Linha 3: erro de validacao (Informe ao menos um link entre as colunas F/I/K/M/O.).
[2026-05-24 03:43:20] Finalizacao da sincronizacao. falhou=False importados=0.
[2026-05-24 03:54:19] Inicio da rotina de sincronizacao da planilha.
[2026-05-24 03:54:19] Worker iniciado. worksheet='RespostasForm' auth_mode='oauth_user' spreadsheet_id='11MaCntcOh4-TGSyQRWS3nPuttNiRsvWq0O8mBxNH5qg'.
[2026-05-24 03:54:19] Atualizando token OAuth da planilha.
[2026-05-24 03:54:21] Leitura da planilha concluida. Linhas recebidas: 7.
[2026-05-24 03:54:21] Linha 2 invalida: Informe ao menos um link entre as colunas F/I/K/M/O..
[2026-05-24 03:54:21] Linha 3 invalida: Informe ao menos um link entre as colunas F/I/K/M/O..
[2026-05-24 03:54:21] Linha 2: erro de validacao (Informe ao menos um link entre as colunas F/I/K/M/O.).
[2026-05-24 03:54:21] Linha 3: erro de validacao (Informe ao menos um link entre as colunas F/I/K/M/O.).
[2026-05-24 03:54:21] Finalizacao da sincronizacao. falhou=False importados=0.
[2026-05-24 04:05:19] Inicio da rotina de sincronizacao da planilha.
[2026-05-24 04:05:19] Worker iniciado. worksheet='RespostasForm' auth_mode='oauth_user' spreadsheet_id='11MaCntcOh4-TGSyQRWS3nPuttNiRsvWq0O8mBxNH5qg'.
[2026-05-24 04:05:20] Leitura da planilha concluida. Linhas recebidas: 7.
[2026-05-24 04:05:20] Linha 2 invalida: Informe ao menos um link entre as colunas F/I/K/M/O..
[2026-05-24 04:05:20] Linha 3 invalida: Informe ao menos um link entre as colunas F/I/K/M/O..
[2026-05-24 04:05:20] Linha 2: erro de validacao (Informe ao menos um link entre as colunas F/I/K/M/O.).
[2026-05-24 04:05:20] Linha 3: erro de validacao (Informe ao menos um link entre as colunas F/I/K/M/O.).
[2026-05-24 04:05:20] Finalizacao da sincronizacao. falhou=False importados=0.
[2026-05-24 04:16:19] Inicio da rotina de sincronizacao da planilha.
[2026-05-24 04:16:19] Worker iniciado. worksheet='RespostasForm' auth_mode='oauth_user' spreadsheet_id='11MaCntcOh4-TGSyQRWS3nPuttNiRsvWq0O8mBxNH5qg'.
[2026-05-24 04:16:20] Leitura da planilha concluida. Linhas recebidas: 7.
[2026-05-24 04:16:20] Linha 2 invalida: Informe ao menos um link entre as colunas F/I/K/M/O..
[2026-05-24 04:16:20] Linha 3 invalida: Informe ao menos um link entre as colunas F/I/K/M/O..
[2026-05-24 04:16:20] Linha 2: erro de validacao (Informe ao menos um link entre as colunas F/I/K/M/O.).
[2026-05-24 04:16:20] Linha 3: erro de validacao (Informe ao menos um link entre as colunas F/I/K/M/O.).
[2026-05-24 04:16:20] Finalizacao da sincronizacao. falhou=False importados=0.
[2026-05-24 04:27:19] Inicio da rotina de sincronizacao da planilha.
[2026-05-24 04:27:19] Worker iniciado. worksheet='RespostasForm' auth_mode='oauth_user' spreadsheet_id='11MaCntcOh4-TGSyQRWS3nPuttNiRsvWq0O8mBxNH5qg'.
[2026-05-24 04:27:20] Leitura da planilha concluida. Linhas recebidas: 7.
[2026-05-24 04:27:20] Linha 2 invalida: Informe ao menos um link entre as colunas F/I/K/M/O..
[2026-05-24 04:27:20] Linha 3 invalida: Informe ao menos um link entre as colunas F/I/K/M/O..
[2026-05-24 04:27:20] Linha 2: erro de validacao (Informe ao menos um link entre as colunas F/I/K/M/O.).
[2026-05-24 04:27:20] Linha 3: erro de validacao (Informe ao menos um link entre as colunas F/I/K/M/O.).
[2026-05-24 04:27:20] Finalizacao da sincronizacao. falhou=False importados=0.
[2026-05-24 04:38:19] Inicio da rotina de sincronizacao da planilha.
[2026-05-24 04:38:19] Worker iniciado. worksheet='RespostasForm' auth_mode='oauth_user' spreadsheet_id='11MaCntcOh4-TGSyQRWS3nPuttNiRsvWq0O8mBxNH5qg'.
[2026-05-24 04:38:21] Leitura da planilha concluida. Linhas recebidas: 7.
[2026-05-24 04:38:21] Linha 2 invalida: Informe ao menos um link entre as colunas F/I/K/M/O..
[2026-05-24 04:38:21] Linha 3 invalida: Informe ao menos um link entre as colunas F/I/K/M/O..
[2026-05-24 04:38:21] Linha 2: erro de validacao (Informe ao menos um link entre as colunas F/I/K/M/O.).
[2026-05-24 04:38:21] Linha 3: erro de validacao (Informe ao menos um link entre as colunas F/I/K/M/O.).
[2026-05-24 04:38:21] Finalizacao da sincronizacao. falhou=False importados=0.
[2026-05-24 04:49:19] Inicio da rotina de sincronizacao da planilha.
[2026-05-24 04:49:19] Worker iniciado. worksheet='RespostasForm' auth_mode='oauth_user' spreadsheet_id='11MaCntcOh4-TGSyQRWS3nPuttNiRsvWq0O8mBxNH5qg'.
[2026-05-24 04:49:21] Leitura da planilha concluida. Linhas recebidas: 7.
[2026-05-24 04:49:21] Linha 2 invalida: Informe ao menos um link entre as colunas F/I/K/M/O..
[2026-05-24 04:49:21] Linha 3 invalida: Informe ao menos um link entre as colunas F/I/K/M/O..
[2026-05-24 04:49:21] Linha 2: erro de validacao (Informe ao menos um link entre as colunas F/I/K/M/O.).
[2026-05-24 04:49:21] Linha 3: erro de validacao (Informe ao menos um link entre as colunas F/I/K/M/O.).
[2026-05-24 04:49:21] Finalizacao da sincronizacao. falhou=False importados=0.
[2026-05-24 05:00:19] Inicio da rotina de sincronizacao da planilha.
[2026-05-24 05:00:19] Worker iniciado. worksheet='RespostasForm' auth_mode='oauth_user' spreadsheet_id='11MaCntcOh4-TGSyQRWS3nPuttNiRsvWq0O8mBxNH5qg'.
[2026-05-24 05:00:19] Atualizando token OAuth da planilha.
[2026-05-24 05:00:21] Leitura da planilha concluida. Linhas recebidas: 7.
[2026-05-24 05:00:21] Linha 2 invalida: Informe ao menos um link entre as colunas F/I/K/M/O..
[2026-05-24 05:00:21] Linha 3 invalida: Informe ao menos um link entre as colunas F/I/K/M/O..
[2026-05-24 05:00:21] Linha 2: erro de validacao (Informe ao menos um link entre as colunas F/I/K/M/O.).
[2026-05-24 05:00:21] Linha 3: erro de validacao (Informe ao menos um link entre as colunas F/I/K/M/O.).
[2026-05-24 05:00:21] Finalizacao da sincronizacao. falhou=False importados=0.
[2026-05-24 05:11:20] Inicio da rotina de sincronizacao da planilha.
[2026-05-24 05:11:20] Worker iniciado. worksheet='RespostasForm' auth_mode='oauth_user' spreadsheet_id='11MaCntcOh4-TGSyQRWS3nPuttNiRsvWq0O8mBxNH5qg'.
[2026-05-24 05:11:21] Leitura da planilha concluida. Linhas recebidas: 7.
[2026-05-24 05:11:21] Linha 2 invalida: Informe ao menos um link entre as colunas F/I/K/M/O..
[2026-05-24 05:11:21] Linha 3 invalida: Informe ao menos um link entre as colunas F/I/K/M/O..
[2026-05-24 05:11:21] Linha 2: erro de validacao (Informe ao menos um link entre as colunas F/I/K/M/O.).
[2026-05-24 05:11:21] Linha 3: erro de validacao (Informe ao menos um link entre as colunas F/I/K/M/O.).
[2026-05-24 05:11:21] Finalizacao da sincronizacao. falhou=False importados=0.
[2026-05-24 05:22:20] Inicio da rotina de sincronizacao da planilha.
[2026-05-24 05:22:20] Worker iniciado. worksheet='RespostasForm' auth_mode='oauth_user' spreadsheet_id='11MaCntcOh4-TGSyQRWS3nPuttNiRsvWq0O8mBxNH5qg'.
[2026-05-24 05:22:21] Leitura da planilha concluida. Linhas recebidas: 7.
[2026-05-24 05:22:21] Linha 2 invalida: Informe ao menos um link entre as colunas F/I/K/M/O..
[2026-05-24 05:22:21] Linha 3 invalida: Informe ao menos um link entre as colunas F/I/K/M/O..
[2026-05-24 05:22:21] Linha 2: erro de validacao (Informe ao menos um link entre as colunas F/I/K/M/O.).
[2026-05-24 05:22:21] Linha 3: erro de validacao (Informe ao menos um link entre as colunas F/I/K/M/O.).
[2026-05-24 05:22:21] Finalizacao da sincronizacao. falhou=False importados=0.
[2026-05-24 05:33:20] Inicio da rotina de sincronizacao da planilha.
[2026-05-24 05:33:20] Worker iniciado. worksheet='RespostasForm' auth_mode='oauth_user' spreadsheet_id='11MaCntcOh4-TGSyQRWS3nPuttNiRsvWq0O8mBxNH5qg'.
[2026-05-24 05:33:21] Leitura da planilha concluida. Linhas recebidas: 7.
[2026-05-24 05:33:21] Linha 2 invalida: Informe ao menos um link entre as colunas F/I/K/M/O..
[2026-05-24 05:33:21] Linha 3 invalida: Informe ao menos um link entre as colunas F/I/K/M/O..
[2026-05-24 05:33:21] Linha 2: erro de validacao (Informe ao menos um link entre as colunas F/I/K/M/O.).
[2026-05-24 05:33:21] Linha 3: erro de validacao (Informe ao menos um link entre as colunas F/I/K/M/O.).
[2026-05-24 05:33:21] Finalizacao da sincronizacao. falhou=False importados=0.
[2026-05-24 05:44:20] Inicio da rotina de sincronizacao da planilha.
[2026-05-24 05:44:20] Worker iniciado. worksheet='RespostasForm' auth_mode='oauth_user' spreadsheet_id='11MaCntcOh4-TGSyQRWS3nPuttNiRsvWq0O8mBxNH5qg'.
[2026-05-24 05:44:21] Leitura da planilha concluida. Linhas recebidas: 7.
[2026-05-24 05:44:21] Linha 2 invalida: Informe ao menos um link entre as colunas F/I/K/M/O..
[2026-05-24 05:44:21] Linha 3 invalida: Informe ao menos um link entre as colunas F/I/K/M/O..
[2026-05-24 05:44:21] Linha 2: erro de validacao (Informe ao menos um link entre as colunas F/I/K/M/O.).
[2026-05-24 05:44:21] Linha 3: erro de validacao (Informe ao menos um link entre as colunas F/I/K/M/O.).
[2026-05-24 05:44:21] Finalizacao da sincronizacao. falhou=False importados=0.
[2026-05-24 05:55:20] Inicio da rotina de sincronizacao da planilha.
[2026-05-24 05:55:20] Worker iniciado. worksheet='RespostasForm' auth_mode='oauth_user' spreadsheet_id='11MaCntcOh4-TGSyQRWS3nPuttNiRsvWq0O8mBxNH5qg'.
[2026-05-24 05:55:21] Leitura da planilha concluida. Linhas recebidas: 7.
[2026-05-24 05:55:21] Linha 2 invalida: Informe ao menos um link entre as colunas F/I/K/M/O..
[2026-05-24 05:55:21] Linha 3 invalida: Informe ao menos um link entre as colunas F/I/K/M/O..
[2026-05-24 05:55:21] Linha 2: erro de validacao (Informe ao menos um link entre as colunas F/I/K/M/O.).
[2026-05-24 05:55:21] Linha 3: erro de validacao (Informe ao menos um link entre as colunas F/I/K/M/O.).
[2026-05-24 05:55:21] Finalizacao da sincronizacao. falhou=False importados=0.
[2026-05-24 06:06:20] Inicio da rotina de sincronizacao da planilha.
[2026-05-24 06:06:20] Worker iniciado. worksheet='RespostasForm' auth_mode='oauth_user' spreadsheet_id='11MaCntcOh4-TGSyQRWS3nPuttNiRsvWq0O8mBxNH5qg'.
[2026-05-24 06:06:20] Atualizando token OAuth da planilha.
[2026-05-24 06:06:22] Leitura da planilha concluida. Linhas recebidas: 7.
[2026-05-24 06:06:22] Linha 2 invalida: Informe ao menos um link entre as colunas F/I/K/M/O..
[2026-05-24 06:06:22] Linha 3 invalida: Informe ao menos um link entre as colunas F/I/K/M/O..
[2026-05-24 06:06:22] Linha 2: erro de validacao (Informe ao menos um link entre as colunas F/I/K/M/O.).
[2026-05-24 06:06:22] Linha 3: erro de validacao (Informe ao menos um link entre as colunas F/I/K/M/O.).
[2026-05-24 06:06:22] Finalizacao da sincronizacao. falhou=False importados=0.
[2026-05-24 06:17:20] Inicio da rotina de sincronizacao da planilha.
[2026-05-24 06:17:20] Worker iniciado. worksheet='RespostasForm' auth_mode='oauth_user' spreadsheet_id='11MaCntcOh4-TGSyQRWS3nPuttNiRsvWq0O8mBxNH5qg'.
[2026-05-24 06:17:22] Leitura da planilha concluida. Linhas recebidas: 7.
[2026-05-24 06:17:22] Linha 2 invalida: Informe ao menos um link entre as colunas F/I/K/M/O..
[2026-05-24 06:17:22] Linha 3 invalida: Informe ao menos um link entre as colunas F/I/K/M/O..
[2026-05-24 06:17:22] Linha 2: erro de validacao (Informe ao menos um link entre as colunas F/I/K/M/O.).
[2026-05-24 06:17:22] Linha 3: erro de validacao (Informe ao menos um link entre as colunas F/I/K/M/O.).
[2026-05-24 06:17:22] Finalizacao da sincronizacao. falhou=False importados=0.
[2026-05-24 06:28:20] Inicio da rotina de sincronizacao da planilha.
[2026-05-24 06:28:20] Worker iniciado. worksheet='RespostasForm' auth_mode='oauth_user' spreadsheet_id='11MaCntcOh4-TGSyQRWS3nPuttNiRsvWq0O8mBxNH5qg'.
[2026-05-24 06:28:22] Leitura da planilha concluida. Linhas recebidas: 7.
[2026-05-24 06:28:22] Linha 2 invalida: Informe ao menos um link entre as colunas F/I/K/M/O..
[2026-05-24 06:28:22] Linha 3 invalida: Informe ao menos um link entre as colunas F/I/K/M/O..
[2026-05-24 06:28:22] Linha 2: erro de validacao (Informe ao menos um link entre as colunas F/I/K/M/O.).
[2026-05-24 06:28:22] Linha 3: erro de validacao (Informe ao menos um link entre as colunas F/I/K/M/O.).
[2026-05-24 06:28:22] Finalizacao da sincronizacao. falhou=False importados=0.
[2026-05-24 06:39:20] Inicio da rotina de sincronizacao da planilha.
[2026-05-24 06:39:20] Worker iniciado. worksheet='RespostasForm' auth_mode='oauth_user' spreadsheet_id='11MaCntcOh4-TGSyQRWS3nPuttNiRsvWq0O8mBxNH5qg'.
[2026-05-24 06:39:22] Leitura da planilha concluida. Linhas recebidas: 7.
[2026-05-24 06:39:22] Linha 2 invalida: Informe ao menos um link entre as colunas F/I/K/M/O..
[2026-05-24 06:39:22] Linha 3 invalida: Informe ao menos um link entre as colunas F/I/K/M/O..
[2026-05-24 06:39:22] Linha 2: erro de validacao (Informe ao menos um link entre as colunas F/I/K/M/O.).
[2026-05-24 06:39:22] Linha 3: erro de validacao (Informe ao menos um link entre as colunas F/I/K/M/O.).
[2026-05-24 06:39:22] Finalizacao da sincronizacao. falhou=False importados=0.
[2026-05-24 06:50:20] Inicio da rotina de sincronizacao da planilha.
[2026-05-24 06:50:20] Worker iniciado. worksheet='RespostasForm' auth_mode='oauth_user' spreadsheet_id='11MaCntcOh4-TGSyQRWS3nPuttNiRsvWq0O8mBxNH5qg'.
[2026-05-24 06:50:22] Leitura da planilha concluida. Linhas recebidas: 7.
[2026-05-24 06:50:22] Linha 2 invalida: Informe ao menos um link entre as colunas F/I/K/M/O..
[2026-05-24 06:50:22] Linha 3 invalida: Informe ao menos um link entre as colunas F/I/K/M/O..
[2026-05-24 06:50:22] Linha 2: erro de validacao (Informe ao menos um link entre as colunas F/I/K/M/O.).
[2026-05-24 06:50:22] Linha 3: erro de validacao (Informe ao menos um link entre as colunas F/I/K/M/O.).
[2026-05-24 06:50:22] Finalizacao da sincronizacao. falhou=False importados=0.
[2026-05-24 07:01:21] Inicio da rotina de sincronizacao da planilha.
[2026-05-24 07:01:21] Worker iniciado. worksheet='RespostasForm' auth_mode='oauth_user' spreadsheet_id='11MaCntcOh4-TGSyQRWS3nPuttNiRsvWq0O8mBxNH5qg'.
[2026-05-24 07:01:22] Leitura da planilha concluida. Linhas recebidas: 7.
[2026-05-24 07:01:22] Linha 2 invalida: Informe ao menos um link entre as colunas F/I/K/M/O..
[2026-05-24 07:01:22] Linha 3 invalida: Informe ao menos um link entre as colunas F/I/K/M/O..
[2026-05-24 07:01:22] Linha 2: erro de validacao (Informe ao menos um link entre as colunas F/I/K/M/O.).
[2026-05-24 07:01:22] Linha 3: erro de validacao (Informe ao menos um link entre as colunas F/I/K/M/O.).
[2026-05-24 07:01:22] Finalizacao da sincronizacao. falhou=False importados=0.
[2026-05-24 07:12:21] Inicio da rotina de sincronizacao da planilha.
[2026-05-24 07:12:21] Worker iniciado. worksheet='RespostasForm' auth_mode='oauth_user' spreadsheet_id='11MaCntcOh4-TGSyQRWS3nPuttNiRsvWq0O8mBxNH5qg'.
[2026-05-24 07:12:21] Atualizando token OAuth da planilha.
[2026-05-24 07:12:23] Leitura da planilha concluida. Linhas recebidas: 7.
[2026-05-24 07:12:23] Linha 2 invalida: Informe ao menos um link entre as colunas F/I/K/M/O..
[2026-05-24 07:12:23] Linha 3 invalida: Informe ao menos um link entre as colunas F/I/K/M/O..
[2026-05-24 07:12:23] Linha 2: erro de validacao (Informe ao menos um link entre as colunas F/I/K/M/O.).
[2026-05-24 07:12:23] Linha 3: erro de validacao (Informe ao menos um link entre as colunas F/I/K/M/O.).
[2026-05-24 07:12:23] Finalizacao da sincronizacao. falhou=False importados=0.
[2026-05-24 07:23:21] Inicio da rotina de sincronizacao da planilha.
[2026-05-24 07:23:21] Worker iniciado. worksheet='RespostasForm' auth_mode='oauth_user' spreadsheet_id='11MaCntcOh4-TGSyQRWS3nPuttNiRsvWq0O8mBxNH5qg'.
[2026-05-24 07:23:22] Leitura da planilha concluida. Linhas recebidas: 7.
[2026-05-24 07:23:22] Linha 2 invalida: Informe ao menos um link entre as colunas F/I/K/M/O..
[2026-05-24 07:23:22] Linha 3 invalida: Informe ao menos um link entre as colunas F/I/K/M/O..
[2026-05-24 07:23:22] Linha 2: erro de validacao (Informe ao menos um link entre as colunas F/I/K/M/O.).
[2026-05-24 07:23:22] Linha 3: erro de validacao (Informe ao menos um link entre as colunas F/I/K/M/O.).
[2026-05-24 07:23:22] Finalizacao da sincronizacao. falhou=False importados=0.
[2026-05-24 07:34:21] Inicio da rotina de sincronizacao da planilha.
[2026-05-24 07:34:21] Worker iniciado. worksheet='RespostasForm' auth_mode='oauth_user' spreadsheet_id='11MaCntcOh4-TGSyQRWS3nPuttNiRsvWq0O8mBxNH5qg'.
[2026-05-24 07:34:22] Leitura da planilha concluida. Linhas recebidas: 7.
[2026-05-24 07:34:22] Linha 2 invalida: Informe ao menos um link entre as colunas F/I/K/M/O..
[2026-05-24 07:34:22] Linha 3 invalida: Informe ao menos um link entre as colunas F/I/K/M/O..
[2026-05-24 07:34:22] Linha 2: erro de validacao (Informe ao menos um link entre as colunas F/I/K/M/O.).
[2026-05-24 07:34:22] Linha 3: erro de validacao (Informe ao menos um link entre as colunas F/I/K/M/O.).
[2026-05-24 07:34:22] Finalizacao da sincronizacao. falhou=False importados=0.
[2026-05-24 07:45:21] Inicio da rotina de sincronizacao da planilha.
[2026-05-24 07:45:21] Worker iniciado. worksheet='RespostasForm' auth_mode='oauth_user' spreadsheet_id='11MaCntcOh4-TGSyQRWS3nPuttNiRsvWq0O8mBxNH5qg'.
[2026-05-24 07:45:23] Leitura da planilha concluida. Linhas recebidas: 7.
[2026-05-24 07:45:23] Linha 2 invalida: Informe ao menos um link entre as colunas F/I/K/M/O..
[2026-05-24 07:45:23] Linha 3 invalida: Informe ao menos um link entre as colunas F/I/K/M/O..
[2026-05-24 07:45:23] Linha 2: erro de validacao (Informe ao menos um link entre as colunas F/I/K/M/O.).
[2026-05-24 07:45:23] Linha 3: erro de validacao (Informe ao menos um link entre as colunas F/I/K/M/O.).
[2026-05-24 07:45:23] Finalizacao da sincronizacao. falhou=False importados=0.
[2026-05-24 07:56:21] Inicio da rotina de sincronizacao da planilha.
[2026-05-24 07:56:21] Worker iniciado. worksheet='RespostasForm' auth_mode='oauth_user' spreadsheet_id='11MaCntcOh4-TGSyQRWS3nPuttNiRsvWq0O8mBxNH5qg'.
[2026-05-24 07:56:22] Leitura da planilha concluida. Linhas recebidas: 7.
[2026-05-24 07:56:22] Linha 2 invalida: Informe ao menos um link entre as colunas F/I/K/M/O..
[2026-05-24 07:56:22] Linha 3 invalida: Informe ao menos um link entre as colunas F/I/K/M/O..
[2026-05-24 07:56:22] Linha 2: erro de validacao (Informe ao menos um link entre as colunas F/I/K/M/O.).
[2026-05-24 07:56:22] Linha 3: erro de validacao (Informe ao menos um link entre as colunas F/I/K/M/O.).
[2026-05-24 07:56:22] Finalizacao da sincronizacao. falhou=False importados=0.
[2026-05-24 08:07:21] Inicio da rotina de sincronizacao da planilha.
[2026-05-24 08:07:21] Worker iniciado. worksheet='RespostasForm' auth_mode='oauth_user' spreadsheet_id='11MaCntcOh4-TGSyQRWS3nPuttNiRsvWq0O8mBxNH5qg'.
[2026-05-24 08:07:23] Leitura da planilha concluida. Linhas recebidas: 7.
[2026-05-24 08:07:23] Linha 2 invalida: Informe ao menos um link entre as colunas F/I/K/M/O..
[2026-05-24 08:07:23] Linha 3 invalida: Informe ao menos um link entre as colunas F/I/K/M/O..
[2026-05-24 08:07:23] Linha 2: erro de validacao (Informe ao menos um link entre as colunas F/I/K/M/O.).
[2026-05-24 08:07:23] Linha 3: erro de validacao (Informe ao menos um link entre as colunas F/I/K/M/O.).
[2026-05-24 08:07:23] Finalizacao da sincronizacao. falhou=False importados=0.
[2026-05-24 08:18:21] Inicio da rotina de sincronizacao da planilha.
[2026-05-24 08:18:21] Worker iniciado. worksheet='RespostasForm' auth_mode='oauth_user' spreadsheet_id='11MaCntcOh4-TGSyQRWS3nPuttNiRsvWq0O8mBxNH5qg'.
[2026-05-24 08:18:21] Atualizando token OAuth da planilha.
[2026-05-24 08:18:23] Leitura da planilha concluida. Linhas recebidas: 7.
[2026-05-24 08:18:23] Linha 2 invalida: Informe ao menos um link entre as colunas F/I/K/M/O..
[2026-05-24 08:18:23] Linha 3 invalida: Informe ao menos um link entre as colunas F/I/K/M/O..
[2026-05-24 08:18:23] Linha 2: erro de validacao (Informe ao menos um link entre as colunas F/I/K/M/O.).
[2026-05-24 08:18:23] Linha 3: erro de validacao (Informe ao menos um link entre as colunas F/I/K/M/O.).
[2026-05-24 08:18:23] Finalizacao da sincronizacao. falhou=False importados=0.
[2026-05-24 08:29:21] Inicio da rotina de sincronizacao da planilha.
[2026-05-24 08:29:21] Worker iniciado. worksheet='RespostasForm' auth_mode='oauth_user' spreadsheet_id='11MaCntcOh4-TGSyQRWS3nPuttNiRsvWq0O8mBxNH5qg'.
[2026-05-24 08:29:23] Leitura da planilha concluida. Linhas recebidas: 7.
[2026-05-24 08:29:23] Linha 2 invalida: Informe ao menos um link entre as colunas F/I/K/M/O..
[2026-05-24 08:29:23] Linha 3 invalida: Informe ao menos um link entre as colunas F/I/K/M/O..
[2026-05-24 08:29:23] Linha 2: erro de validacao (Informe ao menos um link entre as colunas F/I/K/M/O.).
[2026-05-24 08:29:23] Linha 3: erro de validacao (Informe ao menos um link entre as colunas F/I/K/M/O.).
[2026-05-24 08:29:23] Finalizacao da sincronizacao. falhou=False importados=0.
[2026-05-24 08:40:22] Inicio da rotina de sincronizacao da planilha.
[2026-05-24 08:40:22] Worker iniciado. worksheet='RespostasForm' auth_mode='oauth_user' spreadsheet_id='11MaCntcOh4-TGSyQRWS3nPuttNiRsvWq0O8mBxNH5qg'.
[2026-05-24 08:40:23] Leitura da planilha concluida. Linhas recebidas: 7.
[2026-05-24 08:40:23] Linha 2 invalida: Informe ao menos um link entre as colunas F/I/K/M/O..
[2026-05-24 08:40:23] Linha 3 invalida: Informe ao menos um link entre as colunas F/I/K/M/O..
[2026-05-24 08:40:23] Linha 2: erro de validacao (Informe ao menos um link entre as colunas F/I/K/M/O.).
[2026-05-24 08:40:23] Linha 3: erro de validacao (Informe ao menos um link entre as colunas F/I/K/M/O.).
[2026-05-24 08:40:23] Finalizacao da sincronizacao. falhou=False importados=0.
[2026-05-24 08:51:22] Inicio da rotina de sincronizacao da planilha.
[2026-05-24 08:51:22] Worker iniciado. worksheet='RespostasForm' auth_mode='oauth_user' spreadsheet_id='11MaCntcOh4-TGSyQRWS3nPuttNiRsvWq0O8mBxNH5qg'.
[2026-05-24 08:51:23] Leitura da planilha concluida. Linhas recebidas: 7.
[2026-05-24 08:51:23] Linha 2 invalida: Informe ao menos um link entre as colunas F/I/K/M/O..
[2026-05-24 08:51:23] Linha 3 invalida: Informe ao menos um link entre as colunas F/I/K/M/O..
[2026-05-24 08:51:23] Linha 2: erro de validacao (Informe ao menos um link entre as colunas F/I/K/M/O.).
[2026-05-24 08:51:23] Linha 3: erro de validacao (Informe ao menos um link entre as colunas F/I/K/M/O.).
[2026-05-24 08:51:23] Finalizacao da sincronizacao. falhou=False importados=0.
[2026-05-24 09:02:22] Inicio da rotina de sincronizacao da planilha.
[2026-05-24 09:02:22] Worker iniciado. worksheet='RespostasForm' auth_mode='oauth_user' spreadsheet_id='11MaCntcOh4-TGSyQRWS3nPuttNiRsvWq0O8mBxNH5qg'.
[2026-05-24 09:02:23] Leitura da planilha concluida. Linhas recebidas: 7.
[2026-05-24 09:02:23] Linha 2 invalida: Informe ao menos um link entre as colunas F/I/K/M/O..
[2026-05-24 09:02:23] Linha 3 invalida: Informe ao menos um link entre as colunas F/I/K/M/O..
[2026-05-24 09:02:23] Linha 2: erro de validacao (Informe ao menos um link entre as colunas F/I/K/M/O.).
[2026-05-24 09:02:23] Linha 3: erro de validacao (Informe ao menos um link entre as colunas F/I/K/M/O.).
[2026-05-24 09:02:23] Finalizacao da sincronizacao. falhou=False importados=0.
[2026-05-24 09:05:29] Sincronizacao manual solicitada pelo usuario.
[2026-05-24 09:05:29] Inicio da rotina de sincronizacao da planilha.
[2026-05-24 09:05:29] Worker iniciado. worksheet='RespostasForm' auth_mode='oauth_user' spreadsheet_id='11MaCntcOh4-TGSyQRWS3nPuttNiRsvWq0O8mBxNH5qg'.
[2026-05-24 09:05:30] Leitura da planilha concluida. Linhas recebidas: 7.
[2026-05-24 09:05:30] Linha 2 invalida: Informe ao menos um link entre as colunas F/I/K/M/O..
[2026-05-24 09:05:30] Linha 3 invalida: Informe ao menos um link entre as colunas F/I/K/M/O..
[2026-05-24 09:05:30] Linha 2: erro de validacao (Informe ao menos um link entre as colunas F/I/K/M/O.).
[2026-05-24 09:05:30] Linha 3: erro de validacao (Informe ao menos um link entre as colunas F/I/K/M/O.).
[2026-05-24 09:05:30] Finalizacao da sincronizacao. falhou=False importados=0.
[2026-05-24 09:16:22] Inicio da rotina de sincronizacao da planilha.
[2026-05-24 09:16:22] Worker iniciado. worksheet='RespostasForm' auth_mode='oauth_user' spreadsheet_id='11MaCntcOh4-TGSyQRWS3nPuttNiRsvWq0O8mBxNH5qg'.
[2026-05-24 09:16:22] Atualizando token OAuth da planilha.
[2026-05-24 09:16:24] Leitura da planilha concluida. Linhas recebidas: 7.
[2026-05-24 09:16:24] Linha 2 invalida: Informe ao menos um link entre as colunas F/I/K/M/O..
[2026-05-24 09:16:24] Linha 3 invalida: Informe ao menos um link entre as colunas F/I/K/M/O..
[2026-05-24 09:16:24] Linha 2: erro de validacao (Informe ao menos um link entre as colunas F/I/K/M/O.).
[2026-05-24 09:16:24] Linha 3: erro de validacao (Informe ao menos um link entre as colunas F/I/K/M/O.).
[2026-05-24 09:16:24] Finalizacao da sincronizacao. falhou=False importados=0.
[2026-05-24 09:27:15] Inicio da rotina de sincronizacao da planilha.
[2026-05-24 09:27:15] Worker iniciado. worksheet='RespostasForm' auth_mode='oauth_user' spreadsheet_id='11MaCntcOh4-TGSyQRWS3nPuttNiRsvWq0O8mBxNH5qg'.
[2026-05-24 09:27:17] Leitura da planilha concluida. Linhas recebidas: 7.
[2026-05-24 09:27:17] Linha 2 invalida: Informe ao menos um link entre as colunas F/I/K/M/O..
[2026-05-24 09:27:17] Linha 3 invalida: Informe ao menos um link entre as colunas F/I/K/M/O..
[2026-05-24 09:27:17] Linha 2: erro de validacao (Informe ao menos um link entre as colunas F/I/K/M/O.).
[2026-05-24 09:27:17] Linha 3: erro de validacao (Informe ao menos um link entre as colunas F/I/K/M/O.).
[2026-05-24 09:27:17] Finalizacao da sincronizacao. falhou=False importados=0.
[2026-05-24 09:28:28] Sincronizacao manual solicitada pelo usuario.
[2026-05-24 09:28:28] Inicio da rotina de sincronizacao da planilha.
[2026-05-24 09:28:28] Worker iniciado. worksheet='RespostasForm' auth_mode='oauth_user' spreadsheet_id='11MaCntcOh4-TGSyQRWS3nPuttNiRsvWq0O8mBxNH5qg'.
[2026-05-24 09:28:29] Leitura da planilha concluida. Linhas recebidas: 7.
[2026-05-24 09:28:29] Linha 2 invalida: Informe ao menos um link entre as colunas F/I/K/M/O..
[2026-05-24 09:28:29] Linha 3 invalida: Informe ao menos um link entre as colunas F/I/K/M/O..
[2026-05-24 09:28:29] Linha 2: erro de validacao (Informe ao menos um link entre as colunas F/I/K/M/O.).
[2026-05-24 09:28:29] Linha 3: erro de validacao (Informe ao menos um link entre as colunas F/I/K/M/O.).
[2026-05-24 09:28:29] Finalizacao da sincronizacao. falhou=False importados=0.
[2026-05-24 09:39:16] Inicio da rotina de sincronizacao da planilha.
[2026-05-24 09:39:16] Worker iniciado. worksheet='RespostasForm' auth_mode='oauth_user' spreadsheet_id='11MaCntcOh4-TGSyQRWS3nPuttNiRsvWq0O8mBxNH5qg'.
[2026-05-24 09:39:17] Leitura da planilha concluida. Linhas recebidas: 7.
[2026-05-24 09:39:17] Linha 2 invalida: Informe ao menos um link entre as colunas F/I/K/M/O..
[2026-05-24 09:39:17] Linha 3 invalida: Informe ao menos um link entre as colunas F/I/K/M/O..
[2026-05-24 09:39:17] Linha 2: erro de validacao (Informe ao menos um link entre as colunas F/I/K/M/O.).
[2026-05-24 09:39:17] Linha 3: erro de validacao (Informe ao menos um link entre as colunas F/I/K/M/O.).
[2026-05-24 09:39:17] Finalizacao da sincronizacao. falhou=False importados=0.
[2026-05-24 09:50:16] Inicio da rotina de sincronizacao da planilha.
[2026-05-24 09:50:16] Worker iniciado. worksheet='RespostasForm' auth_mode='oauth_user' spreadsheet_id='11MaCntcOh4-TGSyQRWS3nPuttNiRsvWq0O8mBxNH5qg'.
[2026-05-24 09:50:17] Leitura da planilha concluida. Linhas recebidas: 7.
[2026-05-24 09:50:17] Linha 2 invalida: Informe ao menos um link entre as colunas F/I/K/M/O..
[2026-05-24 09:50:17] Linha 3 invalida: Informe ao menos um link entre as colunas F/I/K/M/O..
[2026-05-24 09:50:17] Linha 2: erro de validacao (Informe ao menos um link entre as colunas F/I/K/M/O.).
[2026-05-24 09:50:17] Linha 3: erro de validacao (Informe ao menos um link entre as colunas F/I/K/M/O.).
[2026-05-24 09:50:17] Finalizacao da sincronizacao. falhou=False importados=0.
[2026-05-24 10:01:16] Inicio da rotina de sincronizacao da planilha.
[2026-05-24 10:01:16] Worker iniciado. worksheet='RespostasForm' auth_mode='oauth_user' spreadsheet_id='11MaCntcOh4-TGSyQRWS3nPuttNiRsvWq0O8mBxNH5qg'.
[2026-05-24 10:01:17] Leitura da planilha concluida. Linhas recebidas: 7.
[2026-05-24 10:01:17] Linha 2 invalida: Informe ao menos um link entre as colunas F/I/K/M/O..
[2026-05-24 10:01:17] Linha 3 invalida: Informe ao menos um link entre as colunas F/I/K/M/O..
[2026-05-24 10:01:17] Linha 2: erro de validacao (Informe ao menos um link entre as colunas F/I/K/M/O.).
[2026-05-24 10:01:17] Linha 3: erro de validacao (Informe ao menos um link entre as colunas F/I/K/M/O.).
[2026-05-24 10:01:17] Finalizacao da sincronizacao. falhou=False importados=0.
[2026-05-24 10:12:16] Inicio da rotina de sincronizacao da planilha.
[2026-05-24 10:12:16] Worker iniciado. worksheet='RespostasForm' auth_mode='oauth_user' spreadsheet_id='11MaCntcOh4-TGSyQRWS3nPuttNiRsvWq0O8mBxNH5qg'.
[2026-05-24 10:12:18] Leitura da planilha concluida. Linhas recebidas: 7.
[2026-05-24 10:12:18] Linha 2 invalida: Informe ao menos um link entre as colunas F/I/K/M/O..
[2026-05-24 10:12:18] Linha 3 invalida: Informe ao menos um link entre as colunas F/I/K/M/O..
[2026-05-24 10:12:18] Linha 2: erro de validacao (Informe ao menos um link entre as colunas F/I/K/M/O.).
[2026-05-24 10:12:18] Linha 3: erro de validacao (Informe ao menos um link entre as colunas F/I/K/M/O.).
[2026-05-24 10:12:18] Finalizacao da sincronizacao. falhou=False importados=0.
[2026-05-24 10:14:00] Sincronizacao manual solicitada pelo usuario.
[2026-05-24 10:14:00] Inicio da rotina de sincronizacao da planilha.
[2026-05-24 10:14:00] Worker iniciado. worksheet='RespostasForm' auth_mode='oauth_user' spreadsheet_id='11MaCntcOh4-TGSyQRWS3nPuttNiRsvWq0O8mBxNH5qg'.
[2026-05-24 10:14:00] Atualizando token OAuth da planilha.
[2026-05-24 10:14:02] Leitura da planilha concluida. Linhas recebidas: 8.
[2026-05-24 10:14:02] Linha 2 invalida: Informe ao menos um link entre as colunas F/I/K/M/O..
[2026-05-24 10:14:02] Linha 3 invalida: Informe ao menos um link entre as colunas F/I/K/M/O..
[2026-05-24 10:14:02] Linha 9 importada com sucesso. Alerta ID 000010
[2026-05-24 10:14:02] Importacao concluida com 1 alerta(s).
[2026-05-24 10:14:02] Linha 2: erro de validacao (Informe ao menos um link entre as colunas F/I/K/M/O.).
[2026-05-24 10:14:02] Linha 3: erro de validacao (Informe ao menos um link entre as colunas F/I/K/M/O.).
[2026-05-24 10:14:02] 1 alerta(s) importado(s) da planilha.
[2026-05-24 10:14:02] Finalizacao da sincronizacao. falhou=False importados=1.
[2026-05-24 10:24:16] Inicio da rotina de sincronizacao da planilha.
[2026-05-24 10:24:16] Worker iniciado. worksheet='RespostasForm' auth_mode='oauth_user' spreadsheet_id='11MaCntcOh4-TGSyQRWS3nPuttNiRsvWq0O8mBxNH5qg'.
[2026-05-24 10:24:17] Leitura da planilha concluida. Linhas recebidas: 9.
[2026-05-24 10:24:17] Linha 2 invalida: Informe ao menos um link entre as colunas F/I/K/M/O..
[2026-05-24 10:24:17] Linha 3 invalida: Informe ao menos um link entre as colunas F/I/K/M/O..
[2026-05-24 10:24:18] Linha 10 importada com sucesso. Alerta ID 000011
[2026-05-24 10:24:18] Importacao concluida com 1 alerta(s).
[2026-05-24 10:24:18] Linha 2: erro de validacao (Informe ao menos um link entre as colunas F/I/K/M/O.).
[2026-05-24 10:24:18] Linha 3: erro de validacao (Informe ao menos um link entre as colunas F/I/K/M/O.).
[2026-05-24 10:24:18] 1 alerta(s) importado(s) da planilha.
[2026-05-24 10:24:18] Finalizacao da sincronizacao. falhou=False importados=1.
[2026-05-24 10:35:16] Inicio da rotina de sincronizacao da planilha.
[2026-05-24 10:35:16] Worker iniciado. worksheet='RespostasForm' auth_mode='oauth_user' spreadsheet_id='11MaCntcOh4-TGSyQRWS3nPuttNiRsvWq0O8mBxNH5qg'.
[2026-05-24 10:35:18] Leitura da planilha concluida. Linhas recebidas: 9.
[2026-05-24 10:35:18] Linha 2 invalida: Informe ao menos um link entre as colunas F/I/K/M/O..
[2026-05-24 10:35:18] Linha 3 invalida: Informe ao menos um link entre as colunas F/I/K/M/O..
[2026-05-24 10:35:18] Linha 2: erro de validacao (Informe ao menos um link entre as colunas F/I/K/M/O.).
[2026-05-24 10:35:18] Linha 3: erro de validacao (Informe ao menos um link entre as colunas F/I/K/M/O.).
[2026-05-24 10:35:18] Finalizacao da sincronizacao. falhou=False importados=0.
[2026-05-24 10:46:16] Inicio da rotina de sincronizacao da planilha.
[2026-05-24 10:46:16] Worker iniciado. worksheet='RespostasForm' auth_mode='oauth_user' spreadsheet_id='11MaCntcOh4-TGSyQRWS3nPuttNiRsvWq0O8mBxNH5qg'.
[2026-05-24 10:46:17] Leitura da planilha concluida. Linhas recebidas: 9.
[2026-05-24 10:46:17] Linha 2 invalida: Informe ao menos um link entre as colunas F/I/K/M/O..
[2026-05-24 10:46:17] Linha 3 invalida: Informe ao menos um link entre as colunas F/I/K/M/O..
[2026-05-24 10:46:17] Linha 2: erro de validacao (Informe ao menos um link entre as colunas F/I/K/M/O.).
[2026-05-24 10:46:17] Linha 3: erro de validacao (Informe ao menos um link entre as colunas F/I/K/M/O.).
[2026-05-24 10:46:17] Finalizacao da sincronizacao. falhou=False importados=0.
[2026-05-24 10:57:16] Inicio da rotina de sincronizacao da planilha.
[2026-05-24 10:57:16] Worker iniciado. worksheet='RespostasForm' auth_mode='oauth_user' spreadsheet_id='11MaCntcOh4-TGSyQRWS3nPuttNiRsvWq0O8mBxNH5qg'.
[2026-05-24 10:57:18] Leitura da planilha concluida. Linhas recebidas: 9.
[2026-05-24 10:57:18] Linha 2 invalida: Informe ao menos um link entre as colunas F/I/K/M/O..
[2026-05-24 10:57:18] Linha 3 invalida: Informe ao menos um link entre as colunas F/I/K/M/O..
[2026-05-24 10:57:18] Linha 2: erro de validacao (Informe ao menos um link entre as colunas F/I/K/M/O.).
[2026-05-24 10:57:18] Linha 3: erro de validacao (Informe ao menos um link entre as colunas F/I/K/M/O.).
[2026-05-24 10:57:18] Finalizacao da sincronizacao. falhou=False importados=0.
[2026-05-24 11:08:16] Inicio da rotina de sincronizacao da planilha.
[2026-05-24 11:08:16] Worker iniciado. worksheet='RespostasForm' auth_mode='oauth_user' spreadsheet_id='11MaCntcOh4-TGSyQRWS3nPuttNiRsvWq0O8mBxNH5qg'.
[2026-05-24 11:08:18] Leitura da planilha concluida. Linhas recebidas: 9.
[2026-05-24 11:08:18] Linha 2 invalida: Informe ao menos um link entre as colunas F/I/K/M/O..
[2026-05-24 11:08:18] Linha 3 invalida: Informe ao menos um link entre as colunas F/I/K/M/O..
[2026-05-24 11:08:18] Linha 2: erro de validacao (Informe ao menos um link entre as colunas F/I/K/M/O.).
[2026-05-24 11:08:18] Linha 3: erro de validacao (Informe ao menos um link entre as colunas F/I/K/M/O.).
[2026-05-24 11:08:18] Finalizacao da sincronizacao. falhou=False importados=0.
[2026-05-24 11:19:17] Inicio da rotina de sincronizacao da planilha.
[2026-05-24 11:19:17] Worker iniciado. worksheet='RespostasForm' auth_mode='oauth_user' spreadsheet_id='11MaCntcOh4-TGSyQRWS3nPuttNiRsvWq0O8mBxNH5qg'.
[2026-05-24 11:19:17] Atualizando token OAuth da planilha.
[2026-05-24 11:19:18] Leitura da planilha concluida. Linhas recebidas: 10.
[2026-05-24 11:19:18] Linha 2 invalida: Informe ao menos um link entre as colunas F/I/K/M/O..
[2026-05-24 11:19:18] Linha 3 invalida: Informe ao menos um link entre as colunas F/I/K/M/O..
[2026-05-24 11:19:19] Linha 11 importada com sucesso. Alerta ID 000013
[2026-05-24 11:19:19] Importacao concluida com 1 alerta(s).
[2026-05-24 11:19:19] Linha 2: erro de validacao (Informe ao menos um link entre as colunas F/I/K/M/O.).
[2026-05-24 11:19:19] Linha 3: erro de validacao (Informe ao menos um link entre as colunas F/I/K/M/O.).
[2026-05-24 11:19:19] 1 alerta(s) importado(s) da planilha.
[2026-05-24 11:19:19] Finalizacao da sincronizacao. falhou=False importados=1.
[2026-05-24 11:30:17] Inicio da rotina de sincronizacao da planilha.
[2026-05-24 11:30:17] Worker iniciado. worksheet='RespostasForm' auth_mode='oauth_user' spreadsheet_id='11MaCntcOh4-TGSyQRWS3nPuttNiRsvWq0O8mBxNH5qg'.
[2026-05-24 11:30:18] Leitura da planilha concluida. Linhas recebidas: 10.
[2026-05-24 11:30:18] Linha 2 invalida: Informe ao menos um link entre as colunas F/I/K/M/O..
[2026-05-24 11:30:18] Linha 3 invalida: Informe ao menos um link entre as colunas F/I/K/M/O..
[2026-05-24 11:30:18] Linha 2: erro de validacao (Informe ao menos um link entre as colunas F/I/K/M/O.).
[2026-05-24 11:30:18] Linha 3: erro de validacao (Informe ao menos um link entre as colunas F/I/K/M/O.).
[2026-05-24 11:30:18] Finalizacao da sincronizacao. falhou=False importados=0.
[2026-05-24 11:41:17] Inicio da rotina de sincronizacao da planilha.
[2026-05-24 11:41:17] Worker iniciado. worksheet='RespostasForm' auth_mode='oauth_user' spreadsheet_id='11MaCntcOh4-TGSyQRWS3nPuttNiRsvWq0O8mBxNH5qg'.
[2026-05-24 11:41:18] Leitura da planilha concluida. Linhas recebidas: 10.
[2026-05-24 11:41:18] Linha 2 invalida: Informe ao menos um link entre as colunas F/I/K/M/O..
[2026-05-24 11:41:18] Linha 3 invalida: Informe ao menos um link entre as colunas F/I/K/M/O..
[2026-05-24 11:41:18] Linha 2: erro de validacao (Informe ao menos um link entre as colunas F/I/K/M/O.).
[2026-05-24 11:41:18] Linha 3: erro de validacao (Informe ao menos um link entre as colunas F/I/K/M/O.).
[2026-05-24 11:41:18] Finalizacao da sincronizacao. falhou=False importados=0.
[2026-05-24 11:52:17] Inicio da rotina de sincronizacao da planilha.
[2026-05-24 11:52:17] Worker iniciado. worksheet='RespostasForm' auth_mode='oauth_user' spreadsheet_id='11MaCntcOh4-TGSyQRWS3nPuttNiRsvWq0O8mBxNH5qg'.
[2026-05-24 11:52:19] Leitura da planilha concluida. Linhas recebidas: 10.
[2026-05-24 11:52:19] Linha 2 invalida: Informe ao menos um link entre as colunas F/I/K/M/O..
[2026-05-24 11:52:19] Linha 3 invalida: Informe ao menos um link entre as colunas F/I/K/M/O..
[2026-05-24 11:52:19] Linha 2: erro de validacao (Informe ao menos um link entre as colunas F/I/K/M/O.).
[2026-05-24 11:52:19] Linha 3: erro de validacao (Informe ao menos um link entre as colunas F/I/K/M/O.).
[2026-05-24 11:52:19] Finalizacao da sincronizacao. falhou=False importados=0.
[2026-05-24 13:55:11] Inicio da rotina de sincronizacao da planilha.
[2026-05-24 13:55:12] Worker iniciado. worksheet='RespostasForm' auth_mode='oauth_user' spreadsheet_id='11MaCntcOh4-TGSyQRWS3nPuttNiRsvWq0O8mBxNH5qg'.
[2026-05-24 13:55:12] Atualizando token OAuth da planilha.
[2026-05-24 13:55:12] Falha na importacao da planilha: HTTPSConnectionPool(host='oauth2.googleapis.com', port=443): Max retries exceeded with url: /token (Caused by NameResolutionError("HTTPSConnection(host='oauth2.googleapis.com', port=443): Failed to resolve 'oauth2.googleapis.com' ([Errno 11001] getaddrinfo failed)"))
[2026-05-24 13:55:12] Falha na importacao da planilha: HTTPSConnectionPool(host='oauth2.googleapis.com', port=443): Max retries exceeded with url: /token (Caused by NameResolutionError("HTTPSConnection(host='oauth2.googleapis.com', port=443): Failed to resolve 'oauth2.googleapis.com' ([Errno 11001] getaddrinfo failed)"))
[2026-05-24 13:55:12] Finalizacao da sincronizacao. falhou=True importados=0.
[2026-05-24 14:05:12] Inicio da rotina de sincronizacao da planilha.
[2026-05-24 14:05:12] Worker iniciado. worksheet='RespostasForm' auth_mode='oauth_user' spreadsheet_id='11MaCntcOh4-TGSyQRWS3nPuttNiRsvWq0O8mBxNH5qg'.
[2026-05-24 14:05:12] Atualizando token OAuth da planilha.
[2026-05-24 14:05:13] Leitura da planilha concluida. Linhas recebidas: 10.
[2026-05-24 14:05:13] Linha 2 invalida: Informe ao menos um link entre as colunas F/I/K/M/O..
[2026-05-24 14:05:13] Linha 3 invalida: Informe ao menos um link entre as colunas F/I/K/M/O..
[2026-05-24 14:05:13] Linha 2: erro de validacao (Informe ao menos um link entre as colunas F/I/K/M/O.).
[2026-05-24 14:05:13] Linha 3: erro de validacao (Informe ao menos um link entre as colunas F/I/K/M/O.).
[2026-05-24 14:05:13] Finalizacao da sincronizacao. falhou=False importados=0.
[2026-05-24 14:16:12] Inicio da rotina de sincronizacao da planilha.
[2026-05-24 14:16:12] Worker iniciado. worksheet='RespostasForm' auth_mode='oauth_user' spreadsheet_id='11MaCntcOh4-TGSyQRWS3nPuttNiRsvWq0O8mBxNH5qg'.
[2026-05-24 14:16:13] Leitura da planilha concluida. Linhas recebidas: 10.
[2026-05-24 14:16:13] Linha 2 invalida: Informe ao menos um link entre as colunas F/I/K/M/O..
[2026-05-24 14:16:13] Linha 3 invalida: Informe ao menos um link entre as colunas F/I/K/M/O..
[2026-05-24 14:16:13] Linha 2: erro de validacao (Informe ao menos um link entre as colunas F/I/K/M/O.).
[2026-05-24 14:16:13] Linha 3: erro de validacao (Informe ao menos um link entre as colunas F/I/K/M/O.).
[2026-05-24 14:16:13] Finalizacao da sincronizacao. falhou=False importados=0.
[2026-05-24 14:27:12] Inicio da rotina de sincronizacao da planilha.
[2026-05-24 14:27:12] Worker iniciado. worksheet='RespostasForm' auth_mode='oauth_user' spreadsheet_id='11MaCntcOh4-TGSyQRWS3nPuttNiRsvWq0O8mBxNH5qg'.
[2026-05-24 14:27:13] Leitura da planilha concluida. Linhas recebidas: 10.
[2026-05-24 14:27:13] Linha 2 invalida: Informe ao menos um link entre as colunas F/I/K/M/O..
[2026-05-24 14:27:13] Linha 3 invalida: Informe ao menos um link entre as colunas F/I/K/M/O..
[2026-05-24 14:27:13] Linha 2: erro de validacao (Informe ao menos um link entre as colunas F/I/K/M/O.).
[2026-05-24 14:27:13] Linha 3: erro de validacao (Informe ao menos um link entre as colunas F/I/K/M/O.).
[2026-05-24 14:27:13] Finalizacao da sincronizacao. falhou=False importados=0.
[2026-05-24 14:38:12] Inicio da rotina de sincronizacao da planilha.
[2026-05-24 14:38:12] Worker iniciado. worksheet='RespostasForm' auth_mode='oauth_user' spreadsheet_id='11MaCntcOh4-TGSyQRWS3nPuttNiRsvWq0O8mBxNH5qg'.
[2026-05-24 14:38:13] Leitura da planilha concluida. Linhas recebidas: 10.
[2026-05-24 14:38:13] Linha 2 invalida: Informe ao menos um link entre as colunas F/I/K/M/O..
[2026-05-24 14:38:13] Linha 3 invalida: Informe ao menos um link entre as colunas F/I/K/M/O..
[2026-05-24 14:38:13] Linha 2: erro de validacao (Informe ao menos um link entre as colunas F/I/K/M/O.).
[2026-05-24 14:38:13] Linha 3: erro de validacao (Informe ao menos um link entre as colunas F/I/K/M/O.).
[2026-05-24 14:38:13] Finalizacao da sincronizacao. falhou=False importados=0.
[2026-05-24 14:49:12] Inicio da rotina de sincronizacao da planilha.
[2026-05-24 14:49:12] Worker iniciado. worksheet='RespostasForm' auth_mode='oauth_user' spreadsheet_id='11MaCntcOh4-TGSyQRWS3nPuttNiRsvWq0O8mBxNH5qg'.
[2026-05-24 14:49:13] Leitura da planilha concluida. Linhas recebidas: 10.
[2026-05-24 14:49:13] Linha 2 invalida: Informe ao menos um link entre as colunas F/I/K/M/O..
[2026-05-24 14:49:13] Linha 3 invalida: Informe ao menos um link entre as colunas F/I/K/M/O..
[2026-05-24 14:49:13] Linha 2: erro de validacao (Informe ao menos um link entre as colunas F/I/K/M/O.).
[2026-05-24 14:49:13] Linha 3: erro de validacao (Informe ao menos um link entre as colunas F/I/K/M/O.).
[2026-05-24 14:49:13] Finalizacao da sincronizacao. falhou=False importados=0.
[2026-05-24 15:00:12] Inicio da rotina de sincronizacao da planilha.
[2026-05-24 15:00:12] Worker iniciado. worksheet='RespostasForm' auth_mode='oauth_user' spreadsheet_id='11MaCntcOh4-TGSyQRWS3nPuttNiRsvWq0O8mBxNH5qg'.
[2026-05-24 15:00:14] Leitura da planilha concluida. Linhas recebidas: 10.
[2026-05-24 15:00:14] Linha 2 invalida: Informe ao menos um link entre as colunas F/I/K/M/O..
[2026-05-24 15:00:14] Linha 3 invalida: Informe ao menos um link entre as colunas F/I/K/M/O..
[2026-05-24 15:00:14] Linha 2: erro de validacao (Informe ao menos um link entre as colunas F/I/K/M/O.).
[2026-05-24 15:00:14] Linha 3: erro de validacao (Informe ao menos um link entre as colunas F/I/K/M/O.).
[2026-05-24 15:00:14] Finalizacao da sincronizacao. falhou=False importados=0.
[2026-05-24 15:11:12] Inicio da rotina de sincronizacao da planilha.
[2026-05-24 15:11:12] Worker iniciado. worksheet='RespostasForm' auth_mode='oauth_user' spreadsheet_id='11MaCntcOh4-TGSyQRWS3nPuttNiRsvWq0O8mBxNH5qg'.
[2026-05-24 15:11:12] Atualizando token OAuth da planilha.
[2026-05-24 15:11:15] Leitura da planilha concluida. Linhas recebidas: 10.
[2026-05-24 15:11:15] Linha 2 invalida: Informe ao menos um link entre as colunas F/I/K/M/O..
[2026-05-24 15:11:15] Linha 3 invalida: Informe ao menos um link entre as colunas F/I/K/M/O..
[2026-05-24 15:11:15] Linha 2: erro de validacao (Informe ao menos um link entre as colunas F/I/K/M/O.).
[2026-05-24 15:11:15] Linha 3: erro de validacao (Informe ao menos um link entre as colunas F/I/K/M/O.).
[2026-05-24 15:11:15] Finalizacao da sincronizacao. falhou=False importados=0.
[2026-05-24 15:22:12] Inicio da rotina de sincronizacao da planilha.
[2026-05-24 15:22:12] Worker iniciado. worksheet='RespostasForm' auth_mode='oauth_user' spreadsheet_id='11MaCntcOh4-TGSyQRWS3nPuttNiRsvWq0O8mBxNH5qg'.
[2026-05-24 15:22:14] Leitura da planilha concluida. Linhas recebidas: 10.
[2026-05-24 15:22:14] Linha 2 invalida: Informe ao menos um link entre as colunas F/I/K/M/O..
[2026-05-24 15:22:14] Linha 3 invalida: Informe ao menos um link entre as colunas F/I/K/M/O..
[2026-05-24 15:22:14] Linha 2: erro de validacao (Informe ao menos um link entre as colunas F/I/K/M/O.).
[2026-05-24 15:22:14] Linha 3: erro de validacao (Informe ao menos um link entre as colunas F/I/K/M/O.).
[2026-05-24 15:22:14] Finalizacao da sincronizacao. falhou=False importados=0.
[2026-05-24 15:33:13] Inicio da rotina de sincronizacao da planilha.
[2026-05-24 15:33:13] Worker iniciado. worksheet='RespostasForm' auth_mode='oauth_user' spreadsheet_id='11MaCntcOh4-TGSyQRWS3nPuttNiRsvWq0O8mBxNH5qg'.
[2026-05-24 15:33:14] Leitura da planilha concluida. Linhas recebidas: 10.
[2026-05-24 15:33:14] Linha 2 invalida: Informe ao menos um link entre as colunas F/I/K/M/O..
[2026-05-24 15:33:14] Linha 3 invalida: Informe ao menos um link entre as colunas F/I/K/M/O..
[2026-05-24 15:33:14] Linha 2: erro de validacao (Informe ao menos um link entre as colunas F/I/K/M/O.).
[2026-05-24 15:33:14] Linha 3: erro de validacao (Informe ao menos um link entre as colunas F/I/K/M/O.).
[2026-05-24 15:33:14] Finalizacao da sincronizacao. falhou=False importados=0.
[2026-05-24 16:32:57] Inicio da rotina de sincronizacao da planilha.
[2026-05-24 16:32:57] Worker iniciado. worksheet='RespostasForm' auth_mode='oauth_user' spreadsheet_id='11MaCntcOh4-TGSyQRWS3nPuttNiRsvWq0O8mBxNH5qg'.
[2026-05-24 16:32:57] Atualizando token OAuth da planilha.
[2026-05-24 16:32:57] Falha na importacao da planilha: HTTPSConnectionPool(host='oauth2.googleapis.com', port=443): Max retries exceeded with url: /token (Caused by NameResolutionError("HTTPSConnection(host='oauth2.googleapis.com', port=443): Failed to resolve 'oauth2.googleapis.com' ([Errno 11001] getaddrinfo failed)"))
[2026-05-24 16:32:57] Falha na importacao da planilha: HTTPSConnectionPool(host='oauth2.googleapis.com', port=443): Max retries exceeded with url: /token (Caused by NameResolutionError("HTTPSConnection(host='oauth2.googleapis.com', port=443): Failed to resolve 'oauth2.googleapis.com' ([Errno 11001] getaddrinfo failed)"))
[2026-05-24 16:32:57] Finalizacao da sincronizacao. falhou=True importados=0.
[2026-05-24 16:42:58] Inicio da rotina de sincronizacao da planilha.
[2026-05-24 16:42:58] Worker iniciado. worksheet='RespostasForm' auth_mode='oauth_user' spreadsheet_id='11MaCntcOh4-TGSyQRWS3nPuttNiRsvWq0O8mBxNH5qg'.
[2026-05-24 16:42:58] Atualizando token OAuth da planilha.
[2026-05-24 16:42:59] Leitura da planilha concluida. Linhas recebidas: 10.
[2026-05-24 16:42:59] Linha 2 invalida: Informe ao menos um link entre as colunas F/I/K/M/O..
[2026-05-24 16:42:59] Linha 3 invalida: Informe ao menos um link entre as colunas F/I/K/M/O..
[2026-05-24 16:42:59] Linha 2: erro de validacao (Informe ao menos um link entre as colunas F/I/K/M/O.).
[2026-05-24 16:42:59] Linha 3: erro de validacao (Informe ao menos um link entre as colunas F/I/K/M/O.).
[2026-05-24 16:42:59] Finalizacao da sincronizacao. falhou=False importados=0.
[2026-05-24 16:53:58] Inicio da rotina de sincronizacao da planilha.
[2026-05-24 16:53:58] Worker iniciado. worksheet='RespostasForm' auth_mode='oauth_user' spreadsheet_id='11MaCntcOh4-TGSyQRWS3nPuttNiRsvWq0O8mBxNH5qg'.
[2026-05-24 16:53:59] Leitura da planilha concluida. Linhas recebidas: 10.
[2026-05-24 16:53:59] Linha 2 invalida: Informe ao menos um link entre as colunas F/I/K/M/O..
[2026-05-24 16:53:59] Linha 3 invalida: Informe ao menos um link entre as colunas F/I/K/M/O..
[2026-05-24 16:53:59] Linha 2: erro de validacao (Informe ao menos um link entre as colunas F/I/K/M/O.).
[2026-05-24 16:53:59] Linha 3: erro de validacao (Informe ao menos um link entre as colunas F/I/K/M/O.).
[2026-05-24 16:53:59] Finalizacao da sincronizacao. falhou=False importados=0.
[2026-05-24 17:04:58] Inicio da rotina de sincronizacao da planilha.
[2026-05-24 17:04:58] Worker iniciado. worksheet='RespostasForm' auth_mode='oauth_user' spreadsheet_id='11MaCntcOh4-TGSyQRWS3nPuttNiRsvWq0O8mBxNH5qg'.
[2026-05-24 17:04:59] Leitura da planilha concluida. Linhas recebidas: 10.
[2026-05-24 17:04:59] Linha 2 invalida: Informe ao menos um link entre as colunas F/I/K/M/O..
[2026-05-24 17:04:59] Linha 3 invalida: Informe ao menos um link entre as colunas F/I/K/M/O..
[2026-05-24 17:04:59] Linha 2: erro de validacao (Informe ao menos um link entre as colunas F/I/K/M/O.).
[2026-05-24 17:04:59] Linha 3: erro de validacao (Informe ao menos um link entre as colunas F/I/K/M/O.).
[2026-05-24 17:04:59] Finalizacao da sincronizacao. falhou=False importados=0.
[2026-05-24 17:15:58] Inicio da rotina de sincronizacao da planilha.
[2026-05-24 17:15:58] Worker iniciado. worksheet='RespostasForm' auth_mode='oauth_user' spreadsheet_id='11MaCntcOh4-TGSyQRWS3nPuttNiRsvWq0O8mBxNH5qg'.
[2026-05-24 17:15:59] Leitura da planilha concluida. Linhas recebidas: 10.
[2026-05-24 17:15:59] Linha 2 invalida: Informe ao menos um link entre as colunas F/I/K/M/O..
[2026-05-24 17:15:59] Linha 3 invalida: Informe ao menos um link entre as colunas F/I/K/M/O..
[2026-05-24 17:15:59] Linha 2: erro de validacao (Informe ao menos um link entre as colunas F/I/K/M/O.).
[2026-05-24 17:15:59] Linha 3: erro de validacao (Informe ao menos um link entre as colunas F/I/K/M/O.).
[2026-05-24 17:15:59] Finalizacao da sincronizacao. falhou=False importados=0.
[2026-05-24 17:26:58] Inicio da rotina de sincronizacao da planilha.
[2026-05-24 17:26:58] Worker iniciado. worksheet='RespostasForm' auth_mode='oauth_user' spreadsheet_id='11MaCntcOh4-TGSyQRWS3nPuttNiRsvWq0O8mBxNH5qg'.
[2026-05-24 17:26:59] Leitura da planilha concluida. Linhas recebidas: 10.
[2026-05-24 17:26:59] Linha 2 invalida: Informe ao menos um link entre as colunas F/I/K/M/O..
[2026-05-24 17:26:59] Linha 3 invalida: Informe ao menos um link entre as colunas F/I/K/M/O..
[2026-05-24 17:26:59] Linha 2: erro de validacao (Informe ao menos um link entre as colunas F/I/K/M/O.).
[2026-05-24 17:26:59] Linha 3: erro de validacao (Informe ao menos um link entre as colunas F/I/K/M/O.).
[2026-05-24 17:26:59] Finalizacao da sincronizacao. falhou=False importados=0.
[2026-05-24 17:37:58] Inicio da rotina de sincronizacao da planilha.
[2026-05-24 17:37:58] Worker iniciado. worksheet='RespostasForm' auth_mode='oauth_user' spreadsheet_id='11MaCntcOh4-TGSyQRWS3nPuttNiRsvWq0O8mBxNH5qg'.
[2026-05-24 17:38:00] Leitura da planilha concluida. Linhas recebidas: 10.
[2026-05-24 17:38:00] Linha 2 invalida: Informe ao menos um link entre as colunas F/I/K/M/O..
[2026-05-24 17:38:00] Linha 3 invalida: Informe ao menos um link entre as colunas F/I/K/M/O..
[2026-05-24 17:38:00] Linha 2: erro de validacao (Informe ao menos um link entre as colunas F/I/K/M/O.).
[2026-05-24 17:38:00] Linha 3: erro de validacao (Informe ao menos um link entre as colunas F/I/K/M/O.).
[2026-05-24 17:38:00] Finalizacao da sincronizacao. falhou=False importados=0.
[2026-05-24 17:48:58] Inicio da rotina de sincronizacao da planilha.
[2026-05-24 17:48:58] Worker iniciado. worksheet='RespostasForm' auth_mode='oauth_user' spreadsheet_id='11MaCntcOh4-TGSyQRWS3nPuttNiRsvWq0O8mBxNH5qg'.
[2026-05-24 17:48:58] Atualizando token OAuth da planilha.
[2026-05-24 17:49:00] Leitura da planilha concluida. Linhas recebidas: 10.
[2026-05-24 17:49:00] Linha 2 invalida: Informe ao menos um link entre as colunas F/I/K/M/O..
[2026-05-24 17:49:00] Linha 3 invalida: Informe ao menos um link entre as colunas F/I/K/M/O..
[2026-05-24 17:49:00] Linha 2: erro de validacao (Informe ao menos um link entre as colunas F/I/K/M/O.).
[2026-05-24 17:49:00] Linha 3: erro de validacao (Informe ao menos um link entre as colunas F/I/K/M/O.).
[2026-05-24 17:49:00] Finalizacao da sincronizacao. falhou=False importados=0.
[2026-05-24 21:49:10] Inicio da rotina de sincronizacao da planilha.
[2026-05-24 21:49:10] Worker iniciado. worksheet='RespostasForm' auth_mode='oauth_user' spreadsheet_id='11MaCntcOh4-TGSyQRWS3nPuttNiRsvWq0O8mBxNH5qg'.
[2026-05-24 21:49:11] Atualizando token OAuth da planilha.
[2026-05-24 21:49:11] Falha na importacao da planilha: HTTPSConnectionPool(host='oauth2.googleapis.com', port=443): Max retries exceeded with url: /token (Caused by NameResolutionError("HTTPSConnection(host='oauth2.googleapis.com', port=443): Failed to resolve 'oauth2.googleapis.com' ([Errno 11001] getaddrinfo failed)"))
[2026-05-24 21:49:11] Falha na importacao da planilha: HTTPSConnectionPool(host='oauth2.googleapis.com', port=443): Max retries exceeded with url: /token (Caused by NameResolutionError("HTTPSConnection(host='oauth2.googleapis.com', port=443): Failed to resolve 'oauth2.googleapis.com' ([Errno 11001] getaddrinfo failed)"))
[2026-05-24 21:49:11] Finalizacao da sincronizacao. falhou=True importados=0.
[2026-05-24 21:53:07] Sincronizacao manual solicitada pelo usuario.
[2026-05-24 21:53:07] Inicio da rotina de sincronizacao da planilha.
[2026-05-24 21:53:07] Worker iniciado. worksheet='RespostasForm' auth_mode='oauth_user' spreadsheet_id='11MaCntcOh4-TGSyQRWS3nPuttNiRsvWq0O8mBxNH5qg'.
[2026-05-24 21:53:07] Atualizando token OAuth da planilha.
[2026-05-24 21:53:09] Leitura da planilha concluida. Linhas recebidas: 11.
[2026-05-24 21:53:09] Linha 2 invalida: Informe ao menos um link entre as colunas F/I/K/M/O..
[2026-05-24 21:53:09] Linha 3 invalida: Informe ao menos um link entre as colunas F/I/K/M/O..
[2026-05-24 21:53:09] Linha 12 importada com sucesso. Alerta ID 000014
[2026-05-24 21:53:09] Importacao concluida com 1 alerta(s).
[2026-05-24 21:53:09] Linha 2: erro de validacao (Informe ao menos um link entre as colunas F/I/K/M/O.).
[2026-05-24 21:53:09] Linha 3: erro de validacao (Informe ao menos um link entre as colunas F/I/K/M/O.).
[2026-05-24 21:53:09] 1 alerta(s) importado(s) da planilha.
[2026-05-24 21:53:09] Finalizacao da sincronizacao. falhou=False importados=1.
[2026-05-24 22:03:11] Inicio da rotina de sincronizacao da planilha.
[2026-05-24 22:03:11] Worker iniciado. worksheet='RespostasForm' auth_mode='oauth_user' spreadsheet_id='11MaCntcOh4-TGSyQRWS3nPuttNiRsvWq0O8mBxNH5qg'.
[2026-05-24 22:03:12] Leitura da planilha concluida. Linhas recebidas: 11.
[2026-05-24 22:03:12] Linha 2 invalida: Informe ao menos um link entre as colunas F/I/K/M/O..
[2026-05-24 22:03:12] Linha 3 invalida: Informe ao menos um link entre as colunas F/I/K/M/O..
[2026-05-24 22:03:12] Linha 2: erro de validacao (Informe ao menos um link entre as colunas F/I/K/M/O.).
[2026-05-24 22:03:12] Linha 3: erro de validacao (Informe ao menos um link entre as colunas F/I/K/M/O.).
[2026-05-24 22:03:12] Finalizacao da sincronizacao. falhou=False importados=0.
[2026-05-24 22:09:18] Sincronizacao manual solicitada pelo usuario.
[2026-05-24 22:09:18] Inicio da rotina de sincronizacao da planilha.
[2026-05-24 22:09:18] Worker iniciado. worksheet='RespostasForm' auth_mode='oauth_user' spreadsheet_id='11MaCntcOh4-TGSyQRWS3nPuttNiRsvWq0O8mBxNH5qg'.
[2026-05-24 22:09:19] Leitura da planilha concluida. Linhas recebidas: 12.
[2026-05-24 22:09:19] Linha 2 invalida: Informe ao menos um link entre as colunas F/I/K/M/O..
[2026-05-24 22:09:19] Linha 3 invalida: Informe ao menos um link entre as colunas F/I/K/M/O..
[2026-05-24 22:09:20] Linha 13 importada com sucesso. Alerta ID 000016
[2026-05-24 22:09:20] Importacao concluida com 1 alerta(s).
[2026-05-24 22:09:20] Linha 2: erro de validacao (Informe ao menos um link entre as colunas F/I/K/M/O.).
[2026-05-24 22:09:20] Linha 3: erro de validacao (Informe ao menos um link entre as colunas F/I/K/M/O.).
[2026-05-24 22:09:20] 1 alerta(s) importado(s) da planilha.
[2026-05-24 22:09:20] Finalizacao da sincronizacao. falhou=False importados=1.
[2026-05-24 22:20:11] Inicio da rotina de sincronizacao da planilha.
[2026-05-24 22:20:11] Worker iniciado. worksheet='RespostasForm' auth_mode='oauth_user' spreadsheet_id='11MaCntcOh4-TGSyQRWS3nPuttNiRsvWq0O8mBxNH5qg'.
[2026-05-24 22:20:12] Leitura da planilha concluida. Linhas recebidas: 12.
[2026-05-24 22:20:12] Linha 2 invalida: Informe ao menos um link entre as colunas F/I/K/M/O..
[2026-05-24 22:20:12] Linha 3 invalida: Informe ao menos um link entre as colunas F/I/K/M/O..
[2026-05-24 22:20:12] Linha 2: erro de validacao (Informe ao menos um link entre as colunas F/I/K/M/O.).
[2026-05-24 22:20:12] Linha 3: erro de validacao (Informe ao menos um link entre as colunas F/I/K/M/O.).
[2026-05-24 22:20:12] Finalizacao da sincronizacao. falhou=False importados=0.
[2026-05-24 22:27:01] Inicio da rotina de sincronizacao da planilha.
[2026-05-24 22:27:01] Worker iniciado. worksheet='RespostasForm' auth_mode='oauth_user' spreadsheet_id='11MaCntcOh4-TGSyQRWS3nPuttNiRsvWq0O8mBxNH5qg'.
[2026-05-24 22:27:03] Leitura da planilha concluida. Linhas recebidas: 12.
[2026-05-24 22:27:03] Linha 2 invalida: Informe ao menos um link entre as colunas F/I/K/M/O..
[2026-05-24 22:27:03] Linha 3 invalida: Informe ao menos um link entre as colunas F/I/K/M/O..
[2026-05-24 22:27:03] Linha 2: erro de validacao (Informe ao menos um link entre as colunas F/I/K/M/O.).
[2026-05-24 22:27:03] Linha 3: erro de validacao (Informe ao menos um link entre as colunas F/I/K/M/O.).
[2026-05-24 22:27:03] Finalizacao da sincronizacao. falhou=False importados=0.
[2026-05-24 22:32:58] Sincronizacao manual solicitada pelo usuario.
[2026-05-24 22:32:58] Inicio da rotina de sincronizacao da planilha.
[2026-05-24 22:32:58] Worker iniciado. worksheet='RespostasForm' auth_mode='oauth_user' spreadsheet_id='11MaCntcOh4-TGSyQRWS3nPuttNiRsvWq0O8mBxNH5qg'.
[2026-05-24 22:32:59] Leitura da planilha concluida. Linhas recebidas: 12.
[2026-05-24 22:32:59] Linha 2 invalida: Informe ao menos um link entre as colunas F/I/K/M/O..
[2026-05-24 22:32:59] Linha 3 invalida: Informe ao menos um link entre as colunas F/I/K/M/O..
[2026-05-24 22:32:59] Linha 2: erro de validacao (Informe ao menos um link entre as colunas F/I/K/M/O.).
[2026-05-24 22:32:59] Linha 3: erro de validacao (Informe ao menos um link entre as colunas F/I/K/M/O.).
[2026-05-24 22:32:59] Finalizacao da sincronizacao. falhou=False importados=0.
