=== Inicio do log de sincronizacao de planilha: 2026-07-02T19:25:51 ===
[2026-07-02 19:25:51] Sincronizacao manual solicitada pelo usuario.
[2026-07-02 19:25:51] Inicio da rotina de sincronizacao da planilha.
[2026-07-02 19:25:51] Worker iniciado. worksheet='RespostasForm' auth_mode='oauth_user' spreadsheet_id='11MaCntcOh4-TGSyQRWS3nPuttNiRsvWq0O8mBxNH5qg'.
[2026-07-02 19:25:52] Leitura da planilha concluida. Linhas recebidas: 26.
[2026-07-02 19:25:52] Linha 2 invalida: Informe ao menos um link entre as colunas F/I/K/M/O..
[2026-07-02 19:25:52] Linha 3 invalida: Informe ao menos um link entre as colunas F/I/K/M/O..
[2026-07-02 19:25:52] Linha 2: erro de validacao (Informe ao menos um link entre as colunas F/I/K/M/O.).
[2026-07-02 19:25:52] Linha 3: erro de validacao (Informe ao menos um link entre as colunas F/I/K/M/O.).
[2026-07-02 19:25:52] Finalizacao da sincronizacao. falhou=False importados=0.
[2026-07-02 19:36:16] Inicio da rotina de sincronizacao da planilha.
[2026-07-02 19:36:16] Worker iniciado. worksheet='RespostasForm' auth_mode='oauth_user' spreadsheet_id='11MaCntcOh4-TGSyQRWS3nPuttNiRsvWq0O8mBxNH5qg'.
[2026-07-02 19:36:17] Leitura da planilha concluida. Linhas recebidas: 26.
[2026-07-02 19:36:17] Linha 2 invalida: Informe ao menos um link entre as colunas F/I/K/M/O..
[2026-07-02 19:36:17] Linha 3 invalida: Informe ao menos um link entre as colunas F/I/K/M/O..
[2026-07-02 19:36:17] Linha 2: erro de validacao (Informe ao menos um link entre as colunas F/I/K/M/O.).
[2026-07-02 19:36:17] Linha 3: erro de validacao (Informe ao menos um link entre as colunas F/I/K/M/O.).
[2026-07-02 19:36:17] Finalizacao da sincronizacao. falhou=False importados=0.
[2026-07-02 19:47:16] Inicio da rotina de sincronizacao da planilha.
[2026-07-02 19:47:16] Worker iniciado. worksheet='RespostasForm' auth_mode='oauth_user' spreadsheet_id='11MaCntcOh4-TGSyQRWS3nPuttNiRsvWq0O8mBxNH5qg'.
[2026-07-02 19:47:17] Leitura da planilha concluida. Linhas recebidas: 26.
[2026-07-02 19:47:17] Linha 2 invalida: Informe ao menos um link entre as colunas F/I/K/M/O..
[2026-07-02 19:47:17] Linha 3 invalida: Informe ao menos um link entre as colunas F/I/K/M/O..
[2026-07-02 19:47:17] Linha 2: erro de validacao (Informe ao menos um link entre as colunas F/I/K/M/O.).
[2026-07-02 19:47:17] Linha 3: erro de validacao (Informe ao menos um link entre as colunas F/I/K/M/O.).
[2026-07-02 19:47:17] Finalizacao da sincronizacao. falhou=False importados=0.
[2026-07-02 19:58:16] Inicio da rotina de sincronizacao da planilha.
[2026-07-02 19:58:16] Worker iniciado. worksheet='RespostasForm' auth_mode='oauth_user' spreadsheet_id='11MaCntcOh4-TGSyQRWS3nPuttNiRsvWq0O8mBxNH5qg'.
[2026-07-02 19:58:18] Leitura da planilha concluida. Linhas recebidas: 26.
[2026-07-02 19:58:18] Linha 2 invalida: Informe ao menos um link entre as colunas F/I/K/M/O..
[2026-07-02 19:58:18] Linha 3 invalida: Informe ao menos um link entre as colunas F/I/K/M/O..
[2026-07-02 19:58:18] Linha 2: erro de validacao (Informe ao menos um link entre as colunas F/I/K/M/O.).
[2026-07-02 19:58:18] Linha 3: erro de validacao (Informe ao menos um link entre as colunas F/I/K/M/O.).
[2026-07-02 19:58:18] Finalizacao da sincronizacao. falhou=False importados=0.
[2026-07-02 20:09:16] Inicio da rotina de sincronizacao da planilha.
[2026-07-02 20:09:16] Worker iniciado. worksheet='RespostasForm' auth_mode='oauth_user' spreadsheet_id='11MaCntcOh4-TGSyQRWS3nPuttNiRsvWq0O8mBxNH5qg'.
[2026-07-02 20:09:18] Leitura da planilha concluida. Linhas recebidas: 26.
[2026-07-02 20:09:18] Linha 2 invalida: Informe ao menos um link entre as colunas F/I/K/M/O..
[2026-07-02 20:09:18] Linha 3 invalida: Informe ao menos um link entre as colunas F/I/K/M/O..
[2026-07-02 20:09:18] Linha 2: erro de validacao (Informe ao menos um link entre as colunas F/I/K/M/O.).
[2026-07-02 20:09:18] Linha 3: erro de validacao (Informe ao menos um link entre as colunas F/I/K/M/O.).
[2026-07-02 20:09:18] Finalizacao da sincronizacao. falhou=False importados=0.
[2026-07-02 20:20:16] Inicio da rotina de sincronizacao da planilha.
[2026-07-02 20:20:16] Worker iniciado. worksheet='RespostasForm' auth_mode='oauth_user' spreadsheet_id='11MaCntcOh4-TGSyQRWS3nPuttNiRsvWq0O8mBxNH5qg'.
[2026-07-02 20:20:18] Leitura da planilha concluida. Linhas recebidas: 26.
[2026-07-02 20:20:18] Linha 2 invalida: Informe ao menos um link entre as colunas F/I/K/M/O..
[2026-07-02 20:20:18] Linha 3 invalida: Informe ao menos um link entre as colunas F/I/K/M/O..
[2026-07-02 20:20:18] Linha 2: erro de validacao (Informe ao menos um link entre as colunas F/I/K/M/O.).
[2026-07-02 20:20:18] Linha 3: erro de validacao (Informe ao menos um link entre as colunas F/I/K/M/O.).
[2026-07-02 20:20:18] Finalizacao da sincronizacao. falhou=False importados=0.
[2026-07-02 20:31:16] Inicio da rotina de sincronizacao da planilha.
[2026-07-02 20:31:16] Worker iniciado. worksheet='RespostasForm' auth_mode='oauth_user' spreadsheet_id='11MaCntcOh4-TGSyQRWS3nPuttNiRsvWq0O8mBxNH5qg'.
[2026-07-02 20:31:16] Atualizando token OAuth da planilha.
[2026-07-02 20:31:18] Leitura da planilha concluida. Linhas recebidas: 26.
[2026-07-02 20:31:18] Linha 2 invalida: Informe ao menos um link entre as colunas F/I/K/M/O..
[2026-07-02 20:31:18] Linha 3 invalida: Informe ao menos um link entre as colunas F/I/K/M/O..
[2026-07-02 20:31:18] Linha 2: erro de validacao (Informe ao menos um link entre as colunas F/I/K/M/O.).
[2026-07-02 20:31:18] Linha 3: erro de validacao (Informe ao menos um link entre as colunas F/I/K/M/O.).
[2026-07-02 20:31:18] Finalizacao da sincronizacao. falhou=False importados=0.
[2026-07-02 20:42:16] Inicio da rotina de sincronizacao da planilha.
[2026-07-02 20:42:16] Worker iniciado. worksheet='RespostasForm' auth_mode='oauth_user' spreadsheet_id='11MaCntcOh4-TGSyQRWS3nPuttNiRsvWq0O8mBxNH5qg'.
[2026-07-02 20:42:18] Leitura da planilha concluida. Linhas recebidas: 26.
[2026-07-02 20:42:18] Linha 2 invalida: Informe ao menos um link entre as colunas F/I/K/M/O..
[2026-07-02 20:42:18] Linha 3 invalida: Informe ao menos um link entre as colunas F/I/K/M/O..
[2026-07-02 20:42:18] Linha 2: erro de validacao (Informe ao menos um link entre as colunas F/I/K/M/O.).
[2026-07-02 20:42:18] Linha 3: erro de validacao (Informe ao menos um link entre as colunas F/I/K/M/O.).
[2026-07-02 20:42:18] Finalizacao da sincronizacao. falhou=False importados=0.
[2026-07-02 20:53:16] Inicio da rotina de sincronizacao da planilha.
[2026-07-02 20:53:16] Worker iniciado. worksheet='RespostasForm' auth_mode='oauth_user' spreadsheet_id='11MaCntcOh4-TGSyQRWS3nPuttNiRsvWq0O8mBxNH5qg'.
[2026-07-02 20:53:18] Leitura da planilha concluida. Linhas recebidas: 26.
[2026-07-02 20:53:18] Linha 2 invalida: Informe ao menos um link entre as colunas F/I/K/M/O..
[2026-07-02 20:53:18] Linha 3 invalida: Informe ao menos um link entre as colunas F/I/K/M/O..
[2026-07-02 20:53:18] Linha 2: erro de validacao (Informe ao menos um link entre as colunas F/I/K/M/O.).
[2026-07-02 20:53:18] Linha 3: erro de validacao (Informe ao menos um link entre as colunas F/I/K/M/O.).
[2026-07-02 20:53:18] Finalizacao da sincronizacao. falhou=False importados=0.
