=== Inicio do log de sincronizacao de planilha: 2026-07-08T22:34:31 ===
[2026-07-08 22:34:31] Inicio da rotina de sincronizacao da planilha.
[2026-07-08 22:34:31] Worker iniciado. worksheet='RespostasForm' auth_mode='oauth_user' spreadsheet_id='11MaCntcOh4-TGSyQRWS3nPuttNiRsvWq0O8mBxNH5qg'.
[2026-07-08 22:34:32] Atualizando token OAuth da planilha.
[2026-07-08 22:34:34] Leitura da planilha concluida. Linhas recebidas: 26.
[2026-07-08 22:34:34] Linha 2 invalida: Informe ao menos um link entre as colunas F/I/K/M/O..
[2026-07-08 22:34:34] Linha 3 invalida: Informe ao menos um link entre as colunas F/I/K/M/O..
[2026-07-08 22:34:34] Linha 2: erro de validacao (Informe ao menos um link entre as colunas F/I/K/M/O.).
[2026-07-08 22:34:34] Linha 3: erro de validacao (Informe ao menos um link entre as colunas F/I/K/M/O.).
[2026-07-08 22:34:34] Finalizacao da sincronizacao. falhou=False importados=0.
[2026-07-08 22:39:03] Sincronizacao manual solicitada pelo usuario.
[2026-07-08 22:39:03] Inicio da rotina de sincronizacao da planilha.
[2026-07-08 22:39:03] Worker iniciado. worksheet='RespostasForm' auth_mode='oauth_user' spreadsheet_id='11MaCntcOh4-TGSyQRWS3nPuttNiRsvWq0O8mBxNH5qg'.
[2026-07-08 22:39:04] Leitura da planilha concluida. Linhas recebidas: 26.
[2026-07-08 22:39:04] Linha 2 invalida: Informe ao menos um link entre as colunas F/I/K/M/O..
[2026-07-08 22:39:04] Linha 3 invalida: Informe ao menos um link entre as colunas F/I/K/M/O..
[2026-07-08 22:39:04] Linha 2: erro de validacao (Informe ao menos um link entre as colunas F/I/K/M/O.).
[2026-07-08 22:39:04] Linha 3: erro de validacao (Informe ao menos um link entre as colunas F/I/K/M/O.).
[2026-07-08 22:39:04] Finalizacao da sincronizacao. falhou=False importados=0.
[2026-07-08 22:49:32] Inicio da rotina de sincronizacao da planilha.
[2026-07-08 22:49:32] Worker iniciado. worksheet='RespostasForm' auth_mode='oauth_user' spreadsheet_id='11MaCntcOh4-TGSyQRWS3nPuttNiRsvWq0O8mBxNH5qg'.
[2026-07-08 22:49:33] Leitura da planilha concluida. Linhas recebidas: 26.
[2026-07-08 22:49:33] Linha 2 invalida: Informe ao menos um link entre as colunas F/I/K/M/O..
[2026-07-08 22:49:33] Linha 3 invalida: Informe ao menos um link entre as colunas F/I/K/M/O..
[2026-07-08 22:49:33] Linha 2: erro de validacao (Informe ao menos um link entre as colunas F/I/K/M/O.).
[2026-07-08 22:49:33] Linha 3: erro de validacao (Informe ao menos um link entre as colunas F/I/K/M/O.).
[2026-07-08 22:49:33] Finalizacao da sincronizacao. falhou=False importados=0.
[2026-07-08 23:02:01] Inicio da rotina de sincronizacao da planilha.
[2026-07-08 23:02:01] Worker iniciado. worksheet='RespostasForm' auth_mode='oauth_user' spreadsheet_id='11MaCntcOh4-TGSyQRWS3nPuttNiRsvWq0O8mBxNH5qg'.
[2026-07-08 23:02:03] Leitura da planilha concluida. Linhas recebidas: 26.
[2026-07-08 23:02:03] Linha 2 invalida: Informe ao menos um link entre as colunas F/I/K/M/O..
[2026-07-08 23:02:03] Linha 3 invalida: Informe ao menos um link entre as colunas F/I/K/M/O..
[2026-07-08 23:02:03] Linha 2: erro de validacao (Informe ao menos um link entre as colunas F/I/K/M/O.).
[2026-07-08 23:02:03] Linha 3: erro de validacao (Informe ao menos um link entre as colunas F/I/K/M/O.).
[2026-07-08 23:02:03] Finalizacao da sincronizacao. falhou=False importados=0.
[2026-07-08 23:13:01] Inicio da rotina de sincronizacao da planilha.
[2026-07-08 23:13:01] Worker iniciado. worksheet='RespostasForm' auth_mode='oauth_user' spreadsheet_id='11MaCntcOh4-TGSyQRWS3nPuttNiRsvWq0O8mBxNH5qg'.
[2026-07-08 23:13:03] Leitura da planilha concluida. Linhas recebidas: 26.
[2026-07-08 23:13:03] Linha 2 invalida: Informe ao menos um link entre as colunas F/I/K/M/O..
[2026-07-08 23:13:03] Linha 3 invalida: Informe ao menos um link entre as colunas F/I/K/M/O..
[2026-07-08 23:13:03] Linha 2: erro de validacao (Informe ao menos um link entre as colunas F/I/K/M/O.).
[2026-07-08 23:13:03] Linha 3: erro de validacao (Informe ao menos um link entre as colunas F/I/K/M/O.).
[2026-07-08 23:13:03] Finalizacao da sincronizacao. falhou=False importados=0.
[2026-07-08 23:19:46] Inicio da rotina de sincronizacao da planilha.
[2026-07-08 23:19:46] Worker iniciado. worksheet='RespostasForm' auth_mode='oauth_user' spreadsheet_id='11MaCntcOh4-TGSyQRWS3nPuttNiRsvWq0O8mBxNH5qg'.
[2026-07-08 23:19:48] Leitura da planilha concluida. Linhas recebidas: 26.
[2026-07-08 23:19:48] Linha 2 invalida: Informe ao menos um link entre as colunas F/I/K/M/O..
[2026-07-08 23:19:48] Linha 3 invalida: Informe ao menos um link entre as colunas F/I/K/M/O..
[2026-07-08 23:19:48] Linha 2: erro de validacao (Informe ao menos um link entre as colunas F/I/K/M/O.).
[2026-07-08 23:19:48] Linha 3: erro de validacao (Informe ao menos um link entre as colunas F/I/K/M/O.).
[2026-07-08 23:19:48] Finalizacao da sincronizacao. falhou=False importados=0.
