=== Inicio do log de sincronizacao de planilha: 2026-07-22T19:25:01 ===
[2026-07-22 19:25:01] Inicio da rotina de sincronizacao da planilha.
[2026-07-22 19:25:01] Worker iniciado. worksheet='RespostasForm' auth_mode='oauth_user' spreadsheet_id='11MaCntcOh4-TGSyQRWS3nPuttNiRsvWq0O8mBxNH5qg'.
[2026-07-22 19:25:01] Atualizando token OAuth da planilha.
[2026-07-22 19:25:03] Leitura da planilha concluida. Linhas recebidas: 26.
[2026-07-22 19:25:03] Linha 2 invalida: Informe ao menos um link entre as colunas F/I/K/M/O..
[2026-07-22 19:25:03] Linha 3 invalida: Informe ao menos um link entre as colunas F/I/K/M/O..
[2026-07-22 19:25:03] Linha 2: erro de validacao (Informe ao menos um link entre as colunas F/I/K/M/O.).
[2026-07-22 19:25:03] Linha 3: erro de validacao (Informe ao menos um link entre as colunas F/I/K/M/O.).
[2026-07-22 19:25:03] Finalizacao da sincronizacao. falhou=False importados=0.
[2026-07-22 19:36:01] Inicio da rotina de sincronizacao da planilha.
[2026-07-22 19:36:01] Worker iniciado. worksheet='RespostasForm' auth_mode='oauth_user' spreadsheet_id='11MaCntcOh4-TGSyQRWS3nPuttNiRsvWq0O8mBxNH5qg'.
[2026-07-22 19:36:03] Leitura da planilha concluida. Linhas recebidas: 26.
[2026-07-22 19:36:03] Linha 2 invalida: Informe ao menos um link entre as colunas F/I/K/M/O..
[2026-07-22 19:36:03] Linha 3 invalida: Informe ao menos um link entre as colunas F/I/K/M/O..
[2026-07-22 19:36:03] Linha 2: erro de validacao (Informe ao menos um link entre as colunas F/I/K/M/O.).
[2026-07-22 19:36:03] Linha 3: erro de validacao (Informe ao menos um link entre as colunas F/I/K/M/O.).
[2026-07-22 19:36:03] Finalizacao da sincronizacao. falhou=False importados=0.
[2026-07-22 19:47:01] Inicio da rotina de sincronizacao da planilha.
[2026-07-22 19:47:01] Worker iniciado. worksheet='RespostasForm' auth_mode='oauth_user' spreadsheet_id='11MaCntcOh4-TGSyQRWS3nPuttNiRsvWq0O8mBxNH5qg'.
[2026-07-22 19:47:03] Leitura da planilha concluida. Linhas recebidas: 26.
[2026-07-22 19:47:03] Linha 2 invalida: Informe ao menos um link entre as colunas F/I/K/M/O..
[2026-07-22 19:47:03] Linha 3 invalida: Informe ao menos um link entre as colunas F/I/K/M/O..
[2026-07-22 19:47:03] Linha 2: erro de validacao (Informe ao menos um link entre as colunas F/I/K/M/O.).
[2026-07-22 19:47:03] Linha 3: erro de validacao (Informe ao menos um link entre as colunas F/I/K/M/O.).
[2026-07-22 19:47:03] Finalizacao da sincronizacao. falhou=False importados=0.
[2026-07-22 19:58:01] Inicio da rotina de sincronizacao da planilha.
[2026-07-22 19:58:01] Worker iniciado. worksheet='RespostasForm' auth_mode='oauth_user' spreadsheet_id='11MaCntcOh4-TGSyQRWS3nPuttNiRsvWq0O8mBxNH5qg'.
[2026-07-22 19:58:03] Leitura da planilha concluida. Linhas recebidas: 26.
[2026-07-22 19:58:03] Linha 2 invalida: Informe ao menos um link entre as colunas F/I/K/M/O..
[2026-07-22 19:58:03] Linha 3 invalida: Informe ao menos um link entre as colunas F/I/K/M/O..
[2026-07-22 19:58:03] Linha 2: erro de validacao (Informe ao menos um link entre as colunas F/I/K/M/O.).
[2026-07-22 19:58:03] Linha 3: erro de validacao (Informe ao menos um link entre as colunas F/I/K/M/O.).
[2026-07-22 19:58:03] Finalizacao da sincronizacao. falhou=False importados=0.
