=== Inicio do log de sincronizacao de planilha: 2026-05-30T11:53:40 ===
[2026-05-30 11:53:40] Inicio da rotina de sincronizacao da planilha.
[2026-05-30 11:53:40] Worker iniciado. worksheet='RespostasForm' auth_mode='oauth_user' spreadsheet_id='11MaCntcOh4-TGSyQRWS3nPuttNiRsvWq0O8mBxNH5qg'.
[2026-05-30 11:53:40] Atualizando token OAuth da planilha.
[2026-05-30 11:53:42] Leitura da planilha concluida. Linhas recebidas: 22.
[2026-05-30 11:53:42] Linha 2 invalida: Informe ao menos um link entre as colunas F/I/K/M/O..
[2026-05-30 11:53:42] Linha 3 invalida: Informe ao menos um link entre as colunas F/I/K/M/O..
[2026-05-30 11:53:42] Linha 2: erro de validacao (Informe ao menos um link entre as colunas F/I/K/M/O.).
[2026-05-30 11:53:42] Linha 3: erro de validacao (Informe ao menos um link entre as colunas F/I/K/M/O.).
[2026-05-30 11:53:42] Finalizacao da sincronizacao. falhou=False importados=0.
[2026-05-30 12:04:40] Inicio da rotina de sincronizacao da planilha.
[2026-05-30 12:04:40] Worker iniciado. worksheet='RespostasForm' auth_mode='oauth_user' spreadsheet_id='11MaCntcOh4-TGSyQRWS3nPuttNiRsvWq0O8mBxNH5qg'.
[2026-05-30 12:04:41] Leitura da planilha concluida. Linhas recebidas: 22.
[2026-05-30 12:04:41] Linha 2 invalida: Informe ao menos um link entre as colunas F/I/K/M/O..
[2026-05-30 12:04:41] Linha 3 invalida: Informe ao menos um link entre as colunas F/I/K/M/O..
[2026-05-30 12:04:41] Linha 2: erro de validacao (Informe ao menos um link entre as colunas F/I/K/M/O.).
[2026-05-30 12:04:41] Linha 3: erro de validacao (Informe ao menos um link entre as colunas F/I/K/M/O.).
[2026-05-30 12:04:41] Finalizacao da sincronizacao. falhou=False importados=0.
[2026-05-30 12:14:35] Inicio da rotina de sincronizacao da planilha.
[2026-05-30 12:14:35] Worker iniciado. worksheet='RespostasForm' auth_mode='oauth_user' spreadsheet_id='11MaCntcOh4-TGSyQRWS3nPuttNiRsvWq0O8mBxNH5qg'.
[2026-05-30 12:14:37] Leitura da planilha concluida. Linhas recebidas: 22.
[2026-05-30 12:14:37] Linha 2 invalida: Informe ao menos um link entre as colunas F/I/K/M/O..
[2026-05-30 12:14:37] Linha 3 invalida: Informe ao menos um link entre as colunas F/I/K/M/O..
[2026-05-30 12:14:37] Linha 2: erro de validacao (Informe ao menos um link entre as colunas F/I/K/M/O.).
[2026-05-30 12:14:37] Linha 3: erro de validacao (Informe ao menos um link entre as colunas F/I/K/M/O.).
[2026-05-30 12:14:37] Finalizacao da sincronizacao. falhou=False importados=0.
[2026-05-30 12:25:35] Inicio da rotina de sincronizacao da planilha.
[2026-05-30 12:25:35] Worker iniciado. worksheet='RespostasForm' auth_mode='oauth_user' spreadsheet_id='11MaCntcOh4-TGSyQRWS3nPuttNiRsvWq0O8mBxNH5qg'.
[2026-05-30 12:25:37] Leitura da planilha concluida. Linhas recebidas: 22.
[2026-05-30 12:25:37] Linha 2 invalida: Informe ao menos um link entre as colunas F/I/K/M/O..
[2026-05-30 12:25:37] Linha 3 invalida: Informe ao menos um link entre as colunas F/I/K/M/O..
[2026-05-30 12:25:37] Linha 2: erro de validacao (Informe ao menos um link entre as colunas F/I/K/M/O.).
[2026-05-30 12:25:37] Linha 3: erro de validacao (Informe ao menos um link entre as colunas F/I/K/M/O.).
[2026-05-30 12:25:37] Finalizacao da sincronizacao. falhou=False importados=0.
[2026-05-30 12:36:35] Inicio da rotina de sincronizacao da planilha.
[2026-05-30 12:36:35] Worker iniciado. worksheet='RespostasForm' auth_mode='oauth_user' spreadsheet_id='11MaCntcOh4-TGSyQRWS3nPuttNiRsvWq0O8mBxNH5qg'.
[2026-05-30 12:36:37] Leitura da planilha concluida. Linhas recebidas: 22.
[2026-05-30 12:36:37] Linha 2 invalida: Informe ao menos um link entre as colunas F/I/K/M/O..
[2026-05-30 12:36:37] Linha 3 invalida: Informe ao menos um link entre as colunas F/I/K/M/O..
[2026-05-30 12:36:37] Linha 2: erro de validacao (Informe ao menos um link entre as colunas F/I/K/M/O.).
[2026-05-30 12:36:37] Linha 3: erro de validacao (Informe ao menos um link entre as colunas F/I/K/M/O.).
[2026-05-30 12:36:37] Finalizacao da sincronizacao. falhou=False importados=0.
[2026-05-30 12:47:35] Inicio da rotina de sincronizacao da planilha.
[2026-05-30 12:47:35] Worker iniciado. worksheet='RespostasForm' auth_mode='oauth_user' spreadsheet_id='11MaCntcOh4-TGSyQRWS3nPuttNiRsvWq0O8mBxNH5qg'.
[2026-05-30 12:47:37] Leitura da planilha concluida. Linhas recebidas: 22.
[2026-05-30 12:47:37] Linha 2 invalida: Informe ao menos um link entre as colunas F/I/K/M/O..
[2026-05-30 12:47:37] Linha 3 invalida: Informe ao menos um link entre as colunas F/I/K/M/O..
[2026-05-30 12:47:37] Linha 2: erro de validacao (Informe ao menos um link entre as colunas F/I/K/M/O.).
[2026-05-30 12:47:37] Linha 3: erro de validacao (Informe ao menos um link entre as colunas F/I/K/M/O.).
[2026-05-30 12:47:37] Finalizacao da sincronizacao. falhou=False importados=0.
[2026-05-30 12:58:36] Inicio da rotina de sincronizacao da planilha.
[2026-05-30 12:58:36] Worker iniciado. worksheet='RespostasForm' auth_mode='oauth_user' spreadsheet_id='11MaCntcOh4-TGSyQRWS3nPuttNiRsvWq0O8mBxNH5qg'.
[2026-05-30 12:58:36] Atualizando token OAuth da planilha.
[2026-05-30 12:58:37] Leitura da planilha concluida. Linhas recebidas: 22.
[2026-05-30 12:58:37] Linha 2 invalida: Informe ao menos um link entre as colunas F/I/K/M/O..
[2026-05-30 12:58:37] Linha 3 invalida: Informe ao menos um link entre as colunas F/I/K/M/O..
[2026-05-30 12:58:37] Linha 2: erro de validacao (Informe ao menos um link entre as colunas F/I/K/M/O.).
[2026-05-30 12:58:37] Linha 3: erro de validacao (Informe ao menos um link entre as colunas F/I/K/M/O.).
[2026-05-30 12:58:37] Finalizacao da sincronizacao. falhou=False importados=0.
[2026-05-30 13:09:36] Inicio da rotina de sincronizacao da planilha.
[2026-05-30 13:09:36] Worker iniciado. worksheet='RespostasForm' auth_mode='oauth_user' spreadsheet_id='11MaCntcOh4-TGSyQRWS3nPuttNiRsvWq0O8mBxNH5qg'.
[2026-05-30 13:09:37] Leitura da planilha concluida. Linhas recebidas: 22.
[2026-05-30 13:09:37] Linha 2 invalida: Informe ao menos um link entre as colunas F/I/K/M/O..
[2026-05-30 13:09:37] Linha 3 invalida: Informe ao menos um link entre as colunas F/I/K/M/O..
[2026-05-30 13:09:37] Linha 2: erro de validacao (Informe ao menos um link entre as colunas F/I/K/M/O.).
[2026-05-30 13:09:37] Linha 3: erro de validacao (Informe ao menos um link entre as colunas F/I/K/M/O.).
[2026-05-30 13:09:37] Finalizacao da sincronizacao. falhou=False importados=0.
[2026-05-30 13:20:36] Inicio da rotina de sincronizacao da planilha.
[2026-05-30 13:20:36] Worker iniciado. worksheet='RespostasForm' auth_mode='oauth_user' spreadsheet_id='11MaCntcOh4-TGSyQRWS3nPuttNiRsvWq0O8mBxNH5qg'.
[2026-05-30 13:20:38] Leitura da planilha concluida. Linhas recebidas: 22.
[2026-05-30 13:20:38] Linha 2 invalida: Informe ao menos um link entre as colunas F/I/K/M/O..
[2026-05-30 13:20:38] Linha 3 invalida: Informe ao menos um link entre as colunas F/I/K/M/O..
[2026-05-30 13:20:38] Linha 2: erro de validacao (Informe ao menos um link entre as colunas F/I/K/M/O.).
[2026-05-30 13:20:38] Linha 3: erro de validacao (Informe ao menos um link entre as colunas F/I/K/M/O.).
[2026-05-30 13:20:38] Finalizacao da sincronizacao. falhou=False importados=0.
[2026-05-30 13:31:36] Inicio da rotina de sincronizacao da planilha.
[2026-05-30 13:31:36] Worker iniciado. worksheet='RespostasForm' auth_mode='oauth_user' spreadsheet_id='11MaCntcOh4-TGSyQRWS3nPuttNiRsvWq0O8mBxNH5qg'.
[2026-05-30 13:31:37] Leitura da planilha concluida. Linhas recebidas: 22.
[2026-05-30 13:31:37] Linha 2 invalida: Informe ao menos um link entre as colunas F/I/K/M/O..
[2026-05-30 13:31:37] Linha 3 invalida: Informe ao menos um link entre as colunas F/I/K/M/O..
[2026-05-30 13:31:37] Linha 2: erro de validacao (Informe ao menos um link entre as colunas F/I/K/M/O.).
[2026-05-30 13:31:37] Linha 3: erro de validacao (Informe ao menos um link entre as colunas F/I/K/M/O.).
[2026-05-30 13:31:37] Finalizacao da sincronizacao. falhou=False importados=0.
[2026-05-30 16:19:30] Inicio da rotina de sincronizacao da planilha.
[2026-05-30 16:19:30] Worker iniciado. worksheet='RespostasForm' auth_mode='oauth_user' spreadsheet_id='11MaCntcOh4-TGSyQRWS3nPuttNiRsvWq0O8mBxNH5qg'.
[2026-05-30 16:19:31] Atualizando token OAuth da planilha.
[2026-05-30 16:19:31] Falha na importacao da planilha: HTTPSConnectionPool(host='oauth2.googleapis.com', port=443): Max retries exceeded with url: /token (Caused by NameResolutionError("HTTPSConnection(host='oauth2.googleapis.com', port=443): Failed to resolve 'oauth2.googleapis.com' ([Errno 11001] getaddrinfo failed)"))
[2026-05-30 16:19:31] Falha na importacao da planilha: HTTPSConnectionPool(host='oauth2.googleapis.com', port=443): Max retries exceeded with url: /token (Caused by NameResolutionError("HTTPSConnection(host='oauth2.googleapis.com', port=443): Failed to resolve 'oauth2.googleapis.com' ([Errno 11001] getaddrinfo failed)"))
[2026-05-30 16:19:31] Finalizacao da sincronizacao. falhou=True importados=0.
[2026-05-30 16:26:38] Sincronizacao manual solicitada pelo usuario.
[2026-05-30 16:26:38] Inicio da rotina de sincronizacao da planilha.
[2026-05-30 16:26:38] Worker iniciado. worksheet='RespostasForm' auth_mode='oauth_user' spreadsheet_id='11MaCntcOh4-TGSyQRWS3nPuttNiRsvWq0O8mBxNH5qg'.
[2026-05-30 16:26:38] Atualizando token OAuth da planilha.
[2026-05-30 16:26:40] Leitura da planilha concluida. Linhas recebidas: 22.
[2026-05-30 16:26:40] Linha 2 invalida: Informe ao menos um link entre as colunas F/I/K/M/O..
[2026-05-30 16:26:40] Linha 3 invalida: Informe ao menos um link entre as colunas F/I/K/M/O..
[2026-05-30 16:26:40] Linha 2: erro de validacao (Informe ao menos um link entre as colunas F/I/K/M/O.).
[2026-05-30 16:26:40] Linha 3: erro de validacao (Informe ao menos um link entre as colunas F/I/K/M/O.).
[2026-05-30 16:26:40] Finalizacao da sincronizacao. falhou=False importados=0.
[2026-05-30 16:37:31] Inicio da rotina de sincronizacao da planilha.
[2026-05-30 16:37:31] Worker iniciado. worksheet='RespostasForm' auth_mode='oauth_user' spreadsheet_id='11MaCntcOh4-TGSyQRWS3nPuttNiRsvWq0O8mBxNH5qg'.
[2026-05-30 16:37:32] Leitura da planilha concluida. Linhas recebidas: 22.
[2026-05-30 16:37:32] Linha 2 invalida: Informe ao menos um link entre as colunas F/I/K/M/O..
[2026-05-30 16:37:32] Linha 3 invalida: Informe ao menos um link entre as colunas F/I/K/M/O..
[2026-05-30 16:37:32] Linha 2: erro de validacao (Informe ao menos um link entre as colunas F/I/K/M/O.).
[2026-05-30 16:37:32] Linha 3: erro de validacao (Informe ao menos um link entre as colunas F/I/K/M/O.).
[2026-05-30 16:37:32] Finalizacao da sincronizacao. falhou=False importados=0.
[2026-05-30 16:48:31] Inicio da rotina de sincronizacao da planilha.
[2026-05-30 16:48:31] Worker iniciado. worksheet='RespostasForm' auth_mode='oauth_user' spreadsheet_id='11MaCntcOh4-TGSyQRWS3nPuttNiRsvWq0O8mBxNH5qg'.
[2026-05-30 16:48:32] Leitura da planilha concluida. Linhas recebidas: 22.
[2026-05-30 16:48:32] Linha 2 invalida: Informe ao menos um link entre as colunas F/I/K/M/O..
[2026-05-30 16:48:32] Linha 3 invalida: Informe ao menos um link entre as colunas F/I/K/M/O..
[2026-05-30 16:48:32] Linha 2: erro de validacao (Informe ao menos um link entre as colunas F/I/K/M/O.).
[2026-05-30 16:48:32] Linha 3: erro de validacao (Informe ao menos um link entre as colunas F/I/K/M/O.).
[2026-05-30 16:48:32] Finalizacao da sincronizacao. falhou=False importados=0.
[2026-05-30 16:59:31] Inicio da rotina de sincronizacao da planilha.
[2026-05-30 16:59:31] Worker iniciado. worksheet='RespostasForm' auth_mode='oauth_user' spreadsheet_id='11MaCntcOh4-TGSyQRWS3nPuttNiRsvWq0O8mBxNH5qg'.
[2026-05-30 16:59:32] Leitura da planilha concluida. Linhas recebidas: 22.
[2026-05-30 16:59:32] Linha 2 invalida: Informe ao menos um link entre as colunas F/I/K/M/O..
[2026-05-30 16:59:32] Linha 3 invalida: Informe ao menos um link entre as colunas F/I/K/M/O..
[2026-05-30 16:59:32] Linha 2: erro de validacao (Informe ao menos um link entre as colunas F/I/K/M/O.).
[2026-05-30 16:59:32] Linha 3: erro de validacao (Informe ao menos um link entre as colunas F/I/K/M/O.).
[2026-05-30 16:59:32] Finalizacao da sincronizacao. falhou=False importados=0.
[2026-05-30 17:10:31] Inicio da rotina de sincronizacao da planilha.
[2026-05-30 17:10:31] Worker iniciado. worksheet='RespostasForm' auth_mode='oauth_user' spreadsheet_id='11MaCntcOh4-TGSyQRWS3nPuttNiRsvWq0O8mBxNH5qg'.
[2026-05-30 17:10:32] Leitura da planilha concluida. Linhas recebidas: 22.
[2026-05-30 17:10:32] Linha 2 invalida: Informe ao menos um link entre as colunas F/I/K/M/O..
[2026-05-30 17:10:32] Linha 3 invalida: Informe ao menos um link entre as colunas F/I/K/M/O..
[2026-05-30 17:10:32] Linha 2: erro de validacao (Informe ao menos um link entre as colunas F/I/K/M/O.).
[2026-05-30 17:10:32] Linha 3: erro de validacao (Informe ao menos um link entre as colunas F/I/K/M/O.).
[2026-05-30 17:10:32] Finalizacao da sincronizacao. falhou=False importados=0.
[2026-05-30 17:21:31] Inicio da rotina de sincronizacao da planilha.
[2026-05-30 17:21:31] Worker iniciado. worksheet='RespostasForm' auth_mode='oauth_user' spreadsheet_id='11MaCntcOh4-TGSyQRWS3nPuttNiRsvWq0O8mBxNH5qg'.
[2026-05-30 17:21:33] Leitura da planilha concluida. Linhas recebidas: 22.
[2026-05-30 17:21:33] Linha 2 invalida: Informe ao menos um link entre as colunas F/I/K/M/O..
[2026-05-30 17:21:33] Linha 3 invalida: Informe ao menos um link entre as colunas F/I/K/M/O..
[2026-05-30 17:21:33] Linha 2: erro de validacao (Informe ao menos um link entre as colunas F/I/K/M/O.).
[2026-05-30 17:21:33] Linha 3: erro de validacao (Informe ao menos um link entre as colunas F/I/K/M/O.).
[2026-05-30 17:21:33] Finalizacao da sincronizacao. falhou=False importados=0.
[2026-05-30 17:32:31] Inicio da rotina de sincronizacao da planilha.
[2026-05-30 17:32:31] Worker iniciado. worksheet='RespostasForm' auth_mode='oauth_user' spreadsheet_id='11MaCntcOh4-TGSyQRWS3nPuttNiRsvWq0O8mBxNH5qg'.
[2026-05-30 17:32:31] Atualizando token OAuth da planilha.
[2026-05-30 17:32:33] Leitura da planilha concluida. Linhas recebidas: 22.
[2026-05-30 17:32:33] Linha 2 invalida: Informe ao menos um link entre as colunas F/I/K/M/O..
[2026-05-30 17:32:33] Linha 3 invalida: Informe ao menos um link entre as colunas F/I/K/M/O..
[2026-05-30 17:32:33] Linha 2: erro de validacao (Informe ao menos um link entre as colunas F/I/K/M/O.).
[2026-05-30 17:32:33] Linha 3: erro de validacao (Informe ao menos um link entre as colunas F/I/K/M/O.).
[2026-05-30 17:32:33] Finalizacao da sincronizacao. falhou=False importados=0.
[2026-05-30 20:20:07] Inicio da rotina de sincronizacao da planilha.
[2026-05-30 20:20:07] Worker iniciado. worksheet='RespostasForm' auth_mode='oauth_user' spreadsheet_id='11MaCntcOh4-TGSyQRWS3nPuttNiRsvWq0O8mBxNH5qg'.
[2026-05-30 20:20:08] Atualizando token OAuth da planilha.
[2026-05-30 20:20:08] Falha na importacao da planilha: HTTPSConnectionPool(host='oauth2.googleapis.com', port=443): Max retries exceeded with url: /token (Caused by NameResolutionError("HTTPSConnection(host='oauth2.googleapis.com', port=443): Failed to resolve 'oauth2.googleapis.com' ([Errno 11001] getaddrinfo failed)"))
[2026-05-30 20:20:08] Falha na importacao da planilha: HTTPSConnectionPool(host='oauth2.googleapis.com', port=443): Max retries exceeded with url: /token (Caused by NameResolutionError("HTTPSConnection(host='oauth2.googleapis.com', port=443): Failed to resolve 'oauth2.googleapis.com' ([Errno 11001] getaddrinfo failed)"))
[2026-05-30 20:20:08] Finalizacao da sincronizacao. falhou=True importados=0.
[2026-05-30 20:30:08] Inicio da rotina de sincronizacao da planilha.
[2026-05-30 20:30:08] Worker iniciado. worksheet='RespostasForm' auth_mode='oauth_user' spreadsheet_id='11MaCntcOh4-TGSyQRWS3nPuttNiRsvWq0O8mBxNH5qg'.
[2026-05-30 20:30:08] Atualizando token OAuth da planilha.
[2026-05-30 20:30:09] Leitura da planilha concluida. Linhas recebidas: 22.
[2026-05-30 20:30:09] Linha 2 invalida: Informe ao menos um link entre as colunas F/I/K/M/O..
[2026-05-30 20:30:09] Linha 3 invalida: Informe ao menos um link entre as colunas F/I/K/M/O..
[2026-05-30 20:30:09] Linha 2: erro de validacao (Informe ao menos um link entre as colunas F/I/K/M/O.).
[2026-05-30 20:30:09] Linha 3: erro de validacao (Informe ao menos um link entre as colunas F/I/K/M/O.).
[2026-05-30 20:30:09] Finalizacao da sincronizacao. falhou=False importados=0.
[2026-05-30 20:41:08] Inicio da rotina de sincronizacao da planilha.
[2026-05-30 20:41:08] Worker iniciado. worksheet='RespostasForm' auth_mode='oauth_user' spreadsheet_id='11MaCntcOh4-TGSyQRWS3nPuttNiRsvWq0O8mBxNH5qg'.
[2026-05-30 20:41:09] Leitura da planilha concluida. Linhas recebidas: 22.
[2026-05-30 20:41:09] Linha 2 invalida: Informe ao menos um link entre as colunas F/I/K/M/O..
[2026-05-30 20:41:09] Linha 3 invalida: Informe ao menos um link entre as colunas F/I/K/M/O..
[2026-05-30 20:41:09] Linha 2: erro de validacao (Informe ao menos um link entre as colunas F/I/K/M/O.).
[2026-05-30 20:41:09] Linha 3: erro de validacao (Informe ao menos um link entre as colunas F/I/K/M/O.).
[2026-05-30 20:41:09] Finalizacao da sincronizacao. falhou=False importados=0.
[2026-05-30 20:52:08] Inicio da rotina de sincronizacao da planilha.
[2026-05-30 20:52:08] Worker iniciado. worksheet='RespostasForm' auth_mode='oauth_user' spreadsheet_id='11MaCntcOh4-TGSyQRWS3nPuttNiRsvWq0O8mBxNH5qg'.
[2026-05-30 20:52:09] Leitura da planilha concluida. Linhas recebidas: 22.
[2026-05-30 20:52:09] Linha 2 invalida: Informe ao menos um link entre as colunas F/I/K/M/O..
[2026-05-30 20:52:09] Linha 3 invalida: Informe ao menos um link entre as colunas F/I/K/M/O..
[2026-05-30 20:52:09] Linha 2: erro de validacao (Informe ao menos um link entre as colunas F/I/K/M/O.).
[2026-05-30 20:52:09] Linha 3: erro de validacao (Informe ao menos um link entre as colunas F/I/K/M/O.).
[2026-05-30 20:52:09] Finalizacao da sincronizacao. falhou=False importados=0.
[2026-05-30 21:03:08] Inicio da rotina de sincronizacao da planilha.
[2026-05-30 21:03:08] Worker iniciado. worksheet='RespostasForm' auth_mode='oauth_user' spreadsheet_id='11MaCntcOh4-TGSyQRWS3nPuttNiRsvWq0O8mBxNH5qg'.
[2026-05-30 21:03:09] Leitura da planilha concluida. Linhas recebidas: 22.
[2026-05-30 21:03:09] Linha 2 invalida: Informe ao menos um link entre as colunas F/I/K/M/O..
[2026-05-30 21:03:09] Linha 3 invalida: Informe ao menos um link entre as colunas F/I/K/M/O..
[2026-05-30 21:03:09] Linha 2: erro de validacao (Informe ao menos um link entre as colunas F/I/K/M/O.).
[2026-05-30 21:03:09] Linha 3: erro de validacao (Informe ao menos um link entre as colunas F/I/K/M/O.).
[2026-05-30 21:03:09] Finalizacao da sincronizacao. falhou=False importados=0.
[2026-05-30 21:14:08] Inicio da rotina de sincronizacao da planilha.
[2026-05-30 21:14:08] Worker iniciado. worksheet='RespostasForm' auth_mode='oauth_user' spreadsheet_id='11MaCntcOh4-TGSyQRWS3nPuttNiRsvWq0O8mBxNH5qg'.
[2026-05-30 21:14:09] Leitura da planilha concluida. Linhas recebidas: 22.
[2026-05-30 21:14:09] Linha 2 invalida: Informe ao menos um link entre as colunas F/I/K/M/O..
[2026-05-30 21:14:09] Linha 3 invalida: Informe ao menos um link entre as colunas F/I/K/M/O..
[2026-05-30 21:14:09] Linha 2: erro de validacao (Informe ao menos um link entre as colunas F/I/K/M/O.).
[2026-05-30 21:14:09] Linha 3: erro de validacao (Informe ao menos um link entre as colunas F/I/K/M/O.).
[2026-05-30 21:14:09] Finalizacao da sincronizacao. falhou=False importados=0.
[2026-05-30 21:25:08] Inicio da rotina de sincronizacao da planilha.
[2026-05-30 21:25:08] Worker iniciado. worksheet='RespostasForm' auth_mode='oauth_user' spreadsheet_id='11MaCntcOh4-TGSyQRWS3nPuttNiRsvWq0O8mBxNH5qg'.
[2026-05-30 21:25:10] Leitura da planilha concluida. Linhas recebidas: 22.
[2026-05-30 21:25:10] Linha 2 invalida: Informe ao menos um link entre as colunas F/I/K/M/O..
[2026-05-30 21:25:10] Linha 3 invalida: Informe ao menos um link entre as colunas F/I/K/M/O..
[2026-05-30 21:25:10] Linha 2: erro de validacao (Informe ao menos um link entre as colunas F/I/K/M/O.).
[2026-05-30 21:25:10] Linha 3: erro de validacao (Informe ao menos um link entre as colunas F/I/K/M/O.).
[2026-05-30 21:25:10] Finalizacao da sincronizacao. falhou=False importados=0.
[2026-05-30 21:30:12] Sincronizacao manual solicitada pelo usuario.
[2026-05-30 21:30:12] Inicio da rotina de sincronizacao da planilha.
[2026-05-30 21:30:12] Worker iniciado. worksheet='RespostasForm' auth_mode='oauth_user' spreadsheet_id='11MaCntcOh4-TGSyQRWS3nPuttNiRsvWq0O8mBxNH5qg'.
[2026-05-30 21:30:12] Atualizando token OAuth da planilha.
[2026-05-30 21:30:14] Leitura da planilha concluida. Linhas recebidas: 23.
[2026-05-30 21:30:14] Linha 2 invalida: Informe ao menos um link entre as colunas F/I/K/M/O..
[2026-05-30 21:30:14] Linha 3 invalida: Informe ao menos um link entre as colunas F/I/K/M/O..
[2026-05-30 21:30:14] Linha 24 importada com sucesso. Alerta ID 000028
[2026-05-30 21:30:14] Importacao concluida com 1 alerta(s).
[2026-05-30 21:30:14] Linha 2: erro de validacao (Informe ao menos um link entre as colunas F/I/K/M/O.).
[2026-05-30 21:30:14] Linha 3: erro de validacao (Informe ao menos um link entre as colunas F/I/K/M/O.).
[2026-05-30 21:30:14] 1 alerta(s) importado(s) da planilha.
[2026-05-30 21:30:14] Finalizacao da sincronizacao. falhou=False importados=1.
[2026-05-30 21:41:08] Inicio da rotina de sincronizacao da planilha.
[2026-05-30 21:41:08] Worker iniciado. worksheet='RespostasForm' auth_mode='oauth_user' spreadsheet_id='11MaCntcOh4-TGSyQRWS3nPuttNiRsvWq0O8mBxNH5qg'.
[2026-05-30 21:41:10] Leitura da planilha concluida. Linhas recebidas: 23.
[2026-05-30 21:41:10] Linha 2 invalida: Informe ao menos um link entre as colunas F/I/K/M/O..
[2026-05-30 21:41:10] Linha 3 invalida: Informe ao menos um link entre as colunas F/I/K/M/O..
[2026-05-30 21:41:10] Linha 2: erro de validacao (Informe ao menos um link entre as colunas F/I/K/M/O.).
[2026-05-30 21:41:10] Linha 3: erro de validacao (Informe ao menos um link entre as colunas F/I/K/M/O.).
[2026-05-30 21:41:10] Finalizacao da sincronizacao. falhou=False importados=0.
[2026-05-30 21:52:08] Inicio da rotina de sincronizacao da planilha.
[2026-05-30 21:52:08] Worker iniciado. worksheet='RespostasForm' auth_mode='oauth_user' spreadsheet_id='11MaCntcOh4-TGSyQRWS3nPuttNiRsvWq0O8mBxNH5qg'.
[2026-05-30 21:52:10] Leitura da planilha concluida. Linhas recebidas: 23.
[2026-05-30 21:52:10] Linha 2 invalida: Informe ao menos um link entre as colunas F/I/K/M/O..
[2026-05-30 21:52:10] Linha 3 invalida: Informe ao menos um link entre as colunas F/I/K/M/O..
[2026-05-30 21:52:10] Linha 2: erro de validacao (Informe ao menos um link entre as colunas F/I/K/M/O.).
[2026-05-30 21:52:10] Linha 3: erro de validacao (Informe ao menos um link entre as colunas F/I/K/M/O.).
[2026-05-30 21:52:10] Finalizacao da sincronizacao. falhou=False importados=0.
[2026-05-30 22:03:09] Inicio da rotina de sincronizacao da planilha.
[2026-05-30 22:03:09] Worker iniciado. worksheet='RespostasForm' auth_mode='oauth_user' spreadsheet_id='11MaCntcOh4-TGSyQRWS3nPuttNiRsvWq0O8mBxNH5qg'.
[2026-05-30 22:03:10] Leitura da planilha concluida. Linhas recebidas: 23.
[2026-05-30 22:03:10] Linha 2 invalida: Informe ao menos um link entre as colunas F/I/K/M/O..
[2026-05-30 22:03:10] Linha 3 invalida: Informe ao menos um link entre as colunas F/I/K/M/O..
[2026-05-30 22:03:10] Linha 2: erro de validacao (Informe ao menos um link entre as colunas F/I/K/M/O.).
[2026-05-30 22:03:10] Linha 3: erro de validacao (Informe ao menos um link entre as colunas F/I/K/M/O.).
[2026-05-30 22:03:10] Finalizacao da sincronizacao. falhou=False importados=0.
[2026-05-30 22:14:09] Inicio da rotina de sincronizacao da planilha.
[2026-05-30 22:14:09] Worker iniciado. worksheet='RespostasForm' auth_mode='oauth_user' spreadsheet_id='11MaCntcOh4-TGSyQRWS3nPuttNiRsvWq0O8mBxNH5qg'.
[2026-05-30 22:14:10] Leitura da planilha concluida. Linhas recebidas: 23.
[2026-05-30 22:14:10] Linha 2 invalida: Informe ao menos um link entre as colunas F/I/K/M/O..
[2026-05-30 22:14:10] Linha 3 invalida: Informe ao menos um link entre as colunas F/I/K/M/O..
[2026-05-30 22:14:10] Linha 2: erro de validacao (Informe ao menos um link entre as colunas F/I/K/M/O.).
[2026-05-30 22:14:10] Linha 3: erro de validacao (Informe ao menos um link entre as colunas F/I/K/M/O.).
[2026-05-30 22:14:10] Finalizacao da sincronizacao. falhou=False importados=0.
[2026-05-30 22:25:09] Inicio da rotina de sincronizacao da planilha.
[2026-05-30 22:25:09] Worker iniciado. worksheet='RespostasForm' auth_mode='oauth_user' spreadsheet_id='11MaCntcOh4-TGSyQRWS3nPuttNiRsvWq0O8mBxNH5qg'.
[2026-05-30 22:25:11] Leitura da planilha concluida. Linhas recebidas: 23.
[2026-05-30 22:25:11] Linha 2 invalida: Informe ao menos um link entre as colunas F/I/K/M/O..
[2026-05-30 22:25:11] Linha 3 invalida: Informe ao menos um link entre as colunas F/I/K/M/O..
[2026-05-30 22:25:11] Linha 2: erro de validacao (Informe ao menos um link entre as colunas F/I/K/M/O.).
[2026-05-30 22:25:11] Linha 3: erro de validacao (Informe ao menos um link entre as colunas F/I/K/M/O.).
[2026-05-30 22:25:11] Finalizacao da sincronizacao. falhou=False importados=0.
[2026-05-30 22:36:09] Inicio da rotina de sincronizacao da planilha.
[2026-05-30 22:36:09] Worker iniciado. worksheet='RespostasForm' auth_mode='oauth_user' spreadsheet_id='11MaCntcOh4-TGSyQRWS3nPuttNiRsvWq0O8mBxNH5qg'.
[2026-05-30 22:36:09] Atualizando token OAuth da planilha.
[2026-05-30 22:36:11] Leitura da planilha concluida. Linhas recebidas: 23.
[2026-05-30 22:36:11] Linha 2 invalida: Informe ao menos um link entre as colunas F/I/K/M/O..
[2026-05-30 22:36:11] Linha 3 invalida: Informe ao menos um link entre as colunas F/I/K/M/O..
[2026-05-30 22:36:11] Linha 2: erro de validacao (Informe ao menos um link entre as colunas F/I/K/M/O.).
[2026-05-30 22:36:11] Linha 3: erro de validacao (Informe ao menos um link entre as colunas F/I/K/M/O.).
[2026-05-30 22:36:11] Finalizacao da sincronizacao. falhou=False importados=0.
[2026-05-30 22:47:09] Inicio da rotina de sincronizacao da planilha.
[2026-05-30 22:47:09] Worker iniciado. worksheet='RespostasForm' auth_mode='oauth_user' spreadsheet_id='11MaCntcOh4-TGSyQRWS3nPuttNiRsvWq0O8mBxNH5qg'.
[2026-05-30 22:47:11] Leitura da planilha concluida. Linhas recebidas: 23.
[2026-05-30 22:47:11] Linha 2 invalida: Informe ao menos um link entre as colunas F/I/K/M/O..
[2026-05-30 22:47:11] Linha 3 invalida: Informe ao menos um link entre as colunas F/I/K/M/O..
[2026-05-30 22:47:11] Linha 2: erro de validacao (Informe ao menos um link entre as colunas F/I/K/M/O.).
[2026-05-30 22:47:11] Linha 3: erro de validacao (Informe ao menos um link entre as colunas F/I/K/M/O.).
[2026-05-30 22:47:11] Finalizacao da sincronizacao. falhou=False importados=0.
[2026-05-30 22:58:09] Inicio da rotina de sincronizacao da planilha.
[2026-05-30 22:58:09] Worker iniciado. worksheet='RespostasForm' auth_mode='oauth_user' spreadsheet_id='11MaCntcOh4-TGSyQRWS3nPuttNiRsvWq0O8mBxNH5qg'.
[2026-05-30 22:58:11] Leitura da planilha concluida. Linhas recebidas: 23.
[2026-05-30 22:58:11] Linha 2 invalida: Informe ao menos um link entre as colunas F/I/K/M/O..
[2026-05-30 22:58:11] Linha 3 invalida: Informe ao menos um link entre as colunas F/I/K/M/O..
[2026-05-30 22:58:11] Linha 2: erro de validacao (Informe ao menos um link entre as colunas F/I/K/M/O.).
[2026-05-30 22:58:11] Linha 3: erro de validacao (Informe ao menos um link entre as colunas F/I/K/M/O.).
[2026-05-30 22:58:11] Finalizacao da sincronizacao. falhou=False importados=0.
[2026-05-30 23:09:09] Inicio da rotina de sincronizacao da planilha.
[2026-05-30 23:09:09] Worker iniciado. worksheet='RespostasForm' auth_mode='oauth_user' spreadsheet_id='11MaCntcOh4-TGSyQRWS3nPuttNiRsvWq0O8mBxNH5qg'.
[2026-05-30 23:09:11] Leitura da planilha concluida. Linhas recebidas: 23.
[2026-05-30 23:09:11] Linha 2 invalida: Informe ao menos um link entre as colunas F/I/K/M/O..
[2026-05-30 23:09:11] Linha 3 invalida: Informe ao menos um link entre as colunas F/I/K/M/O..
[2026-05-30 23:09:11] Linha 2: erro de validacao (Informe ao menos um link entre as colunas F/I/K/M/O.).
[2026-05-30 23:09:11] Linha 3: erro de validacao (Informe ao menos um link entre as colunas F/I/K/M/O.).
[2026-05-30 23:09:11] Finalizacao da sincronizacao. falhou=False importados=0.
