=== Inicio do log de sincronizacao de planilha: 2026-06-06T11:13:47 ===
[2026-06-06 11:13:47] Inicio da rotina de sincronizacao da planilha.
[2026-06-06 11:13:47] Worker iniciado. worksheet='RespostasForm' auth_mode='oauth_user' spreadsheet_id='11MaCntcOh4-TGSyQRWS3nPuttNiRsvWq0O8mBxNH5qg'.
[2026-06-06 11:13:47] Atualizando token OAuth da planilha.
[2026-06-06 11:13:49] Leitura da planilha concluida. Linhas recebidas: 25.
[2026-06-06 11:13:49] Linha 2 invalida: Informe ao menos um link entre as colunas F/I/K/M/O..
[2026-06-06 11:13:49] Linha 3 invalida: Informe ao menos um link entre as colunas F/I/K/M/O..
[2026-06-06 11:13:49] Linha 2: erro de validacao (Informe ao menos um link entre as colunas F/I/K/M/O.).
[2026-06-06 11:13:49] Linha 3: erro de validacao (Informe ao menos um link entre as colunas F/I/K/M/O.).
[2026-06-06 11:13:49] Finalizacao da sincronizacao. falhou=False importados=0.
[2026-06-06 11:24:47] Inicio da rotina de sincronizacao da planilha.
[2026-06-06 11:24:47] Worker iniciado. worksheet='RespostasForm' auth_mode='oauth_user' spreadsheet_id='11MaCntcOh4-TGSyQRWS3nPuttNiRsvWq0O8mBxNH5qg'.
[2026-06-06 11:24:49] Leitura da planilha concluida. Linhas recebidas: 25.
[2026-06-06 11:24:49] Linha 2 invalida: Informe ao menos um link entre as colunas F/I/K/M/O..
[2026-06-06 11:24:49] Linha 3 invalida: Informe ao menos um link entre as colunas F/I/K/M/O..
[2026-06-06 11:24:49] Linha 2: erro de validacao (Informe ao menos um link entre as colunas F/I/K/M/O.).
[2026-06-06 11:24:49] Linha 3: erro de validacao (Informe ao menos um link entre as colunas F/I/K/M/O.).
[2026-06-06 11:24:49] Finalizacao da sincronizacao. falhou=False importados=0.
[2026-06-06 11:30:29] Sincronizacao manual solicitada pelo usuario.
[2026-06-06 11:30:29] Inicio da rotina de sincronizacao da planilha.
[2026-06-06 11:30:29] Worker iniciado. worksheet='RespostasForm' auth_mode='oauth_user' spreadsheet_id='11MaCntcOh4-TGSyQRWS3nPuttNiRsvWq0O8mBxNH5qg'.
[2026-06-06 11:30:31] Leitura da planilha concluida. Linhas recebidas: 26.
[2026-06-06 11:30:31] Linha 2 invalida: Informe ao menos um link entre as colunas F/I/K/M/O..
[2026-06-06 11:30:31] Linha 3 invalida: Informe ao menos um link entre as colunas F/I/K/M/O..
[2026-06-06 11:30:31] Linha 27 importada com sucesso. Alerta ID 000033
[2026-06-06 11:30:31] Importacao concluida com 1 alerta(s).
[2026-06-06 11:30:31] Linha 2: erro de validacao (Informe ao menos um link entre as colunas F/I/K/M/O.).
[2026-06-06 11:30:31] Linha 3: erro de validacao (Informe ao menos um link entre as colunas F/I/K/M/O.).
[2026-06-06 11:30:31] 1 alerta(s) importado(s) da planilha.
[2026-06-06 11:30:31] Finalizacao da sincronizacao. falhou=False importados=1.
[2026-06-06 11:40:47] Inicio da rotina de sincronizacao da planilha.
[2026-06-06 11:40:47] Worker iniciado. worksheet='RespostasForm' auth_mode='oauth_user' spreadsheet_id='11MaCntcOh4-TGSyQRWS3nPuttNiRsvWq0O8mBxNH5qg'.
[2026-06-06 11:40:49] Leitura da planilha concluida. Linhas recebidas: 26.
[2026-06-06 11:40:49] Linha 2 invalida: Informe ao menos um link entre as colunas F/I/K/M/O..
[2026-06-06 11:40:49] Linha 3 invalida: Informe ao menos um link entre as colunas F/I/K/M/O..
[2026-06-06 11:40:49] Linha 2: erro de validacao (Informe ao menos um link entre as colunas F/I/K/M/O.).
[2026-06-06 11:40:49] Linha 3: erro de validacao (Informe ao menos um link entre as colunas F/I/K/M/O.).
[2026-06-06 11:40:49] Finalizacao da sincronizacao. falhou=False importados=0.
[2026-06-06 11:51:47] Inicio da rotina de sincronizacao da planilha.
[2026-06-06 11:51:47] Worker iniciado. worksheet='RespostasForm' auth_mode='oauth_user' spreadsheet_id='11MaCntcOh4-TGSyQRWS3nPuttNiRsvWq0O8mBxNH5qg'.
[2026-06-06 11:51:49] Leitura da planilha concluida. Linhas recebidas: 26.
[2026-06-06 11:51:49] Linha 2 invalida: Informe ao menos um link entre as colunas F/I/K/M/O..
[2026-06-06 11:51:49] Linha 3 invalida: Informe ao menos um link entre as colunas F/I/K/M/O..
[2026-06-06 11:51:49] Linha 2: erro de validacao (Informe ao menos um link entre as colunas F/I/K/M/O.).
[2026-06-06 11:51:49] Linha 3: erro de validacao (Informe ao menos um link entre as colunas F/I/K/M/O.).
[2026-06-06 11:51:49] Finalizacao da sincronizacao. falhou=False importados=0.
[2026-06-06 12:02:47] Inicio da rotina de sincronizacao da planilha.
[2026-06-06 12:02:47] Worker iniciado. worksheet='RespostasForm' auth_mode='oauth_user' spreadsheet_id='11MaCntcOh4-TGSyQRWS3nPuttNiRsvWq0O8mBxNH5qg'.
[2026-06-06 12:02:49] Leitura da planilha concluida. Linhas recebidas: 26.
[2026-06-06 12:02:49] Linha 2 invalida: Informe ao menos um link entre as colunas F/I/K/M/O..
[2026-06-06 12:02:49] Linha 3 invalida: Informe ao menos um link entre as colunas F/I/K/M/O..
[2026-06-06 12:02:49] Linha 2: erro de validacao (Informe ao menos um link entre as colunas F/I/K/M/O.).
[2026-06-06 12:02:49] Linha 3: erro de validacao (Informe ao menos um link entre as colunas F/I/K/M/O.).
[2026-06-06 12:02:49] Finalizacao da sincronizacao. falhou=False importados=0.
[2026-06-06 12:13:48] Inicio da rotina de sincronizacao da planilha.
[2026-06-06 12:13:48] Worker iniciado. worksheet='RespostasForm' auth_mode='oauth_user' spreadsheet_id='11MaCntcOh4-TGSyQRWS3nPuttNiRsvWq0O8mBxNH5qg'.
[2026-06-06 12:13:48] Atualizando token OAuth da planilha.
[2026-06-06 12:13:49] Leitura da planilha concluida. Linhas recebidas: 26.
[2026-06-06 12:13:49] Linha 2 invalida: Informe ao menos um link entre as colunas F/I/K/M/O..
[2026-06-06 12:13:49] Linha 3 invalida: Informe ao menos um link entre as colunas F/I/K/M/O..
[2026-06-06 12:13:49] Linha 2: erro de validacao (Informe ao menos um link entre as colunas F/I/K/M/O.).
[2026-06-06 12:13:49] Linha 3: erro de validacao (Informe ao menos um link entre as colunas F/I/K/M/O.).
[2026-06-06 12:13:49] Finalizacao da sincronizacao. falhou=False importados=0.
[2026-06-06 12:24:48] Inicio da rotina de sincronizacao da planilha.
[2026-06-06 12:24:48] Worker iniciado. worksheet='RespostasForm' auth_mode='oauth_user' spreadsheet_id='11MaCntcOh4-TGSyQRWS3nPuttNiRsvWq0O8mBxNH5qg'.
[2026-06-06 12:24:49] Leitura da planilha concluida. Linhas recebidas: 26.
[2026-06-06 12:24:49] Linha 2 invalida: Informe ao menos um link entre as colunas F/I/K/M/O..
[2026-06-06 12:24:49] Linha 3 invalida: Informe ao menos um link entre as colunas F/I/K/M/O..
[2026-06-06 12:24:49] Linha 2: erro de validacao (Informe ao menos um link entre as colunas F/I/K/M/O.).
[2026-06-06 12:24:49] Linha 3: erro de validacao (Informe ao menos um link entre as colunas F/I/K/M/O.).
[2026-06-06 12:24:49] Finalizacao da sincronizacao. falhou=False importados=0.
[2026-06-06 12:35:48] Inicio da rotina de sincronizacao da planilha.
[2026-06-06 12:35:48] Worker iniciado. worksheet='RespostasForm' auth_mode='oauth_user' spreadsheet_id='11MaCntcOh4-TGSyQRWS3nPuttNiRsvWq0O8mBxNH5qg'.
[2026-06-06 12:35:49] Leitura da planilha concluida. Linhas recebidas: 26.
[2026-06-06 12:35:49] Linha 2 invalida: Informe ao menos um link entre as colunas F/I/K/M/O..
[2026-06-06 12:35:49] Linha 3 invalida: Informe ao menos um link entre as colunas F/I/K/M/O..
[2026-06-06 12:35:49] Linha 2: erro de validacao (Informe ao menos um link entre as colunas F/I/K/M/O.).
[2026-06-06 12:35:49] Linha 3: erro de validacao (Informe ao menos um link entre as colunas F/I/K/M/O.).
[2026-06-06 12:35:49] Finalizacao da sincronizacao. falhou=False importados=0.
[2026-06-06 12:46:48] Inicio da rotina de sincronizacao da planilha.
[2026-06-06 12:46:48] Worker iniciado. worksheet='RespostasForm' auth_mode='oauth_user' spreadsheet_id='11MaCntcOh4-TGSyQRWS3nPuttNiRsvWq0O8mBxNH5qg'.
[2026-06-06 12:46:49] Leitura da planilha concluida. Linhas recebidas: 26.
[2026-06-06 12:46:49] Linha 2 invalida: Informe ao menos um link entre as colunas F/I/K/M/O..
[2026-06-06 12:46:49] Linha 3 invalida: Informe ao menos um link entre as colunas F/I/K/M/O..
[2026-06-06 12:46:49] Linha 2: erro de validacao (Informe ao menos um link entre as colunas F/I/K/M/O.).
[2026-06-06 12:46:49] Linha 3: erro de validacao (Informe ao menos um link entre as colunas F/I/K/M/O.).
[2026-06-06 12:46:49] Finalizacao da sincronizacao. falhou=False importados=0.
[2026-06-06 12:57:48] Inicio da rotina de sincronizacao da planilha.
[2026-06-06 12:57:48] Worker iniciado. worksheet='RespostasForm' auth_mode='oauth_user' spreadsheet_id='11MaCntcOh4-TGSyQRWS3nPuttNiRsvWq0O8mBxNH5qg'.
[2026-06-06 12:57:49] Leitura da planilha concluida. Linhas recebidas: 26.
[2026-06-06 12:57:49] Linha 2 invalida: Informe ao menos um link entre as colunas F/I/K/M/O..
[2026-06-06 12:57:49] Linha 3 invalida: Informe ao menos um link entre as colunas F/I/K/M/O..
[2026-06-06 12:57:49] Linha 2: erro de validacao (Informe ao menos um link entre as colunas F/I/K/M/O.).
[2026-06-06 12:57:49] Linha 3: erro de validacao (Informe ao menos um link entre as colunas F/I/K/M/O.).
[2026-06-06 12:57:49] Finalizacao da sincronizacao. falhou=False importados=0.
[2026-06-06 13:19:46] Inicio da rotina de sincronizacao da planilha.
[2026-06-06 13:19:46] Worker iniciado. worksheet='RespostasForm' auth_mode='oauth_user' spreadsheet_id='11MaCntcOh4-TGSyQRWS3nPuttNiRsvWq0O8mBxNH5qg'.
[2026-06-06 13:19:46] Atualizando token OAuth da planilha.
[2026-06-06 13:19:46] Falha na importacao da planilha: HTTPSConnectionPool(host='oauth2.googleapis.com', port=443): Max retries exceeded with url: /token (Caused by NameResolutionError("HTTPSConnection(host='oauth2.googleapis.com', port=443): Failed to resolve 'oauth2.googleapis.com' ([Errno 11001] getaddrinfo failed)"))
[2026-06-06 13:19:46] Falha na importacao da planilha: HTTPSConnectionPool(host='oauth2.googleapis.com', port=443): Max retries exceeded with url: /token (Caused by NameResolutionError("HTTPSConnection(host='oauth2.googleapis.com', port=443): Failed to resolve 'oauth2.googleapis.com' ([Errno 11001] getaddrinfo failed)"))
[2026-06-06 13:19:46] Finalizacao da sincronizacao. falhou=True importados=0.
[2026-06-06 13:29:47] Inicio da rotina de sincronizacao da planilha.
[2026-06-06 13:29:47] Worker iniciado. worksheet='RespostasForm' auth_mode='oauth_user' spreadsheet_id='11MaCntcOh4-TGSyQRWS3nPuttNiRsvWq0O8mBxNH5qg'.
[2026-06-06 13:29:47] Atualizando token OAuth da planilha.
[2026-06-06 13:29:48] Leitura da planilha concluida. Linhas recebidas: 26.
[2026-06-06 13:29:48] Linha 2 invalida: Informe ao menos um link entre as colunas F/I/K/M/O..
[2026-06-06 13:29:48] Linha 3 invalida: Informe ao menos um link entre as colunas F/I/K/M/O..
[2026-06-06 13:29:48] Linha 2: erro de validacao (Informe ao menos um link entre as colunas F/I/K/M/O.).
[2026-06-06 13:29:48] Linha 3: erro de validacao (Informe ao menos um link entre as colunas F/I/K/M/O.).
[2026-06-06 13:29:48] Finalizacao da sincronizacao. falhou=False importados=0.
[2026-06-06 13:36:54] Inicio da rotina de sincronizacao da planilha.
[2026-06-06 13:36:54] Worker iniciado. worksheet='RespostasForm' auth_mode='oauth_user' spreadsheet_id='11MaCntcOh4-TGSyQRWS3nPuttNiRsvWq0O8mBxNH5qg'.
[2026-06-06 13:36:58] Leitura da planilha concluida. Linhas recebidas: 26.
[2026-06-06 13:36:58] Linha 2 invalida: Informe ao menos um link entre as colunas F/I/K/M/O..
[2026-06-06 13:36:58] Linha 3 invalida: Informe ao menos um link entre as colunas F/I/K/M/O..
[2026-06-06 13:36:58] Linha 2: erro de validacao (Informe ao menos um link entre as colunas F/I/K/M/O.).
[2026-06-06 13:36:58] Linha 3: erro de validacao (Informe ao menos um link entre as colunas F/I/K/M/O.).
[2026-06-06 13:36:58] Finalizacao da sincronizacao. falhou=False importados=0.
[2026-06-06 13:50:17] Inicio da rotina de sincronizacao da planilha.
[2026-06-06 13:50:17] Worker iniciado. worksheet='RespostasForm' auth_mode='oauth_user' spreadsheet_id='11MaCntcOh4-TGSyQRWS3nPuttNiRsvWq0O8mBxNH5qg'.
[2026-06-06 13:50:19] Leitura da planilha concluida. Linhas recebidas: 26.
[2026-06-06 13:50:19] Linha 2 invalida: Informe ao menos um link entre as colunas F/I/K/M/O..
[2026-06-06 13:50:19] Linha 3 invalida: Informe ao menos um link entre as colunas F/I/K/M/O..
[2026-06-06 13:50:19] Linha 2: erro de validacao (Informe ao menos um link entre as colunas F/I/K/M/O.).
[2026-06-06 13:50:19] Linha 3: erro de validacao (Informe ao menos um link entre as colunas F/I/K/M/O.).
[2026-06-06 13:50:19] Finalizacao da sincronizacao. falhou=False importados=0.
[2026-06-06 14:01:17] Inicio da rotina de sincronizacao da planilha.
[2026-06-06 14:01:17] Worker iniciado. worksheet='RespostasForm' auth_mode='oauth_user' spreadsheet_id='11MaCntcOh4-TGSyQRWS3nPuttNiRsvWq0O8mBxNH5qg'.
[2026-06-06 14:01:19] Leitura da planilha concluida. Linhas recebidas: 26.
[2026-06-06 14:01:19] Linha 2 invalida: Informe ao menos um link entre as colunas F/I/K/M/O..
[2026-06-06 14:01:19] Linha 3 invalida: Informe ao menos um link entre as colunas F/I/K/M/O..
[2026-06-06 14:01:19] Linha 2: erro de validacao (Informe ao menos um link entre as colunas F/I/K/M/O.).
[2026-06-06 14:01:19] Linha 3: erro de validacao (Informe ao menos um link entre as colunas F/I/K/M/O.).
[2026-06-06 14:01:19] Finalizacao da sincronizacao. falhou=False importados=0.
[2026-06-06 14:12:17] Inicio da rotina de sincronizacao da planilha.
[2026-06-06 14:12:17] Worker iniciado. worksheet='RespostasForm' auth_mode='oauth_user' spreadsheet_id='11MaCntcOh4-TGSyQRWS3nPuttNiRsvWq0O8mBxNH5qg'.
[2026-06-06 14:12:19] Leitura da planilha concluida. Linhas recebidas: 26.
[2026-06-06 14:12:19] Linha 2 invalida: Informe ao menos um link entre as colunas F/I/K/M/O..
[2026-06-06 14:12:19] Linha 3 invalida: Informe ao menos um link entre as colunas F/I/K/M/O..
[2026-06-06 14:12:19] Linha 2: erro de validacao (Informe ao menos um link entre as colunas F/I/K/M/O.).
[2026-06-06 14:12:19] Linha 3: erro de validacao (Informe ao menos um link entre as colunas F/I/K/M/O.).
[2026-06-06 14:12:19] Finalizacao da sincronizacao. falhou=False importados=0.
[2026-06-06 14:23:17] Inicio da rotina de sincronizacao da planilha.
[2026-06-06 14:23:17] Worker iniciado. worksheet='RespostasForm' auth_mode='oauth_user' spreadsheet_id='11MaCntcOh4-TGSyQRWS3nPuttNiRsvWq0O8mBxNH5qg'.
[2026-06-06 14:23:19] Leitura da planilha concluida. Linhas recebidas: 26.
[2026-06-06 14:23:19] Linha 2 invalida: Informe ao menos um link entre as colunas F/I/K/M/O..
[2026-06-06 14:23:19] Linha 3 invalida: Informe ao menos um link entre as colunas F/I/K/M/O..
[2026-06-06 14:23:19] Linha 2: erro de validacao (Informe ao menos um link entre as colunas F/I/K/M/O.).
[2026-06-06 14:23:19] Linha 3: erro de validacao (Informe ao menos um link entre as colunas F/I/K/M/O.).
[2026-06-06 14:23:19] Finalizacao da sincronizacao. falhou=False importados=0.
[2026-06-06 14:34:18] Inicio da rotina de sincronizacao da planilha.
[2026-06-06 14:34:18] Worker iniciado. worksheet='RespostasForm' auth_mode='oauth_user' spreadsheet_id='11MaCntcOh4-TGSyQRWS3nPuttNiRsvWq0O8mBxNH5qg'.
[2026-06-06 14:34:18] Atualizando token OAuth da planilha.
[2026-06-06 14:34:19] Leitura da planilha concluida. Linhas recebidas: 26.
[2026-06-06 14:34:19] Linha 2 invalida: Informe ao menos um link entre as colunas F/I/K/M/O..
[2026-06-06 14:34:19] Linha 3 invalida: Informe ao menos um link entre as colunas F/I/K/M/O..
[2026-06-06 14:34:19] Linha 2: erro de validacao (Informe ao menos um link entre as colunas F/I/K/M/O.).
[2026-06-06 14:34:19] Linha 3: erro de validacao (Informe ao menos um link entre as colunas F/I/K/M/O.).
[2026-06-06 14:34:19] Finalizacao da sincronizacao. falhou=False importados=0.
[2026-06-06 14:45:18] Inicio da rotina de sincronizacao da planilha.
[2026-06-06 14:45:18] Worker iniciado. worksheet='RespostasForm' auth_mode='oauth_user' spreadsheet_id='11MaCntcOh4-TGSyQRWS3nPuttNiRsvWq0O8mBxNH5qg'.
[2026-06-06 14:45:20] Leitura da planilha concluida. Linhas recebidas: 26.
[2026-06-06 14:45:20] Linha 2 invalida: Informe ao menos um link entre as colunas F/I/K/M/O..
[2026-06-06 14:45:20] Linha 3 invalida: Informe ao menos um link entre as colunas F/I/K/M/O..
[2026-06-06 14:45:20] Linha 2: erro de validacao (Informe ao menos um link entre as colunas F/I/K/M/O.).
[2026-06-06 14:45:20] Linha 3: erro de validacao (Informe ao menos um link entre as colunas F/I/K/M/O.).
[2026-06-06 14:45:20] Finalizacao da sincronizacao. falhou=False importados=0.
[2026-06-06 14:56:18] Inicio da rotina de sincronizacao da planilha.
[2026-06-06 14:56:18] Worker iniciado. worksheet='RespostasForm' auth_mode='oauth_user' spreadsheet_id='11MaCntcOh4-TGSyQRWS3nPuttNiRsvWq0O8mBxNH5qg'.
[2026-06-06 14:56:19] Leitura da planilha concluida. Linhas recebidas: 26.
[2026-06-06 14:56:19] Linha 2 invalida: Informe ao menos um link entre as colunas F/I/K/M/O..
[2026-06-06 14:56:19] Linha 3 invalida: Informe ao menos um link entre as colunas F/I/K/M/O..
[2026-06-06 14:56:19] Linha 2: erro de validacao (Informe ao menos um link entre as colunas F/I/K/M/O.).
[2026-06-06 14:56:19] Linha 3: erro de validacao (Informe ao menos um link entre as colunas F/I/K/M/O.).
[2026-06-06 14:56:19] Finalizacao da sincronizacao. falhou=False importados=0.
[2026-06-06 16:37:36] Inicio da rotina de sincronizacao da planilha.
[2026-06-06 16:37:37] Worker iniciado. worksheet='RespostasForm' auth_mode='oauth_user' spreadsheet_id='11MaCntcOh4-TGSyQRWS3nPuttNiRsvWq0O8mBxNH5qg'.
[2026-06-06 16:37:37] Atualizando token OAuth da planilha.
[2026-06-06 16:37:37] Falha na importacao da planilha: HTTPSConnectionPool(host='oauth2.googleapis.com', port=443): Max retries exceeded with url: /token (Caused by NameResolutionError("HTTPSConnection(host='oauth2.googleapis.com', port=443): Failed to resolve 'oauth2.googleapis.com' ([Errno 11001] getaddrinfo failed)"))
[2026-06-06 16:37:37] Falha na importacao da planilha: HTTPSConnectionPool(host='oauth2.googleapis.com', port=443): Max retries exceeded with url: /token (Caused by NameResolutionError("HTTPSConnection(host='oauth2.googleapis.com', port=443): Failed to resolve 'oauth2.googleapis.com' ([Errno 11001] getaddrinfo failed)"))
[2026-06-06 16:37:37] Finalizacao da sincronizacao. falhou=True importados=0.
[2026-06-06 16:48:37] Inicio da rotina de sincronizacao da planilha.
[2026-06-06 16:48:37] Worker iniciado. worksheet='RespostasForm' auth_mode='oauth_user' spreadsheet_id='11MaCntcOh4-TGSyQRWS3nPuttNiRsvWq0O8mBxNH5qg'.
[2026-06-06 16:48:37] Atualizando token OAuth da planilha.
[2026-06-06 16:48:39] Leitura da planilha concluida. Linhas recebidas: 26.
[2026-06-06 16:48:39] Linha 2 invalida: Informe ao menos um link entre as colunas F/I/K/M/O..
[2026-06-06 16:48:39] Linha 3 invalida: Informe ao menos um link entre as colunas F/I/K/M/O..
[2026-06-06 16:48:39] Linha 2: erro de validacao (Informe ao menos um link entre as colunas F/I/K/M/O.).
[2026-06-06 16:48:39] Linha 3: erro de validacao (Informe ao menos um link entre as colunas F/I/K/M/O.).
[2026-06-06 16:48:39] Finalizacao da sincronizacao. falhou=False importados=0.
[2026-06-06 16:59:37] Inicio da rotina de sincronizacao da planilha.
[2026-06-06 16:59:37] Worker iniciado. worksheet='RespostasForm' auth_mode='oauth_user' spreadsheet_id='11MaCntcOh4-TGSyQRWS3nPuttNiRsvWq0O8mBxNH5qg'.
[2026-06-06 16:59:38] Leitura da planilha concluida. Linhas recebidas: 26.
[2026-06-06 16:59:39] Linha 2 invalida: Informe ao menos um link entre as colunas F/I/K/M/O..
[2026-06-06 16:59:39] Linha 3 invalida: Informe ao menos um link entre as colunas F/I/K/M/O..
[2026-06-06 16:59:39] Linha 2: erro de validacao (Informe ao menos um link entre as colunas F/I/K/M/O.).
[2026-06-06 16:59:39] Linha 3: erro de validacao (Informe ao menos um link entre as colunas F/I/K/M/O.).
[2026-06-06 16:59:39] Finalizacao da sincronizacao. falhou=False importados=0.
[2026-06-06 17:10:37] Inicio da rotina de sincronizacao da planilha.
[2026-06-06 17:10:37] Worker iniciado. worksheet='RespostasForm' auth_mode='oauth_user' spreadsheet_id='11MaCntcOh4-TGSyQRWS3nPuttNiRsvWq0O8mBxNH5qg'.
[2026-06-06 17:10:39] Leitura da planilha concluida. Linhas recebidas: 26.
[2026-06-06 17:10:39] Linha 2 invalida: Informe ao menos um link entre as colunas F/I/K/M/O..
[2026-06-06 17:10:39] Linha 3 invalida: Informe ao menos um link entre as colunas F/I/K/M/O..
[2026-06-06 17:10:39] Linha 2: erro de validacao (Informe ao menos um link entre as colunas F/I/K/M/O.).
[2026-06-06 17:10:39] Linha 3: erro de validacao (Informe ao menos um link entre as colunas F/I/K/M/O.).
[2026-06-06 17:10:39] Finalizacao da sincronizacao. falhou=False importados=0.
[2026-06-06 17:21:37] Inicio da rotina de sincronizacao da planilha.
[2026-06-06 17:21:37] Worker iniciado. worksheet='RespostasForm' auth_mode='oauth_user' spreadsheet_id='11MaCntcOh4-TGSyQRWS3nPuttNiRsvWq0O8mBxNH5qg'.
[2026-06-06 17:21:39] Leitura da planilha concluida. Linhas recebidas: 26.
[2026-06-06 17:21:39] Linha 2 invalida: Informe ao menos um link entre as colunas F/I/K/M/O..
[2026-06-06 17:21:39] Linha 3 invalida: Informe ao menos um link entre as colunas F/I/K/M/O..
[2026-06-06 17:21:39] Linha 2: erro de validacao (Informe ao menos um link entre as colunas F/I/K/M/O.).
[2026-06-06 17:21:39] Linha 3: erro de validacao (Informe ao menos um link entre as colunas F/I/K/M/O.).
[2026-06-06 17:21:39] Finalizacao da sincronizacao. falhou=False importados=0.
[2026-06-06 17:32:37] Inicio da rotina de sincronizacao da planilha.
[2026-06-06 17:32:37] Worker iniciado. worksheet='RespostasForm' auth_mode='oauth_user' spreadsheet_id='11MaCntcOh4-TGSyQRWS3nPuttNiRsvWq0O8mBxNH5qg'.
[2026-06-06 17:32:39] Leitura da planilha concluida. Linhas recebidas: 26.
[2026-06-06 17:32:39] Linha 2 invalida: Informe ao menos um link entre as colunas F/I/K/M/O..
[2026-06-06 17:32:39] Linha 3 invalida: Informe ao menos um link entre as colunas F/I/K/M/O..
[2026-06-06 17:32:39] Linha 2: erro de validacao (Informe ao menos um link entre as colunas F/I/K/M/O.).
[2026-06-06 17:32:39] Linha 3: erro de validacao (Informe ao menos um link entre as colunas F/I/K/M/O.).
[2026-06-06 17:32:39] Finalizacao da sincronizacao. falhou=False importados=0.
[2026-06-06 17:43:37] Inicio da rotina de sincronizacao da planilha.
[2026-06-06 17:43:37] Worker iniciado. worksheet='RespostasForm' auth_mode='oauth_user' spreadsheet_id='11MaCntcOh4-TGSyQRWS3nPuttNiRsvWq0O8mBxNH5qg'.
[2026-06-06 17:43:39] Leitura da planilha concluida. Linhas recebidas: 26.
[2026-06-06 17:43:39] Linha 2 invalida: Informe ao menos um link entre as colunas F/I/K/M/O..
[2026-06-06 17:43:39] Linha 3 invalida: Informe ao menos um link entre as colunas F/I/K/M/O..
[2026-06-06 17:43:39] Linha 2: erro de validacao (Informe ao menos um link entre as colunas F/I/K/M/O.).
[2026-06-06 17:43:39] Linha 3: erro de validacao (Informe ao menos um link entre as colunas F/I/K/M/O.).
[2026-06-06 17:43:39] Finalizacao da sincronizacao. falhou=False importados=0.
[2026-06-06 17:54:38] Inicio da rotina de sincronizacao da planilha.
[2026-06-06 17:54:38] Worker iniciado. worksheet='RespostasForm' auth_mode='oauth_user' spreadsheet_id='11MaCntcOh4-TGSyQRWS3nPuttNiRsvWq0O8mBxNH5qg'.
[2026-06-06 17:54:38] Atualizando token OAuth da planilha.
[2026-06-06 17:54:40] Leitura da planilha concluida. Linhas recebidas: 26.
[2026-06-06 17:54:40] Linha 2 invalida: Informe ao menos um link entre as colunas F/I/K/M/O..
[2026-06-06 17:54:40] Linha 3 invalida: Informe ao menos um link entre as colunas F/I/K/M/O..
[2026-06-06 17:54:40] Linha 2: erro de validacao (Informe ao menos um link entre as colunas F/I/K/M/O.).
[2026-06-06 17:54:40] Linha 3: erro de validacao (Informe ao menos um link entre as colunas F/I/K/M/O.).
[2026-06-06 17:54:40] Finalizacao da sincronizacao. falhou=False importados=0.
[2026-06-06 18:05:38] Inicio da rotina de sincronizacao da planilha.
[2026-06-06 18:05:38] Worker iniciado. worksheet='RespostasForm' auth_mode='oauth_user' spreadsheet_id='11MaCntcOh4-TGSyQRWS3nPuttNiRsvWq0O8mBxNH5qg'.
[2026-06-06 18:05:39] Leitura da planilha concluida. Linhas recebidas: 26.
[2026-06-06 18:05:39] Linha 2 invalida: Informe ao menos um link entre as colunas F/I/K/M/O..
[2026-06-06 18:05:39] Linha 3 invalida: Informe ao menos um link entre as colunas F/I/K/M/O..
[2026-06-06 18:05:39] Linha 2: erro de validacao (Informe ao menos um link entre as colunas F/I/K/M/O.).
[2026-06-06 18:05:39] Linha 3: erro de validacao (Informe ao menos um link entre as colunas F/I/K/M/O.).
[2026-06-06 18:05:39] Finalizacao da sincronizacao. falhou=False importados=0.
[2026-06-06 18:16:38] Inicio da rotina de sincronizacao da planilha.
[2026-06-06 18:16:38] Worker iniciado. worksheet='RespostasForm' auth_mode='oauth_user' spreadsheet_id='11MaCntcOh4-TGSyQRWS3nPuttNiRsvWq0O8mBxNH5qg'.
[2026-06-06 18:16:39] Leitura da planilha concluida. Linhas recebidas: 26.
[2026-06-06 18:16:39] Linha 2 invalida: Informe ao menos um link entre as colunas F/I/K/M/O..
[2026-06-06 18:16:39] Linha 3 invalida: Informe ao menos um link entre as colunas F/I/K/M/O..
[2026-06-06 18:16:39] Linha 2: erro de validacao (Informe ao menos um link entre as colunas F/I/K/M/O.).
[2026-06-06 18:16:39] Linha 3: erro de validacao (Informe ao menos um link entre as colunas F/I/K/M/O.).
[2026-06-06 18:16:39] Finalizacao da sincronizacao. falhou=False importados=0.
[2026-06-06 18:27:38] Inicio da rotina de sincronizacao da planilha.
[2026-06-06 18:27:38] Worker iniciado. worksheet='RespostasForm' auth_mode='oauth_user' spreadsheet_id='11MaCntcOh4-TGSyQRWS3nPuttNiRsvWq0O8mBxNH5qg'.
[2026-06-06 18:27:39] Leitura da planilha concluida. Linhas recebidas: 26.
[2026-06-06 18:27:39] Linha 2 invalida: Informe ao menos um link entre as colunas F/I/K/M/O..
[2026-06-06 18:27:39] Linha 3 invalida: Informe ao menos um link entre as colunas F/I/K/M/O..
[2026-06-06 18:27:39] Linha 2: erro de validacao (Informe ao menos um link entre as colunas F/I/K/M/O.).
[2026-06-06 18:27:39] Linha 3: erro de validacao (Informe ao menos um link entre as colunas F/I/K/M/O.).
[2026-06-06 18:27:39] Finalizacao da sincronizacao. falhou=False importados=0.
[2026-06-06 18:38:38] Inicio da rotina de sincronizacao da planilha.
[2026-06-06 18:38:38] Worker iniciado. worksheet='RespostasForm' auth_mode='oauth_user' spreadsheet_id='11MaCntcOh4-TGSyQRWS3nPuttNiRsvWq0O8mBxNH5qg'.
[2026-06-06 18:38:39] Leitura da planilha concluida. Linhas recebidas: 26.
[2026-06-06 18:38:39] Linha 2 invalida: Informe ao menos um link entre as colunas F/I/K/M/O..
[2026-06-06 18:38:39] Linha 3 invalida: Informe ao menos um link entre as colunas F/I/K/M/O..
[2026-06-06 18:38:39] Linha 2: erro de validacao (Informe ao menos um link entre as colunas F/I/K/M/O.).
[2026-06-06 18:38:39] Linha 3: erro de validacao (Informe ao menos um link entre as colunas F/I/K/M/O.).
[2026-06-06 18:38:39] Finalizacao da sincronizacao. falhou=False importados=0.
[2026-06-06 18:49:38] Inicio da rotina de sincronizacao da planilha.
[2026-06-06 18:49:38] Worker iniciado. worksheet='RespostasForm' auth_mode='oauth_user' spreadsheet_id='11MaCntcOh4-TGSyQRWS3nPuttNiRsvWq0O8mBxNH5qg'.
[2026-06-06 18:49:39] Leitura da planilha concluida. Linhas recebidas: 26.
[2026-06-06 18:49:39] Linha 2 invalida: Informe ao menos um link entre as colunas F/I/K/M/O..
[2026-06-06 18:49:39] Linha 3 invalida: Informe ao menos um link entre as colunas F/I/K/M/O..
[2026-06-06 18:49:39] Linha 2: erro de validacao (Informe ao menos um link entre as colunas F/I/K/M/O.).
[2026-06-06 18:49:39] Linha 3: erro de validacao (Informe ao menos um link entre as colunas F/I/K/M/O.).
[2026-06-06 18:49:39] Finalizacao da sincronizacao. falhou=False importados=0.
[2026-06-06 19:00:38] Inicio da rotina de sincronizacao da planilha.
[2026-06-06 19:00:38] Worker iniciado. worksheet='RespostasForm' auth_mode='oauth_user' spreadsheet_id='11MaCntcOh4-TGSyQRWS3nPuttNiRsvWq0O8mBxNH5qg'.
[2026-06-06 19:00:38] Atualizando token OAuth da planilha.
[2026-06-06 19:00:40] Leitura da planilha concluida. Linhas recebidas: 26.
[2026-06-06 19:00:40] Linha 2 invalida: Informe ao menos um link entre as colunas F/I/K/M/O..
[2026-06-06 19:00:40] Linha 3 invalida: Informe ao menos um link entre as colunas F/I/K/M/O..
[2026-06-06 19:00:40] Linha 2: erro de validacao (Informe ao menos um link entre as colunas F/I/K/M/O.).
[2026-06-06 19:00:40] Linha 3: erro de validacao (Informe ao menos um link entre as colunas F/I/K/M/O.).
[2026-06-06 19:00:40] Finalizacao da sincronizacao. falhou=False importados=0.
[2026-06-06 19:11:38] Inicio da rotina de sincronizacao da planilha.
[2026-06-06 19:11:38] Worker iniciado. worksheet='RespostasForm' auth_mode='oauth_user' spreadsheet_id='11MaCntcOh4-TGSyQRWS3nPuttNiRsvWq0O8mBxNH5qg'.
[2026-06-06 19:11:40] Leitura da planilha concluida. Linhas recebidas: 26.
[2026-06-06 19:11:40] Linha 2 invalida: Informe ao menos um link entre as colunas F/I/K/M/O..
[2026-06-06 19:11:40] Linha 3 invalida: Informe ao menos um link entre as colunas F/I/K/M/O..
[2026-06-06 19:11:40] Linha 2: erro de validacao (Informe ao menos um link entre as colunas F/I/K/M/O.).
[2026-06-06 19:11:40] Linha 3: erro de validacao (Informe ao menos um link entre as colunas F/I/K/M/O.).
[2026-06-06 19:11:40] Finalizacao da sincronizacao. falhou=False importados=0.
[2026-06-06 19:22:38] Inicio da rotina de sincronizacao da planilha.
[2026-06-06 19:22:38] Worker iniciado. worksheet='RespostasForm' auth_mode='oauth_user' spreadsheet_id='11MaCntcOh4-TGSyQRWS3nPuttNiRsvWq0O8mBxNH5qg'.
[2026-06-06 19:22:40] Leitura da planilha concluida. Linhas recebidas: 26.
[2026-06-06 19:22:40] Linha 2 invalida: Informe ao menos um link entre as colunas F/I/K/M/O..
[2026-06-06 19:22:40] Linha 3 invalida: Informe ao menos um link entre as colunas F/I/K/M/O..
[2026-06-06 19:22:40] Linha 2: erro de validacao (Informe ao menos um link entre as colunas F/I/K/M/O.).
[2026-06-06 19:22:40] Linha 3: erro de validacao (Informe ao menos um link entre as colunas F/I/K/M/O.).
[2026-06-06 19:22:40] Finalizacao da sincronizacao. falhou=False importados=0.
[2026-06-07 07:08:32] Inicio da rotina de sincronizacao da planilha.
[2026-06-07 07:08:32] Worker iniciado. worksheet='RespostasForm' auth_mode='oauth_user' spreadsheet_id='11MaCntcOh4-TGSyQRWS3nPuttNiRsvWq0O8mBxNH5qg'.
[2026-06-07 07:08:33] Atualizando token OAuth da planilha.
[2026-06-07 07:08:33] Falha na importacao da planilha: HTTPSConnectionPool(host='oauth2.googleapis.com', port=443): Max retries exceeded with url: /token (Caused by NameResolutionError("HTTPSConnection(host='oauth2.googleapis.com', port=443): Failed to resolve 'oauth2.googleapis.com' ([Errno 11001] getaddrinfo failed)"))
[2026-06-07 07:08:33] Falha na importacao da planilha: HTTPSConnectionPool(host='oauth2.googleapis.com', port=443): Max retries exceeded with url: /token (Caused by NameResolutionError("HTTPSConnection(host='oauth2.googleapis.com', port=443): Failed to resolve 'oauth2.googleapis.com' ([Errno 11001] getaddrinfo failed)"))
[2026-06-07 07:08:33] Finalizacao da sincronizacao. falhou=True importados=0.
