=== Inicio do log de sincronizacao de planilha: 2026-07-09T09:23:01 ===
[2026-07-09 09:23:01] Inicio da rotina de sincronizacao da planilha.
[2026-07-09 09:23:01] Worker iniciado. worksheet='RespostasForm' auth_mode='oauth_user' spreadsheet_id='11MaCntcOh4-TGSyQRWS3nPuttNiRsvWq0O8mBxNH5qg'.
[2026-07-09 09:23:01] Atualizando token OAuth da planilha.
[2026-07-09 09:23:03] Leitura da planilha concluida. Linhas recebidas: 26.
[2026-07-09 09:23:03] Linha 2 invalida: Informe ao menos um link entre as colunas F/I/K/M/O..
[2026-07-09 09:23:03] Linha 3 invalida: Informe ao menos um link entre as colunas F/I/K/M/O..
[2026-07-09 09:23:03] Linha 2: erro de validacao (Informe ao menos um link entre as colunas F/I/K/M/O.).
[2026-07-09 09:23:03] Linha 3: erro de validacao (Informe ao menos um link entre as colunas F/I/K/M/O.).
[2026-07-09 09:23:03] Finalizacao da sincronizacao. falhou=False importados=0.
[2026-07-09 09:34:01] Inicio da rotina de sincronizacao da planilha.
[2026-07-09 09:34:01] Worker iniciado. worksheet='RespostasForm' auth_mode='oauth_user' spreadsheet_id='11MaCntcOh4-TGSyQRWS3nPuttNiRsvWq0O8mBxNH5qg'.
[2026-07-09 09:34:02] Leitura da planilha concluida. Linhas recebidas: 26.
[2026-07-09 09:34:02] Linha 2 invalida: Informe ao menos um link entre as colunas F/I/K/M/O..
[2026-07-09 09:34:02] Linha 3 invalida: Informe ao menos um link entre as colunas F/I/K/M/O..
[2026-07-09 09:34:02] Linha 2: erro de validacao (Informe ao menos um link entre as colunas F/I/K/M/O.).
[2026-07-09 09:34:02] Linha 3: erro de validacao (Informe ao menos um link entre as colunas F/I/K/M/O.).
[2026-07-09 09:34:02] Finalizacao da sincronizacao. falhou=False importados=0.
[2026-07-09 09:45:01] Inicio da rotina de sincronizacao da planilha.
[2026-07-09 09:45:01] Worker iniciado. worksheet='RespostasForm' auth_mode='oauth_user' spreadsheet_id='11MaCntcOh4-TGSyQRWS3nPuttNiRsvWq0O8mBxNH5qg'.
[2026-07-09 09:45:03] Leitura da planilha concluida. Linhas recebidas: 26.
[2026-07-09 09:45:03] Linha 2 invalida: Informe ao menos um link entre as colunas F/I/K/M/O..
[2026-07-09 09:45:03] Linha 3 invalida: Informe ao menos um link entre as colunas F/I/K/M/O..
[2026-07-09 09:45:03] Linha 2: erro de validacao (Informe ao menos um link entre as colunas F/I/K/M/O.).
[2026-07-09 09:45:03] Linha 3: erro de validacao (Informe ao menos um link entre as colunas F/I/K/M/O.).
[2026-07-09 09:45:03] Finalizacao da sincronizacao. falhou=False importados=0.
[2026-07-09 09:56:01] Inicio da rotina de sincronizacao da planilha.
[2026-07-09 09:56:01] Worker iniciado. worksheet='RespostasForm' auth_mode='oauth_user' spreadsheet_id='11MaCntcOh4-TGSyQRWS3nPuttNiRsvWq0O8mBxNH5qg'.
[2026-07-09 09:56:03] Leitura da planilha concluida. Linhas recebidas: 26.
[2026-07-09 09:56:03] Linha 2 invalida: Informe ao menos um link entre as colunas F/I/K/M/O..
[2026-07-09 09:56:03] Linha 3 invalida: Informe ao menos um link entre as colunas F/I/K/M/O..
[2026-07-09 09:56:03] Linha 2: erro de validacao (Informe ao menos um link entre as colunas F/I/K/M/O.).
[2026-07-09 09:56:03] Linha 3: erro de validacao (Informe ao menos um link entre as colunas F/I/K/M/O.).
[2026-07-09 09:56:03] Finalizacao da sincronizacao. falhou=False importados=0.
