=== Inicio do log de sincronizacao de planilha: 2026-06-10T19:35:54 ===
[2026-06-10 19:35:54] Sincronizacao manual solicitada pelo usuario.
[2026-06-10 19:35:54] Inicio da rotina de sincronizacao da planilha.
[2026-06-10 19:35:54] Worker iniciado. worksheet='RespostasForm' auth_mode='oauth_user' spreadsheet_id='11MaCntcOh4-TGSyQRWS3nPuttNiRsvWq0O8mBxNH5qg'.
[2026-06-10 19:35:55] Leitura da planilha concluida. Linhas recebidas: 26.
[2026-06-10 19:35:55] Linha 2 invalida: Informe ao menos um link entre as colunas F/I/K/M/O..
[2026-06-10 19:35:55] Linha 3 invalida: Informe ao menos um link entre as colunas F/I/K/M/O..
[2026-06-10 19:35:55] Linha 2: erro de validacao (Informe ao menos um link entre as colunas F/I/K/M/O.).
[2026-06-10 19:35:55] Linha 3: erro de validacao (Informe ao menos um link entre as colunas F/I/K/M/O.).
[2026-06-10 19:35:55] Finalizacao da sincronizacao. falhou=False importados=0.
[2026-06-10 19:46:29] Inicio da rotina de sincronizacao da planilha.
[2026-06-10 19:46:29] Worker iniciado. worksheet='RespostasForm' auth_mode='oauth_user' spreadsheet_id='11MaCntcOh4-TGSyQRWS3nPuttNiRsvWq0O8mBxNH5qg'.
[2026-06-10 19:46:30] Leitura da planilha concluida. Linhas recebidas: 26.
[2026-06-10 19:46:30] Linha 2 invalida: Informe ao menos um link entre as colunas F/I/K/M/O..
[2026-06-10 19:46:30] Linha 3 invalida: Informe ao menos um link entre as colunas F/I/K/M/O..
[2026-06-10 19:46:30] Linha 2: erro de validacao (Informe ao menos um link entre as colunas F/I/K/M/O.).
[2026-06-10 19:46:30] Linha 3: erro de validacao (Informe ao menos um link entre as colunas F/I/K/M/O.).
[2026-06-10 19:46:30] Finalizacao da sincronizacao. falhou=False importados=0.
[2026-06-10 19:57:29] Inicio da rotina de sincronizacao da planilha.
[2026-06-10 19:57:29] Worker iniciado. worksheet='RespostasForm' auth_mode='oauth_user' spreadsheet_id='11MaCntcOh4-TGSyQRWS3nPuttNiRsvWq0O8mBxNH5qg'.
[2026-06-10 19:57:30] Leitura da planilha concluida. Linhas recebidas: 26.
[2026-06-10 19:57:30] Linha 2 invalida: Informe ao menos um link entre as colunas F/I/K/M/O..
[2026-06-10 19:57:30] Linha 3 invalida: Informe ao menos um link entre as colunas F/I/K/M/O..
[2026-06-10 19:57:30] Linha 2: erro de validacao (Informe ao menos um link entre as colunas F/I/K/M/O.).
[2026-06-10 19:57:30] Linha 3: erro de validacao (Informe ao menos um link entre as colunas F/I/K/M/O.).
[2026-06-10 19:57:30] Finalizacao da sincronizacao. falhou=False importados=0.
[2026-06-10 20:08:29] Inicio da rotina de sincronizacao da planilha.
[2026-06-10 20:08:29] Worker iniciado. worksheet='RespostasForm' auth_mode='oauth_user' spreadsheet_id='11MaCntcOh4-TGSyQRWS3nPuttNiRsvWq0O8mBxNH5qg'.
[2026-06-10 20:08:30] Leitura da planilha concluida. Linhas recebidas: 26.
[2026-06-10 20:08:30] Linha 2 invalida: Informe ao menos um link entre as colunas F/I/K/M/O..
[2026-06-10 20:08:30] Linha 3 invalida: Informe ao menos um link entre as colunas F/I/K/M/O..
[2026-06-10 20:08:30] Linha 2: erro de validacao (Informe ao menos um link entre as colunas F/I/K/M/O.).
[2026-06-10 20:08:30] Linha 3: erro de validacao (Informe ao menos um link entre as colunas F/I/K/M/O.).
[2026-06-10 20:08:30] Finalizacao da sincronizacao. falhou=False importados=0.
[2026-06-10 20:19:29] Inicio da rotina de sincronizacao da planilha.
[2026-06-10 20:19:29] Worker iniciado. worksheet='RespostasForm' auth_mode='oauth_user' spreadsheet_id='11MaCntcOh4-TGSyQRWS3nPuttNiRsvWq0O8mBxNH5qg'.
[2026-06-10 20:19:31] Leitura da planilha concluida. Linhas recebidas: 26.
[2026-06-10 20:19:31] Linha 2 invalida: Informe ao menos um link entre as colunas F/I/K/M/O..
[2026-06-10 20:19:31] Linha 3 invalida: Informe ao menos um link entre as colunas F/I/K/M/O..
[2026-06-10 20:19:31] Linha 2: erro de validacao (Informe ao menos um link entre as colunas F/I/K/M/O.).
[2026-06-10 20:19:31] Linha 3: erro de validacao (Informe ao menos um link entre as colunas F/I/K/M/O.).
[2026-06-10 20:19:31] Finalizacao da sincronizacao. falhou=False importados=0.
[2026-06-10 20:30:29] Inicio da rotina de sincronizacao da planilha.
[2026-06-10 20:30:29] Worker iniciado. worksheet='RespostasForm' auth_mode='oauth_user' spreadsheet_id='11MaCntcOh4-TGSyQRWS3nPuttNiRsvWq0O8mBxNH5qg'.
[2026-06-10 20:30:31] Leitura da planilha concluida. Linhas recebidas: 26.
[2026-06-10 20:30:31] Linha 2 invalida: Informe ao menos um link entre as colunas F/I/K/M/O..
[2026-06-10 20:30:31] Linha 3 invalida: Informe ao menos um link entre as colunas F/I/K/M/O..
[2026-06-10 20:30:31] Linha 2: erro de validacao (Informe ao menos um link entre as colunas F/I/K/M/O.).
[2026-06-10 20:30:31] Linha 3: erro de validacao (Informe ao menos um link entre as colunas F/I/K/M/O.).
[2026-06-10 20:30:31] Finalizacao da sincronizacao. falhou=False importados=0.
[2026-06-10 20:41:29] Inicio da rotina de sincronizacao da planilha.
[2026-06-10 20:41:29] Worker iniciado. worksheet='RespostasForm' auth_mode='oauth_user' spreadsheet_id='11MaCntcOh4-TGSyQRWS3nPuttNiRsvWq0O8mBxNH5qg'.
[2026-06-10 20:41:29] Atualizando token OAuth da planilha.
[2026-06-10 20:41:31] Leitura da planilha concluida. Linhas recebidas: 26.
[2026-06-10 20:41:31] Linha 2 invalida: Informe ao menos um link entre as colunas F/I/K/M/O..
[2026-06-10 20:41:31] Linha 3 invalida: Informe ao menos um link entre as colunas F/I/K/M/O..
[2026-06-10 20:41:31] Linha 2: erro de validacao (Informe ao menos um link entre as colunas F/I/K/M/O.).
[2026-06-10 20:41:31] Linha 3: erro de validacao (Informe ao menos um link entre as colunas F/I/K/M/O.).
[2026-06-10 20:41:31] Finalizacao da sincronizacao. falhou=False importados=0.
[2026-06-10 20:52:29] Inicio da rotina de sincronizacao da planilha.
[2026-06-10 20:52:29] Worker iniciado. worksheet='RespostasForm' auth_mode='oauth_user' spreadsheet_id='11MaCntcOh4-TGSyQRWS3nPuttNiRsvWq0O8mBxNH5qg'.
[2026-06-10 20:52:31] Leitura da planilha concluida. Linhas recebidas: 26.
[2026-06-10 20:52:31] Linha 2 invalida: Informe ao menos um link entre as colunas F/I/K/M/O..
[2026-06-10 20:52:31] Linha 3 invalida: Informe ao menos um link entre as colunas F/I/K/M/O..
[2026-06-10 20:52:31] Linha 2: erro de validacao (Informe ao menos um link entre as colunas F/I/K/M/O.).
[2026-06-10 20:52:31] Linha 3: erro de validacao (Informe ao menos um link entre as colunas F/I/K/M/O.).
[2026-06-10 20:52:31] Finalizacao da sincronizacao. falhou=False importados=0.
[2026-06-10 21:03:29] Inicio da rotina de sincronizacao da planilha.
[2026-06-10 21:03:29] Worker iniciado. worksheet='RespostasForm' auth_mode='oauth_user' spreadsheet_id='11MaCntcOh4-TGSyQRWS3nPuttNiRsvWq0O8mBxNH5qg'.
[2026-06-10 21:03:31] Leitura da planilha concluida. Linhas recebidas: 26.
[2026-06-10 21:03:31] Linha 2 invalida: Informe ao menos um link entre as colunas F/I/K/M/O..
[2026-06-10 21:03:31] Linha 3 invalida: Informe ao menos um link entre as colunas F/I/K/M/O..
[2026-06-10 21:03:31] Linha 2: erro de validacao (Informe ao menos um link entre as colunas F/I/K/M/O.).
[2026-06-10 21:03:31] Linha 3: erro de validacao (Informe ao menos um link entre as colunas F/I/K/M/O.).
[2026-06-10 21:03:31] Finalizacao da sincronizacao. falhou=False importados=0.
