=== Inicio do log de sincronizacao de planilha: 2026-06-22T21:00:39 ===
[2026-06-22 21:00:39] Inicio da rotina de sincronizacao da planilha.
[2026-06-22 21:00:39] Worker iniciado. worksheet='RespostasForm' auth_mode='oauth_user' spreadsheet_id='11MaCntcOh4-TGSyQRWS3nPuttNiRsvWq0O8mBxNH5qg'.
[2026-06-22 21:00:39] Atualizando token OAuth da planilha.
[2026-06-22 21:00:42] Leitura da planilha concluida. Linhas recebidas: 26.
[2026-06-22 21:00:42] Linha 2 invalida: Informe ao menos um link entre as colunas F/I/K/M/O..
[2026-06-22 21:00:42] Linha 3 invalida: Informe ao menos um link entre as colunas F/I/K/M/O..
[2026-06-22 21:00:42] Linha 2: erro de validacao (Informe ao menos um link entre as colunas F/I/K/M/O.).
[2026-06-22 21:00:42] Linha 3: erro de validacao (Informe ao menos um link entre as colunas F/I/K/M/O.).
[2026-06-22 21:00:42] Finalizacao da sincronizacao. falhou=False importados=0.
[2026-06-22 21:11:39] Inicio da rotina de sincronizacao da planilha.
[2026-06-22 21:11:39] Worker iniciado. worksheet='RespostasForm' auth_mode='oauth_user' spreadsheet_id='11MaCntcOh4-TGSyQRWS3nPuttNiRsvWq0O8mBxNH5qg'.
[2026-06-22 21:11:41] Leitura da planilha concluida. Linhas recebidas: 26.
[2026-06-22 21:11:41] Linha 2 invalida: Informe ao menos um link entre as colunas F/I/K/M/O..
[2026-06-22 21:11:41] Linha 3 invalida: Informe ao menos um link entre as colunas F/I/K/M/O..
[2026-06-22 21:11:41] Linha 2: erro de validacao (Informe ao menos um link entre as colunas F/I/K/M/O.).
[2026-06-22 21:11:41] Linha 3: erro de validacao (Informe ao menos um link entre as colunas F/I/K/M/O.).
[2026-06-22 21:11:41] Finalizacao da sincronizacao. falhou=False importados=0.
[2026-06-22 21:22:39] Inicio da rotina de sincronizacao da planilha.
[2026-06-22 21:22:39] Worker iniciado. worksheet='RespostasForm' auth_mode='oauth_user' spreadsheet_id='11MaCntcOh4-TGSyQRWS3nPuttNiRsvWq0O8mBxNH5qg'.
[2026-06-22 21:22:41] Leitura da planilha concluida. Linhas recebidas: 26.
[2026-06-22 21:22:41] Linha 2 invalida: Informe ao menos um link entre as colunas F/I/K/M/O..
[2026-06-22 21:22:41] Linha 3 invalida: Informe ao menos um link entre as colunas F/I/K/M/O..
[2026-06-22 21:22:41] Linha 2: erro de validacao (Informe ao menos um link entre as colunas F/I/K/M/O.).
[2026-06-22 21:22:41] Linha 3: erro de validacao (Informe ao menos um link entre as colunas F/I/K/M/O.).
[2026-06-22 21:22:41] Finalizacao da sincronizacao. falhou=False importados=0.
