=== Inicio do log de alertas: 2026-06-19T18:06:45 ===
[2026-06-19 18:07:45] Alerta 000013 enfileirado (scheduler) - nome: Fralda.
[2026-06-19 18:07:45] Alerta 000022 enfileirado (scheduler) - nome: Fritadeira Air Fryer Oven Britânia 11 Litros 8 Funções 1800W BAF11A.
[2026-06-19 18:07:45] Alerta 000039 enfileirado (scheduler) - nome: amazon firestick 4k.
[2026-06-19 18:07:45] Alerta 000043 enfileirado (scheduler) - nome: Console Nintendo Switch 2, Modelo Nacional de Tomada.
[2026-06-19 18:07:45] Iniciando execucao do alerta 000013.
[2026-06-19 18:07:48] Alerta 000013 erro na checagem: Falha ao extrair preco.
[2026-06-19 18:07:48] Alerta 000013 falhou: Falha ao extrair preco.
[2026-06-19 18:07:48] Execucao finalizada sem disparos.
[2026-06-19 18:07:48] Resumo de falhas: links invalidos=0; descricao divergente=0; falha extracao preco=1.
[2026-06-19 18:07:48] Finalizada execucao do alerta 000013.
[2026-06-19 18:07:48] Iniciando execucao do alerta 000022.
[2026-06-19 18:07:51] Alerta 000022 erro na checagem: Falha ao extrair preco.
[2026-06-19 18:07:51] Alerta 000022 falhou: Falha ao extrair preco.
[2026-06-19 18:07:51] Execucao finalizada sem disparos.
[2026-06-19 18:07:51] Resumo de falhas: links invalidos=0; descricao divergente=0; falha extracao preco=1.
[2026-06-19 18:07:51] Finalizada execucao do alerta 000022.
[2026-06-19 18:07:51] Iniciando execucao do alerta 000039.
[2026-06-19 18:07:57] Alerta 000039 erro na checagem: Falha ao extrair preco.
[2026-06-19 18:07:57] Alerta 000039 falhou: Falha ao extrair preco.
[2026-06-19 18:07:57] Execucao finalizada sem disparos.
[2026-06-19 18:07:57] Resumo de falhas: links invalidos=0; descricao divergente=0; falha extracao preco=1.
[2026-06-19 18:07:57] Finalizada execucao do alerta 000039.
[2026-06-19 18:07:57] Iniciando execucao do alerta 000043.
[2026-06-19 18:08:00] Alerta 000043 erro na checagem: Falha ao extrair preco.
[2026-06-19 18:08:00] Alerta 000043 falhou: Falha ao extrair preco.
[2026-06-19 18:08:00] Execucao finalizada sem disparos.
[2026-06-19 18:08:00] Resumo de falhas: links invalidos=0; descricao divergente=0; falha extracao preco=1.
[2026-06-19 18:08:00] Finalizada execucao do alerta 000043.
[2026-06-19 18:12:09] Alerta 000013 enfileirado (manual) - nome: Fralda.
[2026-06-19 18:12:09] Iniciando execucao do alerta 000013.
[2026-06-19 18:12:21] Alerta 000013 checado: triggered=False preco=89.65 alvo=70.0
[2026-06-19 18:12:21] Alerta 000013 sem disparo nesta execucao.
[2026-06-19 18:12:21] Execucao finalizada sem disparos.
[2026-06-19 18:12:21] Finalizada execucao do alerta 000013.
[2026-06-19 18:28:46] Alerta 000022 desativado: janela de execucao de 7 dias apos primeiro disparo foi encerrada.
[2026-06-19 18:41:46] Alerta 000039 desativado: janela de execucao de 7 dias apos primeiro disparo foi encerrada.
[2026-06-20 09:55:55] Alerta 000013 enfileirado (scheduler) - nome: Fralda.
[2026-06-20 09:55:55] Alerta 000043 enfileirado (scheduler) - nome: Console Nintendo Switch 2, Modelo Nacional de Tomada.
[2026-06-20 09:55:55] Iniciando execucao do alerta 000013.
[2026-06-20 09:55:56] Alerta 000013 erro na checagem: Falha ao extrair preco.
[2026-06-20 09:55:56] Alerta 000013 falhou: Falha ao extrair preco.
[2026-06-20 09:55:56] Execucao finalizada sem disparos.
[2026-06-20 09:55:56] Resumo de falhas: links invalidos=0; descricao divergente=0; falha extracao preco=1.
[2026-06-20 09:55:56] Finalizada execucao do alerta 000013.
[2026-06-20 09:55:56] Iniciando execucao do alerta 000043.
[2026-06-20 09:55:57] Alerta 000043 erro na checagem: Falha ao extrair preco.
[2026-06-20 09:55:57] Alerta 000043 falhou: Falha ao extrair preco.
[2026-06-20 09:55:57] Execucao finalizada sem disparos.
[2026-06-20 09:55:57] Resumo de falhas: links invalidos=0; descricao divergente=0; falha extracao preco=1.
[2026-06-20 09:55:57] Finalizada execucao do alerta 000043.
[2026-06-20 12:56:29] Alerta 000013 enfileirado (scheduler) - nome: Fralda.
[2026-06-20 12:56:29] Alerta 000043 enfileirado (scheduler) - nome: Console Nintendo Switch 2, Modelo Nacional de Tomada.
[2026-06-20 12:56:29] Iniciando execucao do alerta 000013.
[2026-06-20 12:56:41] Alerta 000013 checado: triggered=False preco=89.65 alvo=70.0
[2026-06-20 12:56:41] Alerta 000013 sem disparo nesta execucao.
[2026-06-20 12:56:41] Execucao finalizada sem disparos.
[2026-06-20 12:56:41] Finalizada execucao do alerta 000013.
[2026-06-20 12:56:41] Iniciando execucao do alerta 000043.
[2026-06-20 12:56:53] Alerta 000043 checado: triggered=False preco=4199.0 alvo=4100.0
[2026-06-20 12:56:53] Alerta 000043 sem disparo nesta execucao.
[2026-06-20 12:56:53] Execucao finalizada sem disparos.
[2026-06-20 12:56:53] Finalizada execucao do alerta 000043.
[2026-06-20 13:42:15] Alerta 000039 enfileirado (manual) - nome: amazon firestick 4k.
[2026-06-20 13:42:15] Iniciando execucao do alerta 000039.
[2026-06-20 13:42:25] Alerta 000039 ignorado no enfileiramento (scheduler): ja em execucao/fila.
[2026-06-20 13:42:37] Alerta 000039 checado: triggered=False preco=250.0 alvo=230.0
[2026-06-20 13:42:37] Alerta 000039 sem disparo nesta execucao.
[2026-06-20 13:42:37] Execucao finalizada sem disparos.
[2026-06-20 13:42:37] Finalizada execucao do alerta 000039.
[2026-06-21 11:23:03] Alerta 000013 enfileirado (scheduler) - nome: Fralda.
[2026-06-21 11:23:04] Alerta 000039 enfileirado (scheduler) - nome: amazon firestick 4k.
[2026-06-21 11:23:04] Alerta 000043 enfileirado (scheduler) - nome: Console Nintendo Switch 2, Modelo Nacional de Tomada.
[2026-06-21 11:23:04] Iniciando execucao do alerta 000013.
[2026-06-21 11:23:04] Alerta 000013 erro na checagem: Falha ao extrair preco.
[2026-06-21 11:23:04] Alerta 000013 falhou: Falha ao extrair preco.
[2026-06-21 11:23:04] Execucao finalizada sem disparos.
[2026-06-21 11:23:04] Resumo de falhas: links invalidos=0; descricao divergente=0; falha extracao preco=1.
[2026-06-21 11:23:04] Finalizada execucao do alerta 000013.
[2026-06-21 11:23:05] Iniciando execucao do alerta 000039.
[2026-06-21 11:23:05] Alerta 000039 erro na checagem: Falha ao extrair preco.
[2026-06-21 11:23:05] Alerta 000039 falhou: Falha ao extrair preco.
[2026-06-21 11:23:05] Execucao finalizada sem disparos.
[2026-06-21 11:23:05] Resumo de falhas: links invalidos=0; descricao divergente=0; falha extracao preco=1.
[2026-06-21 11:23:05] Finalizada execucao do alerta 000039.
[2026-06-21 11:23:05] Iniciando execucao do alerta 000043.
[2026-06-21 11:23:05] Alerta 000043 erro na checagem: Falha ao extrair preco.
[2026-06-21 11:23:05] Alerta 000043 falhou: Falha ao extrair preco.
[2026-06-21 11:23:05] Execucao finalizada sem disparos.
[2026-06-21 11:23:05] Resumo de falhas: links invalidos=0; descricao divergente=0; falha extracao preco=1.
[2026-06-21 11:23:05] Finalizada execucao do alerta 000043.
[2026-06-21 20:51:42] Alerta 000013 enfileirado (scheduler) - nome: Fralda.
[2026-06-21 20:51:42] Alerta 000039 enfileirado (scheduler) - nome: amazon firestick 4k.
[2026-06-21 20:51:42] Alerta 000043 enfileirado (scheduler) - nome: Console Nintendo Switch 2, Modelo Nacional de Tomada.
[2026-06-21 20:51:42] Iniciando execucao do alerta 000013.
[2026-06-21 20:51:42] Alerta 000013 erro na checagem: Falha ao extrair preco.
[2026-06-21 20:51:42] Alerta 000013 falhou: Falha ao extrair preco.
[2026-06-21 20:51:42] Execucao finalizada sem disparos.
[2026-06-21 20:51:42] Resumo de falhas: links invalidos=0; descricao divergente=0; falha extracao preco=1.
[2026-06-21 20:51:42] Finalizada execucao do alerta 000013.
[2026-06-21 20:51:44] Iniciando execucao do alerta 000039.
[2026-06-21 20:51:44] Alerta 000039 erro na checagem: Falha ao extrair preco.
[2026-06-21 20:51:44] Alerta 000039 falhou: Falha ao extrair preco.
[2026-06-21 20:51:44] Execucao finalizada sem disparos.
[2026-06-21 20:51:44] Resumo de falhas: links invalidos=0; descricao divergente=0; falha extracao preco=1.
[2026-06-21 20:51:44] Finalizada execucao do alerta 000039.
[2026-06-21 20:51:44] Iniciando execucao do alerta 000043.
[2026-06-21 20:51:44] Alerta 000043 erro na checagem: Falha ao extrair preco.
[2026-06-21 20:51:44] Alerta 000043 falhou: Falha ao extrair preco.
[2026-06-21 20:51:44] Execucao finalizada sem disparos.
[2026-06-21 20:51:44] Resumo de falhas: links invalidos=0; descricao divergente=0; falha extracao preco=1.
[2026-06-21 20:51:44] Finalizada execucao do alerta 000043.
