=== Inicio do log de alertas: 2026-05-27T19:26:16 ===
[2026-05-27 19:27:16] Alerta 000006 enfileirado (scheduler) - nome: Cafeteira Elétrica Philips Walita Série 1200.
[2026-05-27 19:27:16] Alerta 000010 enfileirado (scheduler) - nome: Kit irrigação solar automática.
[2026-05-27 19:27:16] Alerta 000011 enfileirado (scheduler) - nome: Resistência chuveiro 220.
[2026-05-27 19:27:16] Alerta 000012 enfileirado (scheduler) - nome: Resistencia chuveiro 127.
[2026-05-27 19:27:16] Alerta 000013 enfileirado (scheduler) - nome: Fralda.
[2026-05-27 19:27:16] Alerta 000014 enfileirado (scheduler) - nome: Tênis Asics Gel-challenger 15 Clay Masculino.
[2026-05-27 19:27:16] Alerta 000016 enfileirado (scheduler) - nome: Desitin roxa.
[2026-05-27 19:27:16] Alerta 000017 enfileirado (scheduler) - nome: Poste de aço modular de jardim.
[2026-05-27 19:27:16] Alerta 000018 enfileirado (scheduler) - nome: Kit Trilho Eletrificado 2,5m + 5 Spot Led 10w Bivolt.
[2026-05-27 19:27:16] Alerta 000019 enfileirado (scheduler) - nome: Cadeirinha infantil para carro Litet Mass 0-36kg Preta e Cinza - BB458.
[2026-05-27 19:27:16] Alerta 000020 enfileirado (scheduler) - nome: Kit Wella Invigo Nutri Enrich Sh, Cond E Válvulas.
[2026-05-27 19:27:16] Iniciando execucao do alerta 000006.
[2026-05-27 19:27:22] Alerta 000006 checado: triggered=False preco=2449.9 alvo=2100.0
[2026-05-27 19:27:22] Alerta 000006 sem disparo nesta execucao.
[2026-05-27 19:27:22] Execucao finalizada sem disparos.
[2026-05-27 19:27:22] Finalizada execucao do alerta 000006.
[2026-05-27 19:27:22] Iniciando execucao do alerta 000010.
[2026-05-27 19:27:28] Alerta 000010 checado: triggered=False preco=143.89 alvo=135.0
[2026-05-27 19:27:28] Alerta 000010 sem disparo nesta execucao.
[2026-05-27 19:27:28] Execucao finalizada sem disparos.
[2026-05-27 19:27:28] Finalizada execucao do alerta 000010.
[2026-05-27 19:27:28] Iniciando execucao do alerta 000011.
[2026-05-27 19:27:33] Alerta 000011 checado: triggered=False preco=24.22 alvo=22.0
[2026-05-27 19:27:33] Alerta 000011 sem disparo nesta execucao.
[2026-05-27 19:27:33] Execucao finalizada sem disparos.
[2026-05-27 19:27:33] Finalizada execucao do alerta 000011.
[2026-05-27 19:27:33] Iniciando execucao do alerta 000012.
[2026-05-27 19:27:39] Alerta 000012 checado: triggered=False preco=25.0 alvo=23.0
[2026-05-27 19:27:39] Alerta 000012 sem disparo nesta execucao.
[2026-05-27 19:27:39] Execucao finalizada sem disparos.
[2026-05-27 19:27:39] Finalizada execucao do alerta 000012.
[2026-05-27 19:27:39] Iniciando execucao do alerta 000013.
[2026-05-27 19:27:45] Alerta 000013 checado: triggered=False preco=89.77 alvo=70.0
[2026-05-27 19:27:45] Alerta 000013 sem disparo nesta execucao.
[2026-05-27 19:27:45] Execucao finalizada sem disparos.
[2026-05-27 19:27:45] Finalizada execucao do alerta 000013.
[2026-05-27 19:27:45] Iniciando execucao do alerta 000014.
[2026-05-27 19:27:52] Alerta 000014 checado: triggered=False preco=781.51 alvo=700.0
[2026-05-27 19:27:52] Alerta 000014 sem disparo nesta execucao.
[2026-05-27 19:27:52] Execucao finalizada sem disparos.
[2026-05-27 19:27:52] Finalizada execucao do alerta 000014.
[2026-05-27 19:27:53] Iniciando execucao do alerta 000016.
[2026-05-27 19:28:08] Alerta 000016 erro na checagem: Nao foi possivel gerar link de afiliado para o anuncio encontrado.
[2026-05-27 19:28:08] Alerta 000016 falhou: Nao foi possivel gerar link de afiliado para o anuncio encontrado.
[2026-05-27 19:28:08] Execucao finalizada sem disparos.
[2026-05-27 19:28:08] Finalizada execucao do alerta 000016.
[2026-05-27 19:28:09] Iniciando execucao do alerta 000017.
[2026-05-27 19:28:16] Alerta 000017 checado: triggered=False preco=1071.15 alvo=1000.0
[2026-05-27 19:28:16] Alerta 000017 sem disparo nesta execucao.
[2026-05-27 19:28:16] Execucao finalizada sem disparos.
[2026-05-27 19:28:16] Finalizada execucao do alerta 000017.
[2026-05-27 19:28:16] Iniciando execucao do alerta 000018.
[2026-05-27 19:28:16] Alerta 000018 ignorado no enfileiramento (scheduler): ja em execucao/fila.
[2026-05-27 19:28:16] Alerta 000019 ignorado no enfileiramento (scheduler): ja em execucao/fila.
[2026-05-27 19:28:16] Alerta 000020 ignorado no enfileiramento (scheduler): ja em execucao/fila.
[2026-05-27 19:28:24] Alerta 000018 checado: triggered=False preco=187.2 alvo=185.0
[2026-05-27 19:28:24] Alerta 000018 sem disparo nesta execucao.
[2026-05-27 19:28:24] Execucao finalizada sem disparos.
[2026-05-27 19:28:24] Finalizada execucao do alerta 000018.
[2026-05-27 19:28:24] Iniciando execucao do alerta 000019.
[2026-05-27 19:28:30] Alerta 000019 checado: triggered=True preco=599.0 alvo=700.0
[2026-05-27 19:28:30] Notificacao alerta 000019: email=sem destinos; whatsapp=1 envio(s) destinos=***3269 sid=SMd0249581d029b7287dbff5b943c855a5.
[2026-05-27 19:28:39] Execucao finalizada com 1 alerta(s) disparado(s).
[2026-05-27 19:28:39] Finalizada execucao do alerta 000019.
[2026-05-27 19:28:39] Iniciando execucao do alerta 000020.
[2026-05-27 19:28:45] Alerta 000020 checado: triggered=True preco=250.11 alvo=300.0
[2026-05-27 19:28:45] Notificacao alerta 000020: email=sem destinos; whatsapp=1 envio(s) destinos=***3269 sid=SMedb48d2421f05dff3f1bcc68fdf3d519.
[2026-05-27 19:28:49] Execucao finalizada com 1 alerta(s) disparado(s).
[2026-05-27 19:28:49] Finalizada execucao do alerta 000020.
[2026-05-27 19:30:25] Alerta 000013 enfileirado (manual) - nome: Fralda.
[2026-05-27 19:30:25] Iniciando execucao do alerta 000013.
[2026-05-27 19:30:30] Alerta 000019 enfileirado (manual) - nome: Cadeirinha infantil para carro Litet Mass 0-36kg Preta e Cinza - BB458.
[2026-05-27 19:30:31] Alerta 000013 checado: triggered=False preco=89.77 alvo=70.0
[2026-05-27 19:30:31] Alerta 000013 sem disparo nesta execucao.
[2026-05-27 19:30:31] Execucao finalizada sem disparos.
[2026-05-27 19:30:31] Finalizada execucao do alerta 000013.
[2026-05-27 19:30:31] Iniciando execucao do alerta 000019.
[2026-05-27 19:30:33] Alerta 000020 enfileirado (manual) - nome: Kit Wella Invigo Nutri Enrich Sh, Cond E Válvulas.
[2026-05-27 19:30:38] Alerta 000019 checado: triggered=True preco=599.0 alvo=700.0
[2026-05-27 19:30:38] Alerta 000019 sem novo envio (mesmo dia e sem queda adicional de preco).
[2026-05-27 19:30:38] Execucao finalizada sem disparos.
[2026-05-27 19:30:38] Finalizada execucao do alerta 000019.
[2026-05-27 19:30:38] Iniciando execucao do alerta 000020.
[2026-05-27 19:30:43] Alerta 000020 checado: triggered=True preco=250.11 alvo=300.0
[2026-05-27 19:30:43] Alerta 000020 sem novo envio (mesmo dia e sem queda adicional de preco).
[2026-05-27 19:30:43] Execucao finalizada sem disparos.
[2026-05-27 19:30:43] Finalizada execucao do alerta 000020.
[2026-05-27 20:28:17] Alerta 000006 enfileirado (scheduler) - nome: Cafeteira Elétrica Philips Walita Série 1200.
[2026-05-27 20:28:17] Alerta 000010 enfileirado (scheduler) - nome: Kit irrigação solar automática.
[2026-05-27 20:28:17] Alerta 000011 enfileirado (scheduler) - nome: Resistência chuveiro 220.
[2026-05-27 20:28:17] Alerta 000012 enfileirado (scheduler) - nome: Resistencia chuveiro 127.
[2026-05-27 20:28:17] Alerta 000014 enfileirado (scheduler) - nome: Tênis Asics Gel-challenger 15 Clay Masculino.
[2026-05-27 20:28:17] Alerta 000016 enfileirado (scheduler) - nome: Desitin roxa.
[2026-05-27 20:28:17] Alerta 000017 enfileirado (scheduler) - nome: Poste de aço modular de jardim.
[2026-05-27 20:28:17] Iniciando execucao do alerta 000006.
[2026-05-27 20:28:22] Alerta 000006 checado: triggered=False preco=2449.9 alvo=2100.0
[2026-05-27 20:28:22] Alerta 000006 sem disparo nesta execucao.
[2026-05-27 20:28:22] Execucao finalizada sem disparos.
[2026-05-27 20:28:22] Finalizada execucao do alerta 000006.
[2026-05-27 20:28:22] Iniciando execucao do alerta 000010.
[2026-05-27 20:28:28] Alerta 000010 checado: triggered=False preco=143.89 alvo=135.0
[2026-05-27 20:28:28] Alerta 000010 sem disparo nesta execucao.
[2026-05-27 20:28:28] Execucao finalizada sem disparos.
[2026-05-27 20:28:28] Finalizada execucao do alerta 000010.
[2026-05-27 20:28:28] Iniciando execucao do alerta 000011.
[2026-05-27 20:28:33] Alerta 000011 checado: triggered=False preco=24.22 alvo=22.0
[2026-05-27 20:28:33] Alerta 000011 sem disparo nesta execucao.
[2026-05-27 20:28:33] Execucao finalizada sem disparos.
[2026-05-27 20:28:33] Finalizada execucao do alerta 000011.
[2026-05-27 20:28:33] Iniciando execucao do alerta 000012.
[2026-05-27 20:28:40] Alerta 000012 checado: triggered=False preco=25.0 alvo=23.0
[2026-05-27 20:28:40] Alerta 000012 sem disparo nesta execucao.
[2026-05-27 20:28:40] Execucao finalizada sem disparos.
[2026-05-27 20:28:40] Finalizada execucao do alerta 000012.
[2026-05-27 20:28:40] Iniciando execucao do alerta 000014.
[2026-05-27 20:28:46] Alerta 000014 checado: triggered=False preco=781.51 alvo=700.0
[2026-05-27 20:28:46] Alerta 000014 sem disparo nesta execucao.
[2026-05-27 20:28:46] Execucao finalizada sem disparos.
[2026-05-27 20:28:46] Finalizada execucao do alerta 000014.
[2026-05-27 20:28:46] Iniciando execucao do alerta 000016.
[2026-05-27 20:29:02] Alerta 000016 erro na checagem: Nao foi possivel gerar link de afiliado para o anuncio encontrado.
[2026-05-27 20:29:02] Alerta 000016 falhou: Nao foi possivel gerar link de afiliado para o anuncio encontrado.
[2026-05-27 20:29:02] Execucao finalizada sem disparos.
[2026-05-27 20:29:02] Finalizada execucao do alerta 000016.
[2026-05-27 20:29:02] Iniciando execucao do alerta 000017.
[2026-05-27 20:29:09] Alerta 000017 checado: triggered=False preco=1071.15 alvo=1000.0
[2026-05-27 20:29:09] Alerta 000017 sem disparo nesta execucao.
[2026-05-27 20:29:09] Execucao finalizada sem disparos.
[2026-05-27 20:29:09] Finalizada execucao do alerta 000017.
[2026-05-27 20:29:17] Alerta 000018 enfileirado (scheduler) - nome: Kit Trilho Eletrificado 2,5m + 5 Spot Led 10w Bivolt.
[2026-05-27 20:29:17] Iniciando execucao do alerta 000018.
[2026-05-27 20:29:24] Alerta 000018 checado: triggered=False preco=187.2 alvo=185.0
[2026-05-27 20:29:24] Alerta 000018 sem disparo nesta execucao.
[2026-05-27 20:29:24] Execucao finalizada sem disparos.
[2026-05-27 20:29:24] Finalizada execucao do alerta 000018.
[2026-05-27 20:33:43] Alerta 000013 enfileirado (scheduler) - nome: Fralda.
[2026-05-27 20:33:43] Iniciando execucao do alerta 000013.
[2026-05-27 20:33:50] Alerta 000013 checado: triggered=False preco=89.77 alvo=70.0
[2026-05-27 20:33:50] Alerta 000013 sem disparo nesta execucao.
[2026-05-27 20:33:50] Execucao finalizada sem disparos.
[2026-05-27 20:33:50] Finalizada execucao do alerta 000013.
[2026-05-27 20:52:46] Alerta 000019 enfileirado (scheduler) - nome: Cadeirinha infantil para carro Litet Mass 0-36kg Preta e Cinza - BB458.
[2026-05-27 20:52:46] Alerta 000020 enfileirado (scheduler) - nome: Kit Wella Invigo Nutri Enrich Sh, Cond E Válvulas.
[2026-05-27 20:52:46] Iniciando execucao do alerta 000019.
[2026-05-27 20:52:53] Alerta 000019 checado: triggered=True preco=599.0 alvo=599.0
[2026-05-27 20:52:53] Alerta 000019 marcou primeiro disparo em 2026-05-27T20:52:53.
[2026-05-27 20:52:53] Notificacao alerta 000019: email=sem destinos; whatsapp=1 envio(s) destinos=***3269 sid=SM76c93b44cc6364c0adb8f2b3f41e5d00.
[2026-05-27 20:52:57] Execucao finalizada com 1 alerta(s) disparado(s).
[2026-05-27 20:52:57] Finalizada execucao do alerta 000019.
[2026-05-27 20:52:57] Iniciando execucao do alerta 000020.
[2026-05-27 20:53:03] Alerta 000020 checado: triggered=False preco=250.11 alvo=250.0
[2026-05-27 20:53:03] Alerta 000020 sem disparo nesta execucao.
[2026-05-27 20:53:03] Execucao finalizada sem disparos.
[2026-05-27 20:53:03] Finalizada execucao do alerta 000020.
[2026-05-27 21:08:56] Alerta 000021 enfileirado (manual) - nome: Monitor Gamer LG UltraGear 24” 24GS60F-B IPS Full HD 180Hz 1ms (GtG) NVIDIA® G-SYNC®.
[2026-05-27 21:08:56] Iniciando execucao do alerta 000021.
[2026-05-27 21:09:03] Alerta 000021 checado: triggered=True preco=709.0 alvo=710.0
[2026-05-27 21:09:03] Alerta 000021 marcou primeiro disparo em 2026-05-27T21:09:03.
[2026-05-27 21:09:03] Notificacao alerta 000021: email=sem destinos; whatsapp=1 envio(s) destinos=***3269 sid=SMe4ddb2bb53c1dda38bd611c9b8cd0bfa.
[2026-05-27 21:09:06] Execucao finalizada com 1 alerta(s) disparado(s).
[2026-05-27 21:09:06] Finalizada execucao do alerta 000021.
[2026-05-27 21:13:30] Alerta 000022 enfileirado (manual) - nome: Fritadeira Air Fryer Oven Britânia 11 Litros 8 Funções 1800W BAF11A.
[2026-05-27 21:13:30] Iniciando execucao do alerta 000022.
[2026-05-27 21:13:38] Alerta 000022 checado: triggered=True preco=379.0 alvo=380.0
[2026-05-27 21:13:38] Alerta 000022 marcou primeiro disparo em 2026-05-27T21:13:38.
[2026-05-27 21:13:39] Notificacao alerta 000022: email=SMTP nao configurado; whatsapp=1 envio(s) destinos=***3269 sid=SM4aac555fd8109dd958a58bbe20a1d542.
[2026-05-27 21:13:53] Execucao finalizada com 1 alerta(s) disparado(s).
[2026-05-27 21:13:53] Finalizada execucao do alerta 000022.
[2026-05-27 21:25:12] Alerta 000023 enfileirado (manual) - nome: Par Munhequeira Wilson Tênis Squash Basquete Beach Tennis.
[2026-05-27 21:25:12] Iniciando execucao do alerta 000023.
[2026-05-27 21:25:19] Alerta 000023 checado: triggered=True preco=46.85 alvo=50.0
[2026-05-27 21:25:19] Alerta 000023 marcou primeiro disparo em 2026-05-27T21:25:19.
[2026-05-27 21:25:20] Notificacao alerta 000023: email=SMTP nao configurado; whatsapp=1 envio(s) destinos=***3269 sid=SM4bbe9d62bd478de6e0de82154145a909.
[2026-05-27 21:25:20] Execucao finalizada com 1 alerta(s) disparado(s).
[2026-05-27 21:25:20] Finalizada execucao do alerta 000023.
[2026-05-27 21:29:01] Alerta 000006 enfileirado (scheduler) - nome: Cafeteira Elétrica Philips Walita Série 1200.
[2026-05-27 21:29:01] Alerta 000010 enfileirado (scheduler) - nome: Kit irrigação solar automática.
[2026-05-27 21:29:01] Alerta 000011 enfileirado (scheduler) - nome: Resistência chuveiro 220.
[2026-05-27 21:29:01] Alerta 000012 enfileirado (scheduler) - nome: Resistencia chuveiro 127.
[2026-05-27 21:29:01] Alerta 000014 enfileirado (scheduler) - nome: Tênis Asics Gel-challenger 15 Clay Masculino.
[2026-05-27 21:29:01] Iniciando execucao do alerta 000006.
[2026-05-27 21:29:06] Alerta 000006 checado: triggered=False preco=2449.9 alvo=2100.0
[2026-05-27 21:29:06] Alerta 000006 sem disparo nesta execucao.
[2026-05-27 21:29:06] Execucao finalizada sem disparos.
[2026-05-27 21:29:06] Finalizada execucao do alerta 000006.
[2026-05-27 21:29:06] Iniciando execucao do alerta 000010.
[2026-05-27 21:29:13] Alerta 000010 checado: triggered=False preco=143.89 alvo=135.0
[2026-05-27 21:29:13] Alerta 000010 sem disparo nesta execucao.
[2026-05-27 21:29:13] Execucao finalizada sem disparos.
[2026-05-27 21:29:13] Finalizada execucao do alerta 000010.
[2026-05-27 21:29:13] Iniciando execucao do alerta 000011.
[2026-05-27 21:29:19] Alerta 000011 checado: triggered=False preco=24.22 alvo=22.0
[2026-05-27 21:29:19] Alerta 000011 sem disparo nesta execucao.
[2026-05-27 21:29:19] Execucao finalizada sem disparos.
[2026-05-27 21:29:19] Finalizada execucao do alerta 000011.
[2026-05-27 21:29:19] Iniciando execucao do alerta 000012.
[2026-05-27 21:29:24] Alerta 000012 checado: triggered=False preco=25.0 alvo=23.0
[2026-05-27 21:29:24] Alerta 000012 sem disparo nesta execucao.
[2026-05-27 21:29:24] Execucao finalizada sem disparos.
[2026-05-27 21:29:24] Finalizada execucao do alerta 000012.
[2026-05-27 21:29:24] Iniciando execucao do alerta 000014.
[2026-05-27 21:29:31] Alerta 000014 checado: triggered=False preco=781.51 alvo=700.0
[2026-05-27 21:29:31] Alerta 000014 sem disparo nesta execucao.
[2026-05-27 21:29:31] Execucao finalizada sem disparos.
[2026-05-27 21:29:31] Finalizada execucao do alerta 000014.
[2026-05-27 21:30:01] Alerta 000016 enfileirado (scheduler) - nome: Desitin roxa.
[2026-05-27 21:30:01] Alerta 000017 enfileirado (scheduler) - nome: Poste de aço modular de jardim.
[2026-05-27 21:30:01] Alerta 000018 enfileirado (scheduler) - nome: Kit Trilho Eletrificado 2,5m + 5 Spot Led 10w Bivolt.
[2026-05-27 21:30:01] Iniciando execucao do alerta 000016.
[2026-05-27 21:30:17] Alerta 000016 erro na checagem: Nao foi possivel gerar link de afiliado para o anuncio encontrado.
[2026-05-27 21:30:17] Alerta 000016 falhou: Nao foi possivel gerar link de afiliado para o anuncio encontrado.
[2026-05-27 21:30:17] Execucao finalizada sem disparos.
[2026-05-27 21:30:17] Finalizada execucao do alerta 000016.
[2026-05-27 21:30:17] Iniciando execucao do alerta 000017.
[2026-05-27 21:30:24] Alerta 000017 checado: triggered=False preco=1071.15 alvo=1000.0
[2026-05-27 21:30:24] Alerta 000017 sem disparo nesta execucao.
[2026-05-27 21:30:24] Execucao finalizada sem disparos.
[2026-05-27 21:30:24] Finalizada execucao do alerta 000017.
[2026-05-27 21:30:24] Iniciando execucao do alerta 000018.
[2026-05-27 21:30:30] Alerta 000018 checado: triggered=False preco=187.2 alvo=185.0
[2026-05-27 21:30:30] Alerta 000018 sem disparo nesta execucao.
[2026-05-27 21:30:30] Execucao finalizada sem disparos.
[2026-05-27 21:30:30] Finalizada execucao do alerta 000018.
[2026-05-27 21:34:01] Alerta 000013 enfileirado (scheduler) - nome: Fralda.
[2026-05-27 21:34:01] Iniciando execucao do alerta 000013.
[2026-05-27 21:34:08] Alerta 000013 checado: triggered=False preco=89.77 alvo=70.0
[2026-05-27 21:34:08] Alerta 000013 sem disparo nesta execucao.
[2026-05-27 21:34:08] Execucao finalizada sem disparos.
[2026-05-27 21:34:08] Finalizada execucao do alerta 000013.
[2026-05-27 21:36:03] Alerta 000024 enfileirado (manual) - nome: Suporte Articulado Para Monitor 13 a 32 Pistão a Gás Ajustável Zinnia Nimbo 110 Branco.
[2026-05-27 21:36:03] Iniciando execucao do alerta 000024.
[2026-05-27 21:36:03] Alerta 000025 enfileirado (manual) - nome: Suporte Articulado Para 2 Monitores 13 a 32 Pistão a Gás Zinnia Nimbo 210 Branco.
[2026-05-27 21:36:03] Alerta 000026 enfileirado (manual) - nome: Amazon Fire Tv Stick 2024 8gb Controle Alexa Preto.
[2026-05-27 21:36:09] Alerta 000024 checado: triggered=True preco=91.77 alvo=92.0
[2026-05-27 21:36:09] Alerta 000024 marcou primeiro disparo em 2026-05-27T21:36:09.
[2026-05-27 21:36:09] Notificacao alerta 000024: email=SMTP nao configurado; whatsapp=1 envio(s) destinos=***3269 sid=SM0138a4c8dc06f42306bb1d664ba01800.
[2026-05-27 21:36:09] Execucao finalizada com 1 alerta(s) disparado(s).
[2026-05-27 21:36:09] Finalizada execucao do alerta 000024.
[2026-05-27 21:36:10] Iniciando execucao do alerta 000025.
[2026-05-27 21:36:16] Alerta 000025 checado: triggered=True preco=178.38 alvo=179.0
[2026-05-27 21:36:16] Alerta 000025 marcou primeiro disparo em 2026-05-27T21:36:16.
[2026-05-27 21:36:16] Notificacao alerta 000025: email=SMTP nao configurado; whatsapp=1 envio(s) destinos=***3269 sid=SMbae31bc47b7f53ff38c0da43d98a3a8f.
[2026-05-27 21:36:16] Execucao finalizada com 1 alerta(s) disparado(s).
[2026-05-27 21:36:16] Finalizada execucao do alerta 000025.
[2026-05-27 21:36:16] Iniciando execucao do alerta 000026.
[2026-05-27 21:36:21] Alerta 000027 enfileirado (manual) - nome: Hub USB-C 8 em 1 Newness HDMI 4K RJ45 USB 3.0 Leitor SD MacBook Air.
[2026-05-27 21:36:23] Alerta 000026 checado: triggered=True preco=219.0 alvo=220.0
[2026-05-27 21:36:23] Alerta 000026 marcou primeiro disparo em 2026-05-27T21:36:23.
[2026-05-27 21:36:23] Notificacao alerta 000026: email=SMTP nao configurado; whatsapp=1 envio(s) destinos=***3269 sid=SM6845376d94dd755dba7bac4ed4ffa266.
[2026-05-27 21:36:23] Execucao finalizada com 1 alerta(s) disparado(s).
[2026-05-27 21:36:23] Finalizada execucao do alerta 000026.
[2026-05-27 21:36:23] Iniciando execucao do alerta 000027.
[2026-05-27 21:36:30] Alerta 000027 checado: triggered=True preco=189.26 alvo=190.0
[2026-05-27 21:36:30] Alerta 000027 marcou primeiro disparo em 2026-05-27T21:36:30.
[2026-05-27 21:36:30] Notificacao alerta 000027: email=SMTP nao configurado; whatsapp=1 envio(s) destinos=***3269 sid=SM7ad3f6c1a2c07c82233196746f18f5fd.
[2026-05-27 21:36:30] Execucao finalizada com 1 alerta(s) disparado(s).
[2026-05-27 21:36:30] Finalizada execucao do alerta 000027.
