=== Inicio do log de alertas: 2026-06-04T12:23:24 ===
[2026-06-04 12:24:24] Alerta 000021 desativado: janela de execucao de 7 dias apos primeiro disparo foi encerrada.
[2026-06-04 12:24:24] Alerta 000022 desativado: janela de execucao de 7 dias apos primeiro disparo foi encerrada.
[2026-06-04 12:24:24] Alerta 000010 enfileirado (scheduler) - nome: Kit irrigação solar automática.
[2026-06-04 12:24:24] Alerta 000013 enfileirado (scheduler) - nome: Fralda.
[2026-06-04 12:24:24] Alerta 000014 enfileirado (scheduler) - nome: Tênis Asics Gel-challenger 15 Clay Masculino.
[2026-06-04 12:24:24] Alerta 000020 enfileirado (scheduler) - nome: Kit Wella Invigo Nutri Enrich Sh, Cond E Válvulas.
[2026-06-04 12:24:24] Alerta 000028 enfileirado (scheduler) - nome: Smartphone Motorola Signature 5g - 512gb 24gb (12gb Ram + 12gb Ram Boost), 3 Cameras 50mp Sony Lytia E Zoom 100x, Tela 1.5k Extreme Amoled 165hz - Preto.
[2026-06-04 12:24:24] Alerta 000029 enfileirado (scheduler) - nome: Apple iPhone 16 Pro Max (512 GB) - Titânio-deserto.
[2026-06-04 12:24:24] Alerta 000030 enfileirado (scheduler) - nome: Projetor 4k.
[2026-06-04 12:24:24] Alerta 000031 enfileirado (scheduler) - nome: Cafeteira 1200 Walita.
[2026-06-04 12:24:24] Iniciando execucao do alerta 000010.
[2026-06-04 12:24:36] Alerta 000010 checado: triggered=False preco=179.85 alvo=135.0
[2026-06-04 12:24:36] Alerta 000010 sem disparo nesta execucao.
[2026-06-04 12:24:36] Execucao finalizada sem disparos.
[2026-06-04 12:24:36] Finalizada execucao do alerta 000010.
[2026-06-04 12:24:36] Iniciando execucao do alerta 000013.
[2026-06-04 12:24:42] Alerta 000013 checado: triggered=False preco=89.65 alvo=70.0
[2026-06-04 12:24:42] Alerta 000013 sem disparo nesta execucao.
[2026-06-04 12:24:42] Execucao finalizada sem disparos.
[2026-06-04 12:24:42] Finalizada execucao do alerta 000013.
[2026-06-04 12:24:42] Iniciando execucao do alerta 000014.
[2026-06-04 12:25:09] Alerta 000014 checado: triggered=True preco=649.9 alvo=700.0
[2026-06-04 12:25:09] Notificacao alerta 000014: email=SMTP nao configurado; whatsapp=1 envio(s) destinos=***3269 sid=SM0e9e38212316d1d231da04ffa1ea21f9.
[2026-06-04 12:25:09] Execucao finalizada com 1 alerta(s) disparado(s).
[2026-06-04 12:25:09] Finalizada execucao do alerta 000014.
[2026-06-04 12:25:09] Iniciando execucao do alerta 000020.
[2026-06-04 12:25:21] Alerta 000020 checado: triggered=False preco=279.9 alvo=250.0
[2026-06-04 12:25:21] Alerta 000020 sem disparo nesta execucao.
[2026-06-04 12:25:21] Execucao finalizada sem disparos.
[2026-06-04 12:25:21] Finalizada execucao do alerta 000020.
[2026-06-04 12:25:21] Iniciando execucao do alerta 000028.
[2026-06-04 12:25:24] Alerta 000028 ignorado no enfileiramento (scheduler): ja em execucao/fila.
[2026-06-04 12:25:24] Alerta 000029 ignorado no enfileiramento (scheduler): ja em execucao/fila.
[2026-06-04 12:25:24] Alerta 000030 ignorado no enfileiramento (scheduler): ja em execucao/fila.
[2026-06-04 12:25:24] Alerta 000031 ignorado no enfileiramento (scheduler): ja em execucao/fila.
[2026-06-04 12:25:45] Alerta 000028 checado: triggered=False preco=6677.0 alvo=5000.0
[2026-06-04 12:25:45] Alerta 000028 sem disparo nesta execucao.
[2026-06-04 12:25:45] Execucao finalizada sem disparos.
[2026-06-04 12:25:45] Finalizada execucao do alerta 000028.
[2026-06-04 12:25:45] Iniciando execucao do alerta 000029.
[2026-06-04 12:25:56] Alerta 000029 checado: triggered=False preco=9910.15 alvo=8000.0
[2026-06-04 12:25:56] Alerta 000029 sem disparo nesta execucao.
[2026-06-04 12:25:56] Execucao finalizada sem disparos.
[2026-06-04 12:25:56] Finalizada execucao do alerta 000029.
[2026-06-04 12:25:57] Iniciando execucao do alerta 000030.
[2026-06-04 12:26:03] Alerta 000030 checado: triggered=True preco=201.0 alvo=250.0
[2026-06-04 12:26:03] Notificacao alerta 000030: email=SMTP nao configurado; whatsapp=1 envio(s) destinos=***3269 sid=SM4746c2eff5fc10febc6296889f29dfd8.
[2026-06-04 12:26:03] Execucao finalizada com 1 alerta(s) disparado(s).
[2026-06-04 12:26:03] Finalizada execucao do alerta 000030.
[2026-06-04 12:26:03] Iniciando execucao do alerta 000031.
[2026-06-04 12:26:15] Alerta 000031 checado: triggered=False preco=2299.0 alvo=2100.0
[2026-06-04 12:26:15] Alerta 000031 sem disparo nesta execucao.
[2026-06-04 12:26:15] Execucao finalizada sem disparos.
[2026-06-04 12:26:15] Finalizada execucao do alerta 000031.
[2026-06-04 13:32:13] Alerta 000013 enfileirado (manual) - nome: Fralda.
[2026-06-04 13:32:13] Iniciando execucao do alerta 000013.
[2026-06-04 13:32:15] Alerta 000013 erro na checagem: Nao foi possivel gerar link de afiliado para o anuncio encontrado.
[2026-06-04 13:32:15] Alerta 000013 falhou: Nao foi possivel gerar link de afiliado para o anuncio encontrado.
[2026-06-04 13:32:15] Execucao finalizada sem disparos.
[2026-06-04 13:32:15] Finalizada execucao do alerta 000013.
[2026-06-04 13:33:18] Alerta 000013 enfileirado (manual) - nome: Fralda.
[2026-06-04 13:33:18] Iniciando execucao do alerta 000013.
[2026-06-04 13:33:24] Alerta 000013 checado: triggered=False preco=89.65 alvo=70.0
[2026-06-04 13:33:24] Alerta 000013 sem disparo nesta execucao.
[2026-06-04 13:33:24] Execucao finalizada sem disparos.
[2026-06-04 13:33:24] Finalizada execucao do alerta 000013.
