=== Inicio do log de alertas: 2026-06-22T20:59:39 ===
[2026-06-22 21:00:39] Alerta 000013 enfileirado (scheduler) - nome: Fralda.
[2026-06-22 21:00:39] Alerta 000039 enfileirado (scheduler) - nome: amazon firestick 4k.
[2026-06-22 21:00:39] Alerta 000043 enfileirado (scheduler) - nome: Console Nintendo Switch 2, Modelo Nacional de Tomada.
[2026-06-22 21:00:39] Iniciando execucao do alerta 000013.
[2026-06-22 21:00:44] Alerta 000013 erro na checagem: Falha ao extrair preco.
[2026-06-22 21:00:44] Alerta 000013 falhou: Falha ao extrair preco.
[2026-06-22 21:00:44] Execucao finalizada sem disparos.
[2026-06-22 21:00:44] Resumo de falhas: links invalidos=0; descricao divergente=0; falha extracao preco=1.
[2026-06-22 21:00:44] Finalizada execucao do alerta 000013.
[2026-06-22 21:00:44] Iniciando execucao do alerta 000039.
[2026-06-22 21:00:51] Alerta 000039 erro na checagem: Falha ao extrair preco.
[2026-06-22 21:00:51] Alerta 000039 falhou: Falha ao extrair preco.
[2026-06-22 21:00:51] Execucao finalizada sem disparos.
[2026-06-22 21:00:51] Resumo de falhas: links invalidos=0; descricao divergente=0; falha extracao preco=1.
[2026-06-22 21:00:51] Finalizada execucao do alerta 000039.
[2026-06-22 21:00:51] Iniciando execucao do alerta 000043.
[2026-06-22 21:00:52] Alerta 000043 erro na checagem: Falha ao extrair preco.
[2026-06-22 21:00:52] Alerta 000043 falhou: Falha ao extrair preco.
[2026-06-22 21:00:52] Execucao finalizada sem disparos.
[2026-06-22 21:00:52] Resumo de falhas: links invalidos=0; descricao divergente=0; falha extracao preco=1.
[2026-06-22 21:00:52] Finalizada execucao do alerta 000043.
[2026-06-22 21:11:16] Alerta 000039 enfileirado (manual) - nome: amazon firestick 4k.
[2026-06-22 21:11:16] Iniciando execucao do alerta 000039.
[2026-06-22 21:11:34] Alerta 000039 checado: triggered=False preco=250.0 alvo=230.0
[2026-06-22 21:11:34] Alerta 000039 sem disparo nesta execucao.
[2026-06-22 21:11:34] Execucao finalizada sem disparos.
[2026-06-22 21:11:34] Finalizada execucao do alerta 000039.
[2026-06-22 21:12:34] Alerta 000039 enfileirado (manual) - nome: amazon firestick 4k.
[2026-06-22 21:12:34] Iniciando execucao do alerta 000039.
[2026-06-22 21:12:42] Alerta 000039 erro na checagem: Falha ao extrair preco.
[2026-06-22 21:12:42] Alerta 000039 falhou: Falha ao extrair preco.
[2026-06-22 21:12:42] Execucao finalizada sem disparos.
[2026-06-22 21:12:42] Resumo de falhas: links invalidos=0; descricao divergente=0; falha extracao preco=1.
[2026-06-22 21:12:42] Finalizada execucao do alerta 000039.
[2026-06-22 21:21:57] Alerta 000039 enfileirado (manual) - nome: amazon firestick 4k.
[2026-06-22 21:21:57] Iniciando execucao do alerta 000039.
[2026-06-22 21:22:22] Alerta 000039 checado: triggered=False preco=252.0 alvo=230.0
[2026-06-22 21:22:22] Alerta 000039 sem disparo nesta execucao.
[2026-06-22 21:22:22] Execucao finalizada sem disparos.
[2026-06-22 21:22:22] Finalizada execucao do alerta 000039.
[2026-06-22 21:22:36] Alerta 000013 enfileirado (manual) - nome: Fralda.
[2026-06-22 21:22:36] Iniciando execucao do alerta 000013.
[2026-06-22 21:22:48] Alerta 000013 checado: triggered=False preco=89.65 alvo=70.0
[2026-06-22 21:22:48] Alerta 000013 sem disparo nesta execucao.
[2026-06-22 21:22:48] Execucao finalizada sem disparos.
[2026-06-22 21:22:48] Finalizada execucao do alerta 000013.
