=== Inicio do log de alertas: 2026-05-24T00:21:01 ===
[2026-05-24 00:26:09] Alerta 000003 enfileirado (manual) - nome: switch 2.
[2026-05-24 00:26:09] Iniciando execucao do alerta 000003.
[2026-05-24 00:26:09] Alerta 000003 checado: triggered=False preco=None alvo=7000.0
[2026-05-24 00:26:09] Alerta 000003 sem disparo nesta execucao.
[2026-05-24 00:26:09] Execucao finalizada sem disparos.
[2026-05-24 00:26:09] Finalizada execucao do alerta 000003.
[2026-05-24 00:30:45] Alerta 000003 enfileirado (manual) - nome: switch 2.
[2026-05-24 00:30:45] Iniciando execucao do alerta 000003.
[2026-05-24 00:30:45] Alerta 000003 erro na checagem: Falha ao extrair preco.
[2026-05-24 00:30:45] Alerta 000003 falhou: Falha ao extrair preco.
[2026-05-24 00:30:45] Execucao finalizada sem disparos.
[2026-05-24 00:30:45] Resumo de falhas: links invalidos=0; descricao divergente=0; falha extracao preco=1.
[2026-05-24 00:30:45] Finalizada execucao do alerta 000003.
[2026-05-24 00:36:10] Alerta 000001 enfileirado (manual) - nome: Switch.
[2026-05-24 00:36:10] Iniciando execucao do alerta 000001.
[2026-05-24 00:36:10] Alerta 000001 erro na checagem: Falha ao extrair preco.
[2026-05-24 00:36:10] Alerta 000001 falhou: Falha ao extrair preco.
[2026-05-24 00:36:10] Execucao finalizada sem disparos.
[2026-05-24 00:36:10] Resumo de falhas: links invalidos=0; descricao divergente=0; falha extracao preco=1.
[2026-05-24 00:36:10] Finalizada execucao do alerta 000001.
[2026-05-24 00:36:12] Alerta 000002 enfileirado (manual) - nome: teste.
[2026-05-24 00:36:12] Iniciando execucao do alerta 000002.
[2026-05-24 00:36:13] Alerta 000002 erro na checagem: Falha ao extrair preco.
[2026-05-24 00:36:13] Alerta 000002 falhou: Falha ao extrair preco.
[2026-05-24 00:36:13] Execucao finalizada sem disparos.
[2026-05-24 00:36:13] Resumo de falhas: links invalidos=0; descricao divergente=0; falha extracao preco=1.
[2026-05-24 00:36:13] Finalizada execucao do alerta 000002.
[2026-05-24 00:36:26] Alerta 000003 enfileirado (manual) - nome: switch 2.
[2026-05-24 00:36:26] Iniciando execucao do alerta 000003.
[2026-05-24 00:36:27] Alerta 000003 erro na checagem: Falha ao extrair preco.
[2026-05-24 00:36:27] Alerta 000003 falhou: Falha ao extrair preco.
[2026-05-24 00:36:27] Execucao finalizada sem disparos.
[2026-05-24 00:36:27] Resumo de falhas: links invalidos=0; descricao divergente=0; falha extracao preco=1.
[2026-05-24 00:36:27] Finalizada execucao do alerta 000003.
[2026-05-24 00:46:27] Alerta 000001 enfileirado (manual) - nome: Switch.
[2026-05-24 00:46:27] Iniciando execucao do alerta 000001.
[2026-05-24 00:46:43] Alerta 000001 erro na checagem: Nao foi possivel gerar link de afiliado para o anuncio encontrado.
[2026-05-24 00:46:43] Alerta 000001 falhou: Nao foi possivel gerar link de afiliado para o anuncio encontrado.
[2026-05-24 00:46:43] Execucao finalizada sem disparos.
[2026-05-24 00:46:43] Finalizada execucao do alerta 000001.
[2026-05-24 00:47:02] Alerta 000002 enfileirado (manual) - nome: teste.
[2026-05-24 00:47:02] Iniciando execucao do alerta 000002.
[2026-05-24 00:47:16] Alerta 000002 erro na checagem: Nao foi possivel gerar link de afiliado para o anuncio encontrado.
[2026-05-24 00:47:16] Alerta 000002 falhou: Nao foi possivel gerar link de afiliado para o anuncio encontrado.
[2026-05-24 00:47:16] Execucao finalizada sem disparos.
[2026-05-24 00:47:16] Finalizada execucao do alerta 000002.
[2026-05-24 00:58:50] Alerta 000003 enfileirado (manual) - nome: switch 2.
[2026-05-24 00:58:50] Iniciando execucao do alerta 000003.
[2026-05-24 00:58:57] Alerta 000003 checado: triggered=True preco=5100.0 alvo=7000.0
[2026-05-24 00:58:58] Notificacao alerta 000003: email=sem destinos; whatsapp=1 envio(s).
[2026-05-24 01:02:02] Execucao finalizada com 1 alerta(s) disparado(s).
[2026-05-24 01:02:02] Finalizada execucao do alerta 000003.
[2026-05-24 01:07:04] Alerta 000001 enfileirado (manual) - nome: Switch.
[2026-05-24 01:07:04] Iniciando execucao do alerta 000001.
[2026-05-24 01:07:10] Alerta 000001 checado: triggered=True preco=5100.0 alvo=5200.0
[2026-05-24 01:07:11] Notificacao alerta 000001: email=SMTP nao configurado; whatsapp=1 envio(s) destinos=***3269.
[2026-05-24 01:07:12] Execucao finalizada com 1 alerta(s) disparado(s).
[2026-05-24 01:07:12] Finalizada execucao do alerta 000001.
[2026-05-24 01:16:31] Alerta 000004 enfileirado (manual) - nome: Caneca De Café Cerâmica Com Padrão De Pênis.
[2026-05-24 01:16:31] Iniciando execucao do alerta 000004.
[2026-05-24 01:16:46] Alerta 000004 erro na checagem: Nao foi possivel gerar link de afiliado para o anuncio encontrado.
[2026-05-24 01:16:46] Alerta 000004 falhou: Nao foi possivel gerar link de afiliado para o anuncio encontrado.
[2026-05-24 01:16:46] Execucao finalizada sem disparos.
[2026-05-24 01:16:46] Finalizada execucao do alerta 000004.
[2026-05-24 01:18:22] Alerta 000004 enfileirado (manual) - nome: Caneca De Café Cerâmica Com Padrão De Pênis.
[2026-05-24 01:18:22] Iniciando execucao do alerta 000004.
[2026-05-24 01:18:29] Alerta 000004 checado: triggered=True preco=56.0 alvo=1000.0
[2026-05-24 01:18:30] Notificacao alerta 000004: email=SMTP nao configurado; whatsapp=1 envio(s) destinos=***8435 sid=SM09aad2ebeecb407f57e87e289fa6684b.
[2026-05-24 01:18:34] Execucao finalizada com 1 alerta(s) disparado(s).
[2026-05-24 01:18:34] Finalizada execucao do alerta 000004.
[2026-05-24 01:23:53] Alerta 000004 enfileirado (manual) - nome: Caneca De Café Cerâmica Com Padrão De Pênis.
[2026-05-24 01:23:53] Iniciando execucao do alerta 000004.
[2026-05-24 01:24:28] Alerta 000004 erro na checagem: Nao foi possivel gerar link de afiliado para o anuncio encontrado.
[2026-05-24 01:24:28] Alerta 000004 falhou: Nao foi possivel gerar link de afiliado para o anuncio encontrado.
[2026-05-24 01:24:28] Execucao finalizada sem disparos.
[2026-05-24 01:24:28] Finalizada execucao do alerta 000004.
[2026-05-24 01:24:36] Alerta 000004 enfileirado (manual) - nome: Caneca De Café Cerâmica Com Padrão De Pênis.
[2026-05-24 01:24:36] Iniciando execucao do alerta 000004.
[2026-05-24 01:24:43] Alerta 000004 checado: triggered=True preco=56.0 alvo=1000.0
[2026-05-24 01:24:43] Alerta 000004 sem novo envio (preco repetido 56.0).
[2026-05-24 01:24:43] Execucao finalizada sem disparos.
[2026-05-24 01:24:43] Finalizada execucao do alerta 000004.
[2026-05-24 01:28:08] Alerta 000005 enfileirado (manual) - nome: Caneca De Café Cerâmica Com Padrão De Pênis 11.
[2026-05-24 01:28:08] Iniciando execucao do alerta 000005.
[2026-05-24 01:28:15] Alerta 000005 checado: triggered=True preco=56.0 alvo=5000.0
[2026-05-24 01:28:15] Notificacao alerta 000005: email=sem destinos; whatsapp=1 envio(s) destinos=***3269 sid=SM830b85a21517525d4e659b60bd182f04.
[2026-05-24 01:28:20] Execucao finalizada com 1 alerta(s) disparado(s).
[2026-05-24 01:28:20] Finalizada execucao do alerta 000005.
[2026-05-24 01:31:05] Alerta 000006 enfileirado (manual) - nome: Cafeteira Elétrica Philips Walita Série 1200.
[2026-05-24 01:31:05] Iniciando execucao do alerta 000006.
[2026-05-24 01:31:11] Alerta 000006 checado: triggered=False preco=3900.0 alvo=2100.0
[2026-05-24 01:31:11] Alerta 000006 sem disparo nesta execucao.
[2026-05-24 01:31:11] Execucao finalizada sem disparos.
[2026-05-24 01:31:11] Finalizada execucao do alerta 000006.
[2026-05-24 01:31:32] Alerta 000006 enfileirado (manual) - nome: Cafeteira Elétrica Philips Walita Série 1200.
[2026-05-24 01:31:32] Iniciando execucao do alerta 000006.
[2026-05-24 01:31:38] Alerta 000006 checado: triggered=False preco=3900.0 alvo=2500.0
[2026-05-24 01:31:38] Alerta 000006 sem disparo nesta execucao.
[2026-05-24 01:31:38] Execucao finalizada sem disparos.
[2026-05-24 01:31:38] Finalizada execucao do alerta 000006.
