=== Inicio do log de alertas: 2026-06-11T19:51:18 ===
[2026-06-11 19:52:18] Alerta 000013 enfileirado (scheduler) - nome: Fralda.
[2026-06-11 19:52:18] Alerta 000021 enfileirado (scheduler) - nome: Monitor Gamer LG UltraGear 24” 24GS60F-B IPS Full HD 180Hz 1ms (GtG) NVIDIA® G-SYNC®.
[2026-06-11 19:52:18] Alerta 000022 enfileirado (scheduler) - nome: Fritadeira Air Fryer Oven Britânia 11 Litros 8 Funções 1800W BAF11A.
[2026-06-11 19:52:18] Alerta 000028 enfileirado (scheduler) - nome: Smartphone Motorola Signature 5g - 512gb 24gb (12gb Ram + 12gb Ram Boost), 3 Cameras 50mp Sony Lytia E Zoom 100x, Tela 1.5k Extreme Amoled 165hz - Preto.
[2026-06-11 19:52:18] Alerta 000031 enfileirado (scheduler) - nome: Cafeteira 1200 Walita.
[2026-06-11 19:52:18] Alerta 000039 enfileirado (scheduler) - nome: amazon firestick 4k.
[2026-06-11 19:52:18] Alerta 000040 enfileirado (scheduler) - nome: Hidratante Corporal Intensivo Norwegian.
[2026-06-11 19:52:18] Alerta 000041 enfileirado (scheduler) - nome: Cercado Gigante Bebê 2,0x1,5m Espaço Livre.
[2026-06-11 19:52:18] Alerta 000042 enfileirado (scheduler) - nome: Microfone Lapela Celular Duplo Profissional Samsung.
[2026-06-11 19:52:18] Iniciando execucao do alerta 000013.
[2026-06-11 19:52:19] Alerta 000013 ignorado no enfileiramento (manual): ja em execucao/fila.
[2026-06-11 19:52:22] Alerta 000013 erro na checagem: Falha ao extrair preco.
[2026-06-11 19:52:22] Alerta 000013 falhou: Falha ao extrair preco.
[2026-06-11 19:52:22] Execucao finalizada sem disparos.
[2026-06-11 19:52:22] Resumo de falhas: links invalidos=0; descricao divergente=0; falha extracao preco=1.
[2026-06-11 19:52:22] Finalizada execucao do alerta 000013.
[2026-06-11 19:52:22] Iniciando execucao do alerta 000021.
[2026-06-11 19:52:24] Alerta 000021 erro na checagem: Falha ao extrair preco.
[2026-06-11 19:52:25] Alerta 000021 falhou: Falha ao extrair preco.
[2026-06-11 19:52:25] Execucao finalizada sem disparos.
[2026-06-11 19:52:25] Resumo de falhas: links invalidos=0; descricao divergente=0; falha extracao preco=1.
[2026-06-11 19:52:25] Finalizada execucao do alerta 000021.
[2026-06-11 19:52:25] Iniciando execucao do alerta 000022.
[2026-06-11 19:52:27] Alerta 000022 erro na checagem: Falha ao extrair preco.
[2026-06-11 19:52:27] Alerta 000022 falhou: Falha ao extrair preco.
[2026-06-11 19:52:27] Execucao finalizada sem disparos.
[2026-06-11 19:52:27] Resumo de falhas: links invalidos=0; descricao divergente=0; falha extracao preco=1.
[2026-06-11 19:52:27] Finalizada execucao do alerta 000022.
[2026-06-11 19:52:27] Iniciando execucao do alerta 000028.
[2026-06-11 19:52:34] Alerta 000028 erro na checagem: Falha ao extrair preco.
[2026-06-11 19:52:34] Alerta 000028 falhou: Falha ao extrair preco.
[2026-06-11 19:52:34] Execucao finalizada sem disparos.
[2026-06-11 19:52:34] Resumo de falhas: links invalidos=0; descricao divergente=0; falha extracao preco=1.
[2026-06-11 19:52:34] Finalizada execucao do alerta 000028.
[2026-06-11 19:52:35] Iniciando execucao do alerta 000031.
[2026-06-11 19:52:37] Alerta 000031 erro na checagem: Falha ao extrair preco.
[2026-06-11 19:52:37] Alerta 000031 falhou: Falha ao extrair preco.
[2026-06-11 19:52:37] Execucao finalizada sem disparos.
[2026-06-11 19:52:37] Resumo de falhas: links invalidos=0; descricao divergente=0; falha extracao preco=1.
[2026-06-11 19:52:37] Finalizada execucao do alerta 000031.
[2026-06-11 19:52:37] Iniciando execucao do alerta 000039.
[2026-06-11 19:52:42] Alerta 000039 erro na checagem: Falha ao extrair preco.
[2026-06-11 19:52:42] Alerta 000039 falhou: Falha ao extrair preco.
[2026-06-11 19:52:42] Execucao finalizada sem disparos.
[2026-06-11 19:52:42] Resumo de falhas: links invalidos=0; descricao divergente=0; falha extracao preco=1.
[2026-06-11 19:52:42] Finalizada execucao do alerta 000039.
[2026-06-11 19:52:42] Iniciando execucao do alerta 000040.
[2026-06-11 19:52:45] Alerta 000040 erro na checagem: Falha ao extrair preco.
[2026-06-11 19:52:45] Alerta 000040 falhou: Falha ao extrair preco.
[2026-06-11 19:52:45] Execucao finalizada sem disparos.
[2026-06-11 19:52:45] Resumo de falhas: links invalidos=0; descricao divergente=0; falha extracao preco=1.
[2026-06-11 19:52:45] Finalizada execucao do alerta 000040.
[2026-06-11 19:52:45] Iniciando execucao do alerta 000041.
[2026-06-11 19:52:47] Alerta 000041 erro na checagem: Falha ao extrair preco.
[2026-06-11 19:52:47] Alerta 000041 falhou: Falha ao extrair preco.
[2026-06-11 19:52:47] Execucao finalizada sem disparos.
[2026-06-11 19:52:48] Resumo de falhas: links invalidos=0; descricao divergente=0; falha extracao preco=1.
[2026-06-11 19:52:48] Finalizada execucao do alerta 000041.
[2026-06-11 19:52:48] Iniciando execucao do alerta 000042.
[2026-06-11 19:52:50] Alerta 000042 erro na checagem: Falha ao extrair preco.
[2026-06-11 19:52:50] Alerta 000042 falhou: Falha ao extrair preco.
[2026-06-11 19:52:50] Execucao finalizada sem disparos.
[2026-06-11 19:52:50] Resumo de falhas: links invalidos=0; descricao divergente=0; falha extracao preco=1.
[2026-06-11 19:52:50] Finalizada execucao do alerta 000042.
[2026-06-11 19:54:46] Alerta 000013 enfileirado (manual) - nome: Fralda.
[2026-06-11 19:54:46] Iniciando execucao do alerta 000013.
[2026-06-11 19:54:48] Alerta 000021 enfileirado (manual) - nome: Monitor Gamer LG UltraGear 24” 24GS60F-B IPS Full HD 180Hz 1ms (GtG) NVIDIA® G-SYNC®.
[2026-06-11 19:54:49] Alerta 000022 enfileirado (manual) - nome: Fritadeira Air Fryer Oven Britânia 11 Litros 8 Funções 1800W BAF11A.
[2026-06-11 19:54:54] Alerta 000028 enfileirado (manual) - nome: Smartphone Motorola Signature 5g - 512gb 24gb (12gb Ram + 12gb Ram Boost), 3 Cameras 50mp Sony Lytia E Zoom 100x, Tela 1.5k Extreme Amoled 165hz - Preto.
[2026-06-11 19:54:55] Alerta 000031 enfileirado (manual) - nome: Cafeteira 1200 Walita.
[2026-06-11 19:54:56] Alerta 000039 enfileirado (manual) - nome: amazon firestick 4k.
[2026-06-11 19:54:57] Alerta 000040 enfileirado (manual) - nome: Hidratante Corporal Intensivo Norwegian.
[2026-06-11 19:54:57] Alerta 000041 enfileirado (manual) - nome: Cercado Gigante Bebê 2,0x1,5m Espaço Livre.
[2026-06-11 19:54:57] Alerta 000013 checado: triggered=False preco=89.65 alvo=70.0
[2026-06-11 19:54:57] Alerta 000013 sem disparo nesta execucao.
[2026-06-11 19:54:57] Execucao finalizada sem disparos.
[2026-06-11 19:54:57] Finalizada execucao do alerta 000013.
[2026-06-11 19:54:57] Iniciando execucao do alerta 000021.
[2026-06-11 19:54:58] Alerta 000042 enfileirado (manual) - nome: Microfone Lapela Celular Duplo Profissional Samsung.
[2026-06-11 19:55:11] Alerta 000021 checado: triggered=False preco=759.0 alvo=710.0
[2026-06-11 19:55:11] Alerta 000021 sem disparo nesta execucao.
[2026-06-11 19:55:11] Execucao finalizada sem disparos.
[2026-06-11 19:55:11] Finalizada execucao do alerta 000021.
[2026-06-11 19:55:11] Iniciando execucao do alerta 000022.
[2026-06-11 19:55:22] Alerta 000022 checado: triggered=False preco=379.0 alvo=370.0
[2026-06-11 19:55:22] Alerta 000022 sem disparo nesta execucao.
[2026-06-11 19:55:22] Execucao finalizada sem disparos.
[2026-06-11 19:55:22] Finalizada execucao do alerta 000022.
[2026-06-11 19:55:22] Iniciando execucao do alerta 000028.
[2026-06-11 19:55:46] Alerta 000028 checado: triggered=False preco=6900.0 alvo=5000.0
[2026-06-11 19:55:46] Alerta 000028 sem disparo nesta execucao.
[2026-06-11 19:55:46] Execucao finalizada sem disparos.
[2026-06-11 19:55:46] Finalizada execucao do alerta 000028.
[2026-06-11 19:55:46] Iniciando execucao do alerta 000031.
[2026-06-11 19:55:57] Alerta 000031 erro na checagem: Falha ao extrair preco.
[2026-06-11 19:55:57] Alerta 000031 falhou: Falha ao extrair preco.
[2026-06-11 19:55:57] Execucao finalizada sem disparos.
[2026-06-11 19:55:57] Resumo de falhas: links invalidos=0; descricao divergente=0; falha extracao preco=1.
[2026-06-11 19:55:57] Finalizada execucao do alerta 000031.
[2026-06-11 19:55:57] Iniciando execucao do alerta 000039.
[2026-06-11 19:56:18] Alerta 000039 checado: triggered=False preco=250.0 alvo=230.0
[2026-06-11 19:56:18] Alerta 000039 sem disparo nesta execucao.
[2026-06-11 19:56:18] Execucao finalizada sem disparos.
[2026-06-11 19:56:18] Finalizada execucao do alerta 000039.
[2026-06-11 20:02:21] Alerta 000031 enfileirado (manual) - nome: Cafeteira 1200 Walita.
[2026-06-11 20:02:21] Iniciando execucao do alerta 000031.
[2026-06-11 20:02:33] Alerta 000031 checado: triggered=False preco=2399.0 alvo=2100.0
[2026-06-11 20:02:33] Alerta 000031 sem disparo nesta execucao.
[2026-06-11 20:02:33] Execucao finalizada sem disparos.
[2026-06-11 20:02:33] Finalizada execucao do alerta 000031.
[2026-06-11 20:07:58] Alerta 000040 enfileirado (manual) - nome: Micro-ondas Electrolux 20L Branco com Função Tira Odor.
[2026-06-11 20:07:58] Iniciando execucao do alerta 000040.
[2026-06-11 20:08:10] Alerta 000040 checado: triggered=True preco=418.5 alvo=500.0
[2026-06-11 20:08:10] Alerta 000040 marcou primeiro disparo em 2026-06-11T20:08:10.
[2026-06-11 20:08:11] Notificacao alerta 000040: email=sem destinos; whatsapp=1 envio(s) destinos=***3269 sid=SMf15ec6ded1c851778566225386ec897b.
[2026-06-11 20:08:11] Execucao finalizada com 1 alerta(s) disparado(s).
[2026-06-11 20:08:11] Finalizada execucao do alerta 000040.
[2026-06-11 20:08:30] Alerta 000041 enfileirado (manual) - nome: Lavadora De Alta Pressão.
[2026-06-11 20:08:30] Iniciando execucao do alerta 000041.
[2026-06-11 20:08:43] Alerta 000041 checado: triggered=True preco=269.99 alvo=350.0
[2026-06-11 20:08:43] Alerta 000041 marcou primeiro disparo em 2026-06-11T20:08:43.
[2026-06-11 20:08:43] Notificacao alerta 000041: email=sem destinos; whatsapp=1 envio(s) destinos=***3269 sid=SM579a8da5dae2f5029637f83c1440b89e.
[2026-06-11 20:08:43] Execucao finalizada com 1 alerta(s) disparado(s).
[2026-06-11 20:08:43] Finalizada execucao do alerta 000041.
[2026-06-11 20:17:29] Alerta 000042 enfileirado (manual) - nome: Panela De Pressão WAP WPPE1 Elétrica 6 Litros.
[2026-06-11 20:17:29] Iniciando execucao do alerta 000042.
[2026-06-11 20:17:42] Alerta 000042 checado: triggered=True preco=369.0 alvo=600.0
[2026-06-11 20:17:42] Alerta 000042 marcou primeiro disparo em 2026-06-11T20:17:42.
[2026-06-11 20:17:43] Notificacao alerta 000042: email=sem destinos; whatsapp=1 envio(s) destinos=***3269 sid=SM6f1d667c8ee99b80b2935e4c37edf2c0.
[2026-06-11 20:17:43] Execucao finalizada com 1 alerta(s) disparado(s).
[2026-06-11 20:17:43] Finalizada execucao do alerta 000042.
[2026-06-11 20:36:59] Alerta 000043 enfileirado (manual) - nome: Nível Laser 12 Linhas Verde.
[2026-06-11 20:36:59] Iniciando execucao do alerta 000043.
[2026-06-11 20:37:11] Alerta 000043 checado: triggered=True preco=188.0 alvo=200.0
[2026-06-11 20:37:11] Alerta 000043 marcou primeiro disparo em 2026-06-11T20:37:11.
[2026-06-11 20:37:11] Notificacao alerta 000043: email=sem destinos; whatsapp=1 envio(s) destinos=***3269 sid=SMed5eab6a62f8bec16198ca5465bb0647.
[2026-06-11 20:37:11] Execucao finalizada com 1 alerta(s) disparado(s).
[2026-06-11 20:37:11] Finalizada execucao do alerta 000043.
