=== Inicio do log de alertas: 2026-06-18T20:34:53 ===
[2026-06-18 20:35:53] Alerta 000013 enfileirado (scheduler) - nome: Fralda.
[2026-06-18 20:35:53] Alerta 000022 enfileirado (scheduler) - nome: Fritadeira Air Fryer Oven Britânia 11 Litros 8 Funções 1800W BAF11A.
[2026-06-18 20:35:53] Alerta 000039 enfileirado (scheduler) - nome: amazon firestick 4k.
[2026-06-18 20:35:53] Alerta 000043 enfileirado (scheduler) - nome: Console Nintendo Switch 2, Modelo Nacional de Tomada.
[2026-06-18 20:35:53] Iniciando execucao do alerta 000013.
[2026-06-18 20:35:57] Alerta 000013 erro na checagem: Falha ao extrair preco.
[2026-06-18 20:35:57] Alerta 000013 falhou: Falha ao extrair preco.
[2026-06-18 20:35:57] Execucao finalizada sem disparos.
[2026-06-18 20:35:57] Resumo de falhas: links invalidos=0; descricao divergente=0; falha extracao preco=1.
[2026-06-18 20:35:57] Finalizada execucao do alerta 000013.
[2026-06-18 20:35:57] Iniciando execucao do alerta 000022.
[2026-06-18 20:36:01] Alerta 000022 erro na checagem: Falha ao extrair preco.
[2026-06-18 20:36:01] Alerta 000022 falhou: Falha ao extrair preco.
[2026-06-18 20:36:01] Execucao finalizada sem disparos.
[2026-06-18 20:36:01] Resumo de falhas: links invalidos=0; descricao divergente=0; falha extracao preco=1.
[2026-06-18 20:36:01] Finalizada execucao do alerta 000022.
[2026-06-18 20:36:01] Iniciando execucao do alerta 000039.
[2026-06-18 20:36:06] Alerta 000039 erro na checagem: Nao foi possivel gerar link de afiliado para o anuncio encontrado.
[2026-06-18 20:36:06] Alerta 000039 falhou: Nao foi possivel gerar link de afiliado para o anuncio encontrado.
[2026-06-18 20:36:06] Execucao finalizada sem disparos.
[2026-06-18 20:36:06] Finalizada execucao do alerta 000039.
[2026-06-18 20:36:06] Iniciando execucao do alerta 000043.
[2026-06-18 20:36:10] Alerta 000043 erro na checagem: Falha ao extrair preco.
[2026-06-18 20:36:10] Alerta 000043 falhou: Falha ao extrair preco.
[2026-06-18 20:36:10] Execucao finalizada sem disparos.
[2026-06-18 20:36:10] Resumo de falhas: links invalidos=0; descricao divergente=0; falha extracao preco=1.
[2026-06-18 20:36:10] Finalizada execucao do alerta 000043.
[2026-06-18 20:52:42] Alerta 000043 enfileirado (manual) - nome: Console Nintendo Switch 2, Modelo Nacional de Tomada.
[2026-06-18 20:52:42] Iniciando execucao do alerta 000043.
[2026-06-18 20:52:53] Alerta 000043 checado: triggered=False preco=5493.88 alvo=4000.0
[2026-06-18 20:52:53] Alerta 000043 sem disparo nesta execucao.
[2026-06-18 20:52:53] Execucao finalizada sem disparos.
[2026-06-18 20:52:53] Finalizada execucao do alerta 000043.
