=== Inicio do log de alertas: 2026-06-16T19:22:36 ===
[2026-06-16 19:23:36] Alerta 000013 enfileirado (scheduler) - nome: Fralda.
[2026-06-16 19:23:36] Alerta 000021 enfileirado (scheduler) - nome: Monitor Gamer LG UltraGear 24” 24GS60F-B IPS Full HD 180Hz 1ms (GtG) NVIDIA® G-SYNC®.
[2026-06-16 19:23:36] Alerta 000022 enfileirado (scheduler) - nome: Fritadeira Air Fryer Oven Britânia 11 Litros 8 Funções 1800W BAF11A.
[2026-06-16 19:23:36] Alerta 000039 enfileirado (scheduler) - nome: amazon firestick 4k.
[2026-06-16 19:23:36] Alerta 000043 enfileirado (scheduler) - nome: Console Nintendo Switch 2, Modelo Nacional de Tomada.
[2026-06-16 19:23:36] Iniciando execucao do alerta 000013.
[2026-06-16 19:23:49] Alerta 000013 checado: triggered=False preco=89.65 alvo=70.0
[2026-06-16 19:23:49] Alerta 000013 sem disparo nesta execucao.
[2026-06-16 19:23:49] Execucao finalizada sem disparos.
[2026-06-16 19:23:49] Finalizada execucao do alerta 000013.
[2026-06-16 19:23:49] Iniciando execucao do alerta 000021.
[2026-06-16 19:24:02] Alerta 000021 checado: triggered=False preco=749.0 alvo=710.0
[2026-06-16 19:24:02] Alerta 000021 sem disparo nesta execucao.
[2026-06-16 19:24:02] Execucao finalizada sem disparos.
[2026-06-16 19:24:02] Finalizada execucao do alerta 000021.
[2026-06-16 19:24:02] Iniciando execucao do alerta 000022.
[2026-06-16 19:24:16] Alerta 000022 checado: triggered=True preco=229.0 alvo=370.0
[2026-06-16 19:24:16] Notificacao alerta 000022: email=SMTP nao configurado; whatsapp=1 envio(s) destinos=***3269 sid=SM7dd2aaf9e561294429cc63263a2812fc.
[2026-06-16 19:24:16] Execucao finalizada com 1 alerta(s) disparado(s).
[2026-06-16 19:24:16] Finalizada execucao do alerta 000022.
[2026-06-16 19:24:16] Iniciando execucao do alerta 000039.
[2026-06-16 19:24:34] Alerta 000039 checado: triggered=False preco=250.0 alvo=230.0
[2026-06-16 19:24:34] Alerta 000039 sem disparo nesta execucao.
[2026-06-16 19:24:34] Execucao finalizada sem disparos.
[2026-06-16 19:24:34] Finalizada execucao do alerta 000039.
[2026-06-16 19:24:34] Iniciando execucao do alerta 000043.
[2026-06-16 19:24:36] Alerta 000043 ignorado no enfileiramento (scheduler): ja em execucao/fila.
[2026-06-16 19:24:46] Alerta 000043 checado: triggered=False preco=5459.79 alvo=4000.0
[2026-06-16 19:24:46] Alerta 000043 sem disparo nesta execucao.
[2026-06-16 19:24:46] Execucao finalizada sem disparos.
[2026-06-16 19:24:46] Finalizada execucao do alerta 000043.
[2026-06-17 19:25:08] Alerta 000013 enfileirado (scheduler) - nome: Fralda.
[2026-06-17 19:25:08] Alerta 000021 enfileirado (scheduler) - nome: Monitor Gamer LG UltraGear 24” 24GS60F-B IPS Full HD 180Hz 1ms (GtG) NVIDIA® G-SYNC®.
[2026-06-17 19:25:08] Alerta 000022 enfileirado (scheduler) - nome: Fritadeira Air Fryer Oven Britânia 11 Litros 8 Funções 1800W BAF11A.
[2026-06-17 19:25:08] Alerta 000039 enfileirado (scheduler) - nome: amazon firestick 4k.
[2026-06-17 19:25:08] Alerta 000043 enfileirado (scheduler) - nome: Console Nintendo Switch 2, Modelo Nacional de Tomada.
[2026-06-17 19:25:08] Iniciando execucao do alerta 000013.
[2026-06-17 19:25:11] Alerta 000013 erro na checagem: Falha ao extrair preco.
[2026-06-17 19:25:11] Alerta 000013 falhou: Falha ao extrair preco.
[2026-06-17 19:25:12] Execucao finalizada sem disparos.
[2026-06-17 19:25:12] Resumo de falhas: links invalidos=0; descricao divergente=0; falha extracao preco=1.
[2026-06-17 19:25:12] Finalizada execucao do alerta 000013.
[2026-06-17 19:25:12] Iniciando execucao do alerta 000021.
[2026-06-17 19:25:12] Alerta 000021 erro na checagem: Falha ao extrair preco.
[2026-06-17 19:25:13] Alerta 000021 falhou: Falha ao extrair preco.
[2026-06-17 19:25:13] Execucao finalizada sem disparos.
[2026-06-17 19:25:13] Resumo de falhas: links invalidos=0; descricao divergente=0; falha extracao preco=1.
[2026-06-17 19:25:13] Finalizada execucao do alerta 000021.
[2026-06-17 19:25:13] Iniciando execucao do alerta 000022.
[2026-06-17 19:25:17] Alerta 000022 erro na checagem: Falha ao extrair preco.
[2026-06-17 19:25:17] Alerta 000022 falhou: Falha ao extrair preco.
[2026-06-17 19:25:17] Execucao finalizada sem disparos.
[2026-06-17 19:25:17] Resumo de falhas: links invalidos=0; descricao divergente=0; falha extracao preco=1.
[2026-06-17 19:25:17] Finalizada execucao do alerta 000022.
[2026-06-17 19:25:17] Iniciando execucao do alerta 000039.
[2026-06-17 19:25:23] Alerta 000039 erro na checagem: Falha ao extrair preco.
[2026-06-17 19:25:23] Alerta 000039 falhou: Falha ao extrair preco.
[2026-06-17 19:25:23] Execucao finalizada sem disparos.
[2026-06-17 19:25:23] Resumo de falhas: links invalidos=0; descricao divergente=0; falha extracao preco=1.
[2026-06-17 19:25:23] Finalizada execucao do alerta 000039.
[2026-06-17 19:25:24] Iniciando execucao do alerta 000043.
[2026-06-17 19:25:27] Alerta 000043 erro na checagem: Falha ao extrair preco.
[2026-06-17 19:25:27] Alerta 000043 falhou: Falha ao extrair preco.
[2026-06-17 19:25:27] Execucao finalizada sem disparos.
[2026-06-17 19:25:27] Resumo de falhas: links invalidos=0; descricao divergente=0; falha extracao preco=1.
[2026-06-17 19:25:27] Finalizada execucao do alerta 000043.
[2026-06-17 19:35:00] Alerta 000043 enfileirado (manual) - nome: Console Nintendo Switch 2, Modelo Nacional de Tomada.
[2026-06-17 19:35:00] Iniciando execucao do alerta 000043.
[2026-06-17 19:35:08] Alerta 000013 enfileirado (manual) - nome: Fralda.
[2026-06-17 19:35:09] Alerta 000021 enfileirado (manual) - nome: Monitor Gamer LG UltraGear 24” 24GS60F-B IPS Full HD 180Hz 1ms (GtG) NVIDIA® G-SYNC®.
[2026-06-17 19:35:10] Alerta 000022 enfileirado (manual) - nome: Fritadeira Air Fryer Oven Britânia 11 Litros 8 Funções 1800W BAF11A.
[2026-06-17 19:35:11] Alerta 000039 enfileirado (manual) - nome: amazon firestick 4k.
[2026-06-17 19:35:12] Alerta 000043 ignorado no enfileiramento (manual): ja em execucao/fila.
[2026-06-17 19:35:12] Alerta 000043 checado: triggered=False preco=4590.0 alvo=4000.0
[2026-06-17 19:35:12] Alerta 000043 sem disparo nesta execucao.
[2026-06-17 19:35:12] Execucao finalizada sem disparos.
[2026-06-17 19:35:12] Finalizada execucao do alerta 000043.
[2026-06-17 19:35:12] Iniciando execucao do alerta 000013.
[2026-06-17 19:35:16] Alerta 000013 erro na checagem: Falha ao extrair preco.
[2026-06-17 19:35:16] Alerta 000013 falhou: Falha ao extrair preco.
[2026-06-17 19:35:16] Execucao finalizada sem disparos.
[2026-06-17 19:35:16] Resumo de falhas: links invalidos=0; descricao divergente=0; falha extracao preco=1.
[2026-06-17 19:35:16] Finalizada execucao do alerta 000013.
[2026-06-17 19:35:16] Iniciando execucao do alerta 000021.
[2026-06-17 19:35:19] Alerta 000021 erro na checagem: Falha ao extrair preco.
[2026-06-17 19:35:19] Alerta 000021 falhou: Falha ao extrair preco.
[2026-06-17 19:35:19] Execucao finalizada sem disparos.
[2026-06-17 19:35:19] Resumo de falhas: links invalidos=0; descricao divergente=0; falha extracao preco=1.
[2026-06-17 19:35:19] Finalizada execucao do alerta 000021.
[2026-06-17 19:35:19] Iniciando execucao do alerta 000022.
[2026-06-17 19:35:23] Alerta 000022 erro na checagem: Falha ao extrair preco.
[2026-06-17 19:35:23] Alerta 000022 falhou: Falha ao extrair preco.
[2026-06-17 19:35:23] Execucao finalizada sem disparos.
[2026-06-17 19:35:23] Resumo de falhas: links invalidos=0; descricao divergente=0; falha extracao preco=1.
[2026-06-17 19:35:23] Finalizada execucao do alerta 000022.
[2026-06-17 19:35:23] Iniciando execucao do alerta 000039.
[2026-06-17 19:35:27] Alerta 000039 erro na checagem: Falha ao extrair preco.
[2026-06-17 19:35:27] Alerta 000039 falhou: Falha ao extrair preco.
[2026-06-17 19:35:27] Execucao finalizada sem disparos.
[2026-06-17 19:35:27] Resumo de falhas: links invalidos=0; descricao divergente=0; falha extracao preco=1.
[2026-06-17 19:35:27] Finalizada execucao do alerta 000039.
[2026-06-17 19:42:18] Alerta 000013 enfileirado (manual) - nome: Fralda.
[2026-06-17 19:42:18] Iniciando execucao do alerta 000013.
[2026-06-17 19:42:20] Alerta 000021 enfileirado (manual) - nome: Monitor Gamer LG UltraGear 24” 24GS60F-B IPS Full HD 180Hz 1ms (GtG) NVIDIA® G-SYNC®.
[2026-06-17 19:42:21] Alerta 000022 enfileirado (manual) - nome: Fritadeira Air Fryer Oven Britânia 11 Litros 8 Funções 1800W BAF11A.
[2026-06-17 19:42:21] Alerta 000039 enfileirado (manual) - nome: amazon firestick 4k.
[2026-06-17 19:42:30] Alerta 000013 checado: triggered=False preco=89.65 alvo=70.0
[2026-06-17 19:42:30] Alerta 000013 sem disparo nesta execucao.
[2026-06-17 19:42:30] Execucao finalizada sem disparos.
[2026-06-17 19:42:30] Finalizada execucao do alerta 000013.
[2026-06-17 19:42:30] Iniciando execucao do alerta 000021.
[2026-06-17 19:42:44] Alerta 000021 checado: triggered=False preco=759.0 alvo=710.0
[2026-06-17 19:42:44] Alerta 000021 sem disparo nesta execucao.
[2026-06-17 19:42:44] Execucao finalizada sem disparos.
[2026-06-17 19:42:44] Finalizada execucao do alerta 000021.
[2026-06-17 19:42:44] Iniciando execucao do alerta 000022.
[2026-06-17 19:42:58] Alerta 000022 checado: triggered=False preco=599.0 alvo=370.0
[2026-06-17 19:42:58] Alerta 000022 sem disparo nesta execucao.
[2026-06-17 19:42:58] Execucao finalizada sem disparos.
[2026-06-17 19:42:58] Finalizada execucao do alerta 000022.
[2026-06-17 19:42:59] Iniciando execucao do alerta 000039.
[2026-06-17 19:43:15] Alerta 000039 checado: triggered=False preco=250.0 alvo=230.0
[2026-06-17 19:43:15] Alerta 000039 sem disparo nesta execucao.
[2026-06-17 19:43:15] Execucao finalizada sem disparos.
[2026-06-17 19:43:15] Finalizada execucao do alerta 000039.
[2026-06-17 22:35:43] Alerta 000043 enfileirado (scheduler) - nome: Console Nintendo Switch 2, Modelo Nacional de Tomada.
[2026-06-17 22:35:43] Iniciando execucao do alerta 000043.
[2026-06-17 22:35:56] Alerta 000043 checado: triggered=False preco=4299.0 alvo=4000.0
[2026-06-17 22:35:56] Alerta 000043 sem disparo nesta execucao.
[2026-06-17 22:35:56] Execucao finalizada sem disparos.
[2026-06-17 22:35:56] Finalizada execucao do alerta 000043.
[2026-06-17 22:42:43] Alerta 000013 enfileirado (scheduler) - nome: Fralda.
[2026-06-17 22:42:43] Iniciando execucao do alerta 000013.
[2026-06-17 22:42:55] Alerta 000013 checado: triggered=False preco=89.65 alvo=70.0
[2026-06-17 22:42:55] Alerta 000013 sem disparo nesta execucao.
[2026-06-17 22:42:55] Execucao finalizada sem disparos.
[2026-06-17 22:42:55] Finalizada execucao do alerta 000013.
[2026-06-17 22:43:43] Alerta 000022 enfileirado (scheduler) - nome: Fritadeira Air Fryer Oven Britânia 11 Litros 8 Funções 1800W BAF11A.
[2026-06-17 22:43:43] Alerta 000039 enfileirado (scheduler) - nome: amazon firestick 4k.
[2026-06-17 22:43:43] Iniciando execucao do alerta 000022.
[2026-06-17 22:43:58] Alerta 000022 checado: triggered=False preco=449.0 alvo=370.0
[2026-06-17 22:43:58] Alerta 000022 sem disparo nesta execucao.
[2026-06-17 22:43:58] Execucao finalizada sem disparos.
[2026-06-17 22:43:58] Finalizada execucao do alerta 000022.
[2026-06-17 22:43:58] Iniciando execucao do alerta 000039.
[2026-06-17 22:44:18] Alerta 000039 checado: triggered=False preco=250.0 alvo=230.0
[2026-06-17 22:44:18] Alerta 000039 sem disparo nesta execucao.
[2026-06-17 22:44:18] Execucao finalizada sem disparos.
[2026-06-17 22:44:18] Finalizada execucao do alerta 000039.
