=== Inicio do log de alertas: 2026-07-01T19:09:12 ===
[2026-07-01 19:10:12] Alerta 000013 enfileirado (scheduler) - nome: Fralda.
[2026-07-01 19:10:12] Iniciando execucao do alerta 000013.
[2026-07-01 19:10:15] Alerta 000013 erro na checagem: Falha ao extrair preco.
[2026-07-01 19:10:15] Alerta 000013 falhou: Falha ao extrair preco.
[2026-07-01 19:10:15] Execucao finalizada sem disparos.
[2026-07-01 19:10:15] Resumo de falhas: links invalidos=0; descricao divergente=0; falha extracao preco=1.
[2026-07-01 19:10:15] Finalizada execucao do alerta 000013.
[2026-07-02 19:15:15] Alerta 000013 enfileirado (scheduler) - nome: Fralda.
[2026-07-02 19:15:15] Iniciando execucao do alerta 000013.
[2026-07-02 19:15:16] Alerta 000013 erro na checagem: Falha ao extrair preco.
[2026-07-02 19:15:16] Alerta 000013 falhou: Falha ao extrair preco.
[2026-07-02 19:15:16] Execucao finalizada sem disparos.
[2026-07-02 19:15:16] Resumo de falhas: links invalidos=0; descricao divergente=0; falha extracao preco=1.
[2026-07-02 19:15:16] Finalizada execucao do alerta 000013.
[2026-07-02 19:26:33] Alerta 000013 enfileirado (manual) - nome: Fralda.
[2026-07-02 19:26:33] Iniciando execucao do alerta 000013.
[2026-07-02 19:26:47] Alerta 000013 checado: triggered=False preco=115.53 alvo=70.0
[2026-07-02 19:26:47] Alerta 000013 sem disparo nesta execucao.
[2026-07-02 19:26:47] Execucao finalizada sem disparos.
[2026-07-02 19:26:47] Finalizada execucao do alerta 000013.
