=== Inicio do log de alertas: 2026-06-06T11:12:47 ===
[2026-06-06 11:13:47] Alerta 000010 enfileirado (scheduler) - nome: Kit irrigação solar automática.
[2026-06-06 11:13:47] Alerta 000013 enfileirado (scheduler) - nome: Fralda.
[2026-06-06 11:13:47] Alerta 000014 enfileirado (scheduler) - nome: Tênis Asics Gel-challenger 15 Clay Masculino.
[2026-06-06 11:13:47] Alerta 000020 enfileirado (scheduler) - nome: Kit Wella Invigo Nutri Enrich Sh, Cond E Válvulas.
[2026-06-06 11:13:47] Alerta 000021 enfileirado (scheduler) - nome: Monitor Gamer LG UltraGear 24” 24GS60F-B IPS Full HD 180Hz 1ms (GtG) NVIDIA® G-SYNC®.
[2026-06-06 11:13:47] Alerta 000022 enfileirado (scheduler) - nome: Fritadeira Air Fryer Oven Britânia 11 Litros 8 Funções 1800W BAF11A.
[2026-06-06 11:13:47] Alerta 000028 enfileirado (scheduler) - nome: Smartphone Motorola Signature 5g - 512gb 24gb (12gb Ram + 12gb Ram Boost), 3 Cameras 50mp Sony Lytia E Zoom 100x, Tela 1.5k Extreme Amoled 165hz - Preto.
[2026-06-06 11:13:47] Alerta 000029 enfileirado (scheduler) - nome: Apple iPhone 16 Pro Max (512 GB) - Titânio-deserto.
[2026-06-06 11:13:47] Alerta 000031 enfileirado (scheduler) - nome: Cafeteira 1200 Walita.
[2026-06-06 11:13:47] Iniciando execucao do alerta 000010.
[2026-06-06 11:13:50] Alerta 000010 ignorado no enfileiramento (manual): ja em execucao/fila.
[2026-06-06 11:13:52] Alerta 000013 ignorado no enfileiramento (manual): ja em execucao/fila.
[2026-06-06 11:13:52] Alerta 000014 ignorado no enfileiramento (manual): ja em execucao/fila.
[2026-06-06 11:13:55] Alerta 000020 ignorado no enfileiramento (manual): ja em execucao/fila.
[2026-06-06 11:13:56] Alerta 000021 ignorado no enfileiramento (manual): ja em execucao/fila.
[2026-06-06 11:13:57] Alerta 000022 ignorado no enfileiramento (manual): ja em execucao/fila.
[2026-06-06 11:13:58] Alerta 000028 ignorado no enfileiramento (manual): ja em execucao/fila.
[2026-06-06 11:13:58] Alerta 000029 ignorado no enfileiramento (manual): ja em execucao/fila.
[2026-06-06 11:13:59] Alerta 000031 ignorado no enfileiramento (manual): ja em execucao/fila.
[2026-06-06 11:14:00] Alerta 000010 checado: triggered=False preco=139.65 alvo=135.0
[2026-06-06 11:14:00] Alerta 000010 sem disparo nesta execucao.
[2026-06-06 11:14:00] Execucao finalizada sem disparos.
[2026-06-06 11:14:00] Finalizada execucao do alerta 000010.
[2026-06-06 11:14:00] Iniciando execucao do alerta 000013.
[2026-06-06 11:14:11] Alerta 000013 checado: triggered=False preco=89.65 alvo=70.0
[2026-06-06 11:14:11] Alerta 000013 sem disparo nesta execucao.
[2026-06-06 11:14:11] Execucao finalizada sem disparos.
[2026-06-06 11:14:11] Finalizada execucao do alerta 000013.
[2026-06-06 11:14:11] Iniciando execucao do alerta 000014.
[2026-06-06 11:14:36] Alerta 000014 checado: triggered=True preco=649.9 alvo=700.0
[2026-06-06 11:14:37] Notificacao alerta 000014: email=SMTP nao configurado; whatsapp=1 envio(s) destinos=***3269 sid=SM4b8f7b1604fda8680412662a0d0d8e50.
[2026-06-06 11:14:37] Execucao finalizada com 1 alerta(s) disparado(s).
[2026-06-06 11:14:37] Finalizada execucao do alerta 000014.
[2026-06-06 11:14:37] Iniciando execucao do alerta 000020.
[2026-06-06 11:14:47] Alerta 000020 ignorado no enfileiramento (scheduler): ja em execucao/fila.
[2026-06-06 11:14:47] Alerta 000021 ignorado no enfileiramento (scheduler): ja em execucao/fila.
[2026-06-06 11:14:47] Alerta 000022 ignorado no enfileiramento (scheduler): ja em execucao/fila.
[2026-06-06 11:14:47] Alerta 000028 ignorado no enfileiramento (scheduler): ja em execucao/fila.
[2026-06-06 11:14:47] Alerta 000029 ignorado no enfileiramento (scheduler): ja em execucao/fila.
[2026-06-06 11:14:47] Alerta 000031 ignorado no enfileiramento (scheduler): ja em execucao/fila.
[2026-06-06 11:14:47] Alerta 000020 checado: triggered=False preco=799.0 alvo=250.0
[2026-06-06 11:14:47] Alerta 000020 sem disparo nesta execucao.
[2026-06-06 11:14:47] Execucao finalizada sem disparos.
[2026-06-06 11:14:47] Finalizada execucao do alerta 000020.
[2026-06-06 11:14:47] Iniciando execucao do alerta 000021.
[2026-06-06 11:14:58] Alerta 000021 checado: triggered=True preco=689.0 alvo=710.0
[2026-06-06 11:14:58] Alerta 000021 marcou primeiro disparo em 2026-06-06T11:14:58.
[2026-06-06 11:14:58] Notificacao alerta 000021: email=sem destinos; whatsapp=1 envio(s) destinos=***3269 sid=SM56c59bc60af73939d221faea263ef7b3.
[2026-06-06 11:14:58] Execucao finalizada com 1 alerta(s) disparado(s).
[2026-06-06 11:14:58] Finalizada execucao do alerta 000021.
[2026-06-06 11:14:58] Iniciando execucao do alerta 000022.
[2026-06-06 11:15:08] Alerta 000022 checado: triggered=False preco=539.0 alvo=380.0
[2026-06-06 11:15:08] Alerta 000022 sem disparo nesta execucao.
[2026-06-06 11:15:08] Execucao finalizada sem disparos.
[2026-06-06 11:15:08] Finalizada execucao do alerta 000022.
[2026-06-06 11:15:08] Iniciando execucao do alerta 000028.
[2026-06-06 11:15:35] Alerta 000028 checado: triggered=False preco=6677.0 alvo=5000.0
[2026-06-06 11:15:35] Alerta 000028 sem disparo nesta execucao.
[2026-06-06 11:15:35] Execucao finalizada sem disparos.
[2026-06-06 11:15:35] Finalizada execucao do alerta 000028.
[2026-06-06 11:15:35] Iniciando execucao do alerta 000029.
[2026-06-06 11:15:47] Alerta 000029 ignorado no enfileiramento (scheduler): ja em execucao/fila.
[2026-06-06 11:15:47] Alerta 000031 ignorado no enfileiramento (scheduler): ja em execucao/fila.
[2026-06-06 11:15:48] Alerta 000029 checado: triggered=False preco=9910.15 alvo=8000.0
[2026-06-06 11:15:48] Alerta 000029 sem disparo nesta execucao.
[2026-06-06 11:15:48] Execucao finalizada sem disparos.
[2026-06-06 11:15:48] Finalizada execucao do alerta 000029.
[2026-06-06 11:15:48] Iniciando execucao do alerta 000031.
[2026-06-06 11:15:58] Alerta 000031 checado: triggered=False preco=2299.0 alvo=2100.0
[2026-06-06 11:15:58] Alerta 000031 sem disparo nesta execucao.
[2026-06-06 11:15:58] Execucao finalizada sem disparos.
[2026-06-06 11:15:58] Finalizada execucao do alerta 000031.
[2026-06-06 11:25:48] Alerta 000014 enfileirado (manual) - nome: Tênis Asics Gel-challenger 15 Clay Masculino.
[2026-06-06 11:25:48] Iniciando execucao do alerta 000014.
[2026-06-06 11:26:14] Alerta 000014 checado: triggered=True preco=649.9 alvo=700.0
[2026-06-06 11:26:14] Alerta 000014 sem novo envio (mesmo dia e sem queda adicional de preco).
[2026-06-06 11:26:14] Execucao finalizada sem disparos.
[2026-06-06 11:26:14] Finalizada execucao do alerta 000014.
[2026-06-06 11:26:29] Alerta 000014 enfileirado (manual) - nome: Tênis Asics Gel-challenger 15 Clay Masculino.
[2026-06-06 11:26:29] Iniciando execucao do alerta 000014.
[2026-06-06 11:26:55] Alerta 000014 checado: triggered=True preco=649.9 alvo=700.0
[2026-06-06 11:26:55] Alerta 000014 sem novo envio (mesmo dia e sem queda adicional de preco).
[2026-06-06 11:26:55] Execucao finalizada sem disparos.
[2026-06-06 11:26:55] Finalizada execucao do alerta 000014.
[2026-06-06 11:30:31] Alerta 000033 enfileirado (manual) - nome: Capa Skincase Strongshell Para Macbook Air 15 Preto M5.
[2026-06-06 11:30:31] Iniciando execucao do alerta 000033.
[2026-06-06 11:30:49] Alerta 000033 checado: triggered=False preco=129.9 alvo=120.0
[2026-06-06 11:30:49] Alerta 000033 sem disparo nesta execucao.
[2026-06-06 11:30:49] Execucao finalizada sem disparos.
[2026-06-06 11:30:49] Finalizada execucao do alerta 000033.
[2026-06-06 13:22:04] Alerta 000031 enfileirado (manual) - nome: Cafeteira 1200 Walita.
[2026-06-06 13:22:04] Iniciando execucao do alerta 000031.
[2026-06-06 13:22:17] Alerta 000031 checado: triggered=False preco=2299.0 alvo=2100.0
[2026-06-06 13:22:17] Alerta 000031 sem disparo nesta execucao.
[2026-06-06 13:22:17] Execucao finalizada sem disparos.
[2026-06-06 13:22:17] Finalizada execucao do alerta 000031.
[2026-06-06 14:14:17] Alerta 000013 enfileirado (scheduler) - nome: Fralda.
[2026-06-06 14:14:17] Iniciando execucao do alerta 000013.
[2026-06-06 14:14:29] Alerta 000013 checado: triggered=False preco=89.65 alvo=70.0
[2026-06-06 14:14:29] Alerta 000013 sem disparo nesta execucao.
[2026-06-06 14:14:29] Execucao finalizada sem disparos.
[2026-06-06 14:14:29] Finalizada execucao do alerta 000013.
[2026-06-06 14:15:17] Alerta 000020 enfileirado (scheduler) - nome: Kit Wella Invigo Nutri Enrich Sh, Cond E Válvulas.
[2026-06-06 14:15:17] Alerta 000021 enfileirado (scheduler) - nome: Monitor Gamer LG UltraGear 24” 24GS60F-B IPS Full HD 180Hz 1ms (GtG) NVIDIA® G-SYNC®.
[2026-06-06 14:15:17] Alerta 000022 enfileirado (scheduler) - nome: Fritadeira Air Fryer Oven Britânia 11 Litros 8 Funções 1800W BAF11A.
[2026-06-06 14:15:17] Iniciando execucao do alerta 000020.
[2026-06-06 14:15:29] Alerta 000020 checado: triggered=False preco=799.0 alvo=250.0
[2026-06-06 14:15:29] Alerta 000020 sem disparo nesta execucao.
[2026-06-06 14:15:29] Execucao finalizada sem disparos.
[2026-06-06 14:15:29] Finalizada execucao do alerta 000020.
[2026-06-06 14:15:29] Iniciando execucao do alerta 000021.
[2026-06-06 14:15:41] Alerta 000021 checado: triggered=False preco=911.0 alvo=710.0
[2026-06-06 14:15:41] Alerta 000021 sem disparo nesta execucao.
[2026-06-06 14:15:41] Execucao finalizada sem disparos.
[2026-06-06 14:15:41] Finalizada execucao do alerta 000021.
[2026-06-06 14:15:41] Iniciando execucao do alerta 000022.
[2026-06-06 14:15:53] Alerta 000022 checado: triggered=False preco=586.0 alvo=380.0
[2026-06-06 14:15:53] Alerta 000022 sem disparo nesta execucao.
[2026-06-06 14:15:53] Execucao finalizada sem disparos.
[2026-06-06 14:15:53] Finalizada execucao do alerta 000022.
[2026-06-06 14:16:17] Alerta 000028 enfileirado (scheduler) - nome: Smartphone Motorola Signature 5g - 512gb 24gb (12gb Ram + 12gb Ram Boost), 3 Cameras 50mp Sony Lytia E Zoom 100x, Tela 1.5k Extreme Amoled 165hz - Preto.
[2026-06-06 14:16:17] Alerta 000029 enfileirado (scheduler) - nome: Apple iPhone 16 Pro Max (512 GB) - Titânio-deserto.
[2026-06-06 14:16:17] Iniciando execucao do alerta 000028.
[2026-06-06 14:16:42] Alerta 000028 checado: triggered=False preco=6677.0 alvo=5000.0
[2026-06-06 14:16:42] Alerta 000028 sem disparo nesta execucao.
[2026-06-06 14:16:42] Execucao finalizada sem disparos.
[2026-06-06 14:16:42] Finalizada execucao do alerta 000028.
[2026-06-06 14:16:42] Iniciando execucao do alerta 000029.
[2026-06-06 14:16:52] Alerta 000029 checado: triggered=False preco=9910.15 alvo=8000.0
[2026-06-06 14:16:52] Alerta 000029 sem disparo nesta execucao.
[2026-06-06 14:16:52] Execucao finalizada sem disparos.
[2026-06-06 14:16:52] Finalizada execucao do alerta 000029.
[2026-06-06 14:27:17] Alerta 000014 enfileirado (scheduler) - nome: Tênis Asics Gel-challenger 15 Clay Masculino.
[2026-06-06 14:27:17] Iniciando execucao do alerta 000014.
[2026-06-06 14:27:44] Alerta 000014 checado: triggered=True preco=649.9 alvo=700.0
[2026-06-06 14:27:44] Alerta 000014 sem novo envio (mesmo dia e sem queda adicional de preco).
[2026-06-06 14:27:44] Execucao finalizada sem disparos.
[2026-06-06 14:27:44] Finalizada execucao do alerta 000014.
[2026-06-06 14:31:18] Alerta 000033 enfileirado (scheduler) - nome: Capa Skincase Strongshell Para Macbook Air 15 Preto M5.
[2026-06-06 14:31:18] Iniciando execucao do alerta 000033.
[2026-06-06 14:31:36] Alerta 000033 checado: triggered=False preco=129.9 alvo=120.0
[2026-06-06 14:31:36] Alerta 000033 sem disparo nesta execucao.
[2026-06-06 14:31:36] Execucao finalizada sem disparos.
[2026-06-06 14:31:36] Finalizada execucao do alerta 000033.
[2026-06-06 16:37:37] Alerta 000031 enfileirado (scheduler) - nome: Cafeteira 1200 Walita.
[2026-06-06 16:37:37] Iniciando execucao do alerta 000031.
[2026-06-06 16:37:37] Alerta 000031 erro na checagem: Falha ao extrair preco.
[2026-06-06 16:37:37] Alerta 000031 falhou: Falha ao extrair preco.
[2026-06-06 16:37:37] Execucao finalizada sem disparos.
[2026-06-06 16:37:37] Resumo de falhas: links invalidos=0; descricao divergente=0; falha extracao preco=1.
[2026-06-06 16:37:37] Finalizada execucao do alerta 000031.
[2026-06-06 16:41:45] Alerta 000031 enfileirado (manual) - nome: Cafeteira 1200 Walita.
[2026-06-06 16:41:45] Iniciando execucao do alerta 000031.
[2026-06-06 16:41:57] Alerta 000031 checado: triggered=False preco=2299.0 alvo=2100.0
[2026-06-06 16:41:57] Alerta 000031 sem disparo nesta execucao.
[2026-06-06 16:41:57] Execucao finalizada sem disparos.
[2026-06-06 16:41:57] Finalizada execucao do alerta 000031.
[2026-06-06 17:14:37] Alerta 000013 enfileirado (scheduler) - nome: Fralda.
[2026-06-06 17:14:37] Iniciando execucao do alerta 000013.
[2026-06-06 17:14:49] Alerta 000013 checado: triggered=False preco=89.65 alvo=70.0
[2026-06-06 17:14:49] Alerta 000013 sem disparo nesta execucao.
[2026-06-06 17:14:49] Execucao finalizada sem disparos.
[2026-06-06 17:14:49] Finalizada execucao do alerta 000013.
[2026-06-06 17:15:37] Alerta 000020 enfileirado (scheduler) - nome: Kit Wella Invigo Nutri Enrich Sh, Cond E Válvulas.
[2026-06-06 17:15:37] Iniciando execucao do alerta 000020.
[2026-06-06 17:15:49] Alerta 000020 checado: triggered=False preco=799.0 alvo=250.0
[2026-06-06 17:15:49] Alerta 000020 sem disparo nesta execucao.
[2026-06-06 17:15:49] Execucao finalizada sem disparos.
[2026-06-06 17:15:49] Finalizada execucao do alerta 000020.
[2026-06-06 17:16:37] Alerta 000021 enfileirado (scheduler) - nome: Monitor Gamer LG UltraGear 24” 24GS60F-B IPS Full HD 180Hz 1ms (GtG) NVIDIA® G-SYNC®.
[2026-06-06 17:16:37] Alerta 000022 enfileirado (scheduler) - nome: Fritadeira Air Fryer Oven Britânia 11 Litros 8 Funções 1800W BAF11A.
[2026-06-06 17:16:37] Iniciando execucao do alerta 000021.
[2026-06-06 17:16:49] Alerta 000021 checado: triggered=False preco=911.0 alvo=710.0
[2026-06-06 17:16:49] Alerta 000021 sem disparo nesta execucao.
[2026-06-06 17:16:49] Execucao finalizada sem disparos.
[2026-06-06 17:16:49] Finalizada execucao do alerta 000021.
[2026-06-06 17:16:49] Iniciando execucao do alerta 000022.
[2026-06-06 17:17:02] Alerta 000022 checado: triggered=True preco=379.0 alvo=380.0
[2026-06-06 17:17:02] Alerta 000022 marcou primeiro disparo em 2026-06-06T17:17:02.
[2026-06-06 17:17:02] Notificacao alerta 000022: email=SMTP nao configurado; whatsapp=1 envio(s) destinos=***3269 sid=SM0c7fdcde4089acfa01c1bf3237d317f3.
[2026-06-06 17:17:02] Execucao finalizada com 1 alerta(s) disparado(s).
[2026-06-06 17:17:02] Finalizada execucao do alerta 000022.
[2026-06-06 17:17:37] Alerta 000028 enfileirado (scheduler) - nome: Smartphone Motorola Signature 5g - 512gb 24gb (12gb Ram + 12gb Ram Boost), 3 Cameras 50mp Sony Lytia E Zoom 100x, Tela 1.5k Extreme Amoled 165hz - Preto.
[2026-06-06 17:17:37] Alerta 000029 enfileirado (scheduler) - nome: Apple iPhone 16 Pro Max (512 GB) - Titânio-deserto.
[2026-06-06 17:17:37] Iniciando execucao do alerta 000028.
[2026-06-06 17:18:03] Alerta 000028 checado: triggered=False preco=6677.0 alvo=5000.0
[2026-06-06 17:18:03] Alerta 000028 sem disparo nesta execucao.
[2026-06-06 17:18:03] Execucao finalizada sem disparos.
[2026-06-06 17:18:03] Finalizada execucao do alerta 000028.
[2026-06-06 17:18:03] Iniciando execucao do alerta 000029.
[2026-06-06 17:18:13] Alerta 000029 checado: triggered=False preco=9048.89 alvo=8000.0
[2026-06-06 17:18:13] Alerta 000029 sem disparo nesta execucao.
[2026-06-06 17:18:13] Execucao finalizada sem disparos.
[2026-06-06 17:18:13] Finalizada execucao do alerta 000029.
[2026-06-06 17:28:37] Alerta 000014 enfileirado (scheduler) - nome: Tênis Asics Gel-challenger 15 Clay Masculino.
[2026-06-06 17:28:37] Iniciando execucao do alerta 000014.
[2026-06-06 17:29:05] Alerta 000014 checado: triggered=True preco=649.9 alvo=700.0
[2026-06-06 17:29:05] Alerta 000014 sem novo envio (mesmo dia e sem queda adicional de preco).
[2026-06-06 17:29:05] Execucao finalizada sem disparos.
[2026-06-06 17:29:05] Finalizada execucao do alerta 000014.
[2026-06-06 17:31:37] Alerta 000033 enfileirado (scheduler) - nome: Capa Skincase Strongshell Para Macbook Air 15 Preto M5.
[2026-06-06 17:31:37] Iniciando execucao do alerta 000033.
[2026-06-06 17:31:57] Alerta 000033 checado: triggered=False preco=129.9 alvo=120.0
[2026-06-06 17:31:57] Alerta 000033 sem disparo nesta execucao.
[2026-06-06 17:31:57] Execucao finalizada sem disparos.
[2026-06-06 17:31:57] Finalizada execucao do alerta 000033.
[2026-06-07 07:08:32] Alerta 000013 enfileirado (scheduler) - nome: Fralda.
[2026-06-07 07:08:32] Alerta 000014 enfileirado (scheduler) - nome: Tênis Asics Gel-challenger 15 Clay Masculino.
[2026-06-07 07:08:32] Alerta 000020 enfileirado (scheduler) - nome: Kit Wella Invigo Nutri Enrich Sh, Cond E Válvulas.
[2026-06-07 07:08:32] Alerta 000021 enfileirado (scheduler) - nome: Monitor Gamer LG UltraGear 24” 24GS60F-B IPS Full HD 180Hz 1ms (GtG) NVIDIA® G-SYNC®.
[2026-06-07 07:08:32] Alerta 000022 enfileirado (scheduler) - nome: Fritadeira Air Fryer Oven Britânia 11 Litros 8 Funções 1800W BAF11A.
[2026-06-07 07:08:32] Alerta 000028 enfileirado (scheduler) - nome: Smartphone Motorola Signature 5g - 512gb 24gb (12gb Ram + 12gb Ram Boost), 3 Cameras 50mp Sony Lytia E Zoom 100x, Tela 1.5k Extreme Amoled 165hz - Preto.
[2026-06-07 07:08:32] Alerta 000029 enfileirado (scheduler) - nome: Apple iPhone 16 Pro Max (512 GB) - Titânio-deserto.
[2026-06-07 07:08:32] Alerta 000031 enfileirado (scheduler) - nome: Cafeteira 1200 Walita.
[2026-06-07 07:08:32] Alerta 000033 enfileirado (scheduler) - nome: Capa Skincase Strongshell Para Macbook Air 15 Preto M5.
[2026-06-07 07:08:32] Iniciando execucao do alerta 000013.
[2026-06-07 07:08:33] Alerta 000013 erro na checagem: Falha ao extrair preco.
[2026-06-07 07:08:33] Alerta 000013 falhou: Falha ao extrair preco.
[2026-06-07 07:08:33] Execucao finalizada sem disparos.
[2026-06-07 07:08:33] Resumo de falhas: links invalidos=0; descricao divergente=0; falha extracao preco=1.
[2026-06-07 07:08:33] Finalizada execucao do alerta 000013.
[2026-06-07 07:08:33] Iniciando execucao do alerta 000014.
[2026-06-07 07:08:33] Alerta 000014 erro na checagem: Falha ao extrair preco.
[2026-06-07 07:08:34] Alerta 000014 falhou: Falha ao extrair preco.
[2026-06-07 07:08:34] Execucao finalizada sem disparos.
[2026-06-07 07:08:34] Resumo de falhas: links invalidos=0; descricao divergente=0; falha extracao preco=1.
[2026-06-07 07:08:34] Finalizada execucao do alerta 000014.
[2026-06-07 07:08:34] Iniciando execucao do alerta 000020.
[2026-06-07 07:08:34] Alerta 000020 erro na checagem: Falha ao extrair preco.
[2026-06-07 07:08:34] Alerta 000020 falhou: Falha ao extrair preco.
[2026-06-07 07:08:34] Execucao finalizada sem disparos.
[2026-06-07 07:08:34] Resumo de falhas: links invalidos=0; descricao divergente=0; falha extracao preco=1.
[2026-06-07 07:08:34] Finalizada execucao do alerta 000020.
[2026-06-07 07:08:34] Iniciando execucao do alerta 000021.
[2026-06-07 07:08:34] Alerta 000021 erro na checagem: Falha ao extrair preco.
[2026-06-07 07:08:34] Alerta 000021 falhou: Falha ao extrair preco.
[2026-06-07 07:08:34] Execucao finalizada sem disparos.
[2026-06-07 07:08:35] Resumo de falhas: links invalidos=0; descricao divergente=0; falha extracao preco=1.
[2026-06-07 07:08:35] Finalizada execucao do alerta 000021.
[2026-06-07 07:08:35] Iniciando execucao do alerta 000022.
[2026-06-07 07:08:35] Alerta 000022 erro na checagem: Falha ao extrair preco.
[2026-06-07 07:08:35] Alerta 000022 falhou: Falha ao extrair preco.
[2026-06-07 07:08:35] Execucao finalizada sem disparos.
[2026-06-07 07:08:35] Resumo de falhas: links invalidos=0; descricao divergente=0; falha extracao preco=1.
[2026-06-07 07:08:35] Finalizada execucao do alerta 000022.
[2026-06-07 07:08:35] Iniciando execucao do alerta 000028.
[2026-06-07 07:08:35] Alerta 000028 erro na checagem: Falha ao extrair preco.
[2026-06-07 07:08:35] Alerta 000028 falhou: Falha ao extrair preco.
[2026-06-07 07:08:35] Execucao finalizada sem disparos.
[2026-06-07 07:08:35] Resumo de falhas: links invalidos=0; descricao divergente=0; falha extracao preco=1.
[2026-06-07 07:08:35] Finalizada execucao do alerta 000028.
[2026-06-07 07:08:35] Iniciando execucao do alerta 000029.
[2026-06-07 07:08:35] Alerta 000029 erro na checagem: Falha ao extrair preco.
[2026-06-07 07:08:35] Alerta 000029 falhou: Falha ao extrair preco.
[2026-06-07 07:08:35] Execucao finalizada sem disparos.
[2026-06-07 07:08:35] Resumo de falhas: links invalidos=0; descricao divergente=0; falha extracao preco=1.
[2026-06-07 07:08:35] Finalizada execucao do alerta 000029.
[2026-06-07 07:08:35] Iniciando execucao do alerta 000031.
[2026-06-07 07:08:35] Alerta 000031 erro na checagem: Falha ao extrair preco.
[2026-06-07 07:08:35] Alerta 000031 falhou: Falha ao extrair preco.
[2026-06-07 07:08:35] Execucao finalizada sem disparos.
[2026-06-07 07:08:35] Resumo de falhas: links invalidos=0; descricao divergente=0; falha extracao preco=1.
[2026-06-07 07:08:35] Finalizada execucao do alerta 000031.
[2026-06-07 07:08:35] Iniciando execucao do alerta 000033.
[2026-06-07 07:08:35] Alerta 000033 erro na checagem: Falha ao extrair preco.
[2026-06-07 07:08:35] Alerta 000033 falhou: Falha ao extrair preco.
[2026-06-07 07:08:35] Execucao finalizada sem disparos.
[2026-06-07 07:08:35] Resumo de falhas: links invalidos=0; descricao divergente=0; falha extracao preco=1.
[2026-06-07 07:08:35] Finalizada execucao do alerta 000033.
