=== Inicio do log de alertas: 2026-06-27T10:05:44 ===
[2026-06-27 10:06:44] Alerta 000013 enfileirado (scheduler) - nome: Fralda.
[2026-06-27 10:06:44] Iniciando execucao do alerta 000013.
[2026-06-27 10:06:47] Alerta 000013 erro na checagem: Falha ao extrair preco.
[2026-06-27 10:06:47] Alerta 000013 falhou: Falha ao extrair preco.
[2026-06-27 10:06:47] Execucao finalizada sem disparos.
[2026-06-27 10:06:47] Resumo de falhas: links invalidos=0; descricao divergente=0; falha extracao preco=1.
[2026-06-27 10:06:47] Finalizada execucao do alerta 000013.
[2026-06-28 09:56:36] Alerta 000013 enfileirado (scheduler) - nome: Fralda.
[2026-06-28 09:56:36] Iniciando execucao do alerta 000013.
[2026-06-28 09:56:36] Alerta 000013 erro na checagem: Falha ao extrair preco.
[2026-06-28 09:56:36] Alerta 000013 falhou: Falha ao extrair preco.
[2026-06-28 09:56:36] Execucao finalizada sem disparos.
[2026-06-28 09:56:36] Resumo de falhas: links invalidos=0; descricao divergente=0; falha extracao preco=1.
[2026-06-28 09:56:36] Finalizada execucao do alerta 000013.
[2026-06-28 18:58:54] Alerta 000013 enfileirado (scheduler) - nome: Fralda.
[2026-06-28 18:58:54] Iniciando execucao do alerta 000013.
[2026-06-28 18:58:54] Alerta 000013 erro na checagem: Falha ao extrair preco.
[2026-06-28 18:58:56] Alerta 000013 falhou: Falha ao extrair preco.
[2026-06-28 18:58:56] Execucao finalizada sem disparos.
[2026-06-28 18:58:56] Resumo de falhas: links invalidos=0; descricao divergente=0; falha extracao preco=1.
[2026-06-28 18:58:56] Finalizada execucao do alerta 000013.
