=== Inicio do log de alertas: 2026-06-07T10:09:47 ===
[2026-06-07 10:10:06] Alerta 000013 enfileirado (manual) - nome: Fralda.
[2026-06-07 10:10:06] Iniciando execucao do alerta 000013.
[2026-06-07 10:10:08] Alerta 000014 enfileirado (manual) - nome: Tênis Asics Gel-challenger 15 Clay Masculino.
[2026-06-07 10:10:09] Alerta 000020 enfileirado (manual) - nome: Kit Wella Invigo Nutri Enrich Sh, Cond E Válvulas.
[2026-06-07 10:10:10] Alerta 000021 enfileirado (manual) - nome: Monitor Gamer LG UltraGear 24” 24GS60F-B IPS Full HD 180Hz 1ms (GtG) NVIDIA® G-SYNC®.
[2026-06-07 10:10:12] Alerta 000022 enfileirado (manual) - nome: Fritadeira Air Fryer Oven Britânia 11 Litros 8 Funções 1800W BAF11A.
[2026-06-07 10:10:13] Alerta 000028 enfileirado (manual) - nome: Smartphone Motorola Signature 5g - 512gb 24gb (12gb Ram + 12gb Ram Boost), 3 Cameras 50mp Sony Lytia E Zoom 100x, Tela 1.5k Extreme Amoled 165hz - Preto.
[2026-06-07 10:10:14] Alerta 000029 enfileirado (manual) - nome: Apple iPhone 16 Pro Max (512 GB) - Titânio-deserto.
[2026-06-07 10:10:19] Alerta 000013 checado: triggered=False preco=89.65 alvo=70.0
[2026-06-07 10:10:19] Alerta 000013 sem disparo nesta execucao.
[2026-06-07 10:10:19] Execucao finalizada sem disparos.
[2026-06-07 10:10:19] Finalizada execucao do alerta 000013.
[2026-06-07 10:10:19] Iniciando execucao do alerta 000014.
[2026-06-07 10:10:20] Alerta 000031 enfileirado (manual) - nome: Cafeteira 1200 Walita.
[2026-06-07 10:10:21] Alerta 000033 enfileirado (manual) - nome: Capa Skincase Strongshell Para Macbook Air 15 Preto M5.
[2026-06-07 10:10:43] Alerta 000014 checado: triggered=True preco=649.9 alvo=700.0
[2026-06-07 10:10:44] Notificacao alerta 000014: email=SMTP nao configurado; whatsapp=1 envio(s) destinos=***3269 sid=SMeb9fb3af9cf5ce5085d92c2fbdb60326.
[2026-06-07 10:10:44] Execucao finalizada com 1 alerta(s) disparado(s).
[2026-06-07 10:10:44] Finalizada execucao do alerta 000014.
[2026-06-07 10:10:44] Iniciando execucao do alerta 000020.
[2026-06-07 10:10:47] Alerta 000020 ignorado no enfileiramento (scheduler): ja em execucao/fila.
[2026-06-07 10:10:47] Alerta 000021 ignorado no enfileiramento (scheduler): ja em execucao/fila.
[2026-06-07 10:10:47] Alerta 000022 ignorado no enfileiramento (scheduler): ja em execucao/fila.
[2026-06-07 10:10:47] Alerta 000028 ignorado no enfileiramento (scheduler): ja em execucao/fila.
[2026-06-07 10:10:47] Alerta 000029 ignorado no enfileiramento (scheduler): ja em execucao/fila.
[2026-06-07 10:10:47] Alerta 000031 ignorado no enfileiramento (scheduler): ja em execucao/fila.
[2026-06-07 10:10:47] Alerta 000033 ignorado no enfileiramento (scheduler): ja em execucao/fila.
[2026-06-07 10:10:55] Alerta 000020 checado: triggered=True preco=145.0 alvo=250.0
[2026-06-07 10:10:56] Notificacao alerta 000020: email=sem destinos; whatsapp=1 envio(s) destinos=***3269 sid=SM5503a330e3cf9275998010dd720b528a.
[2026-06-07 10:10:56] Execucao finalizada com 1 alerta(s) disparado(s).
[2026-06-07 10:10:56] Finalizada execucao do alerta 000020.
[2026-06-07 10:10:56] Iniciando execucao do alerta 000021.
[2026-06-07 10:11:08] Alerta 000021 checado: triggered=False preco=1424.0 alvo=710.0
[2026-06-07 10:11:08] Alerta 000021 sem disparo nesta execucao.
[2026-06-07 10:11:08] Execucao finalizada sem disparos.
[2026-06-07 10:11:08] Finalizada execucao do alerta 000021.
[2026-06-07 10:11:08] Iniciando execucao do alerta 000022.
[2026-06-07 10:11:19] Alerta 000022 checado: triggered=False preco=586.0 alvo=380.0
[2026-06-07 10:11:19] Alerta 000022 sem disparo nesta execucao.
[2026-06-07 10:11:19] Execucao finalizada sem disparos.
[2026-06-07 10:11:19] Finalizada execucao do alerta 000022.
[2026-06-07 10:11:19] Iniciando execucao do alerta 000028.
[2026-06-07 10:11:45] Alerta 000028 checado: triggered=False preco=6677.0 alvo=5000.0
[2026-06-07 10:11:45] Alerta 000028 sem disparo nesta execucao.
[2026-06-07 10:11:45] Execucao finalizada sem disparos.
[2026-06-07 10:11:45] Finalizada execucao do alerta 000028.
[2026-06-07 10:11:45] Iniciando execucao do alerta 000029.
[2026-06-07 10:11:47] Alerta 000029 ignorado no enfileiramento (scheduler): ja em execucao/fila.
[2026-06-07 10:11:47] Alerta 000031 ignorado no enfileiramento (scheduler): ja em execucao/fila.
[2026-06-07 10:11:47] Alerta 000033 ignorado no enfileiramento (scheduler): ja em execucao/fila.
[2026-06-07 10:11:57] Alerta 000029 checado: triggered=False preco=9048.89 alvo=8000.0
[2026-06-07 10:11:57] Alerta 000029 sem disparo nesta execucao.
[2026-06-07 10:11:57] Execucao finalizada sem disparos.
[2026-06-07 10:11:57] Finalizada execucao do alerta 000029.
[2026-06-07 10:11:57] Iniciando execucao do alerta 000031.
[2026-06-07 10:12:08] Alerta 000031 checado: triggered=False preco=2299.0 alvo=2100.0
[2026-06-07 10:12:08] Alerta 000031 sem disparo nesta execucao.
[2026-06-07 10:12:08] Execucao finalizada sem disparos.
[2026-06-07 10:12:08] Finalizada execucao do alerta 000031.
[2026-06-07 10:12:08] Iniciando execucao do alerta 000033.
[2026-06-07 10:12:24] Alerta 000033 checado: triggered=False preco=129.9 alvo=120.0
[2026-06-07 10:12:24] Alerta 000033 sem disparo nesta execucao.
[2026-06-07 10:12:24] Execucao finalizada sem disparos.
[2026-06-07 10:12:24] Finalizada execucao do alerta 000033.
[2026-06-07 13:11:17] Alerta 000013 enfileirado (scheduler) - nome: Fralda.
[2026-06-07 13:11:17] Alerta 000014 enfileirado (scheduler) - nome: Tênis Asics Gel-challenger 15 Clay Masculino.
[2026-06-07 13:11:17] Alerta 000020 enfileirado (scheduler) - nome: Kit Wella Invigo Nutri Enrich Sh, Cond E Válvulas.
[2026-06-07 13:11:17] Alerta 000021 enfileirado (scheduler) - nome: Monitor Gamer LG UltraGear 24” 24GS60F-B IPS Full HD 180Hz 1ms (GtG) NVIDIA® G-SYNC®.
[2026-06-07 13:11:17] Iniciando execucao do alerta 000013.
[2026-06-07 13:11:29] Alerta 000013 checado: triggered=False preco=89.65 alvo=70.0
[2026-06-07 13:11:29] Alerta 000013 sem disparo nesta execucao.
[2026-06-07 13:11:29] Execucao finalizada sem disparos.
[2026-06-07 13:11:29] Finalizada execucao do alerta 000013.
[2026-06-07 13:11:29] Iniciando execucao do alerta 000014.
[2026-06-07 13:11:55] Alerta 000014 checado: triggered=True preco=649.9 alvo=700.0
[2026-06-07 13:11:55] Alerta 000014 sem novo envio (mesmo dia e sem queda adicional de preco).
[2026-06-07 13:11:55] Execucao finalizada sem disparos.
[2026-06-07 13:11:55] Finalizada execucao do alerta 000014.
[2026-06-07 13:11:55] Iniciando execucao do alerta 000020.
[2026-06-07 13:12:05] Alerta 000020 checado: triggered=False preco=311.27 alvo=250.0
[2026-06-07 13:12:05] Alerta 000020 sem disparo nesta execucao.
[2026-06-07 13:12:05] Execucao finalizada sem disparos.
[2026-06-07 13:12:05] Finalizada execucao do alerta 000020.
[2026-06-07 13:12:05] Iniciando execucao do alerta 000021.
[2026-06-07 13:12:15] Alerta 000021 checado: triggered=False preco=911.0 alvo=710.0
[2026-06-07 13:12:15] Alerta 000021 sem disparo nesta execucao.
[2026-06-07 13:12:15] Execucao finalizada sem disparos.
[2026-06-07 13:12:15] Finalizada execucao do alerta 000021.
[2026-06-07 13:12:17] Alerta 000022 enfileirado (scheduler) - nome: Fritadeira Air Fryer Oven Britânia 11 Litros 8 Funções 1800W BAF11A.
[2026-06-07 13:12:17] Alerta 000028 enfileirado (scheduler) - nome: Smartphone Motorola Signature 5g - 512gb 24gb (12gb Ram + 12gb Ram Boost), 3 Cameras 50mp Sony Lytia E Zoom 100x, Tela 1.5k Extreme Amoled 165hz - Preto.
[2026-06-07 13:12:17] Alerta 000029 enfileirado (scheduler) - nome: Apple iPhone 16 Pro Max (512 GB) - Titânio-deserto.
[2026-06-07 13:12:17] Alerta 000031 enfileirado (scheduler) - nome: Cafeteira 1200 Walita.
[2026-06-07 13:12:17] Iniciando execucao do alerta 000022.
[2026-06-07 13:12:29] Alerta 000022 checado: triggered=False preco=586.0 alvo=380.0
[2026-06-07 13:12:29] Alerta 000022 sem disparo nesta execucao.
[2026-06-07 13:12:29] Execucao finalizada sem disparos.
[2026-06-07 13:12:29] Finalizada execucao do alerta 000022.
[2026-06-07 13:12:29] Iniciando execucao do alerta 000028.
[2026-06-07 13:12:55] Alerta 000028 checado: triggered=False preco=5669.0 alvo=5000.0
[2026-06-07 13:12:55] Alerta 000028 sem disparo nesta execucao.
[2026-06-07 13:12:55] Execucao finalizada sem disparos.
[2026-06-07 13:12:55] Finalizada execucao do alerta 000028.
[2026-06-07 13:12:55] Iniciando execucao do alerta 000029.
[2026-06-07 13:13:05] Alerta 000029 checado: triggered=False preco=9048.89 alvo=8000.0
[2026-06-07 13:13:05] Alerta 000029 sem disparo nesta execucao.
[2026-06-07 13:13:05] Execucao finalizada sem disparos.
[2026-06-07 13:13:05] Finalizada execucao do alerta 000029.
[2026-06-07 13:13:05] Iniciando execucao do alerta 000031.
[2026-06-07 13:13:16] Alerta 000031 checado: triggered=False preco=2299.0 alvo=2100.0
[2026-06-07 13:13:16] Alerta 000031 sem disparo nesta execucao.
[2026-06-07 13:13:16] Execucao finalizada sem disparos.
[2026-06-07 13:13:16] Finalizada execucao do alerta 000031.
[2026-06-07 13:13:17] Alerta 000033 enfileirado (scheduler) - nome: Capa Skincase Strongshell Para Macbook Air 15 Preto M5.
[2026-06-07 13:13:17] Iniciando execucao do alerta 000033.
[2026-06-07 13:13:34] Alerta 000033 checado: triggered=False preco=129.9 alvo=120.0
[2026-06-07 13:13:34] Alerta 000033 sem disparo nesta execucao.
[2026-06-07 13:13:34] Execucao finalizada sem disparos.
[2026-06-07 13:13:34] Finalizada execucao do alerta 000033.
[2026-06-07 20:58:55] Alerta 000013 enfileirado (scheduler) - nome: Fralda.
[2026-06-07 20:58:55] Alerta 000014 enfileirado (scheduler) - nome: Tênis Asics Gel-challenger 15 Clay Masculino.
[2026-06-07 20:58:55] Alerta 000020 enfileirado (scheduler) - nome: Kit Wella Invigo Nutri Enrich Sh, Cond E Válvulas.
[2026-06-07 20:58:55] Alerta 000021 enfileirado (scheduler) - nome: Monitor Gamer LG UltraGear 24” 24GS60F-B IPS Full HD 180Hz 1ms (GtG) NVIDIA® G-SYNC®.
[2026-06-07 20:58:55] Alerta 000022 enfileirado (scheduler) - nome: Fritadeira Air Fryer Oven Britânia 11 Litros 8 Funções 1800W BAF11A.
[2026-06-07 20:58:55] Alerta 000028 enfileirado (scheduler) - nome: Smartphone Motorola Signature 5g - 512gb 24gb (12gb Ram + 12gb Ram Boost), 3 Cameras 50mp Sony Lytia E Zoom 100x, Tela 1.5k Extreme Amoled 165hz - Preto.
[2026-06-07 20:58:55] Alerta 000029 enfileirado (scheduler) - nome: Apple iPhone 16 Pro Max (512 GB) - Titânio-deserto.
[2026-06-07 20:58:55] Alerta 000031 enfileirado (scheduler) - nome: Cafeteira 1200 Walita.
[2026-06-07 20:58:55] Alerta 000033 enfileirado (scheduler) - nome: Capa Skincase Strongshell Para Macbook Air 15 Preto M5.
[2026-06-07 20:58:55] Iniciando execucao do alerta 000013.
[2026-06-07 20:58:55] Alerta 000013 erro na checagem: Falha ao extrair preco.
[2026-06-07 20:58:55] Alerta 000013 falhou: Falha ao extrair preco.
[2026-06-07 20:58:55] Execucao finalizada sem disparos.
[2026-06-07 20:58:55] Resumo de falhas: links invalidos=0; descricao divergente=0; falha extracao preco=1.
[2026-06-07 20:58:55] Finalizada execucao do alerta 000013.
[2026-06-07 20:58:55] Iniciando execucao do alerta 000014.
[2026-06-07 20:58:55] Alerta 000014 erro na checagem: Falha ao extrair preco.
[2026-06-07 20:58:55] Alerta 000014 falhou: Falha ao extrair preco.
[2026-06-07 20:58:55] Execucao finalizada sem disparos.
[2026-06-07 20:58:55] Resumo de falhas: links invalidos=0; descricao divergente=0; falha extracao preco=1.
[2026-06-07 20:58:55] Finalizada execucao do alerta 000014.
[2026-06-07 20:58:56] Iniciando execucao do alerta 000020.
[2026-06-07 20:58:56] Alerta 000020 erro na checagem: Falha ao extrair preco.
[2026-06-07 20:58:56] Alerta 000020 falhou: Falha ao extrair preco.
[2026-06-07 20:58:56] Execucao finalizada sem disparos.
[2026-06-07 20:58:56] Resumo de falhas: links invalidos=0; descricao divergente=0; falha extracao preco=1.
[2026-06-07 20:58:56] Finalizada execucao do alerta 000020.
[2026-06-07 20:58:56] Iniciando execucao do alerta 000021.
[2026-06-07 20:58:57] Alerta 000021 erro na checagem: Falha ao extrair preco.
[2026-06-07 20:58:57] Alerta 000021 falhou: Falha ao extrair preco.
[2026-06-07 20:58:57] Execucao finalizada sem disparos.
[2026-06-07 20:58:57] Resumo de falhas: links invalidos=0; descricao divergente=0; falha extracao preco=1.
[2026-06-07 20:58:57] Finalizada execucao do alerta 000021.
[2026-06-07 20:58:57] Iniciando execucao do alerta 000022.
[2026-06-07 20:58:57] Alerta 000022 erro na checagem: Falha ao extrair preco.
[2026-06-07 20:58:57] Alerta 000022 falhou: Falha ao extrair preco.
[2026-06-07 20:58:57] Execucao finalizada sem disparos.
[2026-06-07 20:58:57] Resumo de falhas: links invalidos=0; descricao divergente=0; falha extracao preco=1.
[2026-06-07 20:58:57] Finalizada execucao do alerta 000022.
[2026-06-07 20:58:57] Iniciando execucao do alerta 000028.
[2026-06-07 20:58:57] Alerta 000028 erro na checagem: Falha ao extrair preco.
[2026-06-07 20:58:57] Alerta 000028 falhou: Falha ao extrair preco.
[2026-06-07 20:58:57] Execucao finalizada sem disparos.
[2026-06-07 20:58:57] Resumo de falhas: links invalidos=0; descricao divergente=0; falha extracao preco=1.
[2026-06-07 20:58:57] Finalizada execucao do alerta 000028.
[2026-06-07 20:58:57] Iniciando execucao do alerta 000029.
[2026-06-07 20:58:57] Alerta 000029 erro na checagem: Falha ao extrair preco.
[2026-06-07 20:58:57] Alerta 000029 falhou: Falha ao extrair preco.
[2026-06-07 20:58:57] Execucao finalizada sem disparos.
[2026-06-07 20:58:57] Resumo de falhas: links invalidos=0; descricao divergente=0; falha extracao preco=1.
[2026-06-07 20:58:57] Finalizada execucao do alerta 000029.
[2026-06-07 20:58:58] Iniciando execucao do alerta 000031.
[2026-06-07 20:58:58] Alerta 000031 erro na checagem: Falha ao extrair preco.
[2026-06-07 20:58:58] Alerta 000031 falhou: Falha ao extrair preco.
[2026-06-07 20:58:58] Execucao finalizada sem disparos.
[2026-06-07 20:58:58] Resumo de falhas: links invalidos=0; descricao divergente=0; falha extracao preco=1.
[2026-06-07 20:58:59] Finalizada execucao do alerta 000031.
[2026-06-07 20:58:59] Iniciando execucao do alerta 000033.
[2026-06-07 20:58:59] Alerta 000033 erro na checagem: Falha ao extrair preco.
[2026-06-07 20:58:59] Alerta 000033 falhou: Falha ao extrair preco.
[2026-06-07 20:58:59] Execucao finalizada sem disparos.
[2026-06-07 20:58:59] Resumo de falhas: links invalidos=0; descricao divergente=0; falha extracao preco=1.
[2026-06-07 20:58:59] Finalizada execucao do alerta 000033.
[2026-06-07 21:40:52] Alerta 000022 enfileirado (manual) - nome: Fritadeira Air Fryer Oven Britânia 11 Litros 8 Funções 1800W BAF11A.
[2026-06-07 21:40:52] Iniciando execucao do alerta 000022.
[2026-06-07 21:40:53] Alerta 000028 enfileirado (manual) - nome: Smartphone Motorola Signature 5g - 512gb 24gb (12gb Ram + 12gb Ram Boost), 3 Cameras 50mp Sony Lytia E Zoom 100x, Tela 1.5k Extreme Amoled 165hz - Preto.
[2026-06-07 21:40:54] Alerta 000029 enfileirado (manual) - nome: Apple iPhone 16 Pro Max (512 GB) - Titânio-deserto.
[2026-06-07 21:40:54] Alerta 000031 enfileirado (manual) - nome: Cafeteira 1200 Walita.
[2026-06-07 21:40:55] Alerta 000033 enfileirado (manual) - nome: Capa Skincase Strongshell Para Macbook Air 15 Preto M5.
[2026-06-07 21:40:56] Alerta 000013 enfileirado (manual) - nome: Fralda.
[2026-06-07 21:40:57] Alerta 000014 enfileirado (manual) - nome: Tênis Asics Gel-challenger 15 Clay Masculino.
[2026-06-07 21:40:58] Alerta 000020 enfileirado (manual) - nome: Kit Wella Invigo Nutri Enrich Sh, Cond E Válvulas.
[2026-06-07 21:40:59] Alerta 000021 enfileirado (manual) - nome: Monitor Gamer LG UltraGear 24” 24GS60F-B IPS Full HD 180Hz 1ms (GtG) NVIDIA® G-SYNC®.
[2026-06-07 21:40:59] Alerta 000022 ignorado no enfileiramento (manual): ja em execucao/fila.
[2026-06-07 21:41:00] Alerta 000028 ignorado no enfileiramento (manual): ja em execucao/fila.
[2026-06-07 21:41:00] Alerta 000029 ignorado no enfileiramento (manual): ja em execucao/fila.
[2026-06-07 21:41:01] Alerta 000031 ignorado no enfileiramento (manual): ja em execucao/fila.
[2026-06-07 21:41:01] Alerta 000033 ignorado no enfileiramento (manual): ja em execucao/fila.
[2026-06-07 21:41:04] Alerta 000022 checado: triggered=True preco=379.0 alvo=380.0
[2026-06-07 21:41:05] Notificacao alerta 000022: email=SMTP nao configurado; whatsapp=1 envio(s) destinos=***3269 sid=SM5246cfc2ce99f1023307381e6c60fd75.
[2026-06-07 21:41:05] Execucao finalizada com 1 alerta(s) disparado(s).
[2026-06-07 21:41:05] Finalizada execucao do alerta 000022.
[2026-06-07 21:41:05] Iniciando execucao do alerta 000028.
[2026-06-07 21:41:30] Alerta 000028 checado: triggered=False preco=6639.15 alvo=5000.0
[2026-06-07 21:41:30] Alerta 000028 sem disparo nesta execucao.
[2026-06-07 21:41:30] Execucao finalizada sem disparos.
[2026-06-07 21:41:30] Finalizada execucao do alerta 000028.
[2026-06-07 21:41:30] Iniciando execucao do alerta 000029.
[2026-06-07 21:41:42] Alerta 000029 checado: triggered=False preco=9048.89 alvo=8000.0
[2026-06-07 21:41:42] Alerta 000029 sem disparo nesta execucao.
[2026-06-07 21:41:42] Execucao finalizada sem disparos.
[2026-06-07 21:41:42] Finalizada execucao do alerta 000029.
[2026-06-07 21:41:42] Iniciando execucao do alerta 000031.
[2026-06-07 21:41:54] Alerta 000031 checado: triggered=False preco=2299.0 alvo=2100.0
[2026-06-07 21:41:54] Alerta 000031 sem disparo nesta execucao.
[2026-06-07 21:41:54] Execucao finalizada sem disparos.
[2026-06-07 21:41:54] Finalizada execucao do alerta 000031.
[2026-06-07 21:41:54] Iniciando execucao do alerta 000033.
[2026-06-07 21:42:13] Alerta 000033 checado: triggered=False preco=129.9 alvo=120.0
[2026-06-07 21:42:13] Alerta 000033 sem disparo nesta execucao.
[2026-06-07 21:42:13] Execucao finalizada sem disparos.
[2026-06-07 21:42:13] Finalizada execucao do alerta 000033.
[2026-06-07 21:42:13] Iniciando execucao do alerta 000013.
[2026-06-07 21:42:24] Alerta 000013 checado: triggered=False preco=89.65 alvo=70.0
[2026-06-07 21:42:24] Alerta 000013 sem disparo nesta execucao.
[2026-06-07 21:42:24] Execucao finalizada sem disparos.
[2026-06-07 21:42:24] Finalizada execucao do alerta 000013.
[2026-06-07 21:42:24] Iniciando execucao do alerta 000014.
[2026-06-07 21:42:28] Alerta 000021 ignorado no enfileiramento (manual): ja em execucao/fila.
[2026-06-07 21:42:30] Alerta 000014 erro na checagem: Falha ao extrair preco.
[2026-06-07 21:42:30] Alerta 000014 falhou: Falha ao extrair preco.
[2026-06-07 21:42:30] Execucao finalizada sem disparos.
[2026-06-07 21:42:30] Resumo de falhas: links invalidos=0; descricao divergente=0; falha extracao preco=1.
[2026-06-07 21:42:30] Finalizada execucao do alerta 000014.
[2026-06-07 21:42:30] Iniciando execucao do alerta 000020.
[2026-06-07 21:42:31] Alerta 000020 ignorado no enfileiramento (manual): ja em execucao/fila.
[2026-06-07 21:42:32] Alerta 000014 enfileirado (manual) - nome: Tênis Asics Gel-challenger 15 Clay Masculino.
[2026-06-07 21:42:33] Alerta 000020 erro na checagem: Falha ao extrair preco.
[2026-06-07 21:42:33] Alerta 000020 falhou: Falha ao extrair preco.
[2026-06-07 21:42:33] Execucao finalizada sem disparos.
[2026-06-07 21:42:33] Resumo de falhas: links invalidos=0; descricao divergente=0; falha extracao preco=1.
[2026-06-07 21:42:33] Finalizada execucao do alerta 000020.
[2026-06-07 21:42:33] Iniciando execucao do alerta 000021.
[2026-06-07 21:42:36] Alerta 000021 erro na checagem: Falha ao extrair preco.
[2026-06-07 21:42:36] Alerta 000021 falhou: Falha ao extrair preco.
[2026-06-07 21:42:36] Execucao finalizada sem disparos.
[2026-06-07 21:42:36] Resumo de falhas: links invalidos=0; descricao divergente=0; falha extracao preco=1.
[2026-06-07 21:42:36] Finalizada execucao do alerta 000021.
[2026-06-07 21:42:36] Iniciando execucao do alerta 000014.
[2026-06-07 21:42:41] Alerta 000014 erro na checagem: Falha ao extrair preco.
[2026-06-07 21:42:41] Alerta 000014 falhou: Falha ao extrair preco.
[2026-06-07 21:42:41] Execucao finalizada sem disparos.
[2026-06-07 21:42:41] Resumo de falhas: links invalidos=0; descricao divergente=0; falha extracao preco=1.
[2026-06-07 21:42:41] Finalizada execucao do alerta 000014.
[2026-06-07 21:46:37] Alerta 000014 enfileirado (manual) - nome: Tênis Asics Gel-challenger 15 Clay Masculino.
[2026-06-07 21:46:37] Iniciando execucao do alerta 000014.
[2026-06-07 21:47:02] Alerta 000014 checado: triggered=True preco=649.9 alvo=700.0
[2026-06-07 21:47:02] Alerta 000014 sem novo envio (mesmo dia e sem queda adicional de preco).
[2026-06-07 21:47:02] Execucao finalizada sem disparos.
[2026-06-07 21:47:02] Finalizada execucao do alerta 000014.
[2026-06-07 21:47:12] Alerta 000014 enfileirado (manual) - nome: Tênis Asics Gel-challenger 15 Clay Masculino.
[2026-06-07 21:47:12] Iniciando execucao do alerta 000014.
[2026-06-07 21:47:36] Alerta 000014 checado: triggered=False preco=649.9 alvo=645.0
[2026-06-07 21:47:36] Alerta 000014 sem disparo nesta execucao.
[2026-06-07 21:47:36] Execucao finalizada sem disparos.
[2026-06-07 21:47:36] Finalizada execucao do alerta 000014.
[2026-06-07 21:47:47] Alerta 000020 enfileirado (manual) - nome: Kit Wella Invigo Nutri Enrich Sh, Cond E Válvulas.
[2026-06-07 21:47:47] Iniciando execucao do alerta 000020.
[2026-06-07 21:47:58] Alerta 000020 checado: triggered=False preco=333.0 alvo=250.0
[2026-06-07 21:47:58] Alerta 000020 sem disparo nesta execucao.
[2026-06-07 21:47:58] Execucao finalizada sem disparos.
[2026-06-07 21:47:58] Finalizada execucao do alerta 000020.
[2026-06-07 21:48:00] Alerta 000021 enfileirado (manual) - nome: Monitor Gamer LG UltraGear 24” 24GS60F-B IPS Full HD 180Hz 1ms (GtG) NVIDIA® G-SYNC®.
[2026-06-07 21:48:00] Iniciando execucao do alerta 000021.
[2026-06-07 21:48:12] Alerta 000021 checado: triggered=False preco=789.65 alvo=710.0
[2026-06-07 21:48:12] Alerta 000021 sem disparo nesta execucao.
[2026-06-07 21:48:12] Execucao finalizada sem disparos.
[2026-06-07 21:48:12] Finalizada execucao do alerta 000021.
