=== Inicio do log de alertas: 2026-05-31T21:50:20 ===
[2026-05-31 21:51:16] Alerta 000006 enfileirado (manual) - nome: Cafeteira Elétrica.
[2026-05-31 21:51:16] Iniciando execucao do alerta 000006.
[2026-05-31 21:51:16] Alerta 000006 erro na checagem: Descricao nao bateu com o titulo.
[2026-05-31 21:51:16] Alerta 000006 falhou: Descricao nao bateu com o titulo.
[2026-05-31 21:51:16] Execucao finalizada sem disparos.
[2026-05-31 21:51:16] Resumo de falhas: links invalidos=0; descricao divergente=1; falha extracao preco=0.
[2026-05-31 21:51:16] Finalizada execucao do alerta 000006.
[2026-05-31 21:51:20] Alerta 000010 enfileirado (scheduler) - nome: Kit irrigação solar automática.
[2026-05-31 21:51:20] Alerta 000013 enfileirado (scheduler) - nome: Fralda.
[2026-05-31 21:51:20] Alerta 000014 enfileirado (scheduler) - nome: Tênis Asics Gel-challenger 15 Clay Masculino.
[2026-05-31 21:51:20] Alerta 000017 enfileirado (scheduler) - nome: Poste de aço modular de jardim.
[2026-05-31 21:51:20] Alerta 000018 enfileirado (scheduler) - nome: Kit Trilho Eletrificado 2,5m + 5 Spot Led 10w Bivolt.
[2026-05-31 21:51:20] Alerta 000019 enfileirado (scheduler) - nome: Cadeirinha infantil para carro Litet Mass 0-36kg Preta e Cinza - BB458.
[2026-05-31 21:51:20] Alerta 000020 enfileirado (scheduler) - nome: Kit Wella Invigo Nutri Enrich Sh, Cond E Válvulas.
[2026-05-31 21:51:20] Alerta 000021 enfileirado (scheduler) - nome: Monitor Gamer LG UltraGear 24” 24GS60F-B IPS Full HD 180Hz 1ms (GtG) NVIDIA® G-SYNC®.
[2026-05-31 21:51:20] Alerta 000022 enfileirado (scheduler) - nome: Fritadeira Air Fryer Oven Britânia 11 Litros 8 Funções 1800W BAF11A.
[2026-05-31 21:51:20] Alerta 000023 enfileirado (scheduler) - nome: Par Munhequeira Wilson Tênis Squash Basquete Beach Tennis.
[2026-05-31 21:51:20] Alerta 000024 enfileirado (scheduler) - nome: Suporte Articulado Para Monitor 13 a 32 Pistão a Gás Ajustável Zinnia Nimbo 110 Branco.
[2026-05-31 21:51:20] Alerta 000025 enfileirado (scheduler) - nome: Suporte Articulado Para 2 Monitores 13 a 32 Pistão a Gás Zinnia Nimbo 210 Branco.
[2026-05-31 21:51:20] Alerta 000026 enfileirado (scheduler) - nome: Amazon Fire Tv Stick 2024 8gb Controle Alexa Preto.
[2026-05-31 21:51:20] Alerta 000027 enfileirado (scheduler) - nome: Hub USB-C 8 em 1 Newness HDMI 4K RJ45 USB 3.0 Leitor SD MacBook Air.
[2026-05-31 21:51:20] Alerta 000028 enfileirado (scheduler) - nome: Smartphone Motorola Signature 5g - 512gb 24gb (12gb Ram + 12gb Ram Boost), 3 Cameras 50mp Sony Lytia E Zoom 100x, Tela 1.5k Extreme Amoled 165hz - Preto.
[2026-05-31 21:51:20] Iniciando execucao do alerta 000010.
[2026-05-31 21:51:21] Alerta 000010 erro na checagem: Descricao nao bateu com o titulo.
[2026-05-31 21:51:21] Alerta 000010 falhou: Descricao nao bateu com o titulo.
[2026-05-31 21:51:21] Execucao finalizada sem disparos.
[2026-05-31 21:51:21] Resumo de falhas: links invalidos=0; descricao divergente=1; falha extracao preco=0.
[2026-05-31 21:51:21] Finalizada execucao do alerta 000010.
[2026-05-31 21:51:21] Iniciando execucao do alerta 000013.
[2026-05-31 21:51:27] Alerta 000013 checado: triggered=False preco=89.77 alvo=70.0
[2026-05-31 21:51:27] Alerta 000013 sem disparo nesta execucao.
[2026-05-31 21:51:27] Execucao finalizada sem disparos.
[2026-05-31 21:51:27] Finalizada execucao do alerta 000013.
[2026-05-31 21:51:27] Iniciando execucao do alerta 000014.
[2026-05-31 21:51:28] Alerta 000014 erro na checagem: Descricao nao bateu com o titulo.
[2026-05-31 21:51:28] Alerta 000014 falhou: Descricao nao bateu com o titulo.
[2026-05-31 21:51:28] Execucao finalizada sem disparos.
[2026-05-31 21:51:28] Resumo de falhas: links invalidos=0; descricao divergente=1; falha extracao preco=0.
[2026-05-31 21:51:28] Finalizada execucao do alerta 000014.
[2026-05-31 21:51:28] Iniciando execucao do alerta 000017.
[2026-05-31 21:51:35] Alerta 000017 checado: triggered=False preco=1071.15 alvo=1000.0
[2026-05-31 21:51:35] Alerta 000017 sem disparo nesta execucao.
[2026-05-31 21:51:35] Execucao finalizada sem disparos.
[2026-05-31 21:51:35] Finalizada execucao do alerta 000017.
[2026-05-31 21:51:35] Iniciando execucao do alerta 000018.
[2026-05-31 21:51:43] Alerta 000018 checado: triggered=False preco=187.2 alvo=185.0
[2026-05-31 21:51:43] Alerta 000018 sem disparo nesta execucao.
[2026-05-31 21:51:43] Execucao finalizada sem disparos.
[2026-05-31 21:51:43] Finalizada execucao do alerta 000018.
[2026-05-31 21:51:43] Iniciando execucao do alerta 000019.
[2026-05-31 21:51:44] Alerta 000019 erro na checagem: Descricao nao bateu com o titulo.
[2026-05-31 21:51:44] Alerta 000019 falhou: Descricao nao bateu com o titulo.
[2026-05-31 21:51:44] Execucao finalizada sem disparos.
[2026-05-31 21:51:44] Resumo de falhas: links invalidos=0; descricao divergente=1; falha extracao preco=0.
[2026-05-31 21:51:44] Finalizada execucao do alerta 000019.
[2026-05-31 21:51:44] Iniciando execucao do alerta 000020.
[2026-05-31 21:51:44] Alerta 000020 erro na checagem: Descricao nao bateu com o titulo.
[2026-05-31 21:51:44] Alerta 000020 falhou: Descricao nao bateu com o titulo.
[2026-05-31 21:51:44] Execucao finalizada sem disparos.
[2026-05-31 21:51:44] Resumo de falhas: links invalidos=0; descricao divergente=1; falha extracao preco=0.
[2026-05-31 21:51:44] Finalizada execucao do alerta 000020.
[2026-05-31 21:51:44] Iniciando execucao do alerta 000021.
[2026-05-31 21:51:45] Alerta 000021 erro na checagem: Descricao nao bateu com o titulo.
[2026-05-31 21:51:45] Alerta 000021 falhou: Descricao nao bateu com o titulo.
[2026-05-31 21:51:45] Execucao finalizada sem disparos.
[2026-05-31 21:51:45] Resumo de falhas: links invalidos=0; descricao divergente=1; falha extracao preco=0.
[2026-05-31 21:51:45] Finalizada execucao do alerta 000021.
[2026-05-31 21:51:45] Iniciando execucao do alerta 000022.
[2026-05-31 21:51:46] Alerta 000022 erro na checagem: Descricao nao bateu com o titulo.
[2026-05-31 21:51:46] Alerta 000022 falhou: Descricao nao bateu com o titulo.
[2026-05-31 21:51:46] Execucao finalizada sem disparos.
[2026-05-31 21:51:46] Resumo de falhas: links invalidos=0; descricao divergente=1; falha extracao preco=0.
[2026-05-31 21:51:46] Finalizada execucao do alerta 000022.
[2026-05-31 21:51:46] Iniciando execucao do alerta 000023.
[2026-05-31 21:51:47] Alerta 000023 erro na checagem: Descricao nao bateu com o titulo.
[2026-05-31 21:51:47] Alerta 000023 falhou: Descricao nao bateu com o titulo.
[2026-05-31 21:51:47] Execucao finalizada sem disparos.
[2026-05-31 21:51:47] Resumo de falhas: links invalidos=0; descricao divergente=1; falha extracao preco=0.
[2026-05-31 21:51:47] Finalizada execucao do alerta 000023.
[2026-05-31 21:51:47] Iniciando execucao do alerta 000024.
[2026-05-31 21:51:48] Alerta 000024 erro na checagem: Descricao nao bateu com o titulo.
[2026-05-31 21:51:48] Alerta 000024 falhou: Descricao nao bateu com o titulo.
[2026-05-31 21:51:48] Execucao finalizada sem disparos.
[2026-05-31 21:51:48] Resumo de falhas: links invalidos=0; descricao divergente=1; falha extracao preco=0.
[2026-05-31 21:51:48] Finalizada execucao do alerta 000024.
[2026-05-31 21:51:48] Iniciando execucao do alerta 000025.
[2026-05-31 21:51:48] Alerta 000025 erro na checagem: Descricao nao bateu com o titulo.
[2026-05-31 21:51:48] Alerta 000025 falhou: Descricao nao bateu com o titulo.
[2026-05-31 21:51:48] Execucao finalizada sem disparos.
[2026-05-31 21:51:48] Resumo de falhas: links invalidos=0; descricao divergente=1; falha extracao preco=0.
[2026-05-31 21:51:48] Finalizada execucao do alerta 000025.
[2026-05-31 21:51:49] Iniciando execucao do alerta 000026.
[2026-05-31 21:51:49] Alerta 000026 erro na checagem: Descricao nao bateu com o titulo.
[2026-05-31 21:51:49] Alerta 000026 falhou: Descricao nao bateu com o titulo.
[2026-05-31 21:51:49] Execucao finalizada sem disparos.
[2026-05-31 21:51:49] Resumo de falhas: links invalidos=0; descricao divergente=1; falha extracao preco=0.
[2026-05-31 21:51:49] Finalizada execucao do alerta 000026.
[2026-05-31 21:51:49] Iniciando execucao do alerta 000027.
[2026-05-31 21:51:50] Alerta 000027 erro na checagem: Descricao nao bateu com o titulo.
[2026-05-31 21:51:50] Alerta 000027 falhou: Descricao nao bateu com o titulo.
[2026-05-31 21:51:50] Execucao finalizada sem disparos.
[2026-05-31 21:51:50] Resumo de falhas: links invalidos=0; descricao divergente=1; falha extracao preco=0.
[2026-05-31 21:51:50] Finalizada execucao do alerta 000027.
[2026-05-31 21:51:50] Iniciando execucao do alerta 000028.
[2026-05-31 21:51:52] Alerta 000028 erro na checagem: Descricao nao bateu com o titulo.
[2026-05-31 21:51:52] Alerta 000028 falhou: Descricao nao bateu com o titulo.
[2026-05-31 21:51:52] Execucao finalizada sem disparos.
[2026-05-31 21:51:52] Resumo de falhas: links invalidos=0; descricao divergente=1; falha extracao preco=0.
[2026-05-31 21:51:52] Finalizada execucao do alerta 000028.
[2026-05-31 21:56:10] Alerta 000006 enfileirado (manual) - nome: Cafeteira Elétrica.
[2026-05-31 21:56:10] Iniciando execucao do alerta 000006.
[2026-05-31 21:56:11] Alerta 000006 erro na checagem: Falha ao extrair preco.
[2026-05-31 21:56:11] Alerta 000006 falhou: Falha ao extrair preco.
[2026-05-31 21:56:11] Execucao finalizada sem disparos.
[2026-05-31 21:56:11] Resumo de falhas: links invalidos=0; descricao divergente=0; falha extracao preco=1.
[2026-05-31 21:56:11] Finalizada execucao do alerta 000006.
[2026-05-31 21:56:13] Alerta 000010 enfileirado (manual) - nome: Kit irrigação solar automática.
[2026-05-31 21:56:13] Iniciando execucao do alerta 000010.
[2026-05-31 21:56:14] Alerta 000010 erro na checagem: Falha ao extrair preco.
[2026-05-31 21:56:14] Alerta 000010 falhou: Falha ao extrair preco.
[2026-05-31 21:56:14] Execucao finalizada sem disparos.
[2026-05-31 21:56:14] Resumo de falhas: links invalidos=0; descricao divergente=0; falha extracao preco=1.
[2026-05-31 21:56:14] Finalizada execucao do alerta 000010.
[2026-05-31 21:56:16] Alerta 000013 enfileirado (manual) - nome: Fralda.
[2026-05-31 21:56:16] Iniciando execucao do alerta 000013.
[2026-05-31 21:56:22] Alerta 000013 checado: triggered=False preco=89.77 alvo=70.0
[2026-05-31 21:56:22] Alerta 000013 sem disparo nesta execucao.
[2026-05-31 21:56:22] Execucao finalizada sem disparos.
[2026-05-31 21:56:22] Finalizada execucao do alerta 000013.
[2026-05-31 22:04:44] Alerta 000010 enfileirado (manual) - nome: Kit irrigação solar automática.
[2026-05-31 22:04:44] Iniciando execucao do alerta 000010.
[2026-05-31 22:04:58] Alerta 000010 checado: triggered=False preco=143.89 alvo=135.0
[2026-05-31 22:04:58] Alerta 000010 sem disparo nesta execucao.
[2026-05-31 22:04:58] Execucao finalizada sem disparos.
[2026-05-31 22:04:58] Finalizada execucao do alerta 000010.
[2026-05-31 22:05:10] Alerta 000006 enfileirado (manual) - nome: Cafeteira Elétrica.
[2026-05-31 22:05:10] Iniciando execucao do alerta 000006.
[2026-05-31 22:05:22] Alerta 000006 checado: triggered=False preco=2499.9 alvo=2100.0
[2026-05-31 22:05:22] Alerta 000006 sem disparo nesta execucao.
[2026-05-31 22:05:22] Execucao finalizada sem disparos.
[2026-05-31 22:05:22] Finalizada execucao do alerta 000006.
[2026-05-31 22:05:26] Alerta 000013 enfileirado (manual) - nome: Fralda.
[2026-05-31 22:05:26] Iniciando execucao do alerta 000013.
[2026-05-31 22:05:32] Alerta 000013 checado: triggered=False preco=89.77 alvo=70.0
[2026-05-31 22:05:32] Alerta 000013 sem disparo nesta execucao.
[2026-05-31 22:05:32] Execucao finalizada sem disparos.
[2026-05-31 22:05:32] Finalizada execucao do alerta 000013.
[2026-05-31 22:05:37] Alerta 000014 enfileirado (manual) - nome: Tênis Asics Gel-challenger 15 Clay Masculino.
[2026-05-31 22:05:37] Iniciando execucao do alerta 000014.
[2026-05-31 22:05:51] Alerta 000014 checado: triggered=False preco=781.51 alvo=700.0
[2026-05-31 22:05:51] Alerta 000014 sem disparo nesta execucao.
[2026-05-31 22:05:51] Execucao finalizada sem disparos.
[2026-05-31 22:05:51] Finalizada execucao do alerta 000014.
[2026-05-31 22:19:07] Alerta 000029 enfileirado (manual) - nome: Apple iPhone 16 Pro Max (512 GB) - Titânio-deserto.
[2026-05-31 22:19:07] Iniciando execucao do alerta 000029.
[2026-05-31 22:19:20] Alerta 000029 checado: triggered=False preco=9910.15 alvo=8000.0
[2026-05-31 22:19:20] Alerta 000029 sem disparo nesta execucao.
[2026-05-31 22:19:20] Execucao finalizada sem disparos.
[2026-05-31 22:19:20] Finalizada execucao do alerta 000029.
[2026-05-31 22:24:00] Alerta 000006 enfileirado (manual) - nome: Cafeteira Elétrica.
[2026-05-31 22:24:00] Iniciando execucao do alerta 000006.
[2026-05-31 22:24:12] Alerta 000006 checado: triggered=False preco=2499.9 alvo=2100.0
[2026-05-31 22:24:12] Alerta 000006 sem disparo nesta execucao.
[2026-05-31 22:24:12] Execucao finalizada sem disparos.
[2026-05-31 22:24:12] Finalizada execucao do alerta 000006.
[2026-05-31 22:24:19] Alerta 000010 enfileirado (manual) - nome: Kit irrigação solar automática.
[2026-05-31 22:24:19] Iniciando execucao do alerta 000010.
[2026-05-31 22:24:20] Alerta 000013 enfileirado (manual) - nome: Fralda.
[2026-05-31 22:24:21] Alerta 000014 enfileirado (manual) - nome: Tênis Asics Gel-challenger 15 Clay Masculino.
[2026-05-31 22:24:22] Alerta 000017 enfileirado (manual) - nome: Poste de aço modular de jardim.
[2026-05-31 22:24:22] Alerta 000018 enfileirado (manual) - nome: Kit Trilho Eletrificado 2,5m + 5 Spot Led 10w Bivolt.
[2026-05-31 22:24:23] Alerta 000019 enfileirado (manual) - nome: Cadeirinha infantil para carro Litet Mass 0-36kg Preta e Cinza - BB458.
[2026-05-31 22:24:23] Alerta 000020 enfileirado (manual) - nome: Kit Wella Invigo Nutri Enrich Sh, Cond E Válvulas.
[2026-05-31 22:24:26] Alerta 000021 enfileirado (manual) - nome: Monitor Gamer LG UltraGear 24” 24GS60F-B IPS Full HD 180Hz 1ms (GtG) NVIDIA® G-SYNC®.
[2026-05-31 22:24:27] Alerta 000022 enfileirado (manual) - nome: Fritadeira Air Fryer Oven Britânia 11 Litros 8 Funções 1800W BAF11A.
[2026-05-31 22:24:27] Alerta 000023 enfileirado (manual) - nome: Par Munhequeira Wilson Tênis Squash Basquete Beach Tennis.
[2026-05-31 22:24:28] Alerta 000024 enfileirado (manual) - nome: Suporte Articulado Para Monitor 13 a 32 Pistão a Gás Ajustável Zinnia Nimbo 110 Branco.
[2026-05-31 22:24:28] Alerta 000025 enfileirado (manual) - nome: Suporte Articulado Para 2 Monitores 13 a 32 Pistão a Gás Zinnia Nimbo 210 Branco.
[2026-05-31 22:24:29] Alerta 000026 enfileirado (manual) - nome: Amazon Fire Tv Stick 2024 8gb Controle Alexa Preto.
[2026-05-31 22:24:29] Alerta 000010 checado: triggered=False preco=143.89 alvo=135.0
[2026-05-31 22:24:29] Alerta 000010 sem disparo nesta execucao.
[2026-05-31 22:24:29] Execucao finalizada sem disparos.
[2026-05-31 22:24:29] Finalizada execucao do alerta 000010.
[2026-05-31 22:24:29] Iniciando execucao do alerta 000013.
[2026-05-31 22:24:30] Alerta 000027 enfileirado (manual) - nome: Hub USB-C 8 em 1 Newness HDMI 4K RJ45 USB 3.0 Leitor SD MacBook Air.
[2026-05-31 22:24:30] Alerta 000028 enfileirado (manual) - nome: Smartphone Motorola Signature 5g - 512gb 24gb (12gb Ram + 12gb Ram Boost), 3 Cameras 50mp Sony Lytia E Zoom 100x, Tela 1.5k Extreme Amoled 165hz - Preto.
[2026-05-31 22:24:31] Alerta 000029 enfileirado (manual) - nome: Apple iPhone 16 Pro Max (512 GB) - Titânio-deserto.
[2026-05-31 22:24:35] Alerta 000013 checado: triggered=False preco=89.77 alvo=70.0
[2026-05-31 22:24:35] Alerta 000013 sem disparo nesta execucao.
[2026-05-31 22:24:35] Execucao finalizada sem disparos.
[2026-05-31 22:24:35] Finalizada execucao do alerta 000013.
[2026-05-31 22:24:35] Iniciando execucao do alerta 000014.
[2026-05-31 22:24:49] Alerta 000014 checado: triggered=False preco=781.51 alvo=700.0
[2026-05-31 22:24:49] Alerta 000014 sem disparo nesta execucao.
[2026-05-31 22:24:49] Execucao finalizada sem disparos.
[2026-05-31 22:24:49] Finalizada execucao do alerta 000014.
[2026-05-31 22:24:49] Iniciando execucao do alerta 000017.
[2026-05-31 22:24:57] Alerta 000017 checado: triggered=False preco=1071.15 alvo=1000.0
[2026-05-31 22:24:57] Alerta 000017 sem disparo nesta execucao.
[2026-05-31 22:24:57] Execucao finalizada sem disparos.
[2026-05-31 22:24:57] Finalizada execucao do alerta 000017.
[2026-05-31 22:24:57] Iniciando execucao do alerta 000018.
[2026-05-31 22:25:05] Alerta 000018 checado: triggered=False preco=187.2 alvo=185.0
[2026-05-31 22:25:05] Alerta 000018 sem disparo nesta execucao.
[2026-05-31 22:25:05] Execucao finalizada sem disparos.
[2026-05-31 22:25:05] Finalizada execucao do alerta 000018.
[2026-05-31 22:25:05] Iniciando execucao do alerta 000019.
[2026-05-31 22:25:17] Alerta 000019 checado: triggered=False preco=599.0 alvo=560.0
[2026-05-31 22:25:17] Alerta 000019 sem disparo nesta execucao.
[2026-05-31 22:25:17] Execucao finalizada sem disparos.
[2026-05-31 22:25:17] Finalizada execucao do alerta 000019.
[2026-05-31 22:25:17] Iniciando execucao do alerta 000020.
[2026-05-31 22:25:29] Alerta 000020 checado: triggered=True preco=149.0 alvo=250.0
[2026-05-31 22:25:29] Alerta 000020 marcou primeiro disparo em 2026-05-31T22:25:29.
[2026-05-31 22:25:30] Notificacao alerta 000020: email=sem destinos; whatsapp=1 envio(s) destinos=***3269 sid=SM7c8959f568d1ac1116201771943c8de5.
[2026-05-31 22:25:30] Execucao finalizada com 1 alerta(s) disparado(s).
[2026-05-31 22:25:30] Finalizada execucao do alerta 000020.
[2026-05-31 22:25:30] Iniciando execucao do alerta 000021.
[2026-05-31 22:25:42] Alerta 000021 checado: triggered=False preco=747.12 alvo=710.0
[2026-05-31 22:25:42] Alerta 000021 sem disparo nesta execucao.
[2026-05-31 22:25:42] Execucao finalizada sem disparos.
[2026-05-31 22:25:42] Finalizada execucao do alerta 000021.
[2026-05-31 22:25:42] Iniciando execucao do alerta 000022.
[2026-05-31 22:25:52] Alerta 000022 checado: triggered=False preco=407.14 alvo=380.0
[2026-05-31 22:25:52] Alerta 000022 sem disparo nesta execucao.
[2026-05-31 22:25:52] Execucao finalizada sem disparos.
[2026-05-31 22:25:53] Finalizada execucao do alerta 000022.
[2026-05-31 22:25:53] Iniciando execucao do alerta 000023.
[2026-05-31 22:26:04] Alerta 000023 checado: triggered=True preco=46.85 alvo=50.0
[2026-05-31 22:26:04] Notificacao alerta 000023: email=SMTP nao configurado; whatsapp=1 envio(s) destinos=***3269 sid=SM8b767a4aba578530633498c4d799cd05.
[2026-05-31 22:26:04] Execucao finalizada com 1 alerta(s) disparado(s).
[2026-05-31 22:26:04] Finalizada execucao do alerta 000023.
[2026-05-31 22:26:04] Iniciando execucao do alerta 000024.
[2026-05-31 22:26:17] Alerta 000024 checado: triggered=True preco=91.77 alvo=92.0
[2026-05-31 22:26:18] Notificacao alerta 000024: email=SMTP nao configurado; whatsapp=1 envio(s) destinos=***3269 sid=SM2dee56bba0d248672eb023235db4523f.
[2026-05-31 22:26:18] Execucao finalizada com 1 alerta(s) disparado(s).
[2026-05-31 22:26:18] Finalizada execucao do alerta 000024.
[2026-05-31 22:26:18] Iniciando execucao do alerta 000025.
[2026-05-31 22:26:30] Alerta 000025 checado: triggered=True preco=178.38 alvo=179.0
[2026-05-31 22:26:31] Notificacao alerta 000025: email=SMTP nao configurado; whatsapp=1 envio(s) destinos=***3269 sid=SM522e110690179119d55f69d36b5a2a76.
[2026-05-31 22:26:31] Execucao finalizada com 1 alerta(s) disparado(s).
[2026-05-31 22:26:31] Finalizada execucao do alerta 000025.
[2026-05-31 22:26:31] Iniciando execucao do alerta 000026.
[2026-05-31 22:26:52] Alerta 000026 erro na checagem: Nao foi possivel gerar link de afiliado para o anuncio encontrado.
[2026-05-31 22:26:52] Alerta 000026 falhou: Nao foi possivel gerar link de afiliado para o anuncio encontrado.
[2026-05-31 22:26:52] Execucao finalizada sem disparos.
[2026-05-31 22:26:52] Finalizada execucao do alerta 000026.
[2026-05-31 22:26:52] Iniciando execucao do alerta 000027.
[2026-05-31 22:27:05] Alerta 000027 checado: triggered=True preco=189.26 alvo=190.0
[2026-05-31 22:27:05] Alerta 000027 marcou primeiro disparo em 2026-05-31T22:27:05.
[2026-05-31 22:27:05] Notificacao alerta 000027: email=SMTP nao configurado; whatsapp=1 envio(s) destinos=***3269 sid=SM1f4578d928d2505a0c79b5675508eb2c.
[2026-05-31 22:27:05] Execucao finalizada com 1 alerta(s) disparado(s).
[2026-05-31 22:27:05] Finalizada execucao do alerta 000027.
[2026-05-31 22:27:05] Iniciando execucao do alerta 000028.
[2026-05-31 22:27:30] Alerta 000028 checado: triggered=False preco=5699.0 alvo=5000.0
[2026-05-31 22:27:30] Alerta 000028 sem disparo nesta execucao.
[2026-05-31 22:27:30] Execucao finalizada sem disparos.
[2026-05-31 22:27:30] Finalizada execucao do alerta 000028.
[2026-05-31 22:27:30] Iniciando execucao do alerta 000029.
[2026-05-31 22:27:42] Alerta 000029 checado: triggered=False preco=9910.15 alvo=8000.0
[2026-05-31 22:27:42] Alerta 000029 sem disparo nesta execucao.
[2026-05-31 22:27:42] Execucao finalizada sem disparos.
[2026-05-31 22:27:42] Finalizada execucao do alerta 000029.
[2026-05-31 22:31:09] Alerta 000026 enfileirado (manual) - nome: Amazon Fire Tv Stick 2024 8gb Controle Alexa Preto.
[2026-05-31 22:31:09] Iniciando execucao do alerta 000026.
[2026-05-31 22:31:32] Alerta 000026 erro na checagem: Nao foi possivel gerar link de afiliado para o anuncio encontrado.
[2026-05-31 22:31:32] Alerta 000026 falhou: Nao foi possivel gerar link de afiliado para o anuncio encontrado.
[2026-05-31 22:31:32] Execucao finalizada sem disparos.
[2026-05-31 22:31:32] Finalizada execucao do alerta 000026.
