=== Inicio do log de alertas: 2026-06-12T18:26:55 ===
[2026-06-12 18:27:55] Alerta 000013 enfileirado (scheduler) - nome: Fralda.
[2026-06-12 18:27:55] Alerta 000021 enfileirado (scheduler) - nome: Monitor Gamer LG UltraGear 24” 24GS60F-B IPS Full HD 180Hz 1ms (GtG) NVIDIA® G-SYNC®.
[2026-06-12 18:27:55] Alerta 000022 enfileirado (scheduler) - nome: Fritadeira Air Fryer Oven Britânia 11 Litros 8 Funções 1800W BAF11A.
[2026-06-12 18:27:55] Alerta 000031 enfileirado (scheduler) - nome: Cafeteira 1200 Walita.
[2026-06-12 18:27:55] Alerta 000039 enfileirado (scheduler) - nome: amazon firestick 4k.
[2026-06-12 18:27:55] Alerta 000040 enfileirado (scheduler) - nome: Micro-ondas Electrolux 20L Branco com Função Tira Odor.
[2026-06-12 18:27:55] Alerta 000041 enfileirado (scheduler) - nome: Lavadora De Alta Pressão.
[2026-06-12 18:27:55] Alerta 000042 enfileirado (scheduler) - nome: Panela De Pressão WAP WPPE1 Elétrica 6 Litros.
[2026-06-12 18:27:55] Alerta 000043 enfileirado (scheduler) - nome: Nível Laser 12 Linhas Verde.
[2026-06-12 18:27:55] Iniciando execucao do alerta 000013.
[2026-06-12 18:28:07] Alerta 000013 checado: triggered=False preco=89.65 alvo=70.0
[2026-06-12 18:28:07] Alerta 000013 sem disparo nesta execucao.
[2026-06-12 18:28:07] Execucao finalizada sem disparos.
[2026-06-12 18:28:07] Finalizada execucao do alerta 000013.
[2026-06-12 18:28:07] Iniciando execucao do alerta 000021.
[2026-06-12 18:28:19] Alerta 000021 checado: triggered=False preco=758.0 alvo=710.0
[2026-06-12 18:28:19] Alerta 000021 sem disparo nesta execucao.
[2026-06-12 18:28:19] Execucao finalizada sem disparos.
[2026-06-12 18:28:19] Finalizada execucao do alerta 000021.
[2026-06-12 18:28:19] Iniciando execucao do alerta 000022.
[2026-06-12 18:28:31] Alerta 000022 checado: triggered=True preco=322.0 alvo=370.0
[2026-06-12 18:28:31] Alerta 000022 marcou primeiro disparo em 2026-06-12T18:28:31.
[2026-06-12 18:28:32] Notificacao alerta 000022: email=SMTP nao configurado; whatsapp=1 envio(s) destinos=***3269 sid=SMe414f38a32bc5d99b7a2a75ea618bb2f.
[2026-06-12 18:28:32] Execucao finalizada com 1 alerta(s) disparado(s).
[2026-06-12 18:28:32] Finalizada execucao do alerta 000022.
[2026-06-12 18:28:32] Iniciando execucao do alerta 000031.
[2026-06-12 18:28:43] Alerta 000031 checado: triggered=False preco=2499.99 alvo=2100.0
[2026-06-12 18:28:43] Alerta 000031 sem disparo nesta execucao.
[2026-06-12 18:28:43] Execucao finalizada sem disparos.
[2026-06-12 18:28:43] Finalizada execucao do alerta 000031.
[2026-06-12 18:28:43] Iniciando execucao do alerta 000039.
[2026-06-12 18:28:55] Alerta 000039 ignorado no enfileiramento (scheduler): ja em execucao/fila.
[2026-06-12 18:28:55] Alerta 000040 ignorado no enfileiramento (scheduler): ja em execucao/fila.
[2026-06-12 18:28:55] Alerta 000041 ignorado no enfileiramento (scheduler): ja em execucao/fila.
[2026-06-12 18:28:55] Alerta 000042 ignorado no enfileiramento (scheduler): ja em execucao/fila.
[2026-06-12 18:28:55] Alerta 000043 ignorado no enfileiramento (scheduler): ja em execucao/fila.
[2026-06-12 18:29:01] Alerta 000039 checado: triggered=True preco=209.4 alvo=230.0
[2026-06-12 18:29:01] Alerta 000039 marcou primeiro disparo em 2026-06-12T18:29:01.
[2026-06-12 18:29:02] Notificacao alerta 000039: email=sem destinos; whatsapp=1 envio(s) destinos=***3269 sid=SM36db2e40d248b0296b072eed72899bad.
[2026-06-12 18:29:02] Execucao finalizada com 1 alerta(s) disparado(s).
[2026-06-12 18:29:02] Finalizada execucao do alerta 000039.
[2026-06-12 18:29:02] Iniciando execucao do alerta 000040.
[2026-06-12 18:29:13] Alerta 000040 checado: triggered=True preco=418.5 alvo=500.0
[2026-06-12 18:29:13] Notificacao alerta 000040: email=sem destinos; whatsapp=1 envio(s) destinos=***3269 sid=SM745cb48d3e300eda3c44e50494a0d13d.
[2026-06-12 18:29:13] Execucao finalizada com 1 alerta(s) disparado(s).
[2026-06-12 18:29:13] Finalizada execucao do alerta 000040.
[2026-06-12 18:29:14] Iniciando execucao do alerta 000041.
[2026-06-12 18:29:26] Alerta 000041 checado: triggered=True preco=269.99 alvo=350.0
[2026-06-12 18:29:26] Notificacao alerta 000041: email=sem destinos; whatsapp=1 envio(s) destinos=***3269 sid=SM07968319225a54188e0c14f28efd8afe.
[2026-06-12 18:29:26] Execucao finalizada com 1 alerta(s) disparado(s).
[2026-06-12 18:29:26] Finalizada execucao do alerta 000041.
[2026-06-12 18:29:27] Iniciando execucao do alerta 000042.
[2026-06-12 18:29:37] Alerta 000042 checado: triggered=True preco=369.0 alvo=600.0
[2026-06-12 18:29:37] Notificacao alerta 000042: email=sem destinos; whatsapp=1 envio(s) destinos=***3269 sid=SM9fc61d03c03ed28afe482f02c252faf5.
[2026-06-12 18:29:37] Execucao finalizada com 1 alerta(s) disparado(s).
[2026-06-12 18:29:37] Finalizada execucao do alerta 000042.
[2026-06-12 18:29:37] Iniciando execucao do alerta 000043.
[2026-06-12 18:29:50] Alerta 000043 checado: triggered=True preco=188.0 alvo=200.0
[2026-06-12 18:29:51] Notificacao alerta 000043: email=sem destinos; whatsapp=1 envio(s) destinos=***3269 sid=SM73894d8d60b5e8a43729f811b6c41467.
[2026-06-12 18:29:51] Execucao finalizada com 1 alerta(s) disparado(s).
[2026-06-12 18:29:51] Finalizada execucao do alerta 000043.
[2026-06-12 18:40:59] Alerta 000039 enfileirado (manual) - nome: amazon firestick 4k.
[2026-06-12 18:40:59] Iniciando execucao do alerta 000039.
[2026-06-12 18:41:18] Alerta 000039 checado: triggered=True preco=209.4 alvo=230.0
[2026-06-12 18:41:18] Alerta 000039 marcou primeiro disparo em 2026-06-12T18:41:18.
[2026-06-12 18:41:19] Notificacao alerta 000039: email=sem destinos; whatsapp=1 envio(s) destinos=***3269 sid=SM89ed8b91fad6f7386841aca5e2a720ea.
[2026-06-12 18:41:19] Execucao finalizada com 1 alerta(s) disparado(s).
[2026-06-12 18:41:19] Finalizada execucao do alerta 000039.
[2026-06-12 18:52:45] Alerta 000039 enfileirado (manual) - nome: amazon firestick 4k.
[2026-06-12 18:52:45] Iniciando execucao do alerta 000039.
[2026-06-12 18:53:03] Alerta 000039 checado: triggered=False preco=250.0 alvo=230.0
[2026-06-12 18:53:03] Alerta 000039 sem disparo nesta execucao.
[2026-06-12 18:53:03] Execucao finalizada sem disparos.
[2026-06-12 18:53:03] Finalizada execucao do alerta 000039.
