=== Inicio do log de alertas: 2026-06-26T18:20:08 ===
[2026-06-26 18:21:08] Alerta 000013 enfileirado (scheduler) - nome: Fralda.
[2026-06-26 18:21:08] Alerta 000039 enfileirado (scheduler) - nome: amazon firestick 4k.
[2026-06-26 18:21:08] Iniciando execucao do alerta 000013.
[2026-06-26 18:21:12] Alerta 000013 erro na checagem: Falha ao extrair preco.
[2026-06-26 18:21:12] Alerta 000013 falhou: Falha ao extrair preco.
[2026-06-26 18:21:12] Execucao finalizada sem disparos.
[2026-06-26 18:21:12] Resumo de falhas: links invalidos=0; descricao divergente=0; falha extracao preco=1.
[2026-06-26 18:21:12] Finalizada execucao do alerta 000013.
[2026-06-26 18:21:12] Iniciando execucao do alerta 000039.
[2026-06-26 18:21:22] Alerta 000039 erro na checagem: Falha ao extrair preco.
[2026-06-26 18:21:22] Alerta 000039 falhou: Falha ao extrair preco.
[2026-06-26 18:21:22] Execucao finalizada sem disparos.
[2026-06-26 18:21:22] Resumo de falhas: links invalidos=0; descricao divergente=0; falha extracao preco=1.
[2026-06-26 18:21:22] Finalizada execucao do alerta 000039.
[2026-06-26 18:29:51] Alerta 000013 enfileirado (manual) - nome: Fralda.
[2026-06-26 18:29:51] Iniciando execucao do alerta 000013.
[2026-06-26 18:30:02] Alerta 000013 checado: triggered=False preco=89.65 alvo=70.0
[2026-06-26 18:30:02] Alerta 000013 sem disparo nesta execucao.
[2026-06-26 18:30:02] Execucao finalizada sem disparos.
[2026-06-26 18:30:02] Finalizada execucao do alerta 000013.
[2026-06-26 18:30:03] Alerta 000039 enfileirado (manual) - nome: amazon firestick 4k.
[2026-06-26 18:30:03] Iniciando execucao do alerta 000039.
[2026-06-26 18:30:30] Alerta 000039 checado: triggered=False preco=252.0 alvo=230.0
[2026-06-26 18:30:30] Alerta 000039 sem disparo nesta execucao.
[2026-06-26 18:30:30] Execucao finalizada sem disparos.
[2026-06-26 18:30:30] Finalizada execucao do alerta 000039.
