=== Inicio do log de alertas: 2026-06-08T16:41:10 ===
[2026-06-08 16:42:10] Alerta 000020 desativado: janela de execucao de 7 dias apos primeiro disparo foi encerrada.
[2026-06-08 16:42:10] Alerta 000013 enfileirado (scheduler) - nome: Fralda.
[2026-06-08 16:42:10] Alerta 000014 enfileirado (scheduler) - nome: Tênis Asics Gel-challenger 15 Clay Masculino.
[2026-06-08 16:42:10] Alerta 000021 enfileirado (scheduler) - nome: Monitor Gamer LG UltraGear 24” 24GS60F-B IPS Full HD 180Hz 1ms (GtG) NVIDIA® G-SYNC®.
[2026-06-08 16:42:10] Alerta 000022 enfileirado (scheduler) - nome: Fritadeira Air Fryer Oven Britânia 11 Litros 8 Funções 1800W BAF11A.
[2026-06-08 16:42:10] Alerta 000028 enfileirado (scheduler) - nome: Smartphone Motorola Signature 5g - 512gb 24gb (12gb Ram + 12gb Ram Boost), 3 Cameras 50mp Sony Lytia E Zoom 100x, Tela 1.5k Extreme Amoled 165hz - Preto.
[2026-06-08 16:42:10] Alerta 000029 enfileirado (scheduler) - nome: Apple iPhone 16 Pro Max (512 GB) - Titânio-deserto.
[2026-06-08 16:42:10] Alerta 000031 enfileirado (scheduler) - nome: Cafeteira 1200 Walita.
[2026-06-08 16:42:10] Iniciando execucao do alerta 000013.
[2026-06-08 16:42:13] Alerta 000013 erro na checagem: Falha ao extrair preco.
[2026-06-08 16:42:13] Alerta 000013 falhou: Falha ao extrair preco.
[2026-06-08 16:42:13] Execucao finalizada sem disparos.
[2026-06-08 16:42:13] Resumo de falhas: links invalidos=0; descricao divergente=0; falha extracao preco=1.
[2026-06-08 16:42:13] Finalizada execucao do alerta 000013.
[2026-06-08 16:42:13] Iniciando execucao do alerta 000014.
[2026-06-08 16:42:23] Alerta 000014 erro na checagem: Falha ao extrair preco.
[2026-06-08 16:42:23] Alerta 000014 falhou: Falha ao extrair preco.
[2026-06-08 16:42:23] Execucao finalizada sem disparos.
[2026-06-08 16:42:23] Resumo de falhas: links invalidos=0; descricao divergente=0; falha extracao preco=1.
[2026-06-08 16:42:23] Finalizada execucao do alerta 000014.
[2026-06-08 16:42:23] Iniciando execucao do alerta 000021.
[2026-06-08 16:42:26] Alerta 000021 erro na checagem: Falha ao extrair preco.
[2026-06-08 16:42:26] Alerta 000021 falhou: Falha ao extrair preco.
[2026-06-08 16:42:26] Execucao finalizada sem disparos.
[2026-06-08 16:42:26] Resumo de falhas: links invalidos=0; descricao divergente=0; falha extracao preco=1.
[2026-06-08 16:42:26] Finalizada execucao do alerta 000021.
[2026-06-08 16:42:26] Iniciando execucao do alerta 000022.
[2026-06-08 16:42:29] Alerta 000022 erro na checagem: Falha ao extrair preco.
[2026-06-08 16:42:29] Alerta 000022 falhou: Falha ao extrair preco.
[2026-06-08 16:42:29] Execucao finalizada sem disparos.
[2026-06-08 16:42:29] Resumo de falhas: links invalidos=0; descricao divergente=0; falha extracao preco=1.
[2026-06-08 16:42:29] Finalizada execucao do alerta 000022.
[2026-06-08 16:42:29] Iniciando execucao do alerta 000028.
[2026-06-08 16:42:35] Alerta 000028 erro na checagem: Falha ao extrair preco.
[2026-06-08 16:42:35] Alerta 000028 falhou: Falha ao extrair preco.
[2026-06-08 16:42:35] Execucao finalizada sem disparos.
[2026-06-08 16:42:35] Resumo de falhas: links invalidos=0; descricao divergente=0; falha extracao preco=1.
[2026-06-08 16:42:35] Finalizada execucao do alerta 000028.
[2026-06-08 16:42:35] Iniciando execucao do alerta 000029.
[2026-06-08 16:42:38] Alerta 000029 erro na checagem: Falha ao extrair preco.
[2026-06-08 16:42:38] Alerta 000029 falhou: Falha ao extrair preco.
[2026-06-08 16:42:38] Execucao finalizada sem disparos.
[2026-06-08 16:42:38] Resumo de falhas: links invalidos=0; descricao divergente=0; falha extracao preco=1.
[2026-06-08 16:42:38] Finalizada execucao do alerta 000029.
[2026-06-08 16:42:38] Iniciando execucao do alerta 000031.
[2026-06-08 16:42:41] Alerta 000031 erro na checagem: Falha ao extrair preco.
[2026-06-08 16:42:41] Alerta 000031 falhou: Falha ao extrair preco.
[2026-06-08 16:42:41] Execucao finalizada sem disparos.
[2026-06-08 16:42:41] Resumo de falhas: links invalidos=0; descricao divergente=0; falha extracao preco=1.
[2026-06-08 16:42:41] Finalizada execucao do alerta 000031.
[2026-06-08 16:43:19] Alerta 000039 enfileirado (manual) - nome: amazon firestick 4k.
[2026-06-08 16:43:19] Iniciando execucao do alerta 000039.
[2026-06-08 16:43:28] Alerta 000039 erro na checagem: Falha ao extrair preco.
[2026-06-08 16:43:28] Alerta 000039 falhou: Falha ao extrair preco.
[2026-06-08 16:43:28] Execucao finalizada sem disparos.
[2026-06-08 16:43:28] Resumo de falhas: links invalidos=0; descricao divergente=0; falha extracao preco=1.
[2026-06-08 16:43:28] Finalizada execucao do alerta 000039.
[2026-06-08 17:21:49] Alerta 000013 enfileirado (manual) - nome: Fralda.
[2026-06-08 17:21:49] Iniciando execucao do alerta 000013.
[2026-06-08 17:21:59] Alerta 000014 enfileirado (manual) - nome: Tênis Asics Gel-challenger 15 Clay Masculino.
[2026-06-08 17:22:00] Alerta 000013 checado: triggered=False preco=89.65 alvo=70.0
[2026-06-08 17:22:00] Alerta 000013 sem disparo nesta execucao.
[2026-06-08 17:22:00] Execucao finalizada sem disparos.
[2026-06-08 17:22:00] Finalizada execucao do alerta 000013.
[2026-06-08 17:22:00] Iniciando execucao do alerta 000014.
[2026-06-08 17:22:09] Alerta 000021 enfileirado (manual) - nome: Monitor Gamer LG UltraGear 24” 24GS60F-B IPS Full HD 180Hz 1ms (GtG) NVIDIA® G-SYNC®.
[2026-06-08 17:22:15] Alerta 000022 enfileirado (manual) - nome: Fritadeira Air Fryer Oven Britânia 11 Litros 8 Funções 1800W BAF11A.
[2026-06-08 17:22:33] Alerta 000014 erro na checagem: Nao foi possivel gerar link de afiliado para o anuncio encontrado.
[2026-06-08 17:22:33] Alerta 000014 falhou: Nao foi possivel gerar link de afiliado para o anuncio encontrado.
[2026-06-08 17:22:33] Execucao finalizada sem disparos.
[2026-06-08 17:22:33] Finalizada execucao do alerta 000014.
[2026-06-08 17:22:33] Iniciando execucao do alerta 000021.
[2026-06-08 17:22:45] Alerta 000021 checado: triggered=False preco=959.0 alvo=710.0
[2026-06-08 17:22:45] Alerta 000021 sem disparo nesta execucao.
[2026-06-08 17:22:45] Execucao finalizada sem disparos.
[2026-06-08 17:22:45] Finalizada execucao do alerta 000021.
[2026-06-08 17:22:45] Iniciando execucao do alerta 000022.
[2026-06-08 17:22:56] Alerta 000022 checado: triggered=True preco=379.0 alvo=380.0
[2026-06-08 17:22:57] Notificacao alerta 000022: email=SMTP nao configurado; whatsapp=1 envio(s) destinos=***3269 sid=SM5335ee15a222877263b8aeda8591e11c.
[2026-06-08 17:24:27] Alerta 000028 enfileirado (manual) - nome: Smartphone Motorola Signature 5g - 512gb 24gb (12gb Ram + 12gb Ram Boost), 3 Cameras 50mp Sony Lytia E Zoom 100x, Tela 1.5k Extreme Amoled 165hz - Preto.
[2026-06-08 17:24:30] Alerta 000029 enfileirado (manual) - nome: Apple iPhone 16 Pro Max (512 GB) - Titânio-deserto.
[2026-06-08 18:10:43] Alerta 000028 ignorado no enfileiramento (manual): ja em execucao/fila.
[2026-06-08 18:10:51] Alerta 000029 ignorado no enfileiramento (manual): ja em execucao/fila.
[2026-06-08 18:10:53] Alerta 000031 enfileirado (manual) - nome: Cafeteira 1200 Walita.
[2026-06-08 18:10:54] Alerta 000039 enfileirado (manual) - nome: amazon firestick 4k.
[2026-06-08 18:11:54] Alerta 000028 ignorado no enfileiramento (manual): ja em execucao/fila.
[2026-06-08 18:12:33] Alerta 000039 ignorado no enfileiramento (manual): ja em execucao/fila.
[2026-06-08 18:13:33] Alerta 000028 enfileirado (manual) - nome: Smartphone Motorola Signature 5g - 512gb 24gb (12gb Ram + 12gb Ram Boost), 3 Cameras 50mp Sony Lytia E Zoom 100x, Tela 1.5k Extreme Amoled 165hz - Preto.
[2026-06-08 18:13:33] Iniciando execucao do alerta 000028.
[2026-06-08 18:14:00] Alerta 000028 checado: triggered=False preco=6670.0 alvo=5000.0
[2026-06-08 18:14:00] Alerta 000028 sem disparo nesta execucao.
[2026-06-08 18:14:00] Execucao finalizada sem disparos.
[2026-06-08 18:14:00] Finalizada execucao do alerta 000028.
[2026-06-08 18:14:20] Alerta 000031 enfileirado (manual) - nome: Cafeteira 1200 Walita.
[2026-06-08 18:14:20] Iniciando execucao do alerta 000031.
[2026-06-08 18:14:32] Alerta 000031 checado: triggered=False preco=2299.0 alvo=2100.0
[2026-06-08 18:14:32] Alerta 000031 sem disparo nesta execucao.
[2026-06-08 18:14:32] Execucao finalizada sem disparos.
[2026-06-08 18:14:32] Finalizada execucao do alerta 000031.
[2026-06-08 18:14:35] Alerta 000039 enfileirado (manual) - nome: amazon firestick 4k.
[2026-06-08 18:14:35] Iniciando execucao do alerta 000039.
[2026-06-08 18:15:02] Alerta 000039 checado: triggered=False preco=245.7 alvo=230.0
[2026-06-08 18:15:02] Alerta 000039 sem disparo nesta execucao.
[2026-06-08 18:15:02] Execucao finalizada sem disparos.
[2026-06-08 18:15:02] Finalizada execucao do alerta 000039.
[2026-06-08 18:16:45] Alerta 000028 enfileirado (manual) - nome: Smartphone Motorola Signature 5g - 512gb 24gb (12gb Ram + 12gb Ram Boost), 3 Cameras 50mp Sony Lytia E Zoom 100x, Tela 1.5k Extreme Amoled 165hz - Preto.
[2026-06-08 18:16:45] Iniciando execucao do alerta 000028.
[2026-06-08 18:17:09] Alerta 000028 checado: triggered=False preco=6670.0 alvo=5000.0
[2026-06-08 18:17:09] Alerta 000028 sem disparo nesta execucao.
[2026-06-08 18:17:09] Execucao finalizada sem disparos.
[2026-06-08 18:17:09] Finalizada execucao do alerta 000028.
[2026-06-08 18:19:57] Alerta 000040 enfileirado (manual) - nome: Cortina 3,00x2,50 Metros Blackout.
[2026-06-08 18:19:57] Iniciando execucao do alerta 000040.
[2026-06-08 18:20:09] Alerta 000040 checado: triggered=True preco=75.9 alvo=80.0
[2026-06-08 18:20:09] Alerta 000040 marcou primeiro disparo em 2026-06-08T18:20:09.
[2026-06-08 18:20:09] Notificacao alerta 000040: email=sem destinos; whatsapp=1 envio(s) destinos=***3269 sid=SMa949c5e5d437e67e6105a63df4efca98.
[2026-06-08 18:20:10] Execucao finalizada com 1 alerta(s) disparado(s).
[2026-06-08 18:20:10] Finalizada execucao do alerta 000040.
[2026-06-08 18:21:34] Alerta 000041 enfileirado (manual) - nome: Porta pão CUPOM R$10 OFF.
[2026-06-08 18:21:34] Iniciando execucao do alerta 000041.
[2026-06-08 18:21:42] Alerta 000041 erro na checagem: Descricao nao bateu com o titulo.
[2026-06-08 18:21:42] Alerta 000041 falhou: Descricao nao bateu com o titulo.
[2026-06-08 18:21:42] Execucao finalizada sem disparos.
[2026-06-08 18:21:42] Resumo de falhas: links invalidos=0; descricao divergente=1; falha extracao preco=0.
[2026-06-08 18:21:42] Finalizada execucao do alerta 000041.
[2026-06-08 18:22:15] Alerta 000041 enfileirado (manual) - nome: Porta pão CUPOM R$10 OFF.
[2026-06-08 18:22:15] Iniciando execucao do alerta 000041.
[2026-06-08 18:22:26] Alerta 000041 checado: triggered=True preco=65.9 alvo=70.0
[2026-06-08 18:22:26] Alerta 000041 marcou primeiro disparo em 2026-06-08T18:22:26.
[2026-06-08 18:22:27] Notificacao alerta 000041: email=sem destinos; whatsapp=1 envio(s) destinos=***3269 sid=SMc3efd4c0f514a8ab4189b03e0135e8fb.
[2026-06-08 18:22:27] Execucao finalizada com 1 alerta(s) disparado(s).
[2026-06-08 18:22:27] Finalizada execucao do alerta 000041.
[2026-06-08 18:23:48] Alerta 000041 enfileirado (manual) - nome: Tapete Barmat 30x45cm Bar Mat Porta Copos Escorredor Drinks.
[2026-06-08 18:23:48] Iniciando execucao do alerta 000041.
[2026-06-08 18:23:50] Alerta 000040 enfileirado (manual) - nome: Cortina 3,00x2,50 Metros Blackout.
[2026-06-08 18:24:00] Alerta 000041 checado: triggered=True preco=38.9 alvo=40.0
[2026-06-08 18:24:00] Alerta 000041 marcou primeiro disparo em 2026-06-08T18:24:00.
[2026-06-08 18:24:00] Notificacao alerta 000041: email=sem destinos; whatsapp=1 envio(s) destinos=***3269 sid=SM9197d8e2b4cd8c0ed3eb31091be0657b.
[2026-06-08 18:24:00] Execucao finalizada com 1 alerta(s) disparado(s).
[2026-06-08 18:24:00] Finalizada execucao do alerta 000041.
[2026-06-08 18:24:00] Iniciando execucao do alerta 000040.
[2026-06-08 18:24:11] Alerta 000040 checado: triggered=True preco=78.9 alvo=80.0
[2026-06-08 18:24:11] Alerta 000040 marcou primeiro disparo em 2026-06-08T18:24:11.
[2026-06-08 18:24:11] Notificacao alerta 000040: email=sem destinos; whatsapp=1 envio(s) destinos=***3269 sid=SMee490a7a00f4cea98613b599fa65df5c.
[2026-06-08 18:24:11] Execucao finalizada com 1 alerta(s) disparado(s).
[2026-06-08 18:24:11] Finalizada execucao do alerta 000040.
[2026-06-08 18:24:37] Alerta 000040 enfileirado (manual) - nome: Coqueteleira Boston 820 Ml Peso + Mini Tin Inox Profissional.
[2026-06-08 18:24:37] Iniciando execucao do alerta 000040.
[2026-06-08 18:24:48] Alerta 000040 checado: triggered=True preco=32.9 alvo=40.0
[2026-06-08 18:24:48] Alerta 000040 marcou primeiro disparo em 2026-06-08T18:24:48.
[2026-06-08 18:24:49] Notificacao alerta 000040: email=sem destinos; whatsapp=1 envio(s) destinos=***3269 sid=SM3920af944f213fc39cfb6ab268c7fe51.
[2026-06-08 18:24:49] Execucao finalizada com 1 alerta(s) disparado(s).
[2026-06-08 18:24:49] Finalizada execucao do alerta 000040.
[2026-06-08 18:25:45] Alerta 000040 enfileirado (manual) - nome: Chapa Bifeteira Hambúrguer Fogão Churrasqueira 60x30 Grill.
[2026-06-08 18:25:45] Iniciando execucao do alerta 000040.
[2026-06-08 18:25:56] Alerta 000040 checado: triggered=True preco=71.03 alvo=75.0
[2026-06-08 18:25:56] Alerta 000040 marcou primeiro disparo em 2026-06-08T18:25:56.
[2026-06-08 18:25:57] Notificacao alerta 000040: email=sem destinos; whatsapp=1 envio(s) destinos=***3269 sid=SM0385e17b9d5ae3607e9b0850f215e340.
[2026-06-08 18:25:57] Execucao finalizada com 1 alerta(s) disparado(s).
[2026-06-08 18:25:57] Finalizada execucao do alerta 000040.
[2026-06-08 18:27:06] Alerta 000040 enfileirado (manual) - nome: Kit 20 Embalagem Inflável Para Transporte De Vinhos E Bomba.
[2026-06-08 18:27:06] Iniciando execucao do alerta 000040.
[2026-06-08 18:27:19] Alerta 000040 checado: triggered=True preco=42.48 alvo=50.0
[2026-06-08 18:27:19] Alerta 000040 marcou primeiro disparo em 2026-06-08T18:27:19.
[2026-06-08 18:27:20] Notificacao alerta 000040: email=sem destinos; whatsapp=1 envio(s) destinos=***3269 sid=SM7446e416aae2976a5582238141c9a6ff.
[2026-06-08 18:27:20] Execucao finalizada com 1 alerta(s) disparado(s).
[2026-06-08 18:27:20] Finalizada execucao do alerta 000040.
[2026-06-08 20:39:39] Alerta 000013 enfileirado (scheduler) - nome: Fralda.
[2026-06-08 20:39:39] Alerta 000021 enfileirado (scheduler) - nome: Monitor Gamer LG UltraGear 24” 24GS60F-B IPS Full HD 180Hz 1ms (GtG) NVIDIA® G-SYNC®.
[2026-06-08 20:39:39] Alerta 000022 enfileirado (scheduler) - nome: Fritadeira Air Fryer Oven Britânia 11 Litros 8 Funções 1800W BAF11A.
[2026-06-08 20:39:39] Iniciando execucao do alerta 000013.
[2026-06-08 20:39:39] Alerta 000013 erro na checagem: Falha ao extrair preco.
[2026-06-08 20:39:39] Alerta 000013 falhou: Falha ao extrair preco.
[2026-06-08 20:39:39] Execucao finalizada sem disparos.
[2026-06-08 20:39:39] Resumo de falhas: links invalidos=0; descricao divergente=0; falha extracao preco=1.
[2026-06-08 20:39:39] Finalizada execucao do alerta 000013.
[2026-06-08 20:39:40] Iniciando execucao do alerta 000021.
[2026-06-08 20:39:40] Alerta 000021 erro na checagem: Falha ao extrair preco.
[2026-06-08 20:39:40] Alerta 000021 falhou: Falha ao extrair preco.
[2026-06-08 20:39:40] Execucao finalizada sem disparos.
[2026-06-08 20:39:40] Resumo de falhas: links invalidos=0; descricao divergente=0; falha extracao preco=1.
[2026-06-08 20:39:40] Finalizada execucao do alerta 000021.
[2026-06-08 20:39:40] Iniciando execucao do alerta 000022.
[2026-06-08 20:39:40] Alerta 000022 erro na checagem: Falha ao extrair preco.
[2026-06-08 20:39:40] Alerta 000022 falhou: Falha ao extrair preco.
[2026-06-08 20:39:40] Execucao finalizada sem disparos.
[2026-06-08 20:39:40] Resumo de falhas: links invalidos=0; descricao divergente=0; falha extracao preco=1.
[2026-06-08 20:39:40] Finalizada execucao do alerta 000022.
[2026-06-08 21:14:40] Alerta 000031 enfileirado (scheduler) - nome: Cafeteira 1200 Walita.
[2026-06-08 21:14:40] Iniciando execucao do alerta 000031.
[2026-06-08 21:14:51] Alerta 000031 checado: triggered=False preco=2299.0 alvo=2100.0
[2026-06-08 21:14:51] Alerta 000031 sem disparo nesta execucao.
[2026-06-08 21:14:51] Execucao finalizada sem disparos.
[2026-06-08 21:14:51] Finalizada execucao do alerta 000031.
[2026-06-08 21:15:40] Alerta 000039 enfileirado (scheduler) - nome: amazon firestick 4k.
[2026-06-08 21:15:40] Iniciando execucao do alerta 000039.
[2026-06-08 21:16:05] Alerta 000039 checado: triggered=False preco=245.7 alvo=230.0
[2026-06-08 21:16:05] Alerta 000039 sem disparo nesta execucao.
[2026-06-08 21:16:05] Execucao finalizada sem disparos.
[2026-06-08 21:16:05] Finalizada execucao do alerta 000039.
[2026-06-08 21:17:40] Alerta 000028 enfileirado (scheduler) - nome: Smartphone Motorola Signature 5g - 512gb 24gb (12gb Ram + 12gb Ram Boost), 3 Cameras 50mp Sony Lytia E Zoom 100x, Tela 1.5k Extreme Amoled 165hz - Preto.
[2026-06-08 21:17:40] Iniciando execucao do alerta 000028.
[2026-06-08 21:18:06] Alerta 000028 checado: triggered=False preco=6670.0 alvo=5000.0
[2026-06-08 21:18:06] Alerta 000028 sem disparo nesta execucao.
[2026-06-08 21:18:06] Execucao finalizada sem disparos.
[2026-06-08 21:18:06] Finalizada execucao do alerta 000028.
[2026-06-08 21:27:40] Alerta 000040 enfileirado (scheduler) - nome: Kit 20 Embalagem Inflável Para Transporte De Vinhos E Bomba.
[2026-06-08 21:27:40] Iniciando execucao do alerta 000040.
[2026-06-08 21:27:52] Alerta 000040 checado: triggered=True preco=42.48 alvo=50.0
[2026-06-08 21:27:52] Alerta 000040 sem novo envio (mesmo dia e sem queda adicional de preco).
[2026-06-08 21:27:52] Execucao finalizada sem disparos.
[2026-06-08 21:27:52] Finalizada execucao do alerta 000040.
[2026-06-10 19:25:28] Alerta 000013 enfileirado (scheduler) - nome: Fralda.
[2026-06-10 19:25:28] Alerta 000021 enfileirado (scheduler) - nome: Monitor Gamer LG UltraGear 24” 24GS60F-B IPS Full HD 180Hz 1ms (GtG) NVIDIA® G-SYNC®.
[2026-06-10 19:25:28] Alerta 000022 enfileirado (scheduler) - nome: Fritadeira Air Fryer Oven Britânia 11 Litros 8 Funções 1800W BAF11A.
[2026-06-10 19:25:28] Alerta 000028 enfileirado (scheduler) - nome: Smartphone Motorola Signature 5g - 512gb 24gb (12gb Ram + 12gb Ram Boost), 3 Cameras 50mp Sony Lytia E Zoom 100x, Tela 1.5k Extreme Amoled 165hz - Preto.
[2026-06-10 19:25:28] Alerta 000031 enfileirado (scheduler) - nome: Cafeteira 1200 Walita.
[2026-06-10 19:25:28] Alerta 000039 enfileirado (scheduler) - nome: amazon firestick 4k.
[2026-06-10 19:25:28] Alerta 000040 enfileirado (scheduler) - nome: Kit 20 Embalagem Inflável Para Transporte De Vinhos E Bomba.
[2026-06-10 19:25:28] Iniciando execucao do alerta 000013.
[2026-06-10 19:25:29] Alerta 000013 erro na checagem: Falha ao extrair preco.
[2026-06-10 19:25:29] Alerta 000013 falhou: Falha ao extrair preco.
[2026-06-10 19:25:29] Execucao finalizada sem disparos.
[2026-06-10 19:25:29] Resumo de falhas: links invalidos=0; descricao divergente=0; falha extracao preco=1.
[2026-06-10 19:25:29] Finalizada execucao do alerta 000013.
[2026-06-10 19:25:29] Iniciando execucao do alerta 000021.
[2026-06-10 19:25:29] Alerta 000021 erro na checagem: Falha ao extrair preco.
[2026-06-10 19:25:29] Alerta 000021 falhou: Falha ao extrair preco.
[2026-06-10 19:25:29] Execucao finalizada sem disparos.
[2026-06-10 19:25:29] Resumo de falhas: links invalidos=0; descricao divergente=0; falha extracao preco=1.
[2026-06-10 19:25:29] Finalizada execucao do alerta 000021.
[2026-06-10 19:25:29] Iniciando execucao do alerta 000022.
[2026-06-10 19:25:29] Alerta 000022 erro na checagem: Falha ao extrair preco.
[2026-06-10 19:25:30] Alerta 000022 falhou: Falha ao extrair preco.
[2026-06-10 19:25:30] Execucao finalizada sem disparos.
[2026-06-10 19:25:30] Resumo de falhas: links invalidos=0; descricao divergente=0; falha extracao preco=1.
[2026-06-10 19:25:30] Finalizada execucao do alerta 000022.
[2026-06-10 19:25:30] Iniciando execucao do alerta 000028.
[2026-06-10 19:25:31] Alerta 000028 erro na checagem: Falha ao extrair preco.
[2026-06-10 19:25:31] Alerta 000028 falhou: Falha ao extrair preco.
[2026-06-10 19:25:31] Execucao finalizada sem disparos.
[2026-06-10 19:25:31] Resumo de falhas: links invalidos=0; descricao divergente=0; falha extracao preco=1.
[2026-06-10 19:25:31] Finalizada execucao do alerta 000028.
[2026-06-10 19:25:31] Iniciando execucao do alerta 000031.
[2026-06-10 19:25:31] Alerta 000031 erro na checagem: Falha ao extrair preco.
[2026-06-10 19:25:31] Alerta 000031 falhou: Falha ao extrair preco.
[2026-06-10 19:25:31] Execucao finalizada sem disparos.
[2026-06-10 19:25:31] Resumo de falhas: links invalidos=0; descricao divergente=0; falha extracao preco=1.
[2026-06-10 19:25:31] Finalizada execucao do alerta 000031.
[2026-06-10 19:25:31] Iniciando execucao do alerta 000039.
[2026-06-10 19:25:31] Alerta 000039 erro na checagem: Falha ao extrair preco.
[2026-06-10 19:25:31] Alerta 000039 falhou: Falha ao extrair preco.
[2026-06-10 19:25:31] Execucao finalizada sem disparos.
[2026-06-10 19:25:31] Resumo de falhas: links invalidos=0; descricao divergente=0; falha extracao preco=1.
[2026-06-10 19:25:31] Finalizada execucao do alerta 000039.
[2026-06-10 19:25:31] Iniciando execucao do alerta 000040.
[2026-06-10 19:25:31] Alerta 000040 erro na checagem: Falha ao extrair preco.
[2026-06-10 19:25:31] Alerta 000040 falhou: Falha ao extrair preco.
[2026-06-10 19:25:31] Execucao finalizada sem disparos.
[2026-06-10 19:25:31] Resumo de falhas: links invalidos=0; descricao divergente=0; falha extracao preco=1.
[2026-06-10 19:25:31] Finalizada execucao do alerta 000040.
[2026-06-10 19:42:21] Alerta 000013 enfileirado (manual) - nome: Fralda.
[2026-06-10 19:42:21] Iniciando execucao do alerta 000013.
[2026-06-10 19:42:33] Alerta 000013 checado: triggered=False preco=89.65 alvo=70.0
[2026-06-10 19:42:33] Alerta 000013 sem disparo nesta execucao.
[2026-06-10 19:42:33] Execucao finalizada sem disparos.
[2026-06-10 19:42:33] Finalizada execucao do alerta 000013.
[2026-06-10 19:42:59] Alerta 000021 enfileirado (manual) - nome: Monitor Gamer LG UltraGear 24” 24GS60F-B IPS Full HD 180Hz 1ms (GtG) NVIDIA® G-SYNC®.
[2026-06-10 19:42:59] Iniciando execucao do alerta 000021.
[2026-06-10 19:43:10] Alerta 000021 checado: triggered=False preco=714.0 alvo=710.0
[2026-06-10 19:43:10] Alerta 000021 sem disparo nesta execucao.
[2026-06-10 19:43:10] Execucao finalizada sem disparos.
[2026-06-10 19:43:10] Finalizada execucao do alerta 000021.
[2026-06-10 19:43:36] Alerta 000022 enfileirado (manual) - nome: Fritadeira Air Fryer Oven Britânia 11 Litros 8 Funções 1800W BAF11A.
[2026-06-10 19:43:36] Iniciando execucao do alerta 000022.
[2026-06-10 19:43:48] Alerta 000022 checado: triggered=False preco=379.0 alvo=370.0
[2026-06-10 19:43:48] Alerta 000022 sem disparo nesta execucao.
[2026-06-10 19:43:48] Execucao finalizada sem disparos.
[2026-06-10 19:43:48] Finalizada execucao do alerta 000022.
[2026-06-10 19:43:49] Alerta 000028 enfileirado (manual) - nome: Smartphone Motorola Signature 5g - 512gb 24gb (12gb Ram + 12gb Ram Boost), 3 Cameras 50mp Sony Lytia E Zoom 100x, Tela 1.5k Extreme Amoled 165hz - Preto.
[2026-06-10 19:43:49] Iniciando execucao do alerta 000028.
[2026-06-10 19:44:05] Alerta 000031 enfileirado (manual) - nome: Cafeteira 1200 Walita.
[2026-06-10 19:44:13] Alerta 000028 checado: triggered=True preco=4926.0 alvo=5000.0
[2026-06-10 19:44:13] Alerta 000028 marcou primeiro disparo em 2026-06-10T19:44:13.
[2026-06-10 19:44:14] Notificacao alerta 000028: email=SMTP nao configurado; whatsapp=1 envio(s) destinos=***3269 sid=SMc03fc79dd97f4635e5a512af16930e43.
[2026-06-10 19:44:14] Execucao finalizada com 1 alerta(s) disparado(s).
[2026-06-10 19:44:14] Finalizada execucao do alerta 000028.
[2026-06-10 19:44:14] Iniciando execucao do alerta 000031.
[2026-06-10 19:44:26] Alerta 000031 checado: triggered=False preco=2299.0 alvo=2100.0
[2026-06-10 19:44:26] Alerta 000031 sem disparo nesta execucao.
[2026-06-10 19:44:26] Execucao finalizada sem disparos.
[2026-06-10 19:44:26] Finalizada execucao do alerta 000031.
[2026-06-10 19:49:54] Alerta 000041 enfileirado (manual) - nome: Samsung Galaxy S25 5G, 256GB.
[2026-06-10 19:49:54] Iniciando execucao do alerta 000041.
[2026-06-10 19:50:28] Alerta 000041 checado: triggered=True preco=3826.8 alvo=3900.0
[2026-06-10 19:50:28] Alerta 000041 marcou primeiro disparo em 2026-06-10T19:50:28.
[2026-06-10 19:50:28] Notificacao alerta 000041: email=sem destinos; whatsapp=1 envio(s) destinos=***3269 sid=SMbfeaeed77afbe348fce4604f5b0f3b20.
[2026-06-10 19:50:28] Execucao finalizada com 1 alerta(s) disparado(s).
[2026-06-10 19:50:28] Finalizada execucao do alerta 000041.
[2026-06-10 19:53:22] Alerta 000042 enfileirado (manual) - nome: Robô Aspirador de pó 4 em 1 Electrolux Wi-Fi MOP.
[2026-06-10 19:53:22] Iniciando execucao do alerta 000042.
[2026-06-10 19:53:33] Alerta 000042 checado: triggered=True preco=2006.81 alvo=2200.0
[2026-06-10 19:53:33] Alerta 000042 marcou primeiro disparo em 2026-06-10T19:53:33.
[2026-06-10 19:53:34] Notificacao alerta 000042: email=sem destinos; whatsapp=1 envio(s) destinos=***3269 sid=SM4f7cac4ffc14d048938e30b9d42aaab3.
[2026-06-10 19:53:34] Execucao finalizada com 1 alerta(s) disparado(s).
[2026-06-10 19:53:34] Finalizada execucao do alerta 000042.
[2026-06-10 19:54:02] Alerta 000043 enfileirado (manual) - nome: Mouse sem Fio Gamer HyperX Pulsefire Haste 2.
[2026-06-10 19:54:02] Iniciando execucao do alerta 000043.
[2026-06-10 19:54:14] Alerta 000043 checado: triggered=True preco=341.78 alvo=360.0
[2026-06-10 19:54:14] Alerta 000043 marcou primeiro disparo em 2026-06-10T19:54:14.
[2026-06-10 19:54:14] Notificacao alerta 000043: email=sem destinos; whatsapp=1 envio(s) destinos=***3269 sid=SMdddecb64c9ada72fa60f5ca2107763f5.
[2026-06-10 19:54:14] Execucao finalizada com 1 alerta(s) disparado(s).
[2026-06-10 19:54:14] Finalizada execucao do alerta 000043.
[2026-06-10 19:54:33] Alerta 000044 enfileirado (manual) - nome: Teclado Ornata V3 Low Profile Razer.
[2026-06-10 19:54:33] Iniciando execucao do alerta 000044.
[2026-06-10 19:54:45] Alerta 000044 checado: triggered=True preco=325.8 alvo=400.0
[2026-06-10 19:54:45] Alerta 000044 marcou primeiro disparo em 2026-06-10T19:54:45.
[2026-06-10 19:54:45] Notificacao alerta 000044: email=sem destinos; whatsapp=1 envio(s) destinos=***3269 sid=SM75030b3cc55123ac968a27fe1dec9c90.
[2026-06-10 19:54:45] Execucao finalizada com 1 alerta(s) disparado(s).
[2026-06-10 19:54:45] Finalizada execucao do alerta 000044.
[2026-06-10 20:05:48] Alerta 000045 enfileirado (manual) - nome: Nespresso Corrente Doméstica Cafeteira Vertuo Pop.
[2026-06-10 20:05:48] Iniciando execucao do alerta 000045.
[2026-06-10 20:05:57] Alerta 000039 enfileirado (manual) - nome: amazon firestick 4k.
[2026-06-10 20:06:00] Alerta 000045 checado: triggered=True preco=699.99 alvo=700.0
[2026-06-10 20:06:00] Alerta 000045 marcou primeiro disparo em 2026-06-10T20:06:00.
[2026-06-10 20:06:00] Notificacao alerta 000045: email=sem destinos; whatsapp=1 envio(s) destinos=***3269 sid=SM4019c7bba3e02136bdc60066eb39980b.
[2026-06-10 20:06:00] Execucao finalizada com 1 alerta(s) disparado(s).
[2026-06-10 20:06:00] Finalizada execucao do alerta 000045.
[2026-06-10 20:06:00] Iniciando execucao do alerta 000039.
[2026-06-10 20:06:36] Alerta 000039 erro na checagem: Nao foi possivel gerar link de afiliado para o anuncio encontrado.
[2026-06-10 20:06:36] Alerta 000039 falhou: Nao foi possivel gerar link de afiliado para o anuncio encontrado.
[2026-06-10 20:06:36] Execucao finalizada sem disparos.
[2026-06-10 20:06:36] Finalizada execucao do alerta 000039.
[2026-06-10 20:07:38] Alerta 000039 enfileirado (manual) - nome: amazon firestick 4k.
[2026-06-10 20:07:38] Iniciando execucao do alerta 000039.
[2026-06-10 20:08:00] Alerta 000039 checado: triggered=False preco=250.0 alvo=230.0
[2026-06-10 20:08:00] Alerta 000039 sem disparo nesta execucao.
[2026-06-10 20:08:00] Execucao finalizada sem disparos.
[2026-06-10 20:08:00] Finalizada execucao do alerta 000039.
[2026-06-10 20:09:39] Alerta 000046 enfileirado (manual) - nome: Assento Infantil Para Carro Dovi Cinza Avanti.
[2026-06-10 20:09:39] Iniciando execucao do alerta 000046.
[2026-06-10 20:09:51] Alerta 000046 checado: triggered=True preco=60.63 alvo=75.0
[2026-06-10 20:09:51] Alerta 000046 marcou primeiro disparo em 2026-06-10T20:09:51.
[2026-06-10 20:09:52] Notificacao alerta 000046: email=sem destinos; whatsapp=1 envio(s) destinos=***3269 sid=SMa81ac43a38860141240dd5e4cc07c477.
[2026-06-10 20:09:52] Execucao finalizada com 1 alerta(s) disparado(s).
[2026-06-10 20:09:52] Finalizada execucao do alerta 000046.
[2026-06-10 20:12:05] Alerta 000047 enfileirado (manual) - nome: Calvin Klein Eternity Amber Essence For Woman Parfum 50ml.
[2026-06-10 20:12:05] Iniciando execucao do alerta 000047.
[2026-06-10 20:12:16] Alerta 000047 checado: triggered=True preco=379.38 alvo=380.0
[2026-06-10 20:12:16] Alerta 000047 marcou primeiro disparo em 2026-06-10T20:12:16.
[2026-06-10 20:12:16] Notificacao alerta 000047: email=sem destinos; whatsapp=1 envio(s) destinos=***3269 sid=SM67eb9aa3b1c4b53fc253c8040553c74d.
[2026-06-10 20:12:16] Execucao finalizada com 1 alerta(s) disparado(s).
[2026-06-10 20:12:16] Finalizada execucao do alerta 000047.
[2026-06-10 20:15:21] Alerta 000040 enfileirado (manual) - nome: Hidratante Corporal Intensivo Norwegian.
[2026-06-10 20:15:21] Iniciando execucao do alerta 000040.
[2026-06-10 20:15:32] Alerta 000040 checado: triggered=True preco=63.69 alvo=70.0
[2026-06-10 20:15:32] Alerta 000040 marcou primeiro disparo em 2026-06-10T20:15:32.
[2026-06-10 20:15:33] Notificacao alerta 000040: email=sem destinos; whatsapp=1 envio(s) destinos=***3269 sid=SM96cac62749dc7e55b6e3f509335db591.
[2026-06-10 20:15:33] Execucao finalizada com 1 alerta(s) disparado(s).
[2026-06-10 20:15:33] Finalizada execucao do alerta 000040.
[2026-06-10 20:20:03] Alerta 000041 enfileirado (manual) - nome: Cercado Gigante Bebê 2,0x1,5m Espaço Livre.
[2026-06-10 20:20:03] Iniciando execucao do alerta 000041.
[2026-06-10 20:20:15] Alerta 000041 checado: triggered=True preco=290.57 alvo=300.0
[2026-06-10 20:20:15] Alerta 000041 marcou primeiro disparo em 2026-06-10T20:20:15.
[2026-06-10 20:20:15] Notificacao alerta 000041: email=sem destinos; whatsapp=1 envio(s) destinos=***3269 sid=SM4d5a27824a385249fc48672e41ab2d86.
[2026-06-10 20:20:15] Execucao finalizada com 1 alerta(s) disparado(s).
[2026-06-10 20:20:15] Finalizada execucao do alerta 000041.
[2026-06-10 20:22:24] Alerta 000042 enfileirado (manual) - nome: Microfone Lapela Celular Duplo Profissional Samsung.
[2026-06-10 20:22:24] Iniciando execucao do alerta 000042.
[2026-06-10 20:22:35] Alerta 000042 checado: triggered=True preco=49.89 alvo=150.0
[2026-06-10 20:22:35] Alerta 000042 marcou primeiro disparo em 2026-06-10T20:22:35.
[2026-06-10 20:22:35] Notificacao alerta 000042: email=sem destinos; whatsapp=1 envio(s) destinos=***3269 sid=SM093e22a5228868939e1ad4f0f7fa556f.
[2026-06-10 20:22:35] Execucao finalizada com 1 alerta(s) disparado(s).
[2026-06-10 20:22:35] Finalizada execucao do alerta 000042.
