=== Inicio do log de alertas: 2026-05-26T20:38:16 ===
[2026-05-26 20:38:39] Alerta 000014 enfileirado (manual) - nome: Tênis Asics Gel-challenger 15 Clay Masculino.
[2026-05-26 20:38:39] Iniciando execucao do alerta 000014.
[2026-05-26 20:38:40] Alerta 000018 enfileirado (manual) - nome: Kit trilho eletrificado 2,5m 5 spot led.
[2026-05-26 20:38:47] Alerta 000014 checado: triggered=False preco=781.51 alvo=700.0
[2026-05-26 20:38:47] Alerta 000014 sem disparo nesta execucao.
[2026-05-26 20:38:47] Execucao finalizada sem disparos.
[2026-05-26 20:38:47] Finalizada execucao do alerta 000014.
[2026-05-26 20:38:47] Iniciando execucao do alerta 000018.
[2026-05-26 20:38:49] Alerta 000018 erro na checagem: Descricao nao bateu com o titulo.
[2026-05-26 20:38:49] Alerta 000018 falhou: Descricao nao bateu com o titulo.
[2026-05-26 20:38:49] Execucao finalizada sem disparos.
[2026-05-26 20:38:49] Resumo de falhas: links invalidos=0; descricao divergente=1; falha extracao preco=0.
[2026-05-26 20:38:49] Finalizada execucao do alerta 000018.
[2026-05-26 20:39:07] Alerta 000018 enfileirado (manual) - nome: Kit trilho eletrificado 2,5m 5 spot led.
[2026-05-26 20:39:07] Iniciando execucao do alerta 000018.
[2026-05-26 20:39:09] Alerta 000018 erro na checagem: Descricao nao bateu com o titulo.
[2026-05-26 20:39:09] Alerta 000018 falhou: Descricao nao bateu com o titulo.
[2026-05-26 20:39:09] Execucao finalizada sem disparos.
[2026-05-26 20:39:09] Resumo de falhas: links invalidos=0; descricao divergente=1; falha extracao preco=0.
[2026-05-26 20:39:09] Finalizada execucao do alerta 000018.
[2026-05-26 20:39:16] Alerta 000006 enfileirado (scheduler) - nome: Cafeteira Elétrica Philips Walita Série 1200.
[2026-05-26 20:39:16] Alerta 000010 enfileirado (scheduler) - nome: Kit irrigação solar automática.
[2026-05-26 20:39:16] Alerta 000011 enfileirado (scheduler) - nome: Resistência chuveiro 220.
[2026-05-26 20:39:16] Alerta 000012 enfileirado (scheduler) - nome: Resistencia chuveiro 127.
[2026-05-26 20:39:16] Alerta 000013 enfileirado (scheduler) - nome: Fralda.
[2026-05-26 20:39:16] Alerta 000016 enfileirado (scheduler) - nome: Desitin roxa.
[2026-05-26 20:39:16] Alerta 000017 enfileirado (scheduler) - nome: Poste de aço modular de jardim.
[2026-05-26 20:39:16] Iniciando execucao do alerta 000006.
[2026-05-26 20:39:22] Alerta 000006 checado: triggered=False preco=2499.9 alvo=2100.0
[2026-05-26 20:39:22] Alerta 000006 sem disparo nesta execucao.
[2026-05-26 20:39:22] Execucao finalizada sem disparos.
[2026-05-26 20:39:22] Finalizada execucao do alerta 000006.
[2026-05-26 20:39:22] Iniciando execucao do alerta 000010.
[2026-05-26 20:39:28] Alerta 000010 checado: triggered=False preco=143.89 alvo=135.0
[2026-05-26 20:39:28] Alerta 000010 sem disparo nesta execucao.
[2026-05-26 20:39:28] Execucao finalizada sem disparos.
[2026-05-26 20:39:28] Finalizada execucao do alerta 000010.
[2026-05-26 20:39:28] Iniciando execucao do alerta 000011.
[2026-05-26 20:39:34] Alerta 000011 checado: triggered=False preco=24.22 alvo=22.0
[2026-05-26 20:39:34] Alerta 000011 sem disparo nesta execucao.
[2026-05-26 20:39:34] Execucao finalizada sem disparos.
[2026-05-26 20:39:34] Finalizada execucao do alerta 000011.
[2026-05-26 20:39:34] Iniciando execucao do alerta 000012.
[2026-05-26 20:39:40] Alerta 000012 checado: triggered=False preco=25.0 alvo=23.0
[2026-05-26 20:39:40] Alerta 000012 sem disparo nesta execucao.
[2026-05-26 20:39:40] Execucao finalizada sem disparos.
[2026-05-26 20:39:40] Finalizada execucao do alerta 000012.
[2026-05-26 20:39:40] Iniciando execucao do alerta 000013.
[2026-05-26 20:39:46] Alerta 000013 checado: triggered=False preco=89.77 alvo=70.0
[2026-05-26 20:39:46] Alerta 000013 sem disparo nesta execucao.
[2026-05-26 20:39:46] Execucao finalizada sem disparos.
[2026-05-26 20:39:46] Finalizada execucao do alerta 000013.
[2026-05-26 20:39:46] Iniciando execucao do alerta 000016.
[2026-05-26 20:40:02] Alerta 000016 erro na checagem: Nao foi possivel gerar link de afiliado para o anuncio encontrado.
[2026-05-26 20:40:02] Alerta 000016 falhou: Nao foi possivel gerar link de afiliado para o anuncio encontrado.
[2026-05-26 20:40:02] Execucao finalizada sem disparos.
[2026-05-26 20:40:02] Finalizada execucao do alerta 000016.
[2026-05-26 20:40:02] Iniciando execucao do alerta 000017.
[2026-05-26 20:40:10] Alerta 000017 checado: triggered=False preco=1071.15 alvo=1000.0
[2026-05-26 20:40:10] Alerta 000017 sem disparo nesta execucao.
[2026-05-26 20:40:10] Execucao finalizada sem disparos.
[2026-05-26 20:40:10] Finalizada execucao do alerta 000017.
[2026-05-26 20:40:37] Alerta 000018 enfileirado (manual) - nome: Kit Trilho Eletrificado 2,5m + 5 Spot Led 10w Bivolt.
[2026-05-26 20:40:37] Iniciando execucao do alerta 000018.
[2026-05-26 20:40:44] Alerta 000018 checado: triggered=False preco=187.2 alvo=185.0
[2026-05-26 20:40:44] Alerta 000018 sem disparo nesta execucao.
[2026-05-26 20:40:44] Execucao finalizada sem disparos.
[2026-05-26 20:40:44] Finalizada execucao do alerta 000018.
[2026-05-26 21:27:25] Alerta 000019 enfileirado (manual) - nome: Cerveja Premium Heineken Barril 5 Litros.
[2026-05-26 21:27:25] Iniciando execucao do alerta 000019.
[2026-05-26 21:27:32] Alerta 000019 checado: triggered=True preco=89.9 alvo=90.0
[2026-05-26 21:27:32] Alerta 000019 marcou primeiro disparo em 2026-05-26T21:27:32.
[2026-05-26 21:27:33] Notificacao alerta 000019: email=sem destinos; whatsapp=1 envio(s) destinos=***3269 sid=SMd724497a6eda2034370a968a40dc992c.
[2026-05-26 21:27:34] Execucao finalizada com 1 alerta(s) disparado(s).
[2026-05-26 21:27:34] Finalizada execucao do alerta 000019.
[2026-05-26 21:31:20] Alerta 000020 enfileirado (manual) - nome: YoPRO Bebida Láctea UHT Chocolate 15g de proteínas 250ml - 12 unidades.
[2026-05-26 21:31:20] Iniciando execucao do alerta 000020.
[2026-05-26 21:31:27] Alerta 000020 checado: triggered=True preco=83.82 alvo=84.0
[2026-05-26 21:31:27] Alerta 000020 marcou primeiro disparo em 2026-05-26T21:31:27.
[2026-05-26 21:31:27] Notificacao alerta 000020: email=sem destinos; whatsapp=1 envio(s) destinos=***3269 sid=SMdeb5a71b00ddacd86be331c5a0359bc4.
[2026-05-26 21:31:54] Execucao finalizada com 1 alerta(s) disparado(s).
[2026-05-26 21:31:54] Finalizada execucao do alerta 000020.
[2026-05-26 21:32:13] Alerta 000021 enfileirado (manual) - nome: Braço Articulado Suporte P/ Monitor Setup Gamer Pistão A GásBraço Articulado Suporte P/ Monitor Setup Gamer Pistão A Gás clip-icon Braço Articulado Suporte P/ Monitor Setup Gamer Pistão A Gás Braço Ar.
[2026-05-26 21:32:13] Iniciando execucao do alerta 000021.
[2026-05-26 21:32:20] Alerta 000021 checado: triggered=True preco=111.15 alvo=250.0
[2026-05-26 21:32:20] Alerta 000021 marcou primeiro disparo em 2026-05-26T21:32:20.
[2026-05-26 21:32:20] Notificacao alerta 000021: email=sem destinos; whatsapp=1 envio(s) destinos=***3269 sid=SMe21452942a1bf1a622dd9d0f2ebc65d0.
[2026-05-26 21:33:59] Execucao finalizada com 1 alerta(s) disparado(s).
[2026-05-26 21:33:59] Finalizada execucao do alerta 000021.
[2026-05-26 21:34:14] Alerta 000022 enfileirado (manual) - nome: Tramontina 43800005 caixa para ferramentas sanfonada com 5 gavetas.
[2026-05-26 21:34:14] Iniciando execucao do alerta 000022.
[2026-05-26 21:34:21] Alerta 000022 checado: triggered=True preco=108.0 alvo=142.0
[2026-05-26 21:34:21] Alerta 000022 marcou primeiro disparo em 2026-05-26T21:34:21.
[2026-05-26 21:34:22] Notificacao alerta 000022: email=sem destinos; whatsapp=1 envio(s) destinos=***3269 sid=SM6b2a4a6cd2ae29ec45e0273546aa7b08.
[2026-05-26 21:34:23] Execucao finalizada com 1 alerta(s) disparado(s).
[2026-05-26 21:34:23] Finalizada execucao do alerta 000022.
[2026-05-26 21:37:09] Alerta 000023 enfileirado (manual) - nome: Chuteira Campo Puma Attacanto.
[2026-05-26 21:37:09] Iniciando execucao do alerta 000023.
[2026-05-26 21:37:17] Alerta 000023 checado: triggered=True preco=191.55 alvo=264.0
[2026-05-26 21:37:17] Alerta 000023 marcou primeiro disparo em 2026-05-26T21:37:17.
[2026-05-26 21:37:17] Notificacao alerta 000023: email=sem destinos; whatsapp=1 envio(s) destinos=***3269 sid=SM8baf8091cde8b38fa26fdf815fac4c70.
[2026-05-26 21:37:48] Execucao finalizada com 1 alerta(s) disparado(s).
[2026-05-26 21:37:48] Finalizada execucao do alerta 000023.
[2026-05-26 21:38:03] Alerta 000017 enfileirado (manual) - nome: Poste de aço modular de jardim.
[2026-05-26 21:38:03] Iniciando execucao do alerta 000017.
[2026-05-26 21:38:12] Alerta 000017 checado: triggered=False preco=1071.15 alvo=1000.0
[2026-05-26 21:38:12] Alerta 000017 sem disparo nesta execucao.
[2026-05-26 21:38:12] Execucao finalizada sem disparos.
[2026-05-26 21:38:12] Finalizada execucao do alerta 000017.
[2026-05-26 21:39:01] Alerta 000019 enfileirado (manual) - nome: Cadeirinha infantil para carro Litet Mass 0-36kg Preta e Cinza - BB458.
[2026-05-26 21:39:01] Iniciando execucao do alerta 000019.
[2026-05-26 21:39:08] Alerta 000019 checado: triggered=True preco=664.99 alvo=700.0
[2026-05-26 21:39:08] Alerta 000019 marcou primeiro disparo em 2026-05-26T21:39:08.
[2026-05-26 21:39:08] Notificacao alerta 000019: email=sem destinos; whatsapp=1 envio(s) destinos=***3269 sid=SM76752d86788fa4e611c16cb4d722b049.
[2026-05-26 21:39:09] Execucao finalizada com 1 alerta(s) disparado(s).
[2026-05-26 21:39:09] Finalizada execucao do alerta 000019.
[2026-05-26 21:39:16] Alerta 000014 enfileirado (scheduler) - nome: Tênis Asics Gel-challenger 15 Clay Masculino.
[2026-05-26 21:39:16] Iniciando execucao do alerta 000014.
[2026-05-26 21:39:23] Alerta 000014 checado: triggered=False preco=781.51 alvo=700.0
[2026-05-26 21:39:23] Alerta 000014 sem disparo nesta execucao.
[2026-05-26 21:39:23] Execucao finalizada sem disparos.
[2026-05-26 21:39:23] Finalizada execucao do alerta 000014.
[2026-05-26 21:40:16] Alerta 000006 enfileirado (scheduler) - nome: Cafeteira Elétrica Philips Walita Série 1200.
[2026-05-26 21:40:16] Alerta 000010 enfileirado (scheduler) - nome: Kit irrigação solar automática.
[2026-05-26 21:40:16] Alerta 000011 enfileirado (scheduler) - nome: Resistência chuveiro 220.
[2026-05-26 21:40:16] Alerta 000012 enfileirado (scheduler) - nome: Resistencia chuveiro 127.
[2026-05-26 21:40:16] Alerta 000013 enfileirado (scheduler) - nome: Fralda.
[2026-05-26 21:40:16] Alerta 000016 enfileirado (scheduler) - nome: Desitin roxa.
[2026-05-26 21:40:16] Iniciando execucao do alerta 000006.
[2026-05-26 21:40:22] Alerta 000006 checado: triggered=False preco=2499.9 alvo=2100.0
[2026-05-26 21:40:22] Alerta 000006 sem disparo nesta execucao.
[2026-05-26 21:40:22] Execucao finalizada sem disparos.
[2026-05-26 21:40:22] Finalizada execucao do alerta 000006.
[2026-05-26 21:40:22] Iniciando execucao do alerta 000010.
[2026-05-26 21:40:29] Alerta 000010 checado: triggered=False preco=143.89 alvo=135.0
[2026-05-26 21:40:29] Alerta 000010 sem disparo nesta execucao.
[2026-05-26 21:40:29] Execucao finalizada sem disparos.
[2026-05-26 21:40:29] Finalizada execucao do alerta 000010.
[2026-05-26 21:40:29] Iniciando execucao do alerta 000011.
[2026-05-26 21:40:35] Alerta 000011 checado: triggered=False preco=24.22 alvo=22.0
[2026-05-26 21:40:35] Alerta 000011 sem disparo nesta execucao.
[2026-05-26 21:40:35] Execucao finalizada sem disparos.
[2026-05-26 21:40:35] Finalizada execucao do alerta 000011.
[2026-05-26 21:40:35] Iniciando execucao do alerta 000012.
[2026-05-26 21:40:37] Alerta 000020 enfileirado (manual) - nome: Kit Wella Invigo Nutri Enrich Sh, Cond E Válvulas.
[2026-05-26 21:40:41] Alerta 000012 checado: triggered=False preco=25.0 alvo=23.0
[2026-05-26 21:40:41] Alerta 000012 sem disparo nesta execucao.
[2026-05-26 21:40:41] Execucao finalizada sem disparos.
[2026-05-26 21:40:41] Finalizada execucao do alerta 000012.
[2026-05-26 21:40:41] Iniciando execucao do alerta 000013.
[2026-05-26 21:40:49] Alerta 000013 checado: triggered=False preco=89.77 alvo=70.0
[2026-05-26 21:40:49] Alerta 000013 sem disparo nesta execucao.
[2026-05-26 21:40:49] Execucao finalizada sem disparos.
[2026-05-26 21:40:49] Finalizada execucao do alerta 000013.
[2026-05-26 21:40:49] Iniciando execucao do alerta 000016.
[2026-05-26 21:40:54] Alerta 000016 checado: triggered=False preco=252.0 alvo=175.0
[2026-05-26 21:40:54] Alerta 000016 sem disparo nesta execucao.
[2026-05-26 21:40:54] Execucao finalizada sem disparos.
[2026-05-26 21:40:54] Finalizada execucao do alerta 000016.
[2026-05-26 21:40:54] Iniciando execucao do alerta 000020.
[2026-05-26 21:41:00] Alerta 000020 checado: triggered=True preco=250.11 alvo=300.0
[2026-05-26 21:41:00] Alerta 000020 marcou primeiro disparo em 2026-05-26T21:41:00.
[2026-05-26 21:41:01] Notificacao alerta 000020: email=sem destinos; whatsapp=1 envio(s) destinos=***3269 sid=SMf9d960a61cd34f36c01f9741b8aeb3e7.
[2026-05-26 21:41:02] Execucao finalizada com 1 alerta(s) disparado(s).
[2026-05-26 21:41:02] Finalizada execucao do alerta 000020.
[2026-05-26 21:41:16] Alerta 000018 enfileirado (scheduler) - nome: Kit Trilho Eletrificado 2,5m + 5 Spot Led 10w Bivolt.
[2026-05-26 21:41:16] Iniciando execucao do alerta 000018.
[2026-05-26 21:41:24] Alerta 000018 checado: triggered=False preco=187.2 alvo=185.0
[2026-05-26 21:41:24] Alerta 000018 sem disparo nesta execucao.
[2026-05-26 21:41:24] Execucao finalizada sem disparos.
[2026-05-26 21:41:24] Finalizada execucao do alerta 000018.
[2026-05-26 22:38:17] Alerta 000017 enfileirado (scheduler) - nome: Poste de aço modular de jardim.
[2026-05-26 22:38:17] Iniciando execucao do alerta 000017.
[2026-05-26 22:38:25] Alerta 000017 checado: triggered=False preco=1071.15 alvo=1000.0
[2026-05-26 22:38:25] Alerta 000017 sem disparo nesta execucao.
[2026-05-26 22:38:25] Execucao finalizada sem disparos.
[2026-05-26 22:38:25] Finalizada execucao do alerta 000017.
[2026-05-26 22:39:17] Alerta 000019 enfileirado (scheduler) - nome: Cadeirinha infantil para carro Litet Mass 0-36kg Preta e Cinza - BB458.
[2026-05-26 22:39:17] Iniciando execucao do alerta 000019.
[2026-05-26 22:39:23] Alerta 000019 checado: triggered=True preco=664.99 alvo=700.0
[2026-05-26 22:39:23] Alerta 000019 sem novo envio (mesmo dia e sem queda adicional de preco).
[2026-05-26 22:39:23] Execucao finalizada sem disparos.
[2026-05-26 22:39:23] Finalizada execucao do alerta 000019.
[2026-05-26 22:40:17] Alerta 000014 enfileirado (scheduler) - nome: Tênis Asics Gel-challenger 15 Clay Masculino.
[2026-05-26 22:40:17] Iniciando execucao do alerta 000014.
[2026-05-26 22:40:25] Alerta 000014 checado: triggered=False preco=781.51 alvo=700.0
[2026-05-26 22:40:25] Alerta 000014 sem disparo nesta execucao.
[2026-05-26 22:40:25] Execucao finalizada sem disparos.
[2026-05-26 22:40:25] Finalizada execucao do alerta 000014.
[2026-05-26 22:41:17] Alerta 000006 enfileirado (scheduler) - nome: Cafeteira Elétrica Philips Walita Série 1200.
[2026-05-26 22:41:17] Alerta 000010 enfileirado (scheduler) - nome: Kit irrigação solar automática.
[2026-05-26 22:41:17] Alerta 000011 enfileirado (scheduler) - nome: Resistência chuveiro 220.
[2026-05-26 22:41:17] Alerta 000012 enfileirado (scheduler) - nome: Resistencia chuveiro 127.
[2026-05-26 22:41:17] Alerta 000013 enfileirado (scheduler) - nome: Fralda.
[2026-05-26 22:41:17] Alerta 000016 enfileirado (scheduler) - nome: Desitin roxa.
[2026-05-26 22:41:17] Alerta 000020 enfileirado (scheduler) - nome: Kit Wella Invigo Nutri Enrich Sh, Cond E Válvulas.
[2026-05-26 22:41:17] Iniciando execucao do alerta 000006.
[2026-05-26 22:41:23] Alerta 000006 checado: triggered=False preco=2499.9 alvo=2100.0
[2026-05-26 22:41:23] Alerta 000006 sem disparo nesta execucao.
[2026-05-26 22:41:23] Execucao finalizada sem disparos.
[2026-05-26 22:41:23] Finalizada execucao do alerta 000006.
[2026-05-26 22:41:23] Iniciando execucao do alerta 000010.
[2026-05-26 22:41:29] Alerta 000010 checado: triggered=False preco=143.89 alvo=135.0
[2026-05-26 22:41:29] Alerta 000010 sem disparo nesta execucao.
[2026-05-26 22:41:29] Execucao finalizada sem disparos.
[2026-05-26 22:41:29] Finalizada execucao do alerta 000010.
[2026-05-26 22:41:29] Iniciando execucao do alerta 000011.
[2026-05-26 22:41:34] Alerta 000011 checado: triggered=False preco=24.22 alvo=22.0
[2026-05-26 22:41:34] Alerta 000011 sem disparo nesta execucao.
[2026-05-26 22:41:34] Execucao finalizada sem disparos.
[2026-05-26 22:41:34] Finalizada execucao do alerta 000011.
[2026-05-26 22:41:34] Iniciando execucao do alerta 000012.
[2026-05-26 22:41:39] Alerta 000012 checado: triggered=False preco=25.0 alvo=23.0
[2026-05-26 22:41:39] Alerta 000012 sem disparo nesta execucao.
[2026-05-26 22:41:39] Execucao finalizada sem disparos.
[2026-05-26 22:41:39] Finalizada execucao do alerta 000012.
[2026-05-26 22:41:39] Iniciando execucao do alerta 000013.
[2026-05-26 22:41:46] Alerta 000013 checado: triggered=False preco=89.77 alvo=70.0
[2026-05-26 22:41:46] Alerta 000013 sem disparo nesta execucao.
[2026-05-26 22:41:46] Execucao finalizada sem disparos.
[2026-05-26 22:41:46] Finalizada execucao do alerta 000013.
[2026-05-26 22:41:46] Iniciando execucao do alerta 000016.
[2026-05-26 22:41:52] Alerta 000016 checado: triggered=True preco=101.0 alvo=175.0
[2026-05-26 22:41:52] Notificacao alerta 000016: email=SMTP nao configurado; whatsapp=1 envio(s) destinos=***3269 sid=SM7b13ea1fb72af7aaa2fbcb2ca57b63a3.
[2026-05-26 22:42:17] Alerta 000018 enfileirado (scheduler) - nome: Kit Trilho Eletrificado 2,5m + 5 Spot Led 10w Bivolt.
[2026-05-26 22:42:17] Alerta 000020 ignorado no enfileiramento (scheduler): ja em execucao/fila.
[2026-05-26 22:43:17] Alerta 000018 ignorado no enfileiramento (scheduler): ja em execucao/fila.
[2026-05-26 22:43:17] Alerta 000020 ignorado no enfileiramento (scheduler): ja em execucao/fila.
[2026-05-26 22:44:17] Alerta 000018 ignorado no enfileiramento (scheduler): ja em execucao/fila.
[2026-05-26 22:44:17] Alerta 000020 ignorado no enfileiramento (scheduler): ja em execucao/fila.
[2026-05-26 22:45:17] Alerta 000018 ignorado no enfileiramento (scheduler): ja em execucao/fila.
[2026-05-26 22:45:17] Alerta 000020 ignorado no enfileiramento (scheduler): ja em execucao/fila.
[2026-05-26 22:46:17] Alerta 000018 ignorado no enfileiramento (scheduler): ja em execucao/fila.
[2026-05-26 22:46:17] Alerta 000020 ignorado no enfileiramento (scheduler): ja em execucao/fila.
[2026-05-26 22:47:17] Alerta 000018 ignorado no enfileiramento (scheduler): ja em execucao/fila.
[2026-05-26 22:47:17] Alerta 000020 ignorado no enfileiramento (scheduler): ja em execucao/fila.
[2026-05-26 22:48:17] Alerta 000018 ignorado no enfileiramento (scheduler): ja em execucao/fila.
[2026-05-26 22:48:17] Alerta 000020 ignorado no enfileiramento (scheduler): ja em execucao/fila.
[2026-05-26 22:49:17] Alerta 000018 ignorado no enfileiramento (scheduler): ja em execucao/fila.
[2026-05-26 22:49:17] Alerta 000020 ignorado no enfileiramento (scheduler): ja em execucao/fila.
[2026-05-26 22:50:17] Alerta 000018 ignorado no enfileiramento (scheduler): ja em execucao/fila.
[2026-05-26 22:50:17] Alerta 000020 ignorado no enfileiramento (scheduler): ja em execucao/fila.
[2026-05-26 22:51:17] Alerta 000018 ignorado no enfileiramento (scheduler): ja em execucao/fila.
[2026-05-26 22:51:17] Alerta 000020 ignorado no enfileiramento (scheduler): ja em execucao/fila.
[2026-05-26 22:52:17] Alerta 000018 ignorado no enfileiramento (scheduler): ja em execucao/fila.
[2026-05-26 22:52:17] Alerta 000020 ignorado no enfileiramento (scheduler): ja em execucao/fila.
[2026-05-26 22:53:17] Alerta 000018 ignorado no enfileiramento (scheduler): ja em execucao/fila.
[2026-05-26 22:53:17] Alerta 000020 ignorado no enfileiramento (scheduler): ja em execucao/fila.
[2026-05-26 22:54:17] Alerta 000018 ignorado no enfileiramento (scheduler): ja em execucao/fila.
[2026-05-26 22:54:17] Alerta 000020 ignorado no enfileiramento (scheduler): ja em execucao/fila.
[2026-05-26 22:55:17] Alerta 000018 ignorado no enfileiramento (scheduler): ja em execucao/fila.
[2026-05-26 22:55:17] Alerta 000020 ignorado no enfileiramento (scheduler): ja em execucao/fila.
[2026-05-26 22:56:17] Alerta 000018 ignorado no enfileiramento (scheduler): ja em execucao/fila.
[2026-05-26 22:56:17] Alerta 000020 ignorado no enfileiramento (scheduler): ja em execucao/fila.
[2026-05-26 22:57:17] Alerta 000018 ignorado no enfileiramento (scheduler): ja em execucao/fila.
[2026-05-26 22:57:17] Alerta 000020 ignorado no enfileiramento (scheduler): ja em execucao/fila.
[2026-05-26 22:58:17] Alerta 000018 ignorado no enfileiramento (scheduler): ja em execucao/fila.
[2026-05-26 22:58:17] Alerta 000020 ignorado no enfileiramento (scheduler): ja em execucao/fila.
[2026-05-26 22:59:17] Alerta 000018 ignorado no enfileiramento (scheduler): ja em execucao/fila.
[2026-05-26 22:59:17] Alerta 000020 ignorado no enfileiramento (scheduler): ja em execucao/fila.
[2026-05-26 23:00:17] Alerta 000018 ignorado no enfileiramento (scheduler): ja em execucao/fila.
[2026-05-26 23:00:17] Alerta 000020 ignorado no enfileiramento (scheduler): ja em execucao/fila.
[2026-05-26 23:01:17] Alerta 000018 ignorado no enfileiramento (scheduler): ja em execucao/fila.
[2026-05-26 23:01:17] Alerta 000020 ignorado no enfileiramento (scheduler): ja em execucao/fila.
[2026-05-26 23:02:17] Alerta 000018 ignorado no enfileiramento (scheduler): ja em execucao/fila.
[2026-05-26 23:02:17] Alerta 000020 ignorado no enfileiramento (scheduler): ja em execucao/fila.
[2026-05-26 23:03:17] Alerta 000018 ignorado no enfileiramento (scheduler): ja em execucao/fila.
[2026-05-26 23:03:17] Alerta 000020 ignorado no enfileiramento (scheduler): ja em execucao/fila.
[2026-05-26 23:04:17] Alerta 000018 ignorado no enfileiramento (scheduler): ja em execucao/fila.
[2026-05-26 23:04:17] Alerta 000020 ignorado no enfileiramento (scheduler): ja em execucao/fila.
[2026-05-26 23:05:17] Alerta 000018 ignorado no enfileiramento (scheduler): ja em execucao/fila.
[2026-05-26 23:05:17] Alerta 000020 ignorado no enfileiramento (scheduler): ja em execucao/fila.
[2026-05-26 23:06:17] Alerta 000018 ignorado no enfileiramento (scheduler): ja em execucao/fila.
[2026-05-26 23:06:17] Alerta 000020 ignorado no enfileiramento (scheduler): ja em execucao/fila.
[2026-05-26 23:07:17] Alerta 000018 ignorado no enfileiramento (scheduler): ja em execucao/fila.
[2026-05-26 23:07:17] Alerta 000020 ignorado no enfileiramento (scheduler): ja em execucao/fila.
[2026-05-26 23:08:17] Alerta 000018 ignorado no enfileiramento (scheduler): ja em execucao/fila.
[2026-05-26 23:08:17] Alerta 000020 ignorado no enfileiramento (scheduler): ja em execucao/fila.
[2026-05-26 23:09:17] Alerta 000018 ignorado no enfileiramento (scheduler): ja em execucao/fila.
[2026-05-26 23:09:17] Alerta 000020 ignorado no enfileiramento (scheduler): ja em execucao/fila.
[2026-05-26 23:10:17] Alerta 000018 ignorado no enfileiramento (scheduler): ja em execucao/fila.
[2026-05-26 23:10:17] Alerta 000020 ignorado no enfileiramento (scheduler): ja em execucao/fila.
[2026-05-26 23:11:17] Alerta 000018 ignorado no enfileiramento (scheduler): ja em execucao/fila.
[2026-05-26 23:11:17] Alerta 000020 ignorado no enfileiramento (scheduler): ja em execucao/fila.
[2026-05-26 23:12:17] Alerta 000018 ignorado no enfileiramento (scheduler): ja em execucao/fila.
[2026-05-26 23:12:17] Alerta 000020 ignorado no enfileiramento (scheduler): ja em execucao/fila.
[2026-05-26 23:13:17] Alerta 000018 ignorado no enfileiramento (scheduler): ja em execucao/fila.
[2026-05-26 23:13:17] Alerta 000020 ignorado no enfileiramento (scheduler): ja em execucao/fila.
[2026-05-26 23:14:17] Alerta 000018 ignorado no enfileiramento (scheduler): ja em execucao/fila.
[2026-05-26 23:14:17] Alerta 000020 ignorado no enfileiramento (scheduler): ja em execucao/fila.
[2026-05-26 23:15:18] Alerta 000018 ignorado no enfileiramento (scheduler): ja em execucao/fila.
[2026-05-26 23:15:18] Alerta 000020 ignorado no enfileiramento (scheduler): ja em execucao/fila.
[2026-05-26 23:16:18] Alerta 000018 ignorado no enfileiramento (scheduler): ja em execucao/fila.
[2026-05-26 23:16:18] Alerta 000020 ignorado no enfileiramento (scheduler): ja em execucao/fila.
[2026-05-26 23:17:18] Alerta 000018 ignorado no enfileiramento (scheduler): ja em execucao/fila.
[2026-05-26 23:17:18] Alerta 000020 ignorado no enfileiramento (scheduler): ja em execucao/fila.
[2026-05-26 23:18:18] Alerta 000018 ignorado no enfileiramento (scheduler): ja em execucao/fila.
[2026-05-26 23:18:18] Alerta 000020 ignorado no enfileiramento (scheduler): ja em execucao/fila.
[2026-05-26 23:19:18] Alerta 000018 ignorado no enfileiramento (scheduler): ja em execucao/fila.
[2026-05-26 23:19:18] Alerta 000020 ignorado no enfileiramento (scheduler): ja em execucao/fila.
[2026-05-26 23:20:18] Alerta 000018 ignorado no enfileiramento (scheduler): ja em execucao/fila.
[2026-05-26 23:20:18] Alerta 000020 ignorado no enfileiramento (scheduler): ja em execucao/fila.
[2026-05-26 23:21:18] Alerta 000018 ignorado no enfileiramento (scheduler): ja em execucao/fila.
[2026-05-26 23:21:18] Alerta 000020 ignorado no enfileiramento (scheduler): ja em execucao/fila.
[2026-05-26 23:22:18] Alerta 000018 ignorado no enfileiramento (scheduler): ja em execucao/fila.
[2026-05-26 23:22:18] Alerta 000020 ignorado no enfileiramento (scheduler): ja em execucao/fila.
[2026-05-26 23:23:18] Alerta 000018 ignorado no enfileiramento (scheduler): ja em execucao/fila.
[2026-05-26 23:23:18] Alerta 000020 ignorado no enfileiramento (scheduler): ja em execucao/fila.
[2026-05-26 23:24:18] Alerta 000018 ignorado no enfileiramento (scheduler): ja em execucao/fila.
[2026-05-26 23:24:18] Alerta 000020 ignorado no enfileiramento (scheduler): ja em execucao/fila.
[2026-05-26 23:25:18] Alerta 000018 ignorado no enfileiramento (scheduler): ja em execucao/fila.
[2026-05-26 23:25:18] Alerta 000020 ignorado no enfileiramento (scheduler): ja em execucao/fila.
[2026-05-26 23:26:18] Alerta 000018 ignorado no enfileiramento (scheduler): ja em execucao/fila.
[2026-05-26 23:26:18] Alerta 000020 ignorado no enfileiramento (scheduler): ja em execucao/fila.
[2026-05-26 23:27:18] Alerta 000018 ignorado no enfileiramento (scheduler): ja em execucao/fila.
[2026-05-26 23:27:18] Alerta 000020 ignorado no enfileiramento (scheduler): ja em execucao/fila.
[2026-05-26 23:28:18] Alerta 000018 ignorado no enfileiramento (scheduler): ja em execucao/fila.
[2026-05-26 23:28:18] Alerta 000020 ignorado no enfileiramento (scheduler): ja em execucao/fila.
[2026-05-26 23:29:18] Alerta 000018 ignorado no enfileiramento (scheduler): ja em execucao/fila.
[2026-05-26 23:29:18] Alerta 000020 ignorado no enfileiramento (scheduler): ja em execucao/fila.
[2026-05-26 23:30:18] Alerta 000018 ignorado no enfileiramento (scheduler): ja em execucao/fila.
[2026-05-26 23:30:18] Alerta 000020 ignorado no enfileiramento (scheduler): ja em execucao/fila.
[2026-05-26 23:31:18] Alerta 000018 ignorado no enfileiramento (scheduler): ja em execucao/fila.
[2026-05-26 23:31:18] Alerta 000020 ignorado no enfileiramento (scheduler): ja em execucao/fila.
[2026-05-26 23:32:18] Alerta 000018 ignorado no enfileiramento (scheduler): ja em execucao/fila.
[2026-05-26 23:32:18] Alerta 000020 ignorado no enfileiramento (scheduler): ja em execucao/fila.
[2026-05-26 23:33:18] Alerta 000018 ignorado no enfileiramento (scheduler): ja em execucao/fila.
[2026-05-26 23:33:18] Alerta 000020 ignorado no enfileiramento (scheduler): ja em execucao/fila.
[2026-05-26 23:34:18] Alerta 000018 ignorado no enfileiramento (scheduler): ja em execucao/fila.
[2026-05-26 23:34:18] Alerta 000020 ignorado no enfileiramento (scheduler): ja em execucao/fila.
[2026-05-26 23:35:18] Alerta 000018 ignorado no enfileiramento (scheduler): ja em execucao/fila.
[2026-05-26 23:35:18] Alerta 000020 ignorado no enfileiramento (scheduler): ja em execucao/fila.
[2026-05-26 23:36:18] Alerta 000018 ignorado no enfileiramento (scheduler): ja em execucao/fila.
[2026-05-26 23:36:18] Alerta 000020 ignorado no enfileiramento (scheduler): ja em execucao/fila.
[2026-05-26 23:37:18] Alerta 000018 ignorado no enfileiramento (scheduler): ja em execucao/fila.
[2026-05-26 23:37:18] Alerta 000020 ignorado no enfileiramento (scheduler): ja em execucao/fila.
[2026-05-26 23:38:18] Alerta 000018 ignorado no enfileiramento (scheduler): ja em execucao/fila.
[2026-05-26 23:38:18] Alerta 000020 ignorado no enfileiramento (scheduler): ja em execucao/fila.
[2026-05-26 23:39:18] Alerta 000017 enfileirado (scheduler) - nome: Poste de aço modular de jardim.
[2026-05-26 23:39:18] Alerta 000018 ignorado no enfileiramento (scheduler): ja em execucao/fila.
[2026-05-26 23:39:18] Alerta 000020 ignorado no enfileiramento (scheduler): ja em execucao/fila.
[2026-05-26 23:40:18] Alerta 000017 ignorado no enfileiramento (scheduler): ja em execucao/fila.
[2026-05-26 23:40:18] Alerta 000018 ignorado no enfileiramento (scheduler): ja em execucao/fila.
[2026-05-26 23:40:18] Alerta 000019 enfileirado (scheduler) - nome: Cadeirinha infantil para carro Litet Mass 0-36kg Preta e Cinza - BB458.
[2026-05-26 23:40:18] Alerta 000020 ignorado no enfileiramento (scheduler): ja em execucao/fila.
[2026-05-26 23:41:18] Alerta 000014 enfileirado (scheduler) - nome: Tênis Asics Gel-challenger 15 Clay Masculino.
[2026-05-26 23:41:18] Alerta 000017 ignorado no enfileiramento (scheduler): ja em execucao/fila.
[2026-05-26 23:41:18] Alerta 000018 ignorado no enfileiramento (scheduler): ja em execucao/fila.
[2026-05-26 23:41:18] Alerta 000019 ignorado no enfileiramento (scheduler): ja em execucao/fila.
[2026-05-26 23:41:18] Alerta 000020 ignorado no enfileiramento (scheduler): ja em execucao/fila.
[2026-05-26 23:42:18] Alerta 000006 enfileirado (scheduler) - nome: Cafeteira Elétrica Philips Walita Série 1200.
[2026-05-26 23:42:18] Alerta 000010 enfileirado (scheduler) - nome: Kit irrigação solar automática.
[2026-05-26 23:42:18] Alerta 000011 enfileirado (scheduler) - nome: Resistência chuveiro 220.
[2026-05-26 23:42:18] Alerta 000012 enfileirado (scheduler) - nome: Resistencia chuveiro 127.
[2026-05-26 23:42:18] Alerta 000013 enfileirado (scheduler) - nome: Fralda.
[2026-05-26 23:42:18] Alerta 000014 ignorado no enfileiramento (scheduler): ja em execucao/fila.
[2026-05-26 23:42:18] Alerta 000016 ignorado no enfileiramento (scheduler): ja em execucao/fila.
[2026-05-26 23:42:18] Alerta 000017 ignorado no enfileiramento (scheduler): ja em execucao/fila.
[2026-05-26 23:42:18] Alerta 000018 ignorado no enfileiramento (scheduler): ja em execucao/fila.
[2026-05-26 23:42:18] Alerta 000019 ignorado no enfileiramento (scheduler): ja em execucao/fila.
[2026-05-26 23:42:18] Alerta 000020 ignorado no enfileiramento (scheduler): ja em execucao/fila.
[2026-05-26 23:43:18] Alerta 000006 ignorado no enfileiramento (scheduler): ja em execucao/fila.
[2026-05-26 23:43:18] Alerta 000010 ignorado no enfileiramento (scheduler): ja em execucao/fila.
[2026-05-26 23:43:18] Alerta 000011 ignorado no enfileiramento (scheduler): ja em execucao/fila.
[2026-05-26 23:43:18] Alerta 000012 ignorado no enfileiramento (scheduler): ja em execucao/fila.
[2026-05-26 23:43:18] Alerta 000013 ignorado no enfileiramento (scheduler): ja em execucao/fila.
[2026-05-26 23:43:18] Alerta 000014 ignorado no enfileiramento (scheduler): ja em execucao/fila.
[2026-05-26 23:43:18] Alerta 000016 ignorado no enfileiramento (scheduler): ja em execucao/fila.
[2026-05-26 23:43:18] Alerta 000017 ignorado no enfileiramento (scheduler): ja em execucao/fila.
[2026-05-26 23:43:18] Alerta 000018 ignorado no enfileiramento (scheduler): ja em execucao/fila.
[2026-05-26 23:43:18] Alerta 000019 ignorado no enfileiramento (scheduler): ja em execucao/fila.
[2026-05-26 23:43:18] Alerta 000020 ignorado no enfileiramento (scheduler): ja em execucao/fila.
[2026-05-26 23:44:18] Alerta 000006 ignorado no enfileiramento (scheduler): ja em execucao/fila.
[2026-05-26 23:44:18] Alerta 000010 ignorado no enfileiramento (scheduler): ja em execucao/fila.
[2026-05-26 23:44:18] Alerta 000011 ignorado no enfileiramento (scheduler): ja em execucao/fila.
[2026-05-26 23:44:18] Alerta 000012 ignorado no enfileiramento (scheduler): ja em execucao/fila.
[2026-05-26 23:44:18] Alerta 000013 ignorado no enfileiramento (scheduler): ja em execucao/fila.
[2026-05-26 23:44:18] Alerta 000014 ignorado no enfileiramento (scheduler): ja em execucao/fila.
[2026-05-26 23:44:18] Alerta 000016 ignorado no enfileiramento (scheduler): ja em execucao/fila.
[2026-05-26 23:44:18] Alerta 000017 ignorado no enfileiramento (scheduler): ja em execucao/fila.
[2026-05-26 23:44:18] Alerta 000018 ignorado no enfileiramento (scheduler): ja em execucao/fila.
[2026-05-26 23:44:18] Alerta 000019 ignorado no enfileiramento (scheduler): ja em execucao/fila.
[2026-05-26 23:44:18] Alerta 000020 ignorado no enfileiramento (scheduler): ja em execucao/fila.
[2026-05-26 23:45:18] Alerta 000006 ignorado no enfileiramento (scheduler): ja em execucao/fila.
[2026-05-26 23:45:18] Alerta 000010 ignorado no enfileiramento (scheduler): ja em execucao/fila.
[2026-05-26 23:45:18] Alerta 000011 ignorado no enfileiramento (scheduler): ja em execucao/fila.
[2026-05-26 23:45:18] Alerta 000012 ignorado no enfileiramento (scheduler): ja em execucao/fila.
[2026-05-26 23:45:18] Alerta 000013 ignorado no enfileiramento (scheduler): ja em execucao/fila.
[2026-05-26 23:45:18] Alerta 000014 ignorado no enfileiramento (scheduler): ja em execucao/fila.
[2026-05-26 23:45:18] Alerta 000016 ignorado no enfileiramento (scheduler): ja em execucao/fila.
[2026-05-26 23:45:18] Alerta 000017 ignorado no enfileiramento (scheduler): ja em execucao/fila.
[2026-05-26 23:45:18] Alerta 000018 ignorado no enfileiramento (scheduler): ja em execucao/fila.
[2026-05-26 23:45:18] Alerta 000019 ignorado no enfileiramento (scheduler): ja em execucao/fila.
[2026-05-26 23:45:18] Alerta 000020 ignorado no enfileiramento (scheduler): ja em execucao/fila.
[2026-05-27 04:46:58] Alerta 000006 ignorado no enfileiramento (scheduler): ja em execucao/fila.
[2026-05-27 04:46:59] Alerta 000010 ignorado no enfileiramento (scheduler): ja em execucao/fila.
[2026-05-27 04:46:59] Alerta 000011 ignorado no enfileiramento (scheduler): ja em execucao/fila.
[2026-05-27 04:46:59] Alerta 000012 ignorado no enfileiramento (scheduler): ja em execucao/fila.
[2026-05-27 04:46:59] Alerta 000013 ignorado no enfileiramento (scheduler): ja em execucao/fila.
[2026-05-27 04:46:59] Alerta 000014 ignorado no enfileiramento (scheduler): ja em execucao/fila.
[2026-05-27 04:46:59] Alerta 000016 ignorado no enfileiramento (scheduler): ja em execucao/fila.
[2026-05-27 04:46:59] Alerta 000017 ignorado no enfileiramento (scheduler): ja em execucao/fila.
[2026-05-27 04:46:59] Alerta 000018 ignorado no enfileiramento (scheduler): ja em execucao/fila.
[2026-05-27 04:46:59] Alerta 000019 ignorado no enfileiramento (scheduler): ja em execucao/fila.
[2026-05-27 04:46:59] Alerta 000020 ignorado no enfileiramento (scheduler): ja em execucao/fila.
